Symbol="GIB"
AssetType="Common Stock"
Name="CGI Inc"
Description="CGI Inc., provides information technology (IT) and business process services in Canada; Western, Southern, Central and Eastern Europe; Australia; Scandinavia; Finland, Poland and the Baltic countries; the United States; the United Kingdom; and Asia Pacific. The company is headquartered in Montreal, Canada."
CIK="1061574"
Exchange="NYSE"
Currency="USD"
Country="USA"
Sector="TRADE & SERVICES"
Industry="SERVICES-MANAGEMENT CONSULTING SERVICES"
Address="1350 RENE LEVESQUE BOULEVARD WEST, 25TH FLOOR, MONTREAL, QC, CA"
FiscalYearEnd="September"
LatestQuarter="2023-03-31"
MarketCapitalization="20801380000"
EBITDA="2398958000"
PERatio="21.05"
PEGRatio="1.552"
BookValue="34.43"
DividendPerShare="0"
DividendYield="0"
EPS="5.01"
RevenuePerShareTTM="57.87"
ProfitMargin="0.112"
OperatingMarginTTM="0.161"
ReturnOnAssetsTTM="0.0899"
ReturnOnEquityTTM="20.76"
RevenueTTM="13671455000"
GrossProfitTTM="4062291000"
DilutedEPSTTM="4.87"
QuarterlyEarningsGrowthYOY="0.15"
QuarterlyRevenueGrowthYOY="0.137"
AnalystTargetPrice="119.15"
TrailingPE="20.11"
ForwardPE="17.83"
PriceToSalesRatioTTM="1.575"
PriceToBookRatio="3.897"
EVToRevenue="1.777"
EVToEBITDA="8.3"
Beta="0.816"
num_52WeekHigh="107.66"
num_52WeekLow="72.23"
num_50DayMovingAverage="103.9"
num_200DayMovingAverage="92.71"
SharesOutstanding="209037000"
DividendDate="None"
ExDividendDate="None"
symbol="GIB"
open="97.66"
high="99.77"
low="97.61"
price="98.46"
volume="228489.00"
latest_trading_day="2023-07-27"
previous_close="97.96"
change="0.50"
change_percent="0.5104%"
aroon_positive_momentum_days="0"
aroon_negative_momentum_days="2"
trend_strength="Absent or Weak Trend"
buying_signal="High Volatility / Hold Signal"
volume_analysis="Target Volume"
value_analysis="Expected Range"
Aroon_change="FALSE"
Aroon_momentum="98"
Volume_recent_avg="148667"
Change_recent_avg="0.19"
Delta_recent_avg="1.56"
Variance_recent_avg="0.78"
Change_ratio_recent_avg="0.18"
RSI_change="FALSE"
ADX_change="FALSE"

event="FALSE"
Aroon_signal="negative"
Aroon_change="FALSE"
Aroon_momentum_positive="98"
Aroon_momentum_negative="2"
image_negative_thumbnail_id_1="487"
image_negative_url_1="https://hehge.com/wp-content/uploads/sites/16/2023/06/MI_Finance_Negative_Landscape_0118.jpeg"
image_negative_thumbnail_id_2="502"
image_negative_url_2="https://hehge.com/wp-content/uploads/sites/16/2023/06/MI_Finance_Negative_Landscape_0103.jpeg"
image_neutral_thumbnail_id_1="538"
image_neutral_url_1="https://hehge.com/wp-content/uploads/sites/16/2023/06/MI_Finance_Neutral_Landscape_0061.jpeg"
image_neutral_thumbnail_id_2="529"
image_neutral_url_2="https://hehge.com/wp-content/uploads/sites/16/2023/06/MI_Finance_Neutral_Landscape_0070.jpeg"
image_positive_thumbnail_id_1="672"
image_positive_url_1="https://hehge.com/wp-content/uploads/sites/16/2023/06/MI_Finance_Positive_Landscape_0036.jpeg"
image_positive_thumbnail_id_2="975"
image_positive_url_2="https://hehge.com/wp-content/uploads/sites/16/2023/06/MI_Finance_Positive_Landscape_0137.jpeg"
image_professor_thumbnail_id_1="1188"
image_professor_url_1="https://hehge.com/wp-content/uploads/sites/16/2023/06/MI_Finance_Professor_Landscape_0022.jpeg"
image_professor_thumbnail_id_2="1196"
image_professor_url_2="https://hehge.com/wp-content/uploads/sites/16/2023/06/MI_Finance_Professor_Landscape_0030.jpeg"
