Symbol="EPOW"
AssetType="Common Stock"
Name="Sunrise New Energy Co. Ltd"
Description="Sunrise New Energy Co., Ltd. is engaged in the manufacture and sale of graphite anode material for electric vehicles and other lithium ion batteries. The company is headquartered in Zibo, the People's Republic of China."
CIK="1780731"
Exchange="NASDAQ"
Currency="USD"
Country="China"
Sector="TRADE & SERVICES"
Industry="SERVICES-BUSINESS SERVICES, NEC"
Address="R703 W R&D BLDG,ZIBO SCIENCE & TECH PARK, NO. 69 SANYING ROAD ZHANGDIAN DISTRICT, ZIBO CITY, SHANDONG PROVINCE, CHINA"
FiscalYearEnd="December"
LatestQuarter="2022-06-30"
MarketCapitalization="63404000"
EBITDA="-13970572"
PERatio="None"
PEGRatio="None"
BookValue="1.269"
DividendPerShare="0"
DividendYield="0"
EPS="-0.86"
RevenuePerShareTTM="1.536"
ProfitMargin="-0.588"
OperatingMarginTTM="-0.424"
ReturnOnAssetsTTM="-0.122"
ReturnOnEquityTTM="-0.355"
RevenueTTM="38125700"
GrossProfitTTM="0"
DilutedEPSTTM="-0.86"
QuarterlyEarningsGrowthYOY="0"
QuarterlyRevenueGrowthYOY="13.16"
AnalystTargetPrice="None"
TrailingPE="-"
ForwardPE="-"
PriceToSalesRatioTTM="6.8"
PriceToBookRatio="1.908"
EVToRevenue="11.2"
EVToEBITDA="-13.11"
Beta="0.0593"
num_52WeekHigh="6.42"
num_52WeekLow="1.72"
num_50DayMovingAverage="2.263"
num_200DayMovingAverage="2.946"
SharesOutstanding="25361600"
DividendDate="None"
ExDividendDate="None"
symbol="EPOW"
open="2.63"
high="2.63"
low="2.50"
price="2.50"
volume="93269.00"
latest_trading_day="2023-07-07"
previous_close="2.57"
change="-0.07"
change_percent="-2.7237%"
aroon_positive_momentum_days="0"
aroon_negative_momentum_days="86"
trend_strength="Strong Trend"
buying_signal="Weak Sell Signal"
volume_analysis="Target Volume"
value_analysis="Expected Range"
Aroon_change="FALSE"
Aroon_momentum="14"
Volume_recent_avg="227457"
Change_recent_avg="-0.01"
Delta_recent_avg="0.18"
Variance_recent_avg="0.09"
Change_ratio_recent_avg="-0.58"
RSI_change="FALSE"
ADX_change="FALSE"

event="FALSE"
Aroon_signal="negative"
Aroon_change="FALSE"
Aroon_momentum_positive="14"
Aroon_momentum_negative="86"
image_negative_thumbnail_id_1="123"
image_negative_url_1="https://hehge.com/wp-content/uploads/sites/16/2023/05/MI_Finance_Negative_Landscape_0053.jpeg"
image_negative_thumbnail_id_2="1114"
image_negative_url_2="https://hehge.com/wp-content/uploads/sites/16/2023/06/MI_Finance_Negative_Landscape_0147.jpeg"
image_neutral_thumbnail_id_1="571"
image_neutral_url_1="https://hehge.com/wp-content/uploads/sites/16/2023/06/MI_Finance_Neutral_Landscape_0028.jpeg"
image_neutral_thumbnail_id_2="541"
image_neutral_url_2="https://hehge.com/wp-content/uploads/sites/16/2023/06/MI_Finance_Neutral_Landscape_0058.jpeg"
image_positive_thumbnail_id_1="980"
image_positive_url_1="https://hehge.com/wp-content/uploads/sites/16/2023/06/MI_Finance_Positive_Landscape_0142.jpeg"
image_positive_thumbnail_id_2="681"
image_positive_url_2="https://hehge.com/wp-content/uploads/sites/16/2023/06/MI_Finance_Positive_Landscape_0027.jpeg"
image_professor_thumbnail_id_1="1190"
image_professor_url_1="https://hehge.com/wp-content/uploads/sites/16/2023/06/MI_Finance_Professor_Landscape_0024.jpeg"
image_professor_thumbnail_id_2="1180"
image_professor_url_2="https://hehge.com/wp-content/uploads/sites/16/2023/06/MI_Finance_Professor_Landscape_0014.jpeg"
