Symbol="PTIX"
AssetType="Common Stock"
Name="Protagenic Therapeutics"
Description="Protagenic Therapeutics, Inc., a preclinical biopharmaceutical company, is dedicated to the discovery and development of therapies to treat stress-related mood and neuropsychiatric disorders. The company is headquartered in New York, New York."
CIK="1022899"
Exchange="NASDAQ"
Currency="USD"
Country="USA"
Sector="TRADE & SERVICES"
Industry="SERVICES-BUSINESS SERVICES, NEC"
Address="149 FIFTH AVENUE, SUITE 500, NEW YORK, NY, US"
FiscalYearEnd="December"
LatestQuarter="2023-03-31"
MarketCapitalization="8540200"
EBITDA="-3557758"
PERatio="None"
PEGRatio="0"
BookValue="1.481"
DividendPerShare="0"
DividendYield="0"
EPS="-0.69"
RevenuePerShareTTM="0"
ProfitMargin="0"
OperatingMarginTTM="0"
ReturnOnAssetsTTM="-0.212"
ReturnOnEquityTTM="-0.385"
RevenueTTM="0"
GrossProfitTTM="0"
DilutedEPSTTM="-0.69"
QuarterlyEarningsGrowthYOY="0"
QuarterlyRevenueGrowthYOY="0"
AnalystTargetPrice="4"
TrailingPE="-"
ForwardPE="-"
PriceToSalesRatioTTM="-"
PriceToBookRatio="0.997"
EVToRevenue="-"
EVToEBITDA="0.129"
Beta="0.182"
num_52WeekHigh="3.19"
num_52WeekLow="1.249"
num_50DayMovingAverage="2.0"
num_200DayMovingAverage="1.965"
SharesOutstanding="4331000"
DividendDate="2016-07-27"
ExDividendDate="None"
symbol="PTIX"
open="1.97"
high="1.97"
low="1.88"
price="1.95"
volume="518.00"
latest_trading_day="2023-08-14"
previous_close="1.90"
change="0.05"
change_percent="2.5316%"
aroon_positive_momentum_days="0"
aroon_negative_momentum_days="55"
trend_strength="Absent or Weak Trend"
buying_signal="Weak Sell Signal"
volume_analysis="Target Volume"
value_analysis="Expected Range"
Aroon_change="FALSE"
Aroon_momentum="45"
Volume_recent_avg="9679"
Change_recent_avg="0.01"
Delta_recent_avg="0.11"
Variance_recent_avg="0.05"
Change_ratio_recent_avg="0.58"
RSI_change="FALSE"
ADX_change="FALSE"

event="FALSE"
Aroon_signal="negative"
Aroon_change="FALSE"
Aroon_momentum_positive="45"
Aroon_momentum_negative="55"
image_negative_thumbnail_id_1="1149"
image_negative_url_1="https://hehge.com/wp-content/uploads/sites/16/2023/06/MI_Finance_Negative_Landscape_0182.jpeg"
image_negative_thumbnail_id_2="113"
image_negative_url_2="https://hehge.com/wp-content/uploads/sites/16/2023/05/MI_Finance_Negative_Landscape_0063.jpeg"
image_neutral_thumbnail_id_1="527"
image_neutral_url_1="https://hehge.com/wp-content/uploads/sites/16/2023/06/MI_Finance_Neutral_Landscape_0072.jpeg"
image_neutral_thumbnail_id_2="549"
image_neutral_url_2="https://hehge.com/wp-content/uploads/sites/16/2023/06/MI_Finance_Neutral_Landscape_0050.jpeg"
image_positive_thumbnail_id_1="607"
image_positive_url_1="https://hehge.com/wp-content/uploads/sites/16/2023/06/MI_Finance_Positive_Landscape_0101.jpeg"
image_positive_thumbnail_id_2="971"
image_positive_url_2="https://hehge.com/wp-content/uploads/sites/16/2023/06/MI_Finance_Positive_Landscape_0133.jpeg"
image_professor_thumbnail_id_1="1203"
image_professor_url_1="https://hehge.com/wp-content/uploads/sites/16/2023/06/MI_Finance_Professor_Landscape_0037.jpeg"
image_professor_thumbnail_id_2="1197"
image_professor_url_2="https://hehge.com/wp-content/uploads/sites/16/2023/06/MI_Finance_Professor_Landscape_0031.jpeg"
