Symbol="SEAS"
AssetType="Common Stock"
Name="SeaWorld Entertainment Inc"
Description="SeaWorld Entertainment, Inc., is a theme park and entertainment company in the United States. The company is headquartered in Orlando, Florida."
CIK="1564902"
Exchange="NYSE"
Currency="USD"
Country="USA"
Sector="TRADE & SERVICES"
Industry="SERVICES-MISCELLANEOUS AMUSEMENT & RECREATION"
Address="9205 SOUTH PARK CENTER LOOP, SUITE 400, ORLANDO, FL, US"
FiscalYearEnd="December"
LatestQuarter="2023-03-31"
MarketCapitalization="3456920000"
EBITDA="677160000"
PERatio="13.7"
PEGRatio="-0.46"
BookValue="-7.09"
DividendPerShare="0"
DividendYield="0"
EPS="3.95"
RevenuePerShareTTM="26.3"
ProfitMargin="0.162"
OperatingMarginTTM="0.3"
ReturnOnAssetsTTM="0.133"
ReturnOnEquityTTM="-5.94"
RevenueTTM="1753890000"
GrossProfitTTM="880710000"
DilutedEPSTTM="3.95"
QuarterlyEarningsGrowthYOY="-0.178"
QuarterlyRevenueGrowthYOY="0.084"
AnalystTargetPrice="72"
TrailingPE="13.7"
ForwardPE="5.45"
PriceToSalesRatioTTM="2.022"
PriceToBookRatio="181.66"
EVToRevenue="3.209"
EVToEBITDA="8.51"
Beta="1.947"
num_52WeekHigh="68.19"
num_52WeekLow="44.38"
num_50DayMovingAverage="55.75"
num_200DayMovingAverage="57.1"
SharesOutstanding="63887000"
DividendDate="2016-10-07"
ExDividendDate="2016-09-27"
symbol="SEAS"
open="55.47"
high="55.59"
low="54.12"
price="54.34"
volume="775200.00"
latest_trading_day="2023-08-04"
previous_close="55.10"
change="-0.76"
change_percent="-1.3793%"
aroon_positive_momentum_days="0"
aroon_negative_momentum_days="71"
trend_strength="Absent or Weak Trend"
buying_signal="Weak Sell Signal"
volume_analysis="Target Volume"
value_analysis="Expected Range"
Aroon_change="FALSE"
Aroon_momentum="29"
Volume_recent_avg="867467"
Change_recent_avg="-0.03"
Delta_recent_avg="1.81"
Variance_recent_avg="0.9"
Change_ratio_recent_avg="-0.07"
RSI_change="FALSE"
ADX_change="FALSE"

event="FALSE"
Aroon_signal="negative"
Aroon_change="FALSE"
Aroon_momentum_positive="29"
Aroon_momentum_negative="71"
image_negative_thumbnail_id_1="500"
image_negative_url_1="https://hehge.com/wp-content/uploads/sites/16/2023/06/MI_Finance_Negative_Landscape_0105.jpeg"
image_negative_thumbnail_id_2="1119"
image_negative_url_2="https://hehge.com/wp-content/uploads/sites/16/2023/06/MI_Finance_Negative_Landscape_0152.jpeg"
image_neutral_thumbnail_id_1="557"
image_neutral_url_1="https://hehge.com/wp-content/uploads/sites/16/2023/06/MI_Finance_Neutral_Landscape_0042.jpeg"
image_neutral_thumbnail_id_2="565"
image_neutral_url_2="https://hehge.com/wp-content/uploads/sites/16/2023/06/MI_Finance_Neutral_Landscape_0034.jpeg"
image_positive_thumbnail_id_1="989"
image_positive_url_1="https://hehge.com/wp-content/uploads/sites/16/2023/06/MI_Finance_Positive_Landscape_0151.jpeg"
image_positive_thumbnail_id_2="664"
image_positive_url_2="https://hehge.com/wp-content/uploads/sites/16/2023/06/MI_Finance_Positive_Landscape_0044.jpeg"
image_professor_thumbnail_id_1="1181"
image_professor_url_1="https://hehge.com/wp-content/uploads/sites/16/2023/06/MI_Finance_Professor_Landscape_0015.jpeg"
image_professor_thumbnail_id_2="1194"
image_professor_url_2="https://hehge.com/wp-content/uploads/sites/16/2023/06/MI_Finance_Professor_Landscape_0028.jpeg"
