Symbol="NCMI"
AssetType="Common Stock"
Name="National CineMedia Inc"
Description="National CineMedia, Inc., through its subsidiary, National CineMedia, LLC, operates a theatrical advertising network in North America. The company is headquartered in Centennial, Colorado."
CIK="1377630"
Exchange="NASDAQ"
Currency="USD"
Country="USA"
Sector="TRADE & SERVICES"
Industry="SERVICES-ADVERTISING"
Address="6300 S. SYRACUSE WAY, SUITE 300, CENTENNIAL, CO, US"
FiscalYearEnd="December"
LatestQuarter="2023-03-31"
MarketCapitalization="68754000"
EBITDA="800000"
PERatio="None"
PEGRatio="-3.82"
BookValue="-3.055"
DividendPerShare="0.03"
DividendYield="0.316"
EPS="-0.35"
RevenuePerShareTTM="2.53"
ProfitMargin="-0.197"
OperatingMarginTTM="-0.0048"
ReturnOnAssetsTTM="-0.001"
ReturnOnEquityTTM="0"
RevenueTTM="248200000"
GrossProfitTTM="37700000"
DilutedEPSTTM="-0.35"
QuarterlyEarningsGrowthYOY="-0.318"
QuarterlyRevenueGrowthYOY="-0.028"
AnalystTargetPrice="0.5"
TrailingPE="-"
ForwardPE="11.05"
PriceToSalesRatioTTM="0.139"
PriceToBookRatio="-"
EVToRevenue="4.884"
EVToEBITDA="31.65"
Beta="1.933"
num_52WeekHigh="1.817"
num_52WeekLow="0.1"
num_50DayMovingAverage="0.319"
num_200DayMovingAverage="0.334"
SharesOutstanding="174060000"
DividendDate="2022-09-06"
ExDividendDate="2022-08-19"
symbol="NCMI"
open="0.38"
high="0.41"
low="0.36"
price="0.40"
volume="1353846.00"
latest_trading_day="2023-07-14"
previous_close="0.38"
change="0.01"
change_percent="3.9474%"
aroon_positive_momentum_days="62"
aroon_negative_momentum_days="0"
trend_strength="Absent or Weak Trend"
buying_signal="Weak Buy Signal"
volume_analysis="Target Volume"
value_analysis="Expected Range"
Aroon_change="FALSE"
Aroon_momentum="62"
Volume_recent_avg="9421257"
Change_recent_avg="0.01"
Delta_recent_avg="0.03"
Variance_recent_avg="0.02"
Change_ratio_recent_avg="-0.68"
RSI_change="FALSE"
ADX_change="FALSE"

event="FALSE"
Aroon_signal="positive"
Aroon_change="FALSE"
Aroon_momentum_positive="62"
Aroon_momentum_negative="38"
image_negative_thumbnail_id_1="512"
image_negative_url_1="https://hehge.com/wp-content/uploads/sites/16/2023/06/MI_Finance_Negative_Landscape_0093.jpeg"
image_negative_thumbnail_id_2="503"
image_negative_url_2="https://hehge.com/wp-content/uploads/sites/16/2023/06/MI_Finance_Negative_Landscape_0102.jpeg"
image_neutral_thumbnail_id_1="576"
image_neutral_url_1="https://hehge.com/wp-content/uploads/sites/16/2023/06/MI_Finance_Neutral_Landscape_0023.jpeg"
image_neutral_thumbnail_id_2="540"
image_neutral_url_2="https://hehge.com/wp-content/uploads/sites/16/2023/06/MI_Finance_Neutral_Landscape_0059.jpeg"
image_positive_thumbnail_id_1="648"
image_positive_url_1="https://hehge.com/wp-content/uploads/sites/16/2023/06/MI_Finance_Positive_Landscape_0060.jpeg"
image_positive_thumbnail_id_2="665"
image_positive_url_2="https://hehge.com/wp-content/uploads/sites/16/2023/06/MI_Finance_Positive_Landscape_0043.jpeg"
image_professor_thumbnail_id_1="1187"
image_professor_url_1="https://hehge.com/wp-content/uploads/sites/16/2023/06/MI_Finance_Professor_Landscape_0021.jpeg"
image_professor_thumbnail_id_2="1169"
image_professor_url_2="https://hehge.com/wp-content/uploads/sites/16/2023/06/MI_Finance_Professor_Landscape_0003.jpeg"
