Symbol="CRTO"
AssetType="Common Stock"
Name="Criteo Sa"
Description="Criteo SA, a technology company, provides open Internet monetization and marketing services in North and South America, Europe, the Middle East, Africa, and Asia-Pacific. The company is headquartered in Paris, France."
CIK="1576427"
Exchange="NASDAQ"
Currency="USD"
Country="USA"
Sector="TRADE & SERVICES"
Industry="SERVICES-ADVERTISING AGENCIES"
Address="32 RUE BLANCHE, PARIS, FR"
FiscalYearEnd="December"
LatestQuarter="2023-06-30"
MarketCapitalization="1644509000"
EBITDA="161731000"
PERatio="294.65"
PEGRatio="0.834"
BookValue="18.1"
DividendPerShare="0"
DividendYield="0"
EPS="0.1"
RevenuePerShareTTM="33.3"
ProfitMargin="0.0038"
OperatingMarginTTM="0.0328"
ReturnOnAssetsTTM="0.0197"
ReturnOnEquityTTM="0.0079"
RevenueTTM="1925296000"
GrossProfitTTM="795200000"
DilutedEPSTTM="0.1"
QuarterlyEarningsGrowthYOY="-0.787"
QuarterlyRevenueGrowthYOY="-0.053"
AnalystTargetPrice="39.73"
TrailingPE="294.65"
ForwardPE="11.7"
PriceToSalesRatioTTM="0.724"
PriceToBookRatio="1.506"
EVToRevenue="0.65"
EVToEBITDA="6.0"
Beta="0.908"
num_52WeekHigh="36.76"
num_52WeekLow="22.54"
num_50DayMovingAverage="31.94"
num_200DayMovingAverage="30.62"
SharesOutstanding="55812000"
DividendDate="None"
ExDividendDate="None"
symbol="CRTO"
open="29.00"
high="29.68"
low="28.09"
price="29.45"
volume="137261.00"
latest_trading_day="2023-08-30"
previous_close="29.08"
change="0.37"
change_percent="1.2724%"
aroon_positive_momentum_days="0"
aroon_negative_momentum_days="39"
trend_strength="Absent or Weak Trend"
buying_signal="Weak Sell Signal"
volume_analysis="Target Volume"
value_analysis="Expected Range"
Aroon_change="FALSE"
Aroon_momentum="61"
Volume_recent_avg="232347"
Change_recent_avg="0.01"
Delta_recent_avg="0.93"
Variance_recent_avg="0.47"
Change_ratio_recent_avg="0.01"
RSI_change="FALSE"
ADX_change="FALSE"

event="FALSE"
Aroon_signal="negative"
Aroon_change="FALSE"
Aroon_momentum_positive="61"
Aroon_momentum_negative="39"
image_negative_thumbnail_id_1="1092"
image_negative_url_1="https://hehge.com/wp-content/uploads/sites/16/2023/06/MI_Finance_Negative_Landscape_0125.jpeg"
image_negative_thumbnail_id_2="1103"
image_negative_url_2="https://hehge.com/wp-content/uploads/sites/16/2023/06/MI_Finance_Negative_Landscape_0136.jpeg"
image_neutral_thumbnail_id_1="576"
image_neutral_url_1="https://hehge.com/wp-content/uploads/sites/16/2023/06/MI_Finance_Neutral_Landscape_0023.jpeg"
image_neutral_thumbnail_id_2="548"
image_neutral_url_2="https://hehge.com/wp-content/uploads/sites/16/2023/06/MI_Finance_Neutral_Landscape_0051.jpeg"
image_positive_thumbnail_id_1="610"
image_positive_url_1="https://hehge.com/wp-content/uploads/sites/16/2023/06/MI_Finance_Positive_Landscape_0098.jpeg"
image_positive_thumbnail_id_2="956"
image_positive_url_2="https://hehge.com/wp-content/uploads/sites/16/2023/06/MI_Finance_Positive_Landscape_0118.jpeg"
image_professor_thumbnail_id_1="1181"
image_professor_url_1="https://hehge.com/wp-content/uploads/sites/16/2023/06/MI_Finance_Professor_Landscape_0015.jpeg"
image_professor_thumbnail_id_2="1170"
image_professor_url_2="https://hehge.com/wp-content/uploads/sites/16/2023/06/MI_Finance_Professor_Landscape_0004.jpeg"
