Symbol="CRTO"
AssetType="Common Stock"
Name="Criteo Sa"
Description="Criteo SA, a technology company, provides open Internet monetization and marketing services in North and South America, Europe, the Middle East, Africa, and Asia-Pacific. The company is headquartered in Paris, France."
CIK="1576427"
Exchange="NASDAQ"
Currency="USD"
Country="USA"
Sector="TRADE & SERVICES"
Industry="SERVICES-ADVERTISING AGENCIES"
Address="32 RUE BLANCHE, PARIS, FR"
FiscalYearEnd="December"
LatestQuarter="2023-03-31"
MarketCapitalization="1857618000"
EBITDA="77901000"
PERatio="None"
PEGRatio="0.834"
BookValue="18.17"
DividendPerShare="0"
DividendYield="0"
EPS="-0.4"
RevenuePerShareTTM="33.14"
ProfitMargin="-0.012"
OperatingMarginTTM="-0.0073"
ReturnOnAssetsTTM="-0.0044"
ReturnOnEquityTTM="-0.02"
RevenueTTM="1951452000"
GrossProfitTTM="795200000"
DilutedEPSTTM="-0.4"
QuarterlyEarningsGrowthYOY="-0.787"
QuarterlyRevenueGrowthYOY="-0.128"
AnalystTargetPrice="39.82"
TrailingPE="-"
ForwardPE="11.7"
PriceToSalesRatioTTM="0.724"
PriceToBookRatio="1.506"
EVToRevenue="0.65"
EVToEBITDA="6.0"
Beta="0.914"
num_52WeekHigh="36.76"
num_52WeekLow="22.54"
num_50DayMovingAverage="33.28"
num_200DayMovingAverage="30.11"
SharesOutstanding="56136000"
DividendDate="None"
ExDividendDate="None"
symbol="CRTO"
open="32.64"
high="33.11"
low="32.35"
price="32.98"
volume="248233.00"
latest_trading_day="2023-07-28"
previous_close="32.23"
change="0.75"
change_percent="2.3270%"
aroon_positive_momentum_days="80"
aroon_negative_momentum_days="0"
trend_strength="Absent or Weak Trend"
buying_signal="Strong Buy Signal"
volume_analysis="Target Volume"
value_analysis="Expected Range"
Aroon_change="FALSE"
Aroon_momentum="80"
Volume_recent_avg="195749"
Change_recent_avg="-0.01"
Delta_recent_avg="0.93"
Variance_recent_avg="0.46"
Change_ratio_recent_avg="-0.03"
RSI_change="FALSE"
ADX_change="FALSE"

event="aroon_milestone_positive_45"
Aroon_signal="positive"
Aroon_change="FALSE"
Aroon_momentum_positive="80"
Aroon_momentum_negative="20"
image_negative_thumbnail_id_1="101"
image_negative_url_1="https://hehge.com/wp-content/uploads/sites/16/2023/05/MI_Finance_Negative_Landscape_0075.jpeg"
image_negative_thumbnail_id_2="500"
image_negative_url_2="https://hehge.com/wp-content/uploads/sites/16/2023/06/MI_Finance_Negative_Landscape_0105.jpeg"
image_neutral_thumbnail_id_1="561"
image_neutral_url_1="https://hehge.com/wp-content/uploads/sites/16/2023/06/MI_Finance_Neutral_Landscape_0038.jpeg"
image_neutral_thumbnail_id_2="560"
image_neutral_url_2="https://hehge.com/wp-content/uploads/sites/16/2023/06/MI_Finance_Neutral_Landscape_0039.jpeg"
image_positive_thumbnail_id_1="684"
image_positive_url_1="https://hehge.com/wp-content/uploads/sites/16/2023/06/MI_Finance_Positive_Landscape_0024.jpeg"
image_positive_thumbnail_id_2="646"
image_positive_url_2="https://hehge.com/wp-content/uploads/sites/16/2023/06/MI_Finance_Positive_Landscape_0062.jpeg"
image_professor_thumbnail_id_1="1197"
image_professor_url_1="https://hehge.com/wp-content/uploads/sites/16/2023/06/MI_Finance_Professor_Landscape_0031.jpeg"
image_professor_thumbnail_id_2="1172"
image_professor_url_2="https://hehge.com/wp-content/uploads/sites/16/2023/06/MI_Finance_Professor_Landscape_0006.jpeg"
