Symbol="SE"
AssetType="Common Stock"
Name="Sea Ltd"
Description="Sea Limited is engaged in the digital entertainment, e-commerce and digital financial services businesses in Southeast Asia, Latin America, the rest of Asia and internationally. The company is headquartered in Singapore."
CIK="1703399"
Exchange="NYSE"
Currency="USD"
Country="USA"
Sector="TRADE & SERVICES"
Industry="SERVICES-MISCELLANEOUS BUSINESS SERVICES"
Address="C/O 1 FUSIONOPOLIS PLACE, # 17-10, GALAXIS, SINGAPORE, SG"
FiscalYearEnd="December"
LatestQuarter="2023-03-31"
MarketCapitalization="32771891000"
EBITDA="67452000"
PERatio="None"
PEGRatio="0"
BookValue="10.81"
DividendPerShare="0"
DividendYield="0"
EPS="-1.76"
RevenuePerShareTTM="22.49"
ProfitMargin="-0.0781"
OperatingMarginTTM="-0.0311"
ReturnOnAssetsTTM="-0.0138"
ReturnOnEquityTTM="-0.159"
RevenueTTM="12591238000"
GrossProfitTTM="5185277000"
DilutedEPSTTM="-1.76"
QuarterlyEarningsGrowthYOY="0"
QuarterlyRevenueGrowthYOY="0.049"
AnalystTargetPrice="93.7"
TrailingPE="-"
ForwardPE="-"
PriceToSalesRatioTTM="2.806"
PriceToBookRatio="7.45"
EVToRevenue="2.829"
EVToEBITDA="-15.0"
Beta="1.67"
num_52WeekHigh="92.35"
num_52WeekLow="40.66"
num_50DayMovingAverage="60.37"
num_200DayMovingAverage="64.63"
SharesOutstanding="568759000"
DividendDate="2017-03-01"
ExDividendDate="None"
symbol="SE"
open="57.54"
high="58.80"
low="57.06"
price="57.62"
volume="7441365.00"
latest_trading_day="2023-08-11"
previous_close="57.26"
change="0.36"
change_percent="0.6287%"
aroon_positive_momentum_days="0"
aroon_negative_momentum_days="54"
trend_strength="Absent or Weak Trend"
buying_signal="Weak Sell Signal"
volume_analysis="Target Volume"
value_analysis="Expected Range"
Aroon_change="FALSE"
Aroon_momentum="46"
Volume_recent_avg="4532892"
Change_recent_avg="-0.29"
Delta_recent_avg="2.53"
Variance_recent_avg="1.26"
Change_ratio_recent_avg="-0.45"
RSI_change="FALSE"
ADX_change="FALSE"

event="FALSE"
Aroon_signal="negative"
Aroon_change="FALSE"
Aroon_momentum_positive="46"
Aroon_momentum_negative="54"
image_negative_thumbnail_id_1="493"
image_negative_url_1="https://hehge.com/wp-content/uploads/sites/16/2023/06/MI_Finance_Negative_Landscape_0112.jpeg"
image_negative_thumbnail_id_2="519"
image_negative_url_2="https://hehge.com/wp-content/uploads/sites/16/2023/06/MI_Finance_Negative_Landscape_0086.jpeg"
image_neutral_thumbnail_id_1="585"
image_neutral_url_1="https://hehge.com/wp-content/uploads/sites/16/2023/06/MI_Finance_Neutral_Landscape_0014.jpeg"
image_neutral_thumbnail_id_2="558"
image_neutral_url_2="https://hehge.com/wp-content/uploads/sites/16/2023/06/MI_Finance_Neutral_Landscape_0041.jpeg"
image_positive_thumbnail_id_1="701"
image_positive_url_1="https://hehge.com/wp-content/uploads/sites/16/2023/06/MI_Finance_Positive_Landscape_0007.jpeg"
image_positive_thumbnail_id_2="685"
image_positive_url_2="https://hehge.com/wp-content/uploads/sites/16/2023/06/MI_Finance_Positive_Landscape_0023.jpeg"
image_professor_thumbnail_id_1="1202"
image_professor_url_1="https://hehge.com/wp-content/uploads/sites/16/2023/06/MI_Finance_Professor_Landscape_0036.jpeg"
image_professor_thumbnail_id_2="1173"
image_professor_url_2="https://hehge.com/wp-content/uploads/sites/16/2023/06/MI_Finance_Professor_Landscape_0007.jpeg"
