Symbol="MEG"
AssetType="Common Stock"
Name="Montrose Environmental Grp"
Description="Montrose Environmental Group, Inc. is an environmental services company in the United States. The company is headquartered in Irvine, California."
CIK="1643615"
Exchange="NYSE"
Currency="USD"
Country="USA"
Sector="TRADE & SERVICES"
Industry="SERVICES-MANAGEMENT CONSULTING SERVICES"
Address="1 PARK PLAZA, SUITE 1000, IRVINE, CA, US"
FiscalYearEnd="December"
LatestQuarter="2023-06-30"
MarketCapitalization="1160960000"
EBITDA="18943000"
PERatio="None"
PEGRatio="None"
BookValue="10.4"
DividendPerShare="0"
DividendYield="0"
EPS="-1.8"
RevenuePerShareTTM="18.79"
ProfitMargin="-0.0686"
OperatingMarginTTM="-0.0465"
ReturnOnAssetsTTM="-0.0202"
ReturnOnEquityTTM="-0.0823"
RevenueTTM="560355000"
GrossProfitTTM="192534000"
DilutedEPSTTM="-1.8"
QuarterlyEarningsGrowthYOY="0"
QuarterlyRevenueGrowthYOY="0.137"
AnalystTargetPrice="46.2"
TrailingPE="-"
ForwardPE="-"
PriceToSalesRatioTTM="2.41"
PriceToBookRatio="4.386"
EVToRevenue="3.009"
EVToEBITDA="39.66"
Beta="1.627"
num_52WeekHigh="55"
num_52WeekLow="28.64"
num_50DayMovingAverage="41.25"
num_200DayMovingAverage="41.42"
SharesOutstanding="30154800"
DividendDate="None"
ExDividendDate="None"
symbol="MEG"
open="38.97"
high="39.36"
low="37.90"
price="37.91"
volume="79220.00"
latest_trading_day="2023-08-24"
previous_close="39.16"
change="-1.25"
change_percent="-3.1920%"
aroon_positive_momentum_days="57"
aroon_negative_momentum_days="0"
trend_strength="Absent or Weak Trend"
buying_signal="Weak Buy Signal"
volume_analysis="Target Volume"
value_analysis="Expected Range"
Aroon_change="FALSE"
Aroon_momentum="57"
Volume_recent_avg="198854"
Change_recent_avg="-0.01"
Delta_recent_avg="1.57"
Variance_recent_avg="0.78"
Change_ratio_recent_avg="-0.07"
RSI_change="FALSE"
ADX_change="FALSE"

event="FALSE"
Aroon_signal="positive"
Aroon_change="FALSE"
Aroon_momentum_positive="57"
Aroon_momentum_negative="43"
image_negative_thumbnail_id_1="1128"
image_negative_url_1="https://hehge.com/wp-content/uploads/sites/16/2023/06/MI_Finance_Negative_Landscape_0161.jpeg"
image_negative_thumbnail_id_2="1114"
image_negative_url_2="https://hehge.com/wp-content/uploads/sites/16/2023/06/MI_Finance_Negative_Landscape_0147.jpeg"
image_neutral_thumbnail_id_1="567"
image_neutral_url_1="https://hehge.com/wp-content/uploads/sites/16/2023/06/MI_Finance_Neutral_Landscape_0032.jpeg"
image_neutral_thumbnail_id_2="564"
image_neutral_url_2="https://hehge.com/wp-content/uploads/sites/16/2023/06/MI_Finance_Neutral_Landscape_0035.jpeg"
image_positive_thumbnail_id_1="668"
image_positive_url_1="https://hehge.com/wp-content/uploads/sites/16/2023/06/MI_Finance_Positive_Landscape_0040.jpeg"
image_positive_thumbnail_id_2="1008"
image_positive_url_2="https://hehge.com/wp-content/uploads/sites/16/2023/06/MI_Finance_Positive_Landscape_0170.jpeg"
image_professor_thumbnail_id_1="1174"
image_professor_url_1="https://hehge.com/wp-content/uploads/sites/16/2023/06/MI_Finance_Professor_Landscape_0008.jpeg"
image_professor_thumbnail_id_2="1204"
image_professor_url_2="https://hehge.com/wp-content/uploads/sites/16/2023/06/MI_Finance_Professor_Landscape_0038.jpeg"
