Symbol="GCT"
AssetType="Common Stock"
Name="GigaCloud Technology Inc Class A Ordinary Shares"
Description="GigaCloud Technology Inc. offers end-to-end B2B e-commerce solutions for large parcel merchandise. The company is headquartered in Suzhou, China."
CIK="1857816"
Exchange="NASDAQ"
Currency="USD"
Country="USA"
Sector="TRADE & SERVICES"
Industry="RETAIL-CATALOG & MAIL-ORDER HOUSES"
Address="UNIT A, 12/F, SHUN HO TOWER, 24-30 ICE HOUSE STREET, CENTRAL, HK"
FiscalYearEnd="December"
LatestQuarter="2023-06-30"
MarketCapitalization="518585000"
EBITDA="62052000"
PERatio="10.38"
PEGRatio="None"
BookValue="5.64"
DividendPerShare="0"
DividendYield="0"
EPS="1.22"
RevenuePerShareTTM="14.22"
ProfitMargin="0.0888"
OperatingMarginTTM="0.113"
ReturnOnAssetsTTM="0.0958"
ReturnOnEquityTTM="0.259"
RevenueTTM="534529000"
GrossProfitTTM="83114000"
DilutedEPSTTM="1.22"
QuarterlyEarningsGrowthYOY="0.247"
QuarterlyRevenueGrowthYOY="0.235"
AnalystTargetPrice="21"
TrailingPE="10.38"
ForwardPE="-"
PriceToSalesRatioTTM="0.542"
PriceToBookRatio="1.516"
EVToRevenue="0.598"
EVToEBITDA="9.61"
Beta="None"
num_52WeekHigh="23.48"
num_52WeekLow="4.14"
num_50DayMovingAverage="9.24"
num_200DayMovingAverage="6.72"
SharesOutstanding="31635700"
DividendDate="None"
ExDividendDate="None"
symbol="GCT"
open="12.65"
high="12.95"
low="12.35"
price="12.51"
volume="347189.00"
latest_trading_day="2023-08-31"
previous_close="12.66"
change="-0.15"
change_percent="-1.1848%"
aroon_positive_momentum_days="98"
aroon_negative_momentum_days="0"
trend_strength="Strong Trend"
buying_signal="Weak Buy Signal"
volume_analysis="Target Volume"
value_analysis="Expected Range"
Aroon_change="FALSE"
Aroon_momentum="98"
Volume_recent_avg="754613"
Change_recent_avg="-0.01"
Delta_recent_avg="0.62"
Variance_recent_avg="0.31"
Change_ratio_recent_avg="-0.33"
RSI_change="FALSE"
ADX_change="FALSE"

event="FALSE"
Aroon_signal="positive"
Aroon_change="FALSE"
Aroon_momentum_positive="98"
Aroon_momentum_negative="2"
image_negative_thumbnail_id_1="138"
image_negative_url_1="https://hehge.com/wp-content/uploads/sites/16/2023/05/MI_Finance_Negative_Landscape_0038.jpeg"
image_negative_thumbnail_id_2="1111"
image_negative_url_2="https://hehge.com/wp-content/uploads/sites/16/2023/06/MI_Finance_Negative_Landscape_0144.jpeg"
image_neutral_thumbnail_id_1="593"
image_neutral_url_1="https://hehge.com/wp-content/uploads/sites/16/2023/06/MI_Finance_Neutral_Landscape_0006.jpeg"
image_neutral_thumbnail_id_2="538"
image_neutral_url_2="https://hehge.com/wp-content/uploads/sites/16/2023/06/MI_Finance_Neutral_Landscape_0061.jpeg"
image_positive_thumbnail_id_1="653"
image_positive_url_1="https://hehge.com/wp-content/uploads/sites/16/2023/06/MI_Finance_Positive_Landscape_0055.jpeg"
image_positive_thumbnail_id_2="652"
image_positive_url_2="https://hehge.com/wp-content/uploads/sites/16/2023/06/MI_Finance_Positive_Landscape_0056.jpeg"
image_professor_thumbnail_id_1="1171"
image_professor_url_1="https://hehge.com/wp-content/uploads/sites/16/2023/06/MI_Finance_Professor_Landscape_0005.jpeg"
image_professor_thumbnail_id_2="1184"
image_professor_url_2="https://hehge.com/wp-content/uploads/sites/16/2023/06/MI_Finance_Professor_Landscape_0018.jpeg"
