Symbol="ARKO"
AssetType="Common Stock"
Name="Arko Corp"
Description="Arko Corp. The company is headquartered in Richmond, Virginia."
CIK="1823794"
Exchange="NASDAQ"
Currency="USD"
Country="USA"
Sector="TRADE & SERVICES"
Industry="RETAIL-CONVENIENCE STORES"
Address="8565 MAGELLAN PKWY, SUITE 400, RICHMOND, VA, US"
FiscalYearEnd="December"
LatestQuarter="2023-06-30"
MarketCapitalization="920778000"
EBITDA="273728000"
PERatio="22.17"
PEGRatio="None"
BookValue="2.335"
DividendPerShare="0.11"
DividendYield="0.0159"
EPS="0.35"
RevenuePerShareTTM="76.52"
ProfitMargin="0.0054"
OperatingMarginTTM="0.0172"
ReturnOnAssetsTTM="0.0297"
ReturnOnEquityTTM="0.138"
RevenueTTM="9187242000"
GrossProfitTTM="1139725000"
DilutedEPSTTM="0.35"
QuarterlyEarningsGrowthYOY="-0.554"
QuarterlyRevenueGrowthYOY="-0.028"
AnalystTargetPrice="10.15"
TrailingPE="22.17"
ForwardPE="-"
PriceToSalesRatioTTM="0.12"
PriceToBookRatio="4.018"
EVToRevenue="0.342"
EVToEBITDA="11.63"
Beta="0.328"
num_52WeekHigh="10.65"
num_52WeekLow="6.65"
num_50DayMovingAverage="8.02"
num_200DayMovingAverage="8.28"
SharesOutstanding="118657000"
DividendDate="2023-09-01"
ExDividendDate="2023-08-14"
symbol="ARKO"
open="7.76"
high="7.84"
low="7.60"
price="7.60"
volume="396376.00"
latest_trading_day="2023-08-30"
previous_close="7.79"
change="-0.19"
change_percent="-2.4390%"
aroon_positive_momentum_days="0"
aroon_negative_momentum_days="51"
trend_strength="Absent or Weak Trend"
buying_signal="Weak Sell Signal"
volume_analysis="Target Volume"
value_analysis="Expected Range"
Aroon_change="TRUE"
Aroon_momentum="49"
Volume_recent_avg="226186"
Change_recent_avg="-0.01"
Delta_recent_avg="0.24"
Variance_recent_avg="0.12"
Change_ratio_recent_avg="-0.15"
RSI_change="FALSE"
ADX_change="FALSE"
Aroon_signal="negative"
Aroon_change="TRUE"
Aroon_momentum_positive="49"
Aroon_momentum_negative="51"
image_negative_thumbnail_id_1="494"
image_negative_url_1="https://hehge.com/wp-content/uploads/sites/16/2023/06/MI_Finance_Negative_Landscape_0111.jpeg"
image_negative_thumbnail_id_2="110"
image_negative_url_2="https://hehge.com/wp-content/uploads/sites/16/2023/05/MI_Finance_Negative_Landscape_0066.jpeg"
image_neutral_thumbnail_id_1="579"
image_neutral_url_1="https://hehge.com/wp-content/uploads/sites/16/2023/06/MI_Finance_Neutral_Landscape_0020.jpeg"
image_neutral_thumbnail_id_2="534"
image_neutral_url_2="https://hehge.com/wp-content/uploads/sites/16/2023/06/MI_Finance_Neutral_Landscape_0065.jpeg"
image_positive_thumbnail_id_1="684"
image_positive_url_1="https://hehge.com/wp-content/uploads/sites/16/2023/06/MI_Finance_Positive_Landscape_0024.jpeg"
image_positive_thumbnail_id_2="629"
image_positive_url_2="https://hehge.com/wp-content/uploads/sites/16/2023/06/MI_Finance_Positive_Landscape_0079.jpeg"
image_professor_thumbnail_id_1="1172"
image_professor_url_1="https://hehge.com/wp-content/uploads/sites/16/2023/06/MI_Finance_Professor_Landscape_0006.jpeg"
image_professor_thumbnail_id_2="1169"
image_professor_url_2="https://hehge.com/wp-content/uploads/sites/16/2023/06/MI_Finance_Professor_Landscape_0003.jpeg"
