Symbol="CURV"
AssetType="Common Stock"
Name="Torrid Holdings Inc"
Description="Torrid Holdings Inc. focuses on operating as a portfolio company for Torrid Parent Inc. operating in the North American women's plus size and intimate apparel market. The company is headquartered in City of Industry, California."
CIK="1792781"
Exchange="NYSE"
Currency="USD"
Country="USA"
Sector="TRADE & SERVICES"
Industry="RETAIL-APPAREL & ACCESSORY STORES"
Address="18501 E. SAN JOSE AVENUE, CITY OF INDUSTRY, CA, US"
FiscalYearEnd="January"
LatestQuarter="2023-04-30"
MarketCapitalization="242015000"
EBITDA="122215000"
PERatio="6.3"
PEGRatio="None"
BookValue="-2.084"
DividendPerShare="0"
DividendYield="0"
EPS="0.37"
RevenuePerShareTTM="12.04"
ProfitMargin="0.0304"
OperatingMarginTTM="0.0704"
ReturnOnAssetsTTM="0.102"
ReturnOnEquityTTM="0"
RevenueTTM="1248805000"
GrossProfitTTM="459539000"
DilutedEPSTTM="0.37"
QuarterlyEarningsGrowthYOY="-0.514"
QuarterlyRevenueGrowthYOY="-0.118"
AnalystTargetPrice="3.04"
TrailingPE="6.3"
ForwardPE="1.921"
PriceToSalesRatioTTM="0.23"
PriceToBookRatio="-"
EVToRevenue="0.663"
EVToEBITDA="4.327"
Beta="1.337"
num_52WeekHigh="6.93"
num_52WeekLow="2.045"
num_50DayMovingAverage="2.677"
num_200DayMovingAverage="3.154"
SharesOutstanding="103869000"
DividendDate="None"
ExDividendDate="None"
symbol="CURV"
open="2.33"
high="2.39"
low="2.29"
price="2.33"
volume="66433.00"
latest_trading_day="2023-08-30"
previous_close="2.33"
change="0.00"
change_percent="0.0000%"
aroon_positive_momentum_days="47"
aroon_negative_momentum_days="0"
trend_strength="Absent or Weak Trend"
buying_signal="Strong Buy Signal"
volume_analysis="Target Volume"
value_analysis="Expected Range"
Aroon_change="FALSE"
Aroon_momentum="47"
Volume_recent_avg="169995"
Change_recent_avg="-0.01"
Delta_recent_avg="0.24"
Variance_recent_avg="0.12"
Change_ratio_recent_avg="-0.49"
RSI_change="FALSE"
ADX_change="FALSE"

event="FALSE"
Aroon_signal="positive"
Aroon_change="FALSE"
Aroon_momentum_positive="47"
Aroon_momentum_negative="53"
image_negative_thumbnail_id_1="155"
image_negative_url_1="https://hehge.com/wp-content/uploads/sites/16/2023/05/MI_Finance_Negative_Landscape_0021.jpeg"
image_negative_thumbnail_id_2="92"
image_negative_url_2="https://hehge.com/wp-content/uploads/sites/16/2023/05/MI_Finance_Negative_Landscape_0084.jpeg"
image_neutral_thumbnail_id_1="590"
image_neutral_url_1="https://hehge.com/wp-content/uploads/sites/16/2023/06/MI_Finance_Neutral_Landscape_0009.jpeg"
image_neutral_thumbnail_id_2="589"
image_neutral_url_2="https://hehge.com/wp-content/uploads/sites/16/2023/06/MI_Finance_Neutral_Landscape_0010.jpeg"
image_positive_thumbnail_id_1="659"
image_positive_url_1="https://hehge.com/wp-content/uploads/sites/16/2023/06/MI_Finance_Positive_Landscape_0049.jpeg"
image_positive_thumbnail_id_2="694"
image_positive_url_2="https://hehge.com/wp-content/uploads/sites/16/2023/06/MI_Finance_Positive_Landscape_0014.jpeg"
image_professor_thumbnail_id_1="1197"
image_professor_url_1="https://hehge.com/wp-content/uploads/sites/16/2023/06/MI_Finance_Professor_Landscape_0031.jpeg"
image_professor_thumbnail_id_2="1172"
image_professor_url_2="https://hehge.com/wp-content/uploads/sites/16/2023/06/MI_Finance_Professor_Landscape_0006.jpeg"
