Symbol="WING"
AssetType="Common Stock"
Name="Wingstop Inc"
Description="Wingstop Inc., franchises and operates restaurants under the Wingstop brand. The company is headquartered in Dallas, Texas."
CIK="1636222"
Exchange="NASDAQ"
Currency="USD"
Country="USA"
Sector="TRADE & SERVICES"
Industry="RETAIL-EATING PLACES"
Address="5501 LBJ FREEWAY, 5TH FLOOR, DALLAS, TX, US"
FiscalYearEnd="December"
LatestQuarter="2023-03-31"
MarketCapitalization="4933780000"
EBITDA="113456000"
PERatio="82.31"
PEGRatio="7.02"
BookValue="-12.67"
DividendPerShare="0.74"
DividendYield="0.0046"
EPS="2"
RevenuePerShareTTM="13.04"
ProfitMargin="0.154"
OperatingMarginTTM="0.261"
ReturnOnAssetsTTM="0.133"
ReturnOnEquityTTM="0"
RevenueTTM="390037000"
GrossProfitTTM="171057000"
DilutedEPSTTM="2"
QuarterlyEarningsGrowthYOY="0.793"
QuarterlyRevenueGrowthYOY="0.427"
AnalystTargetPrice="213.88"
TrailingPE="82.31"
ForwardPE="84.03"
PriceToSalesRatioTTM="14.09"
PriceToBookRatio="-"
EVToRevenue="16.45"
EVToEBITDA="61.86"
Beta="1.559"
num_52WeekHigh="223.56"
num_52WeekLow="107.99"
num_50DayMovingAverage="193.12"
num_200DayMovingAverage="171.88"
SharesOutstanding="29968900"
DividendDate="2023-06-09"
ExDividendDate="2023-05-18"
symbol="WING"
open="173.91"
high="175.20"
low="163.40"
price="164.63"
volume="1515463.00"
latest_trading_day="2023-07-28"
previous_close="179.01"
change="-14.38"
change_percent="-8.0331%"
aroon_positive_momentum_days="0"
aroon_negative_momentum_days="12"
trend_strength="Absent or Weak Trend"
buying_signal="Strong Sell Signal"
volume_analysis="Target Volume"
value_analysis="Expected Range"
Aroon_change="FALSE"
Aroon_momentum="88"
Volume_recent_avg="586616"
Change_recent_avg="-0.31"
Delta_recent_avg="5.97"
Variance_recent_avg="2.99"
Change_ratio_recent_avg="-0.18"
RSI_change="FALSE"
ADX_change="FALSE"

event="FALSE"
Aroon_signal="negative"
Aroon_change="FALSE"
Aroon_momentum_positive="88"
Aroon_momentum_negative="12"
image_negative_thumbnail_id_1="102"
image_negative_url_1="https://hehge.com/wp-content/uploads/sites/16/2023/05/MI_Finance_Negative_Landscape_0074.jpeg"
image_negative_thumbnail_id_2="1163"
image_negative_url_2="https://hehge.com/wp-content/uploads/sites/16/2023/06/MI_Finance_Negative_Landscape_0197.jpeg"
image_neutral_thumbnail_id_1="580"
image_neutral_url_1="https://hehge.com/wp-content/uploads/sites/16/2023/06/MI_Finance_Neutral_Landscape_0019.jpeg"
image_neutral_thumbnail_id_2="591"
image_neutral_url_2="https://hehge.com/wp-content/uploads/sites/16/2023/06/MI_Finance_Neutral_Landscape_0008.jpeg"
image_positive_thumbnail_id_1="671"
image_positive_url_1="https://hehge.com/wp-content/uploads/sites/16/2023/06/MI_Finance_Positive_Landscape_0037.jpeg"
image_positive_thumbnail_id_2="1014"
image_positive_url_2="https://hehge.com/wp-content/uploads/sites/16/2023/06/MI_Finance_Positive_Landscape_0176.jpeg"
image_professor_thumbnail_id_1="1182"
image_professor_url_1="https://hehge.com/wp-content/uploads/sites/16/2023/06/MI_Finance_Professor_Landscape_0016.jpeg"
image_professor_thumbnail_id_2="1196"
image_professor_url_2="https://hehge.com/wp-content/uploads/sites/16/2023/06/MI_Finance_Professor_Landscape_0030.jpeg"
