Symbol="CASS"
AssetType="Common Stock"
Name="Cass Information Systems Inc"
Description="Cass Information Systems, Inc. provides information processing and payment services to manufacturing, distribution and retail companies in the United States. The company is headquartered in St. Louis, Missouri."
CIK="708781"
Exchange="NASDAQ"
Currency="USD"
Country="USA"
Sector="TRADE & SERVICES"
Industry="SERVICES-BUSINESS SERVICES, NEC"
Address="12444 POWERSCOURT DRIVE, ST. LOUIS, MO, US"
FiscalYearEnd="December"
LatestQuarter="2023-03-31"
MarketCapitalization="523284000"
EBITDA="52778000"
PERatio="15.64"
PEGRatio="0"
BookValue="15.86"
DividendPerShare="1.14"
DividendYield="0.03"
EPS="2.44"
RevenuePerShareTTM="14.53"
ProfitMargin="0.171"
OperatingMarginTTM="0.244"
ReturnOnAssetsTTM="0.0124"
ReturnOnEquityTTM="0.155"
RevenueTTM="197001000"
GrossProfitTTM="79484000"
DilutedEPSTTM="2.44"
QuarterlyEarningsGrowthYOY="-0.15"
QuarterlyRevenueGrowthYOY="0.228"
AnalystTargetPrice="43"
TrailingPE="15.64"
ForwardPE="-"
PriceToSalesRatioTTM="3.395"
PriceToBookRatio="3.038"
EVToRevenue="-"
EVToEBITDA="-"
Beta="0.627"
num_52WeekHigh="50.79"
num_52WeekLow="32.85"
num_50DayMovingAverage="39.01"
num_200DayMovingAverage="42.61"
SharesOutstanding="13716500"
DividendDate="2023-06-15"
ExDividendDate="2023-06-02"
symbol="CASS"
open="39.17"
high="39.17"
low="37.53"
price="38.15"
volume="32164.00"
latest_trading_day="2023-07-14"
previous_close="39.17"
change="-1.02"
change_percent="-2.6040%"
aroon_positive_momentum_days="26"
aroon_negative_momentum_days="0"
trend_strength="Absent or Weak Trend"
buying_signal="Weak Buy Signal"
volume_analysis="Target Volume"
value_analysis="Expected Range"
Aroon_change="TRUE"
Aroon_momentum="26"
Volume_recent_avg="61179"
Change_recent_avg="-0.15"
Delta_recent_avg="1.14"
Variance_recent_avg="0.57"
Change_ratio_recent_avg="-0.37"
RSI_change="FALSE"
ADX_change="FALSE"
Aroon_signal="positive"
Aroon_change="TRUE"
Aroon_momentum_positive="26"
Aroon_momentum_negative="74"
image_negative_thumbnail_id_1="160"
image_negative_url_1="https://hehge.com/wp-content/uploads/sites/16/2023/05/MI_Finance_Negative_Landscape_0016.jpeg"
image_negative_thumbnail_id_2="100"
image_negative_url_2="https://hehge.com/wp-content/uploads/sites/16/2023/05/MI_Finance_Negative_Landscape_0076.jpeg"
image_neutral_thumbnail_id_1="527"
image_neutral_url_1="https://hehge.com/wp-content/uploads/sites/16/2023/06/MI_Finance_Neutral_Landscape_0072.jpeg"
image_neutral_thumbnail_id_2="574"
image_neutral_url_2="https://hehge.com/wp-content/uploads/sites/16/2023/06/MI_Finance_Neutral_Landscape_0025.jpeg"
image_positive_thumbnail_id_1="600"
image_positive_url_1="https://hehge.com/wp-content/uploads/sites/16/2023/06/MI_Finance_Positive_Landscape_0108.jpeg"
image_positive_thumbnail_id_2="685"
image_positive_url_2="https://hehge.com/wp-content/uploads/sites/16/2023/06/MI_Finance_Positive_Landscape_0023.jpeg"
image_professor_thumbnail_id_1="1175"
image_professor_url_1="https://hehge.com/wp-content/uploads/sites/16/2023/06/MI_Finance_Professor_Landscape_0009.jpeg"
image_professor_thumbnail_id_2="1188"
image_professor_url_2="https://hehge.com/wp-content/uploads/sites/16/2023/06/MI_Finance_Professor_Landscape_0022.jpeg"
