Symbol="LTH"
AssetType="Common Stock"
Name="Life Time Group Holdings Inc"
Description="Life Time Group Holdings, Inc. offers health, fitness and wellness experiences to a community of individual members in the United States and Canada. The company is headquartered in Chanhassen, Minnesota."
CIK="1869198"
Exchange="NYSE"
Currency="USD"
Country="USA"
Sector="TRADE & SERVICES"
Industry="SERVICES-MEMBERSHIP SPORTS & RECREATION CLUBS"
Address="2902 CORPORATE PLACE, CHANHASSEN, MN, US"
FiscalYearEnd="December"
LatestQuarter="2023-06-30"
MarketCapitalization="3295281000"
EBITDA="435774000"
PERatio="60.04"
PEGRatio="None"
BookValue="11.23"
DividendPerShare="0"
DividendYield="0"
EPS="0.28"
RevenuePerShareTTM="10.49"
ProfitMargin="0.0406"
OperatingMarginTTM="0.101"
ReturnOnAssetsTTM="0.0193"
ReturnOnEquityTTM="0.0388"
RevenueTTM="2041618000"
GrossProfitTTM="754349000"
DilutedEPSTTM="0.28"
QuarterlyEarningsGrowthYOY="0"
QuarterlyRevenueGrowthYOY="0.218"
AnalystTargetPrice="23.2"
TrailingPE="60.04"
ForwardPE="64.1"
PriceToSalesRatioTTM="1.453"
PriceToBookRatio="1.214"
EVToRevenue="3.799"
EVToEBITDA="-153.56"
Beta="None"
num_52WeekHigh="22.41"
num_52WeekLow="8.75"
num_50DayMovingAverage="19.73"
num_200DayMovingAverage="16.7"
SharesOutstanding="196031000"
DividendDate="None"
ExDividendDate="None"
symbol="LTH"
open="17.37"
high="17.37"
low="16.77"
price="16.81"
volume="567632.00"
latest_trading_day="2023-08-07"
previous_close="17.24"
change="-0.43"
change_percent="-2.4942%"
aroon_positive_momentum_days="0"
aroon_negative_momentum_days="25"
trend_strength="Absent or Weak Trend"
buying_signal="Weak Sell Signal"
volume_analysis="Target Volume"
value_analysis="Expected Range"
Aroon_change="FALSE"
Aroon_momentum="75"
Volume_recent_avg="940582"
Change_recent_avg="-0.02"
Delta_recent_avg="0.79"
Variance_recent_avg="0.39"
Change_ratio_recent_avg="-0.16"
RSI_change="FALSE"
ADX_change="FALSE"

event="aroon_milestone_negative_10"
Aroon_signal="negative"
Aroon_change="FALSE"
Aroon_momentum_positive="75"
Aroon_momentum_negative="25"
image_negative_thumbnail_id_1="169"
image_negative_url_1="https://hehge.com/wp-content/uploads/sites/16/2023/05/MI_Finance_Negative_Landscape_0007.jpeg"
image_negative_thumbnail_id_2="1121"
image_negative_url_2="https://hehge.com/wp-content/uploads/sites/16/2023/06/MI_Finance_Negative_Landscape_0154.jpeg"
image_neutral_thumbnail_id_1="548"
image_neutral_url_1="https://hehge.com/wp-content/uploads/sites/16/2023/06/MI_Finance_Neutral_Landscape_0051.jpeg"
image_neutral_thumbnail_id_2="531"
image_neutral_url_2="https://hehge.com/wp-content/uploads/sites/16/2023/06/MI_Finance_Neutral_Landscape_0068.jpeg"
image_positive_thumbnail_id_1="995"
image_positive_url_1="https://hehge.com/wp-content/uploads/sites/16/2023/06/MI_Finance_Positive_Landscape_0157.jpeg"
image_positive_thumbnail_id_2="599"
image_positive_url_2="https://hehge.com/wp-content/uploads/sites/16/2023/06/MI_Finance_Positive_Landscape_0109.jpeg"
image_professor_thumbnail_id_1="1191"
image_professor_url_1="https://hehge.com/wp-content/uploads/sites/16/2023/06/MI_Finance_Professor_Landscape_0025.jpeg"
image_professor_thumbnail_id_2="1172"
image_professor_url_2="https://hehge.com/wp-content/uploads/sites/16/2023/06/MI_Finance_Professor_Landscape_0006.jpeg"
