Symbol="LTH"
AssetType="Common Stock"
Name="Life Time Group Holdings Inc"
Description="Life Time Group Holdings, Inc. offers health, fitness and wellness experiences to a community of individual members in the United States and Canada. The company is headquartered in Chanhassen, Minnesota."
CIK="1869198"
Exchange="NYSE"
Currency="USD"
Country="USA"
Sector="TRADE & SERVICES"
Industry="SERVICES-MEMBERSHIP SPORTS & RECREATION CLUBS"
Address="2902 CORPORATE PLACE, CHANHASSEN, MN, US"
FiscalYearEnd="December"
LatestQuarter="2023-03-31"
MarketCapitalization="4208926000"
EBITDA="374394000"
PERatio="67.67"
PEGRatio="None"
BookValue="11.09"
DividendPerShare="0"
DividendYield="0"
EPS="0.319"
RevenuePerShareTTM="10.0"
ProfitMargin="0.0328"
OperatingMarginTTM="0.0749"
ReturnOnAssetsTTM="0.0139"
ReturnOnEquityTTM="3.002"
RevenueTTM="1941154000"
GrossProfitTTM="754349000"
DilutedEPSTTM="0.32"
QuarterlyEarningsGrowthYOY="0"
QuarterlyRevenueGrowthYOY="0.302"
AnalystTargetPrice="22.3"
TrailingPE="67.44"
ForwardPE="64.1"
PriceToSalesRatioTTM="1.453"
PriceToBookRatio="1.214"
EVToRevenue="3.799"
EVToEBITDA="-153.56"
Beta="None"
num_52WeekHigh="22.41"
num_52WeekLow="8.75"
num_50DayMovingAverage="19.96"
num_200DayMovingAverage="15.97"
SharesOutstanding="195038000"
DividendDate="None"
ExDividendDate="None"
symbol="LTH"
open="21.91"
high="21.91"
low="21.28"
price="21.58"
volume="428751.00"
latest_trading_day="2023-07-14"
previous_close="21.80"
change="-0.22"
change_percent="-1.0092%"
aroon_positive_momentum_days="85"
aroon_negative_momentum_days="0"
trend_strength="Absent or Weak Trend"
buying_signal="Strong Buy Signal"
volume_analysis="Target Volume"
value_analysis="Expected Range"
Aroon_change="FALSE"
Aroon_momentum="85"
Volume_recent_avg="913616"
Change_recent_avg="-0.01"
Delta_recent_avg="0.8"
Variance_recent_avg="0.4"
Change_ratio_recent_avg="-0.08"
RSI_change="FALSE"
ADX_change="FALSE"

event="FALSE"
Aroon_signal="positive"
Aroon_change="FALSE"
Aroon_momentum_positive="85"
Aroon_momentum_negative="15"
image_negative_thumbnail_id_1="93"
image_negative_url_1="https://hehge.com/wp-content/uploads/sites/16/2023/05/MI_Finance_Negative_Landscape_0083.jpeg"
image_negative_thumbnail_id_2="1135"
image_negative_url_2="https://hehge.com/wp-content/uploads/sites/16/2023/06/MI_Finance_Negative_Landscape_0168.jpeg"
image_neutral_thumbnail_id_1="580"
image_neutral_url_1="https://hehge.com/wp-content/uploads/sites/16/2023/06/MI_Finance_Neutral_Landscape_0019.jpeg"
image_neutral_thumbnail_id_2="555"
image_neutral_url_2="https://hehge.com/wp-content/uploads/sites/16/2023/06/MI_Finance_Neutral_Landscape_0044.jpeg"
image_positive_thumbnail_id_1="1013"
image_positive_url_1="https://hehge.com/wp-content/uploads/sites/16/2023/06/MI_Finance_Positive_Landscape_0175.jpeg"
image_positive_thumbnail_id_2="988"
image_positive_url_2="https://hehge.com/wp-content/uploads/sites/16/2023/06/MI_Finance_Positive_Landscape_0150.jpeg"
image_professor_thumbnail_id_1="1184"
image_professor_url_1="https://hehge.com/wp-content/uploads/sites/16/2023/06/MI_Finance_Professor_Landscape_0018.jpeg"
image_professor_thumbnail_id_2="1180"
image_professor_url_2="https://hehge.com/wp-content/uploads/sites/16/2023/06/MI_Finance_Professor_Landscape_0014.jpeg"
