Symbol="LTH"
AssetType="Common Stock"
Name="Life Time Group Holdings Inc"
Description="Life Time Group Holdings, Inc. offers health, fitness and wellness experiences to a community of individual members in the United States and Canada. The company is headquartered in Chanhassen, Minnesota."
CIK="1869198"
Exchange="NYSE"
Currency="USD"
Country="USA"
Sector="TRADE & SERVICES"
Industry="SERVICES-MEMBERSHIP SPORTS & RECREATION CLUBS"
Address="2902 CORPORATE PLACE, CHANHASSEN, MN, US"
FiscalYearEnd="December"
LatestQuarter="2023-03-31"
MarketCapitalization="3910512000"
EBITDA="374394000"
PERatio="58.97"
PEGRatio="None"
BookValue="11.09"
DividendPerShare="0"
DividendYield="0"
EPS="0.34"
RevenuePerShareTTM="10.0"
ProfitMargin="0.0328"
OperatingMarginTTM="0.0749"
ReturnOnAssetsTTM="0.0139"
ReturnOnEquityTTM="0.03"
RevenueTTM="1941154000"
GrossProfitTTM="754349000"
DilutedEPSTTM="0.34"
QuarterlyEarningsGrowthYOY="0"
QuarterlyRevenueGrowthYOY="0.302"
AnalystTargetPrice="22.1"
TrailingPE="58.97"
ForwardPE="64.1"
PriceToSalesRatioTTM="1.453"
PriceToBookRatio="1.214"
EVToRevenue="3.799"
EVToEBITDA="-153.56"
Beta="None"
num_52WeekHigh="21.75"
num_52WeekLow="8.75"
num_50DayMovingAverage="19.83"
num_200DayMovingAverage="15.71"
SharesOutstanding="195038000"
DividendDate="None"
ExDividendDate="None"
symbol="LTH"
open="20.04"
high="20.57"
low="19.96"
price="20.05"
volume="853129.00"
latest_trading_day="2023-07-07"
previous_close="19.94"
change="0.11"
change_percent="0.5517%"
aroon_positive_momentum_days="85"
aroon_negative_momentum_days="0"
trend_strength="Absent or Weak Trend"
buying_signal="Weak Buy Signal"
volume_analysis="Target Volume"
value_analysis="Expected Range"
Aroon_change="FALSE"
Aroon_momentum="85"
Volume_recent_avg="899562"
Change_recent_avg="-0.01"
Delta_recent_avg="0.79"
Variance_recent_avg="0.39"
Change_ratio_recent_avg="-0.11"
RSI_change="FALSE"
ADX_change="FALSE"

event="FALSE"
Aroon_signal="positive"
Aroon_change="FALSE"
Aroon_momentum_positive="85"
Aroon_momentum_negative="15"
image_negative_thumbnail_id_1="1108"
image_negative_url_1="https://hehge.com/wp-content/uploads/sites/16/2023/06/MI_Finance_Negative_Landscape_0141.jpeg"
image_negative_thumbnail_id_2="1134"
image_negative_url_2="https://hehge.com/wp-content/uploads/sites/16/2023/06/MI_Finance_Negative_Landscape_0167.jpeg"
image_neutral_thumbnail_id_1="529"
image_neutral_url_1="https://hehge.com/wp-content/uploads/sites/16/2023/06/MI_Finance_Neutral_Landscape_0070.jpeg"
image_neutral_thumbnail_id_2="523"
image_neutral_url_2="https://hehge.com/wp-content/uploads/sites/16/2023/06/MI_Finance_Neutral_Landscape_0076.jpeg"
image_positive_thumbnail_id_1="998"
image_positive_url_1="https://hehge.com/wp-content/uploads/sites/16/2023/06/MI_Finance_Positive_Landscape_0160.jpeg"
image_positive_thumbnail_id_2="654"
image_positive_url_2="https://hehge.com/wp-content/uploads/sites/16/2023/06/MI_Finance_Positive_Landscape_0054.jpeg"
image_professor_thumbnail_id_1="1182"
image_professor_url_1="https://hehge.com/wp-content/uploads/sites/16/2023/06/MI_Finance_Professor_Landscape_0016.jpeg"
image_professor_thumbnail_id_2="1198"
image_professor_url_2="https://hehge.com/wp-content/uploads/sites/16/2023/06/MI_Finance_Professor_Landscape_0032.jpeg"
