Symbol="CBD"
AssetType="Common Stock"
Name="Companhia Brasileira de Distribuição"
Description="Companhia Brasileira de Distribuio is dedicated to the retail sale of food, clothing, household appliances, electronics and other products through its chain of hypermarkets, supermarkets, specialized stores and department stores in Brazil. The company is headquartered in So Paulo, Brazil."
CIK="1038572"
Exchange="NYSE"
Currency="USD"
Country="USA"
Sector="TRADE & SERVICES"
Industry="RETAIL-GROCERY STORES"
Address="AV BRIGADEIRO LUIZ ANTONIO, 3126 1 ANDAR SP BRAZIL 01402-901, SAO PAULO, BR"
FiscalYearEnd="December"
LatestQuarter="2023-06-30"
MarketCapitalization="1169009000"
EBITDA="708000000"
PERatio="None"
PEGRatio="3.99"
BookValue="42.76"
DividendPerShare="0"
DividendYield="0.0235"
EPS="-0.82"
RevenuePerShareTTM="64.39"
ProfitMargin="0"
OperatingMarginTTM="0"
ReturnOnAssetsTTM="-0.0001"
ReturnOnEquityTTM="-9.98"
RevenueTTM="17906999000"
GrossProfitTTM="4302000000"
DilutedEPSTTM="-0.82"
QuarterlyEarningsGrowthYOY="11.37"
QuarterlyRevenueGrowthYOY="0.15"
AnalystTargetPrice="3.1"
TrailingPE="-"
ForwardPE="12.44"
PriceToSalesRatioTTM="0.0163"
PriceToBookRatio="0.347"
EVToRevenue="0.0515"
EVToEBITDA="0.748"
Beta="0.908"
num_52WeekHigh="4.76"
num_52WeekLow="2.54"
num_50DayMovingAverage="3.813"
num_200DayMovingAverage="3.467"
SharesOutstanding="269979000"
DividendDate="2022-06-22"
ExDividendDate="2022-05-06"
symbol="CBD"
open="4.41"
high="4.44"
low="4.30"
price="4.33"
volume="853742.00"
latest_trading_day="2023-07-28"
previous_close="4.43"
change="-0.10"
change_percent="-2.2573%"
aroon_positive_momentum_days="51"
aroon_negative_momentum_days="0"
trend_strength="Absent or Weak Trend"
buying_signal="Strong Buy Signal"
volume_analysis="Target Volume"
value_analysis="Expected Range"
Aroon_change="FALSE"
Aroon_momentum="51"
Volume_recent_avg="1136925"
Change_recent_avg="0.01"
Delta_recent_avg="0.13"
Variance_recent_avg="0.06"
Change_ratio_recent_avg="0.2"
RSI_change="FALSE"
ADX_change="FALSE"

event="FALSE"
Aroon_signal="positive"
Aroon_change="FALSE"
Aroon_momentum_positive="51"
Aroon_momentum_negative="49"
image_negative_thumbnail_id_1="127"
image_negative_url_1="https://hehge.com/wp-content/uploads/sites/16/2023/05/MI_Finance_Negative_Landscape_0049.jpeg"
image_negative_thumbnail_id_2="152"
image_negative_url_2="https://hehge.com/wp-content/uploads/sites/16/2023/05/MI_Finance_Negative_Landscape_0024.jpeg"
image_neutral_thumbnail_id_1="563"
image_neutral_url_1="https://hehge.com/wp-content/uploads/sites/16/2023/06/MI_Finance_Neutral_Landscape_0036.jpeg"
image_neutral_thumbnail_id_2="534"
image_neutral_url_2="https://hehge.com/wp-content/uploads/sites/16/2023/06/MI_Finance_Neutral_Landscape_0065.jpeg"
image_positive_thumbnail_id_1="657"
image_positive_url_1="https://hehge.com/wp-content/uploads/sites/16/2023/06/MI_Finance_Positive_Landscape_0051.jpeg"
image_positive_thumbnail_id_2="949"
image_positive_url_2="https://hehge.com/wp-content/uploads/sites/16/2023/06/MI_Finance_Positive_Landscape_0111.jpeg"
image_professor_thumbnail_id_1="1204"
image_professor_url_1="https://hehge.com/wp-content/uploads/sites/16/2023/06/MI_Finance_Professor_Landscape_0038.jpeg"
image_professor_thumbnail_id_2="1179"
image_professor_url_2="https://hehge.com/wp-content/uploads/sites/16/2023/06/MI_Finance_Professor_Landscape_0013.jpeg"
