Symbol="NDLS"
AssetType="Common Stock"
Name="Noodles & Company"
Description="Noodles & Company develops and operates fast casual restaurants. The company is headquartered in Broomfield, Colorado."
CIK="1275158"
Exchange="NASDAQ"
Currency="USD"
Country="USA"
Sector="TRADE & SERVICES"
Industry="RETAIL-EATING PLACES"
Address="520 ZANG ST., SUITE D, BROOMFIELD, CO, US"
FiscalYearEnd="December"
LatestQuarter="2023-03-31"
MarketCapitalization="145564000"
EBITDA="33157000"
PERatio="0"
PEGRatio="-28.21"
BookValue="0.775"
DividendPerShare="0"
DividendYield="0"
EPS="0"
RevenuePerShareTTM="11.37"
ProfitMargin="0"
OperatingMarginTTM="0.0179"
ReturnOnAssetsTTM="0.017"
ReturnOnEquityTTM="0"
RevenueTTM="522995000"
GrossProfitTTM="80165000"
DilutedEPSTTM="0"
QuarterlyEarningsGrowthYOY="-0.827"
QuarterlyRevenueGrowthYOY="0.12"
AnalystTargetPrice="7.25"
TrailingPE="-"
ForwardPE="19.68"
PriceToSalesRatioTTM="0.513"
PriceToBookRatio="6.73"
EVToRevenue="0.98"
EVToEBITDA="24.39"
Beta="1.501"
num_52WeekHigh="6.55"
num_52WeekLow="3"
num_50DayMovingAverage="3.57"
num_200DayMovingAverage="4.998"
SharesOutstanding="46357800"
DividendDate="None"
ExDividendDate="None"
symbol="NDLS"
open="3.11"
high="3.17"
low="3.00"
price="3.14"
volume="814311.00"
latest_trading_day="2023-07-14"
previous_close="3.10"
change="0.04"
change_percent="1.2903%"
aroon_positive_momentum_days="0"
aroon_negative_momentum_days="86"
trend_strength="Absent or Weak Trend"
buying_signal="Strong Sell Signal"
volume_analysis="Target Volume"
value_analysis="Expected Range"
Aroon_change="FALSE"
Aroon_momentum="14"
Volume_recent_avg="365909"
Change_recent_avg="-0.03"
Delta_recent_avg="0.2"
Variance_recent_avg="0.1"
Change_ratio_recent_avg="-0.77"
RSI_change="FALSE"
ADX_change="FALSE"

event="FALSE"
Aroon_signal="negative"
Aroon_change="FALSE"
Aroon_momentum_positive="14"
Aroon_momentum_negative="86"
image_negative_thumbnail_id_1="1093"
image_negative_url_1="https://hehge.com/wp-content/uploads/sites/16/2023/06/MI_Finance_Negative_Landscape_0126.jpeg"
image_negative_thumbnail_id_2="140"
image_negative_url_2="https://hehge.com/wp-content/uploads/sites/16/2023/05/MI_Finance_Negative_Landscape_0036.jpeg"
image_neutral_thumbnail_id_1="578"
image_neutral_url_1="https://hehge.com/wp-content/uploads/sites/16/2023/06/MI_Finance_Neutral_Landscape_0021.jpeg"
image_neutral_thumbnail_id_2="549"
image_neutral_url_2="https://hehge.com/wp-content/uploads/sites/16/2023/06/MI_Finance_Neutral_Landscape_0050.jpeg"
image_positive_thumbnail_id_1="693"
image_positive_url_1="https://hehge.com/wp-content/uploads/sites/16/2023/06/MI_Finance_Positive_Landscape_0015.jpeg"
image_positive_thumbnail_id_2="616"
image_positive_url_2="https://hehge.com/wp-content/uploads/sites/16/2023/06/MI_Finance_Positive_Landscape_0092.jpeg"
image_professor_thumbnail_id_1="1176"
image_professor_url_1="https://hehge.com/wp-content/uploads/sites/16/2023/06/MI_Finance_Professor_Landscape_0010.jpeg"
image_professor_thumbnail_id_2="1196"
image_professor_url_2="https://hehge.com/wp-content/uploads/sites/16/2023/06/MI_Finance_Professor_Landscape_0030.jpeg"
