Symbol="BARK"
AssetType="Common Stock"
Name="Original Bark Co"
Description="The Original BARK Company offers products, services and content for dogs. The company is headquartered in New York, New York."
CIK="1819574"
Exchange="NYSE"
Currency="USD"
Country="USA"
Sector="TRADE & SERVICES"
Industry="RETAIL-RETAIL STORES, NEC"
Address="C/O GRAUBARD MILLER, 405 LEXINGTON AVENUE, 11TH FLOOR, NEW YORK, NY, US"
FiscalYearEnd="December"
LatestQuarter="2023-03-31"
MarketCapitalization="260401000"
EBITDA="-56904000"
PERatio="None"
PEGRatio="None"
BookValue="0.96"
DividendPerShare="0"
DividendYield="0"
EPS="-0.35"
RevenuePerShareTTM="3.029"
ProfitMargin="-0.115"
OperatingMarginTTM="-0.119"
ReturnOnAssetsTTM="-0.0956"
ReturnOnEquityTTM="-0.317"
RevenueTTM="535315000"
GrossProfitTTM="308115000"
DilutedEPSTTM="-0.35"
QuarterlyEarningsGrowthYOY="0"
QuarterlyRevenueGrowthYOY="-0.022"
AnalystTargetPrice="3"
TrailingPE="-"
ForwardPE="-"
PriceToSalesRatioTTM="0.511"
PriceToBookRatio="1.373"
EVToRevenue="0.444"
EVToEBITDA="-4.191"
Beta="1.701"
num_52WeekHigh="2.74"
num_52WeekLow="1"
num_50DayMovingAverage="1.328"
num_200DayMovingAverage="1.467"
SharesOutstanding="178347000"
DividendDate="None"
ExDividendDate="None"
symbol="BARK"
open="1.44"
high="1.45"
low="1.37"
price="1.38"
volume="461578.00"
latest_trading_day="2023-08-02"
previous_close="1.46"
change="-0.08"
change_percent="-5.4795%"
aroon_positive_momentum_days="36"
aroon_negative_momentum_days="0"
trend_strength="Absent or Weak Trend"
buying_signal="Weak Buy Signal"
volume_analysis="Target Volume"
value_analysis="Expected Range"
Aroon_change="FALSE"
Aroon_momentum="36"
Volume_recent_avg="972765"
Change_recent_avg="0.01"
Delta_recent_avg="0.08"
Variance_recent_avg="0.04"
Change_ratio_recent_avg="-0.41"
RSI_change="FALSE"
ADX_change="FALSE"

event="FALSE"
Aroon_signal="positive"
Aroon_change="FALSE"
Aroon_momentum_positive="36"
Aroon_momentum_negative="64"
image_negative_thumbnail_id_1="1092"
image_negative_url_1="https://hehge.com/wp-content/uploads/sites/16/2023/06/MI_Finance_Negative_Landscape_0125.jpeg"
image_negative_thumbnail_id_2="494"
image_negative_url_2="https://hehge.com/wp-content/uploads/sites/16/2023/06/MI_Finance_Negative_Landscape_0111.jpeg"
image_neutral_thumbnail_id_1="588"
image_neutral_url_1="https://hehge.com/wp-content/uploads/sites/16/2023/06/MI_Finance_Neutral_Landscape_0011.jpeg"
image_neutral_thumbnail_id_2="530"
image_neutral_url_2="https://hehge.com/wp-content/uploads/sites/16/2023/06/MI_Finance_Neutral_Landscape_0069.jpeg"
image_positive_thumbnail_id_1="694"
image_positive_url_1="https://hehge.com/wp-content/uploads/sites/16/2023/06/MI_Finance_Positive_Landscape_0014.jpeg"
image_positive_thumbnail_id_2="630"
image_positive_url_2="https://hehge.com/wp-content/uploads/sites/16/2023/06/MI_Finance_Positive_Landscape_0078.jpeg"
image_professor_thumbnail_id_1="1167"
image_professor_url_1="https://hehge.com/wp-content/uploads/sites/16/2023/06/MI_Finance_Professor_Landscape_0001.jpeg"
image_professor_thumbnail_id_2="1170"
image_professor_url_2="https://hehge.com/wp-content/uploads/sites/16/2023/06/MI_Finance_Professor_Landscape_0004.jpeg"
