Symbol="MRC"
AssetType="Common Stock"
Name="MRC Global Inc"
Description="MRC Global Inc. distributes pipes, valves, fittings, and other infrastructure products and services for the energy industry in the United States, Canada, and internationally. The company is headquartered in Houston, Texas."
CIK="1439095"
Exchange="NYSE"
Currency="USD"
Country="USA"
Sector="TRADE & SERVICES"
Industry="WHOLESALE-INDUSTRIAL MACHINERY & EQUIPMENT"
Address="FULBRIGHT TOWER, 1301 MCKINNEY STREET, SUITE 2300, HOUSTON, TX, US"
FiscalYearEnd="December"
LatestQuarter="2023-06-30"
MarketCapitalization="762122000"
EBITDA="208000000"
PERatio="10.77"
PEGRatio="9.89"
BookValue="4.615"
DividendPerShare="0"
DividendYield="0"
EPS="0.84"
RevenuePerShareTTM="40.27"
ProfitMargin="0"
OperatingMarginTTM="0"
ReturnOnAssetsTTM="0.0555"
ReturnOnEquityTTM="18.38"
RevenueTTM="3506000000"
GrossProfitTTM="610000000"
DilutedEPSTTM="0.84"
QuarterlyEarningsGrowthYOY="1.75"
QuarterlyRevenueGrowthYOY="0.193"
AnalystTargetPrice="14"
TrailingPE="10.77"
ForwardPE="10.63"
PriceToSalesRatioTTM="0.304"
PriceToBookRatio="2.764"
EVToRevenue="0.592"
EVToEBITDA="13.83"
Beta="2.205"
num_52WeekHigh="13.9"
num_52WeekLow="7.03"
num_50DayMovingAverage="10.25"
num_200DayMovingAverage="10.61"
SharesOutstanding="84212000"
DividendDate="None"
ExDividendDate="None"
symbol="MRC"
open="9.01"
high="9.11"
low="8.99"
price="9.05"
volume="443545.00"
latest_trading_day="2023-08-11"
previous_close="9.03"
change="0.03"
change_percent="0.2769%"
aroon_positive_momentum_days="0"
aroon_negative_momentum_days="58"
trend_strength="Absent or Weak Trend"
buying_signal="High Volatility / Hold Signal"
volume_analysis="Target Volume"
value_analysis="Expected Range"
Aroon_change="FALSE"
Aroon_momentum="42"
Volume_recent_avg="588451"
Change_recent_avg="0.02"
Delta_recent_avg="0.32"
Variance_recent_avg="0.16"
Change_ratio_recent_avg="0.18"
RSI_change="FALSE"
ADX_change="FALSE"

event="FALSE"
Aroon_signal="negative"
Aroon_change="FALSE"
Aroon_momentum_positive="42"
Aroon_momentum_negative="58"
image_negative_thumbnail_id_1="104"
image_negative_url_1="https://hehge.com/wp-content/uploads/sites/16/2023/05/MI_Finance_Negative_Landscape_0072.jpeg"
image_negative_thumbnail_id_2="161"
image_negative_url_2="https://hehge.com/wp-content/uploads/sites/16/2023/05/MI_Finance_Negative_Landscape_0015.jpeg"
image_neutral_thumbnail_id_1="565"
image_neutral_url_1="https://hehge.com/wp-content/uploads/sites/16/2023/06/MI_Finance_Neutral_Landscape_0034.jpeg"
image_neutral_thumbnail_id_2="540"
image_neutral_url_2="https://hehge.com/wp-content/uploads/sites/16/2023/06/MI_Finance_Neutral_Landscape_0059.jpeg"
image_positive_thumbnail_id_1="614"
image_positive_url_1="https://hehge.com/wp-content/uploads/sites/16/2023/06/MI_Finance_Positive_Landscape_0094.jpeg"
image_positive_thumbnail_id_2="981"
image_positive_url_2="https://hehge.com/wp-content/uploads/sites/16/2023/06/MI_Finance_Positive_Landscape_0143.jpeg"
image_professor_thumbnail_id_1="1174"
image_professor_url_1="https://hehge.com/wp-content/uploads/sites/16/2023/06/MI_Finance_Professor_Landscape_0008.jpeg"
image_professor_thumbnail_id_2="1179"
image_professor_url_2="https://hehge.com/wp-content/uploads/sites/16/2023/06/MI_Finance_Professor_Landscape_0013.jpeg"
