Symbol="GAME"
AssetType="Common Stock"
Name="Engine Media Holdings Inc"
Description="Engine Media Holdings, Inc., is dedicated to the development and sale of gaming applications. The company is headquartered in Toronto, Canada."
CIK="1714562"
Exchange="NASDAQ"
Currency="USD"
Country="USA"
Sector="TRADE & SERVICES"
Industry="SERVICES-AMUSEMENT & RECREATION SERVICES"
Address="3000 - 77 KING ST W, TORONTO, ON, CA"
FiscalYearEnd="December"
LatestQuarter="2022-12-31"
MarketCapitalization="31992000"
EBITDA="-14978143"
PERatio="None"
PEGRatio="None"
BookValue="0.012"
DividendPerShare="0"
DividendYield="0"
EPS="-6.36"
RevenuePerShareTTM="0.098"
ProfitMargin="-0.654"
OperatingMarginTTM="-0.609"
ReturnOnAssetsTTM="-0.481"
ReturnOnEquityTTM="-1.459"
RevenueTTM="28092600"
GrossProfitTTM="4095900"
DilutedEPSTTM="-6.36"
QuarterlyEarningsGrowthYOY="0"
QuarterlyRevenueGrowthYOY="0.002"
AnalystTargetPrice="12"
TrailingPE="-"
ForwardPE="-"
PriceToSalesRatioTTM="0.551"
PriceToBookRatio="1.194"
EVToRevenue="0.441"
EVToEBITDA="-1.542"
Beta="0.758"
num_52WeekHigh="9.56"
num_52WeekLow="2.02"
num_50DayMovingAverage="3.35"
num_200DayMovingAverage="4.305"
SharesOutstanding="12900000"
DividendDate="2020-08-13"
ExDividendDate="None"
symbol="GAME"
open="2.40"
high="2.56"
low="2.40"
price="2.50"
volume="16918.00"
latest_trading_day="2023-08-11"
previous_close="2.46"
change="0.04"
change_percent="1.6260%"
aroon_positive_momentum_days="0"
aroon_negative_momentum_days="77"
trend_strength="Absent or Weak Trend"
buying_signal="Strong Sell Signal"
volume_analysis="Target Volume"
value_analysis="Expected Range"
Aroon_change="FALSE"
Aroon_momentum="23"
Volume_recent_avg="74135"
Change_recent_avg="-0.06"
Delta_recent_avg="0.32"
Variance_recent_avg="0.16"
Change_ratio_recent_avg="-1.26"
RSI_change="FALSE"
ADX_change="FALSE"

event="FALSE"
Aroon_signal="negative"
Aroon_change="FALSE"
Aroon_momentum_positive="23"
Aroon_momentum_negative="77"
image_negative_thumbnail_id_1="1124"
image_negative_url_1="https://hehge.com/wp-content/uploads/sites/16/2023/06/MI_Finance_Negative_Landscape_0157.jpeg"
image_negative_thumbnail_id_2="153"
image_negative_url_2="https://hehge.com/wp-content/uploads/sites/16/2023/05/MI_Finance_Negative_Landscape_0023.jpeg"
image_neutral_thumbnail_id_1="528"
image_neutral_url_1="https://hehge.com/wp-content/uploads/sites/16/2023/06/MI_Finance_Neutral_Landscape_0071.jpeg"
image_neutral_thumbnail_id_2="560"
image_neutral_url_2="https://hehge.com/wp-content/uploads/sites/16/2023/06/MI_Finance_Neutral_Landscape_0039.jpeg"
image_positive_thumbnail_id_1="669"
image_positive_url_1="https://hehge.com/wp-content/uploads/sites/16/2023/06/MI_Finance_Positive_Landscape_0039.jpeg"
image_positive_thumbnail_id_2="609"
image_positive_url_2="https://hehge.com/wp-content/uploads/sites/16/2023/06/MI_Finance_Positive_Landscape_0099.jpeg"
image_professor_thumbnail_id_1="1191"
image_professor_url_1="https://hehge.com/wp-content/uploads/sites/16/2023/06/MI_Finance_Professor_Landscape_0025.jpeg"
image_professor_thumbnail_id_2="1196"
image_professor_url_2="https://hehge.com/wp-content/uploads/sites/16/2023/06/MI_Finance_Professor_Landscape_0030.jpeg"
