Symbol="BBY"
AssetType="Common Stock"
Name="Best Buy Co Inc"
Description="Best Buy Co., Inc. is an American multinational consumer electronics retailer headquartered in Richfield, Minnesota."
CIK="764478"
Exchange="NYSE"
Currency="USD"
Country="USA"
Sector="TRADE & SERVICES"
Industry="RETAIL-RADIO, TV & CONSUMER ELECTRONICS STORES"
Address="7601 PENN AVE SOUTH, RICHFIELD, MN, US"
FiscalYearEnd="January"
LatestQuarter="2023-04-30"
MarketCapitalization="17692510000"
EBITDA="2712000000"
PERatio="11.92"
PEGRatio="2.686"
BookValue="12.78"
DividendPerShare="3.56"
DividendYield="0.045"
EPS="5.92"
RevenuePerShareTTM="202.48"
ProfitMargin="0.0293"
OperatingMarginTTM="0.0395"
ReturnOnAssetsTTM="0.0744"
ReturnOnEquityTTM="47.55"
RevenueTTM="45118001000"
GrossProfitTTM="9912000000"
DilutedEPSTTM="5.78"
QuarterlyEarningsGrowthYOY="-0.255"
QuarterlyRevenueGrowthYOY="-0.111"
AnalystTargetPrice="79"
TrailingPE="14.03"
ForwardPE="12.15"
PriceToSalesRatioTTM="0.373"
PriceToBookRatio="5.97"
EVToRevenue="0.437"
EVToEBITDA="7.2"
Beta="1.552"
num_52WeekHigh="91.12"
num_52WeekLow="58.71"
num_50DayMovingAverage="75.79"
num_200DayMovingAverage="76.69"
SharesOutstanding="218211000"
DividendDate="2023-07-06"
ExDividendDate="2023-06-14"
symbol="BBY"
open="81.35"
high="81.50"
low="80.15"
price="80.23"
volume="1342627.00"
latest_trading_day="2023-07-14"
previous_close="81.30"
change="-1.07"
change_percent="-1.3161%"
aroon_positive_momentum_days="33"
aroon_negative_momentum_days="0"
trend_strength="Absent or Weak Trend"
buying_signal="Weak Buy Signal"
volume_analysis="Target Volume"
value_analysis="Expected Range"
Aroon_change="FALSE"
Aroon_momentum="33"
Volume_recent_avg="2440950"
Change_recent_avg="-0.05"
Delta_recent_avg="1.8"
Variance_recent_avg="0.9"
Change_ratio_recent_avg="-0.07"
RSI_change="FALSE"
ADX_change="FALSE"

event="FALSE"
Aroon_signal="positive"
Aroon_change="FALSE"
Aroon_momentum_positive="33"
Aroon_momentum_negative="67"
image_negative_thumbnail_id_1="502"
image_negative_url_1="https://hehge.com/wp-content/uploads/sites/16/2023/06/MI_Finance_Negative_Landscape_0103.jpeg"
image_negative_thumbnail_id_2="142"
image_negative_url_2="https://hehge.com/wp-content/uploads/sites/16/2023/05/MI_Finance_Negative_Landscape_0034.jpeg"
image_neutral_thumbnail_id_1="590"
image_neutral_url_1="https://hehge.com/wp-content/uploads/sites/16/2023/06/MI_Finance_Neutral_Landscape_0009.jpeg"
image_neutral_thumbnail_id_2="525"
image_neutral_url_2="https://hehge.com/wp-content/uploads/sites/16/2023/06/MI_Finance_Neutral_Landscape_0074.jpeg"
image_positive_thumbnail_id_1="668"
image_positive_url_1="https://hehge.com/wp-content/uploads/sites/16/2023/06/MI_Finance_Positive_Landscape_0040.jpeg"
image_positive_thumbnail_id_2="705"
image_positive_url_2="https://hehge.com/wp-content/uploads/sites/16/2023/06/MI_Finance_Positive_Landscape_0003.jpeg"
image_professor_thumbnail_id_1="1181"
image_professor_url_1="https://hehge.com/wp-content/uploads/sites/16/2023/06/MI_Finance_Professor_Landscape_0015.jpeg"
image_professor_thumbnail_id_2="1180"
image_professor_url_2="https://hehge.com/wp-content/uploads/sites/16/2023/06/MI_Finance_Professor_Landscape_0014.jpeg"
