Symbol="PRDO"
AssetType="Common Stock"
Name="Perdoceo Education Corp"
Description="Perdoceo Education Corporation provides postsecondary education to students through online, campus-based, and blended learning programs in the United States. The company is headquartered in Schaumburg, Illinois."
CIK="1046568"
Exchange="NASDAQ"
Currency="USD"
Country="USA"
Sector="TRADE & SERVICES"
Industry="SERVICES-EDUCATIONAL SERVICES"
Address="231 N. MARTINGALE ROAD, SCHAUMBURG, IL, US"
FiscalYearEnd="December"
LatestQuarter="2023-03-31"
MarketCapitalization="878564000"
EBITDA="152851000"
PERatio="9.23"
PEGRatio="0.647"
BookValue="11.28"
DividendPerShare="0"
DividendYield="0"
EPS="1.41"
RevenuePerShareTTM="10.48"
ProfitMargin="0.139"
OperatingMarginTTM="0.188"
ReturnOnAssetsTTM="0.0919"
ReturnOnEquityTTM="0.137"
RevenueTTM="707847000"
GrossProfitTTM="595798000"
DilutedEPSTTM="1.41"
QuarterlyEarningsGrowthYOY="0.087"
QuarterlyRevenueGrowthYOY="0.069"
AnalystTargetPrice="19"
TrailingPE="9.23"
ForwardPE="9.71"
PriceToSalesRatioTTM="1.353"
PriceToBookRatio="1.312"
EVToRevenue="0.648"
EVToEBITDA="2.669"
Beta="1.168"
num_52WeekHigh="15.65"
num_52WeekLow="9.97"
num_50DayMovingAverage="12.35"
num_200DayMovingAverage="13.09"
SharesOutstanding="67478000"
DividendDate="None"
ExDividendDate="None"
symbol="PRDO"
open="13.05"
high="13.17"
low="12.95"
price="13.14"
volume="149331.00"
latest_trading_day="2023-07-24"
previous_close="13.02"
change="0.12"
change_percent="0.9217%"
aroon_positive_momentum_days="0"
aroon_negative_momentum_days="100"
trend_strength="Absent or Weak Trend"
buying_signal="High Volatility / Hold Signal"
volume_analysis="Target Volume"
value_analysis="Expected Range"
Aroon_change="FALSE"
Aroon_momentum="0"
Volume_recent_avg="355399"
Change_recent_avg="0.01"
Delta_recent_avg="0.36"
Variance_recent_avg="0.18"
Change_ratio_recent_avg="-0.05"
RSI_change="FALSE"
ADX_change="FALSE"
Aroon_signal="negative"
Aroon_change="FALSE"
Aroon_momentum_positive="0"
Aroon_momentum_negative="100"
image_negative_thumbnail_id_1="1158"
image_negative_url_1="https://hehge.com/wp-content/uploads/sites/16/2023/06/MI_Finance_Negative_Landscape_0192.jpeg"
image_negative_thumbnail_id_2="1117"
image_negative_url_2="https://hehge.com/wp-content/uploads/sites/16/2023/06/MI_Finance_Negative_Landscape_0150.jpeg"
image_neutral_thumbnail_id_1="570"
image_neutral_url_1="https://hehge.com/wp-content/uploads/sites/16/2023/06/MI_Finance_Neutral_Landscape_0029.jpeg"
image_neutral_thumbnail_id_2="432"
image_neutral_url_2="https://hehge.com/wp-content/uploads/sites/16/2023/05/MI_Finance_Neutral_Landscape_0019.jpeg"
image_positive_thumbnail_id_1="668"
image_positive_url_1="https://hehge.com/wp-content/uploads/sites/16/2023/06/MI_Finance_Positive_Landscape_0040.jpeg"
image_positive_thumbnail_id_2="982"
image_positive_url_2="https://hehge.com/wp-content/uploads/sites/16/2023/06/MI_Finance_Positive_Landscape_0144.jpeg"
image_professor_thumbnail_id_1="1196"
image_professor_url_1="https://hehge.com/wp-content/uploads/sites/16/2023/06/MI_Finance_Professor_Landscape_0030.jpeg"
image_professor_thumbnail_id_2="1203"
image_professor_url_2="https://hehge.com/wp-content/uploads/sites/16/2023/06/MI_Finance_Professor_Landscape_0037.jpeg"
