Symbol="DMS"
AssetType="Common Stock"
Name="Digital Media Solutions Inc"
Description="Digital Media Solutions, Inc. is a digital performance marketing company offering a software delivery platform in the United States. The company is headquartered in Clearwater, Florida."
CIK="1725134"
Exchange="NYSE"
Currency="USD"
Country="USA"
Sector="TRADE & SERVICES"
Industry="SERVICES-BUSINESS SERVICES, NEC"
Address="4800 140TH AVENUE N., SUITE 101, CLEARWATER, FL, US"
FiscalYearEnd="December"
LatestQuarter="2023-03-31"
MarketCapitalization="20576800"
EBITDA="-2686000"
PERatio="152.14"
PEGRatio="None"
BookValue="-1.559"
DividendPerShare="0"
DividendYield="0"
EPS="-1.041"
RevenuePerShareTTM="9.46"
ProfitMargin="-0.111"
OperatingMarginTTM="-0.0579"
ReturnOnAssetsTTM="-0.0561"
ReturnOnEquityTTM="0"
RevenueTTM="372351000"
GrossProfitTTM="79905000"
DilutedEPSTTM="-0.99"
QuarterlyEarningsGrowthYOY="-0.053"
QuarterlyRevenueGrowthYOY="-0.172"
AnalystTargetPrice="1.92"
TrailingPE="-"
ForwardPE="19.01"
PriceToSalesRatioTTM="0.129"
PriceToBookRatio="1.329"
EVToRevenue="0.623"
EVToEBITDA="8.48"
Beta="0.515"
num_52WeekHigh="3.44"
num_52WeekLow="0.29"
num_50DayMovingAverage="0.365"
num_200DayMovingAverage="0.987"
SharesOutstanding="40041000"
DividendDate="None"
ExDividendDate="None"
symbol="DMS"
open="0.32"
high="0.32"
low="0.31"
price="0.31"
volume="42997.00"
latest_trading_day="2023-08-04"
previous_close="0.31"
change="0.00"
change_percent="0.3516%"
aroon_positive_momentum_days="0"
aroon_negative_momentum_days="100"
trend_strength="Absent or Weak Trend"
buying_signal="Weak Sell Signal"
volume_analysis="Target Volume"
value_analysis="Expected Range"
Aroon_change="FALSE"
Aroon_momentum="0"
Volume_recent_avg="162510"
Change_recent_avg="-0.01"
Delta_recent_avg="0.06"
Variance_recent_avg="0.03"
Change_ratio_recent_avg="-2.22"
RSI_change="FALSE"
ADX_change="FALSE"
Aroon_signal="negative"
Aroon_change="FALSE"
Aroon_momentum_positive="0"
Aroon_momentum_negative="100"
image_negative_thumbnail_id_1="99"
image_negative_url_1="https://hehge.com/wp-content/uploads/sites/16/2023/05/MI_Finance_Negative_Landscape_0077.jpeg"
image_negative_thumbnail_id_2="1089"
image_negative_url_2="https://hehge.com/wp-content/uploads/sites/16/2023/06/MI_Finance_Negative_Landscape_0122.jpeg"
image_neutral_thumbnail_id_1="560"
image_neutral_url_1="https://hehge.com/wp-content/uploads/sites/16/2023/06/MI_Finance_Neutral_Landscape_0039.jpeg"
image_neutral_thumbnail_id_2="596"
image_neutral_url_2="https://hehge.com/wp-content/uploads/sites/16/2023/06/MI_Finance_Neutral_Landscape_0003.jpeg"
image_positive_thumbnail_id_1="600"
image_positive_url_1="https://hehge.com/wp-content/uploads/sites/16/2023/06/MI_Finance_Positive_Landscape_0108.jpeg"
image_positive_thumbnail_id_2="629"
image_positive_url_2="https://hehge.com/wp-content/uploads/sites/16/2023/06/MI_Finance_Positive_Landscape_0079.jpeg"
image_professor_thumbnail_id_1="1190"
image_professor_url_1="https://hehge.com/wp-content/uploads/sites/16/2023/06/MI_Finance_Professor_Landscape_0024.jpeg"
image_professor_thumbnail_id_2="1191"
image_professor_url_2="https://hehge.com/wp-content/uploads/sites/16/2023/06/MI_Finance_Professor_Landscape_0025.jpeg"
