Symbol="BRFH"
AssetType="Common Stock"
Name="Barfresh Food Group Inc"
Description="Barfresh Food Group, Inc. manufactures and distributes ready-to-mix frozen beverages in the United States. The company is headquartered in Los Angeles, California."
CIK="1487197"
Exchange="NASDAQ"
Currency="USD"
Country="USA"
Sector="TRADE & SERVICES"
Industry="SERVICES-MOTION PICTURE & VIDEO TAPE PRODUCTION"
Address="90 MADISON STREET, SUITE 701, DENVER, CO, US"
FiscalYearEnd="December"
LatestQuarter="2023-03-31"
MarketCapitalization="20154000"
EBITDA="-4940000"
PERatio="None"
PEGRatio="0"
BookValue="0.142"
DividendPerShare="0"
DividendYield="0"
EPS="-0.43"
RevenuePerShareTTM="0.674"
ProfitMargin="-0.714"
OperatingMarginTTM="-0.621"
ReturnOnAssetsTTM="-0.501"
ReturnOnEquityTTM="-1.347"
RevenueTTM="8727000"
GrossProfitTTM="1440000"
DilutedEPSTTM="-0.43"
QuarterlyEarningsGrowthYOY="0"
QuarterlyRevenueGrowthYOY="-0.172"
AnalystTargetPrice="4.75"
TrailingPE="-"
ForwardPE="30.03"
PriceToSalesRatioTTM="1.833"
PriceToBookRatio="3.673"
EVToRevenue="1.249"
EVToEBITDA="-2.834"
Beta="0.32"
num_52WeekHigh="4.47"
num_52WeekLow="1"
num_50DayMovingAverage="1.339"
num_200DayMovingAverage="1.445"
SharesOutstanding="13002600"
DividendDate="None"
ExDividendDate="None"
symbol="BRFH"
open="1.55"
high="1.55"
low="1.46"
price="1.55"
volume="1860.00"
latest_trading_day="2023-08-02"
previous_close="1.55"
change="0.00"
change_percent="0.0000%"
aroon_positive_momentum_days="53"
aroon_negative_momentum_days="0"
trend_strength="Absent or Weak Trend"
buying_signal="Weak Buy Signal"
volume_analysis="Target Volume"
value_analysis="Expected Range"
Aroon_change="FALSE"
Aroon_momentum="53"
Volume_recent_avg="10293"
Change_recent_avg="0.02"
Delta_recent_avg="0.11"
Variance_recent_avg="0.06"
Change_ratio_recent_avg="1.0"
RSI_change="FALSE"
ADX_change="FALSE"

event="FALSE"
Aroon_signal="positive"
Aroon_change="FALSE"
Aroon_momentum_positive="53"
Aroon_momentum_negative="47"
image_negative_thumbnail_id_1="487"
image_negative_url_1="https://hehge.com/wp-content/uploads/sites/16/2023/06/MI_Finance_Negative_Landscape_0118.jpeg"
image_negative_thumbnail_id_2="1153"
image_negative_url_2="https://hehge.com/wp-content/uploads/sites/16/2023/06/MI_Finance_Negative_Landscape_0186.jpeg"
image_neutral_thumbnail_id_1="557"
image_neutral_url_1="https://hehge.com/wp-content/uploads/sites/16/2023/06/MI_Finance_Neutral_Landscape_0042.jpeg"
image_neutral_thumbnail_id_2="544"
image_neutral_url_2="https://hehge.com/wp-content/uploads/sites/16/2023/06/MI_Finance_Neutral_Landscape_0055.jpeg"
image_positive_thumbnail_id_1="682"
image_positive_url_1="https://hehge.com/wp-content/uploads/sites/16/2023/06/MI_Finance_Positive_Landscape_0026.jpeg"
image_positive_thumbnail_id_2="1006"
image_positive_url_2="https://hehge.com/wp-content/uploads/sites/16/2023/06/MI_Finance_Positive_Landscape_0168.jpeg"
image_professor_thumbnail_id_1="1177"
image_professor_url_1="https://hehge.com/wp-content/uploads/sites/16/2023/06/MI_Finance_Professor_Landscape_0011.jpeg"
image_professor_thumbnail_id_2="1197"
image_professor_url_2="https://hehge.com/wp-content/uploads/sites/16/2023/06/MI_Finance_Professor_Landscape_0031.jpeg"
