Symbol="OLLI"
AssetType="Common Stock"
Name="Ollie's Bargain Outlet Hldg"
Description="Ollie's Bargain Outlet Holdings, Inc. is a branded product retailer. The company is headquartered in Harrisburg, Pennsylvania."
CIK="1639300"
Exchange="NASDAQ"
Currency="USD"
Country="USA"
Sector="TRADE & SERVICES"
Industry="RETAIL-VARIETY STORES"
Address="6295 ALLENTOWN BOULEVARD, SUITE 1, HARRISBURG, PA, US"
FiscalYearEnd="January"
LatestQuarter="2023-04-30"
MarketCapitalization="4514072000"
EBITDA="181469000"
PERatio="36.89"
PEGRatio="2.08"
BookValue="22.36"
DividendPerShare="0"
DividendYield="0"
EPS="1.98"
RevenuePerShareTTM="30.18"
ProfitMargin="0.0645"
OperatingMarginTTM="0.0806"
ReturnOnAssetsTTM="0.0464"
ReturnOnEquityTTM="0.0903"
RevenueTTM="1879497000"
GrossProfitTTM="681246000"
DilutedEPSTTM="1.98"
QuarterlyEarningsGrowthYOY="1.51"
QuarterlyRevenueGrowthYOY="0.129"
AnalystTargetPrice="71.4"
TrailingPE="36.89"
ForwardPE="18.32"
PriceToSalesRatioTTM="1.75"
PriceToBookRatio="2.42"
EVToRevenue="1.948"
EVToEBITDA="23.36"
Beta="1.005"
num_52WeekHigh="77.58"
num_52WeekLow="44.72"
num_50DayMovingAverage="67.4"
num_200DayMovingAverage="59.41"
SharesOutstanding="61798000"
DividendDate="None"
ExDividendDate="None"
symbol="OLLI"
open="73.32"
high="74.13"
low="72.99"
price="73.31"
volume="679546.00"
latest_trading_day="2023-08-21"
previous_close="73.40"
change="-0.09"
change_percent="-0.1226%"
aroon_positive_momentum_days="84"
aroon_negative_momentum_days="0"
trend_strength="Absent or Weak Trend"
buying_signal="Strong Buy Signal"
volume_analysis="Target Volume"
value_analysis="Expected Range"
Aroon_change="FALSE"
Aroon_momentum="84"
Volume_recent_avg="981656"
Change_recent_avg="0.11"
Delta_recent_avg="1.97"
Variance_recent_avg="0.98"
Change_ratio_recent_avg="0.16"
RSI_change="FALSE"
ADX_change="FALSE"

event="FALSE"
Aroon_signal="positive"
Aroon_change="FALSE"
Aroon_momentum_positive="84"
Aroon_momentum_negative="16"
image_negative_thumbnail_id_1="1096"
image_negative_url_1="https://hehge.com/wp-content/uploads/sites/16/2023/06/MI_Finance_Negative_Landscape_0129.jpeg"
image_negative_thumbnail_id_2="1109"
image_negative_url_2="https://hehge.com/wp-content/uploads/sites/16/2023/06/MI_Finance_Negative_Landscape_0142.jpeg"
image_neutral_thumbnail_id_1="585"
image_neutral_url_1="https://hehge.com/wp-content/uploads/sites/16/2023/06/MI_Finance_Neutral_Landscape_0014.jpeg"
image_neutral_thumbnail_id_2="554"
image_neutral_url_2="https://hehge.com/wp-content/uploads/sites/16/2023/06/MI_Finance_Neutral_Landscape_0045.jpeg"
image_positive_thumbnail_id_1="695"
image_positive_url_1="https://hehge.com/wp-content/uploads/sites/16/2023/06/MI_Finance_Positive_Landscape_0013.jpeg"
image_positive_thumbnail_id_2="676"
image_positive_url_2="https://hehge.com/wp-content/uploads/sites/16/2023/06/MI_Finance_Positive_Landscape_0032.jpeg"
image_professor_thumbnail_id_1="1182"
image_professor_url_1="https://hehge.com/wp-content/uploads/sites/16/2023/06/MI_Finance_Professor_Landscape_0016.jpeg"
image_professor_thumbnail_id_2="1178"
image_professor_url_2="https://hehge.com/wp-content/uploads/sites/16/2023/06/MI_Finance_Professor_Landscape_0012.jpeg"
