Symbol="RENT"
AssetType="Common Stock"
Name="Rent the Runway Inc"
Description="Rent the Runway, Inc. rents women's designer dresses, clothing and accessories through its stores and online platform. "
CIK="1468327"
Exchange="NASDAQ"
Currency="USD"
Country="USA"
Sector="TRADE & SERVICES"
Industry="RETAIL-RETAIL STORES, NEC"
Address="10 JAY ST, SUITE 900, BROOKLYN, NY, US"
FiscalYearEnd="January"
LatestQuarter="2023-04-30"
MarketCapitalization="124545000"
EBITDA="-21800000"
PERatio="None"
PEGRatio="None"
BookValue="-0.849"
DividendPerShare="0"
DividendYield="0"
EPS="-1.76"
RevenuePerShareTTM="4.679"
ProfitMargin="-0.416"
OperatingMarginTTM="-0.256"
ReturnOnAssetsTTM="-0.131"
ReturnOnEquityTTM="-7.75"
RevenueTTM="303500000"
GrossProfitTTM="141400000"
DilutedEPSTTM="-1.76"
QuarterlyEarningsGrowthYOY="0"
QuarterlyRevenueGrowthYOY="0.106"
AnalystTargetPrice="5.5"
TrailingPE="-"
ForwardPE="-"
PriceToSalesRatioTTM="0.709"
PriceToBookRatio="12.3"
EVToRevenue="1.085"
EVToEBITDA="-41.26"
Beta="None"
num_52WeekHigh="5.74"
num_52WeekLow="1.1"
num_50DayMovingAverage="2.275"
num_200DayMovingAverage="2.638"
SharesOutstanding="64237000"
DividendDate="None"
ExDividendDate="None"
symbol="RENT"
open="1.87"
high="1.93"
low="1.83"
price="1.88"
volume="470036.00"
latest_trading_day="2023-07-07"
previous_close="1.85"
change="0.03"
change_percent="1.6216%"
aroon_positive_momentum_days="0"
aroon_negative_momentum_days="77"
trend_strength="Absent or Weak Trend"
buying_signal="Strong Sell Signal"
volume_analysis="Target Volume"
value_analysis="Expected Range"
Aroon_change="FALSE"
Aroon_momentum="23"
Volume_recent_avg="779381"
Change_recent_avg="-0.01"
Delta_recent_avg="0.22"
Variance_recent_avg="0.11"
Change_ratio_recent_avg="-0.79"
RSI_change="FALSE"
ADX_change="FALSE"

event="FALSE"
Aroon_signal="negative"
Aroon_change="FALSE"
Aroon_momentum_positive="23"
Aroon_momentum_negative="77"
image_negative_thumbnail_id_1="172"
image_negative_url_1="https://hehge.com/wp-content/uploads/sites/16/2023/05/MI_Finance_Negative_Landscape_0004.jpeg"
image_negative_thumbnail_id_2="114"
image_negative_url_2="https://hehge.com/wp-content/uploads/sites/16/2023/05/MI_Finance_Negative_Landscape_0062.jpeg"
image_neutral_thumbnail_id_1="552"
image_neutral_url_1="https://hehge.com/wp-content/uploads/sites/16/2023/06/MI_Finance_Neutral_Landscape_0047.jpeg"
image_neutral_thumbnail_id_2="530"
image_neutral_url_2="https://hehge.com/wp-content/uploads/sites/16/2023/06/MI_Finance_Neutral_Landscape_0069.jpeg"
image_positive_thumbnail_id_1="1006"
image_positive_url_1="https://hehge.com/wp-content/uploads/sites/16/2023/06/MI_Finance_Positive_Landscape_0168.jpeg"
image_positive_thumbnail_id_2="647"
image_positive_url_2="https://hehge.com/wp-content/uploads/sites/16/2023/06/MI_Finance_Positive_Landscape_0061.jpeg"
image_professor_thumbnail_id_1="1203"
image_professor_url_1="https://hehge.com/wp-content/uploads/sites/16/2023/06/MI_Finance_Professor_Landscape_0037.jpeg"
image_professor_thumbnail_id_2="1174"
image_professor_url_2="https://hehge.com/wp-content/uploads/sites/16/2023/06/MI_Finance_Professor_Landscape_0008.jpeg"
