Symbol="CHUY"
AssetType="Common Stock"
Name="Chuy's Holdings Inc"
Description="Chuy's Holdings, Inc. owns and operates full-service restaurants under the Chuy's name in 17 states, including the southeastern and midwestern United States. The company is headquartered in Austin, Texas."
CIK="1524931"
Exchange="NASDAQ"
Currency="USD"
Country="USA"
Sector="TRADE & SERVICES"
Industry="RETAIL-EATING PLACES"
Address="1623 TOOMEY ROAD, AUSTIN, TX, US"
FiscalYearEnd="December"
LatestQuarter="2023-03-31"
MarketCapitalization="753752000"
EBITDA="48278000"
PERatio="32.89"
PEGRatio="1.4"
BookValue="13.94"
DividendPerShare="0"
DividendYield="0"
EPS="1.27"
RevenuePerShareTTM="23.58"
ProfitMargin="0.0543"
OperatingMarginTTM="0.0644"
ReturnOnAssetsTTM="0.0364"
ReturnOnEquityTTM="0.0941"
RevenueTTM="434227000"
GrossProfitTTM="82663000"
DilutedEPSTTM="1.27"
QuarterlyEarningsGrowthYOY="0.558"
QuarterlyRevenueGrowthYOY="0.12"
AnalystTargetPrice="40.5"
TrailingPE="32.89"
ForwardPE="13.42"
PriceToSalesRatioTTM="1.291"
PriceToBookRatio="2.181"
EVToRevenue="1.576"
EVToEBITDA="12.5"
Beta="1.722"
num_52WeekHigh="43.17"
num_52WeekLow="19.72"
num_50DayMovingAverage="37.8"
num_200DayMovingAverage="32.87"
SharesOutstanding="18045300"
DividendDate="None"
ExDividendDate="None"
symbol="CHUY"
open="39.48"
high="39.89"
low="38.64"
price="39.60"
volume="99517.00"
latest_trading_day="2023-07-06"
previous_close="39.99"
change="-0.39"
change_percent="-0.9752%"
aroon_positive_momentum_days="99"
aroon_negative_momentum_days="0"
trend_strength="Absent or Weak Trend"
buying_signal="Weak Buy Signal"
volume_analysis="Target Volume"
value_analysis="Expected Range"
Aroon_change="FALSE"
Aroon_momentum="99"
Volume_recent_avg="115577"
Change_recent_avg="0.03"
Delta_recent_avg="1.21"
Variance_recent_avg="0.61"
Change_ratio_recent_avg="0.07"
RSI_change="FALSE"
ADX_change="FALSE"

event="FALSE"
Aroon_signal="positive"
Aroon_change="FALSE"
Aroon_momentum_positive="99"
Aroon_momentum_negative="1"
image_negative_thumbnail_id_1="167"
image_negative_url_1="https://hehge.com/wp-content/uploads/sites/16/2023/05/MI_Finance_Negative_Landscape_0009.jpeg"
image_negative_thumbnail_id_2="1145"
image_negative_url_2="https://hehge.com/wp-content/uploads/sites/16/2023/06/MI_Finance_Negative_Landscape_0178.jpeg"
image_neutral_thumbnail_id_1="543"
image_neutral_url_1="https://hehge.com/wp-content/uploads/sites/16/2023/06/MI_Finance_Neutral_Landscape_0056.jpeg"
image_neutral_thumbnail_id_2="573"
image_neutral_url_2="https://hehge.com/wp-content/uploads/sites/16/2023/06/MI_Finance_Neutral_Landscape_0026.jpeg"
image_positive_thumbnail_id_1="984"
image_positive_url_1="https://hehge.com/wp-content/uploads/sites/16/2023/06/MI_Finance_Positive_Landscape_0146.jpeg"
image_positive_thumbnail_id_2="974"
image_positive_url_2="https://hehge.com/wp-content/uploads/sites/16/2023/06/MI_Finance_Positive_Landscape_0136.jpeg"
image_professor_thumbnail_id_1="1179"
image_professor_url_1="https://hehge.com/wp-content/uploads/sites/16/2023/06/MI_Finance_Professor_Landscape_0013.jpeg"
image_professor_thumbnail_id_2="1201"
image_professor_url_2="https://hehge.com/wp-content/uploads/sites/16/2023/06/MI_Finance_Professor_Landscape_0035.jpeg"
