Symbol="SFIX"
AssetType="Common Stock"
Name="Stitch Fix"
Description="Stitch Fix, Inc. sells a variety of clothing, shoes, and accessories through its website and mobile app in the United States. The company is headquartered in San Francisco, California."
CIK="1576942"
Exchange="NASDAQ"
Currency="USD"
Country="USA"
Sector="TRADE & SERVICES"
Industry="RETAIL-CATALOG & MAIL-ORDER HOUSES"
Address="1 MONTGOMERY STREET, SUITE 1500, SAN FRANCISCO, CA, US"
FiscalYearEnd="July"
LatestQuarter="2023-04-30"
MarketCapitalization="498421000"
EBITDA="-135367008"
PERatio="None"
PEGRatio="None"
BookValue="2.231"
DividendPerShare="0"
DividendYield="0"
EPS="-2.29"
RevenuePerShareTTM="15.49"
ProfitMargin="-0.137"
OperatingMarginTTM="-0.101"
ReturnOnAssetsTTM="-0.144"
ReturnOnEquityTTM="-0.745"
RevenueTTM="1744528000"
GrossProfitTTM="909193000"
DilutedEPSTTM="-2.29"
QuarterlyEarningsGrowthYOY="-0.083"
QuarterlyRevenueGrowthYOY="-0.199"
AnalystTargetPrice="4.49"
TrailingPE="-"
ForwardPE="1111.11"
PriceToSalesRatioTTM="0.216"
PriceToBookRatio="1.534"
EVToRevenue="0.219"
EVToEBITDA="-1.92"
Beta="2.242"
num_52WeekHigh="8.85"
num_52WeekLow="2.63"
num_50DayMovingAverage="3.667"
num_200DayMovingAverage="4.069"
SharesOutstanding="88362000"
DividendDate="None"
ExDividendDate="None"
symbol="SFIX"
open="4.36"
high="4.37"
low="4.17"
price="4.20"
volume="1708234.00"
latest_trading_day="2023-07-13"
previous_close="4.29"
change="-0.09"
change_percent="-2.0979%"
aroon_positive_momentum_days="50"
aroon_negative_momentum_days="0"
trend_strength="Absent or Weak Trend"
buying_signal="Weak Buy Signal"
volume_analysis="Target Volume"
value_analysis="Expected Range"
Aroon_change="FALSE"
Aroon_momentum="50"
Volume_recent_avg="3039920"
Change_recent_avg="-0.01"
Delta_recent_avg="0.31"
Variance_recent_avg="0.15"
Change_ratio_recent_avg="-0.41"
RSI_change="FALSE"
ADX_change="FALSE"

event="FALSE"
Aroon_signal="positive"
Aroon_change="FALSE"
Aroon_momentum_positive="50"
Aroon_momentum_negative="50"
image_negative_thumbnail_id_1="1121"
image_negative_url_1="https://hehge.com/wp-content/uploads/sites/16/2023/06/MI_Finance_Negative_Landscape_0154.jpeg"
image_negative_thumbnail_id_2="1111"
image_negative_url_2="https://hehge.com/wp-content/uploads/sites/16/2023/06/MI_Finance_Negative_Landscape_0144.jpeg"
image_neutral_thumbnail_id_1="532"
image_neutral_url_1="https://hehge.com/wp-content/uploads/sites/16/2023/06/MI_Finance_Neutral_Landscape_0067.jpeg"
image_neutral_thumbnail_id_2="592"
image_neutral_url_2="https://hehge.com/wp-content/uploads/sites/16/2023/06/MI_Finance_Neutral_Landscape_0007.jpeg"
image_positive_thumbnail_id_1="627"
image_positive_url_1="https://hehge.com/wp-content/uploads/sites/16/2023/06/MI_Finance_Positive_Landscape_0081.jpeg"
image_positive_thumbnail_id_2="958"
image_positive_url_2="https://hehge.com/wp-content/uploads/sites/16/2023/06/MI_Finance_Positive_Landscape_0120.jpeg"
image_professor_thumbnail_id_1="1174"
image_professor_url_1="https://hehge.com/wp-content/uploads/sites/16/2023/06/MI_Finance_Professor_Landscape_0008.jpeg"
image_professor_thumbnail_id_2="1190"
image_professor_url_2="https://hehge.com/wp-content/uploads/sites/16/2023/06/MI_Finance_Professor_Landscape_0024.jpeg"
