Symbol="CLWT"
AssetType="Common Stock"
Name="Euro Tech Holdings Company Ltd"
Description="Euro Tech Holdings Company Limited distributes water treatment equipment, laboratory instruments, analyzers, test kits and related supplies, and power generation equipment to commercial customers and government agencies in Hong Kong and the People's Republic of China. The company is headquartered in Hong Kong, Hong Kong."
CIK="1026662"
Exchange="NASDAQ"
Currency="USD"
Country="USA"
Sector="TRADE & SERVICES"
Industry="WHOLESALE-PROFESSIONAL & COMMERCIAL EQUIPMENT & SUPPLIES"
Address="C/O EURO TECH (FAR EAST) LTD 18 F GEE, CHANG HONG CENTRE 65 WONG CHUK HANG ROAD, HONG KONG, HK"
FiscalYearEnd="December"
LatestQuarter="2021-12-31"
MarketCapitalization="12357800"
EBITDA="161000"
PERatio="32"
PEGRatio="0"
BookValue="1.781"
DividendPerShare="0"
DividendYield="0.208"
EPS="0.05"
RevenuePerShareTTM="1.933"
ProfitMargin="0.0247"
OperatingMarginTTM="0.0086"
ReturnOnAssetsTTM="0.0039"
ReturnOnEquityTTM="0.0364"
RevenueTTM="14949000"
GrossProfitTTM="5695000"
DilutedEPSTTM="0.05"
QuarterlyEarningsGrowthYOY="0.819"
QuarterlyRevenueGrowthYOY="-0.275"
AnalystTargetPrice="None"
TrailingPE="32"
ForwardPE="-"
PriceToSalesRatioTTM="0.557"
PriceToBookRatio="0.802"
EVToRevenue="0.302"
EVToEBITDA="4.903"
Beta="0.855"
num_52WeekHigh="2.65"
num_52WeekLow="1.01"
num_50DayMovingAverage="1.612"
num_200DayMovingAverage="1.44"
SharesOutstanding="7723600"
DividendDate="2022-06-23"
ExDividendDate="2022-06-10"
symbol="CLWT"
open="1.64"
high="1.64"
low="1.53"
price="1.60"
volume="11703.00"
latest_trading_day="2023-07-18"
previous_close="1.65"
change="-0.05"
change_percent="-3.0303%"
aroon_positive_momentum_days="10"
aroon_negative_momentum_days="0"
trend_strength="Absent or Weak Trend"
buying_signal="Strong Buy Signal"
volume_analysis="Target Volume"
value_analysis="Expected Range"
Aroon_change="FALSE"
Aroon_momentum="10"
Volume_recent_avg="29369"
Change_recent_avg="0.02"
Delta_recent_avg="0.11"
Variance_recent_avg="0.05"
Change_ratio_recent_avg="1.04"
RSI_change="FALSE"
ADX_change="FALSE"

event="FALSE"
Aroon_signal="positive"
Aroon_change="FALSE"
Aroon_momentum_positive="10"
Aroon_momentum_negative="90"
image_negative_thumbnail_id_1="135"
image_negative_url_1="https://hehge.com/wp-content/uploads/sites/16/2023/05/MI_Finance_Negative_Landscape_0041.jpeg"
image_negative_thumbnail_id_2="1115"
image_negative_url_2="https://hehge.com/wp-content/uploads/sites/16/2023/06/MI_Finance_Negative_Landscape_0148.jpeg"
image_neutral_thumbnail_id_1="535"
image_neutral_url_1="https://hehge.com/wp-content/uploads/sites/16/2023/06/MI_Finance_Neutral_Landscape_0064.jpeg"
image_neutral_thumbnail_id_2="527"
image_neutral_url_2="https://hehge.com/wp-content/uploads/sites/16/2023/06/MI_Finance_Neutral_Landscape_0072.jpeg"
image_positive_thumbnail_id_1="668"
image_positive_url_1="https://hehge.com/wp-content/uploads/sites/16/2023/06/MI_Finance_Positive_Landscape_0040.jpeg"
image_positive_thumbnail_id_2="964"
image_positive_url_2="https://hehge.com/wp-content/uploads/sites/16/2023/06/MI_Finance_Positive_Landscape_0126.jpeg"
image_professor_thumbnail_id_1="1193"
image_professor_url_1="https://hehge.com/wp-content/uploads/sites/16/2023/06/MI_Finance_Professor_Landscape_0027.jpeg"
image_professor_thumbnail_id_2="1174"
image_professor_url_2="https://hehge.com/wp-content/uploads/sites/16/2023/06/MI_Finance_Professor_Landscape_0008.jpeg"
