Symbol="LAZY"
AssetType="Common Stock"
Name="Lazydays Holdings Inc"
Description="Lazydays Holdings, Inc. operates recreational vehicle (RV) dealerships under the Lazydays name in the United States. The company is headquartered in Seffner, Florida."
CIK="1721741"
Exchange="NASDAQ"
Currency="USD"
Country="USA"
Sector="TRADE & SERVICES"
Industry="RETAIL-AUTO DEALERS & GASOLINE STATIONS"
Address="250 W 57TH STREET, SUITE 2223, NEW YORK, NY, US"
FiscalYearEnd="December"
LatestQuarter="2023-03-31"
MarketCapitalization="150612000"
EBITDA="74119000"
PERatio="9.22"
PEGRatio="None"
BookValue="19.37"
DividendPerShare="0"
DividendYield="0"
EPS="1.18"
RevenuePerShareTTM="108.4"
ProfitMargin="0.0304"
OperatingMarginTTM="0.0458"
ReturnOnAssetsTTM="0.0437"
ReturnOnEquityTTM="0.127"
RevenueTTM="1246456000"
GrossProfitTTM="328691000"
DilutedEPSTTM="1.18"
QuarterlyEarningsGrowthYOY="-0.698"
QuarterlyRevenueGrowthYOY="-0.214"
AnalystTargetPrice="16.5"
TrailingPE="9.22"
ForwardPE="-"
PriceToSalesRatioTTM="0.096"
PriceToBookRatio="0.616"
EVToRevenue="0.386"
EVToEBITDA="3.867"
Beta="1.752"
num_52WeekHigh="17.95"
num_52WeekLow="10.17"
num_50DayMovingAverage="11.34"
num_200DayMovingAverage="12.4"
SharesOutstanding="13843000"
DividendDate="None"
ExDividendDate="None"
symbol="LAZY"
open="10.88"
high="11.10"
low="10.79"
price="11.01"
volume="139593.00"
latest_trading_day="2023-07-07"
previous_close="10.88"
change="0.13"
change_percent="1.1949%"
aroon_positive_momentum_days="0"
aroon_negative_momentum_days="86"
trend_strength="Absent or Weak Trend"
buying_signal="Strong Sell Signal"
volume_analysis="Target Volume"
value_analysis="Expected Range"
Aroon_change="FALSE"
Aroon_momentum="14"
Volume_recent_avg="112893"
Change_recent_avg="0.01"
Delta_recent_avg="0.52"
Variance_recent_avg="0.26"
Change_ratio_recent_avg="-0.05"
RSI_change="FALSE"
ADX_change="FALSE"

event="FALSE"
Aroon_signal="negative"
Aroon_change="FALSE"
Aroon_momentum_positive="14"
Aroon_momentum_negative="86"
image_negative_thumbnail_id_1="147"
image_negative_url_1="https://hehge.com/wp-content/uploads/sites/16/2023/05/MI_Finance_Negative_Landscape_0029.jpeg"
image_negative_thumbnail_id_2="160"
image_negative_url_2="https://hehge.com/wp-content/uploads/sites/16/2023/05/MI_Finance_Negative_Landscape_0016.jpeg"
image_neutral_thumbnail_id_1="550"
image_neutral_url_1="https://hehge.com/wp-content/uploads/sites/16/2023/06/MI_Finance_Neutral_Landscape_0049.jpeg"
image_neutral_thumbnail_id_2="548"
image_neutral_url_2="https://hehge.com/wp-content/uploads/sites/16/2023/06/MI_Finance_Neutral_Landscape_0051.jpeg"
image_positive_thumbnail_id_1="636"
image_positive_url_1="https://hehge.com/wp-content/uploads/sites/16/2023/06/MI_Finance_Positive_Landscape_0072.jpeg"
image_positive_thumbnail_id_2="651"
image_positive_url_2="https://hehge.com/wp-content/uploads/sites/16/2023/06/MI_Finance_Positive_Landscape_0057.jpeg"
image_professor_thumbnail_id_1="1173"
image_professor_url_1="https://hehge.com/wp-content/uploads/sites/16/2023/06/MI_Finance_Professor_Landscape_0007.jpeg"
image_professor_thumbnail_id_2="1199"
image_professor_url_2="https://hehge.com/wp-content/uploads/sites/16/2023/06/MI_Finance_Professor_Landscape_0033.jpeg"
