Symbol="ABG"
AssetType="Common Stock"
Name="Asbury Automotive Group Inc"
Description="Asbury Automotive Group, Inc. is an automobile retailer in the United States. The company is headquartered in Duluth, Georgia."
CIK="1144980"
Exchange="NYSE"
Currency="USD"
Country="USA"
Sector="TRADE & SERVICES"
Industry="RETAIL-AUTO DEALERS & GASOLINE STATIONS"
Address="2905 PREMIERE PARKWAY NW, SUITE 300, DULUTH, GA, US"
FiscalYearEnd="December"
LatestQuarter="2023-03-31"
MarketCapitalization="5003879000"
EBITDA="1295600000"
PERatio="5.43"
PEGRatio="0.314"
BookValue="141.6"
DividendPerShare="0"
DividendYield="0"
EPS="42.76"
RevenuePerShareTTM="686.56"
ProfitMargin="0.0623"
OperatingMarginTTM="0.0813"
ReturnOnAssetsTTM="0.0957"
ReturnOnEquityTTM="0.36"
RevenueTTM="15104400000"
GrossProfitTTM="3100600000"
DilutedEPSTTM="42.76"
QuarterlyEarningsGrowthYOY="-0.194"
QuarterlyRevenueGrowthYOY="-0.084"
AnalystTargetPrice="248"
TrailingPE="5.43"
ForwardPE="5.51"
PriceToSalesRatioTTM="0.262"
PriceToBookRatio="1.486"
EVToRevenue="0.513"
EVToEBITDA="5.79"
Beta="1.145"
num_52WeekHigh="256.39"
num_52WeekLow="138.88"
num_50DayMovingAverage="225.17"
num_200DayMovingAverage="199.85"
SharesOutstanding="21534100"
DividendDate="2008-08-22"
ExDividendDate="2008-07-30"
symbol="ABG"
open="245.14"
high="245.14"
low="231.22"
price="232.37"
volume="286154.00"
latest_trading_day="2023-07-21"
previous_close="243.08"
change="-10.71"
change_percent="-4.4060%"
aroon_positive_momentum_days="69"
aroon_negative_momentum_days="0"
trend_strength="Absent or Weak Trend"
buying_signal="Strong Buy Signal"
volume_analysis="Target Volume"
value_analysis="Expected Range"
Aroon_change="FALSE"
Aroon_momentum="69"
Volume_recent_avg="231405"
Change_recent_avg="-0.1"
Delta_recent_avg="7.35"
Variance_recent_avg="3.67"
Change_ratio_recent_avg="-0.08"
RSI_change="FALSE"
ADX_change="FALSE"

event="FALSE"
Aroon_signal="positive"
Aroon_change="FALSE"
Aroon_momentum_positive="69"
Aroon_momentum_negative="31"
image_negative_thumbnail_id_1="174"
image_negative_url_1="https://hehge.com/wp-content/uploads/sites/16/2023/05/MI_Finance_Negative_Landscape_0002.jpeg"
image_negative_thumbnail_id_2="1152"
image_negative_url_2="https://hehge.com/wp-content/uploads/sites/16/2023/06/MI_Finance_Negative_Landscape_0185.jpeg"
image_neutral_thumbnail_id_1="545"
image_neutral_url_1="https://hehge.com/wp-content/uploads/sites/16/2023/06/MI_Finance_Neutral_Landscape_0054.jpeg"
image_neutral_thumbnail_id_2="593"
image_neutral_url_2="https://hehge.com/wp-content/uploads/sites/16/2023/06/MI_Finance_Neutral_Landscape_0006.jpeg"
image_positive_thumbnail_id_1="991"
image_positive_url_1="https://hehge.com/wp-content/uploads/sites/16/2023/06/MI_Finance_Positive_Landscape_0153.jpeg"
image_positive_thumbnail_id_2="622"
image_positive_url_2="https://hehge.com/wp-content/uploads/sites/16/2023/06/MI_Finance_Positive_Landscape_0086.jpeg"
image_professor_thumbnail_id_1="1188"
image_professor_url_1="https://hehge.com/wp-content/uploads/sites/16/2023/06/MI_Finance_Professor_Landscape_0022.jpeg"
image_professor_thumbnail_id_2="1176"
image_professor_url_2="https://hehge.com/wp-content/uploads/sites/16/2023/06/MI_Finance_Professor_Landscape_0010.jpeg"
