Symbol="URI"
AssetType="Common Stock"
Name="United Rentals Inc"
Description="United Rentals, Inc. (NYSE: URI) is the world's largest equipment rental company, with about 13 percent of the North American market share as of 2019."
CIK="1067701"
Exchange="NYSE"
Currency="USD"
Country="USA"
Sector="TRADE & SERVICES"
Industry="SERVICES-EQUIPMENT RENTAL & LEASING, NEC"
Address="100 FIRST STAMFORD PLACE, 7TH FLOOR, STAMFORD, CT, US"
FiscalYearEnd="December"
LatestQuarter="2023-06-30"
MarketCapitalization="31212024000"
EBITDA="4106000000"
PERatio="13.96"
PEGRatio="0.862"
BookValue="108.58"
DividendPerShare="2.96"
DividendYield="0.0133"
EPS="32.74"
RevenuePerShareTTM="190.17"
ProfitMargin="0.173"
OperatingMarginTTM="0.281"
ReturnOnAssetsTTM="0.1"
ReturnOnEquityTTM="0.34"
RevenueTTM="13186000000"
GrossProfitTTM="5023000000"
DilutedEPSTTM="32.74"
QuarterlyEarningsGrowthYOY="0.243"
QuarterlyRevenueGrowthYOY="0.283"
AnalystTargetPrice="471.39"
TrailingPE="13.96"
ForwardPE="10.41"
PriceToSalesRatioTTM="2.227"
PriceToBookRatio="4.016"
EVToRevenue="3.235"
EVToEBITDA="7.01"
Beta="1.889"
num_52WeekHigh="491.63"
num_52WeekLow="253.51"
num_50DayMovingAverage="450.16"
num_200DayMovingAverage="400.24"
SharesOutstanding="68283000"
DividendDate="2023-08-23"
ExDividendDate="2023-08-08"
symbol="URI"
open="456.00"
high="478.53"
low="454.18"
price="474.60"
volume="764670.00"
latest_trading_day="2023-08-29"
previous_close="457.10"
change="17.50"
change_percent="3.8285%"
aroon_positive_momentum_days="54"
aroon_negative_momentum_days="0"
trend_strength="Absent or Weak Trend"
buying_signal="Strong Buy Signal"
volume_analysis="Target Volume"
value_analysis="Expected Range"
Aroon_change="FALSE"
Aroon_momentum="54"
Volume_recent_avg="857347"
Change_recent_avg="1.55"
Delta_recent_avg="12.34"
Variance_recent_avg="6.17"
Change_ratio_recent_avg="0.35"
RSI_change="FALSE"
ADX_change="FALSE"

event="FALSE"
Aroon_signal="positive"
Aroon_change="FALSE"
Aroon_momentum_positive="54"
Aroon_momentum_negative="46"
image_negative_thumbnail_id_1="1122"
image_negative_url_1="https://hehge.com/wp-content/uploads/sites/16/2023/06/MI_Finance_Negative_Landscape_0155.jpeg"
image_negative_thumbnail_id_2="1129"
image_negative_url_2="https://hehge.com/wp-content/uploads/sites/16/2023/06/MI_Finance_Negative_Landscape_0162.jpeg"
image_neutral_thumbnail_id_1="548"
image_neutral_url_1="https://hehge.com/wp-content/uploads/sites/16/2023/06/MI_Finance_Neutral_Landscape_0051.jpeg"
image_neutral_thumbnail_id_2="540"
image_neutral_url_2="https://hehge.com/wp-content/uploads/sites/16/2023/06/MI_Finance_Neutral_Landscape_0059.jpeg"
image_positive_thumbnail_id_1="704"
image_positive_url_1="https://hehge.com/wp-content/uploads/sites/16/2023/06/MI_Finance_Positive_Landscape_0004.jpeg"
image_positive_thumbnail_id_2="682"
image_positive_url_2="https://hehge.com/wp-content/uploads/sites/16/2023/06/MI_Finance_Positive_Landscape_0026.jpeg"
image_professor_thumbnail_id_1="1188"
image_professor_url_1="https://hehge.com/wp-content/uploads/sites/16/2023/06/MI_Finance_Professor_Landscape_0022.jpeg"
image_professor_thumbnail_id_2="1197"
image_professor_url_2="https://hehge.com/wp-content/uploads/sites/16/2023/06/MI_Finance_Professor_Landscape_0031.jpeg"
