Symbol="TTGT"
AssetType="Common Stock"
Name="TechTarget Inc"
Description="TechTarget, Inc. provides business impact sales and marketing services for business technology companies in North America and internationally. The company is headquartered in Newton, Massachusetts."
CIK="1293282"
Exchange="NASDAQ"
Currency="USD"
Country="USA"
Sector="TRADE & SERVICES"
Industry="SERVICES-BUSINESS SERVICES, NEC"
Address="275 GROVE STREET, NEWTON, MA, US"
FiscalYearEnd="December"
LatestQuarter="2023-03-31"
MarketCapitalization="913447000"
EBITDA="66964000"
PERatio="29.32"
PEGRatio="1.59"
BookValue="7.36"
DividendPerShare="0"
DividendYield="0"
EPS="1.11"
RevenuePerShareTTM="9.76"
ProfitMargin="0.126"
OperatingMarginTTM="0.179"
ReturnOnAssetsTTM="0.0415"
ReturnOnEquityTTM="0.16"
RevenueTTM="286437000"
GrossProfitTTM="221748000"
DilutedEPSTTM="1.11"
QuarterlyEarningsGrowthYOY="-0.748"
QuarterlyRevenueGrowthYOY="-0.162"
AnalystTargetPrice="34.86"
TrailingPE="29.32"
ForwardPE="41.49"
PriceToSalesRatioTTM="4.169"
PriceToBookRatio="5.42"
EVToRevenue="4.454"
EVToEBITDA="16.54"
Beta="0.91"
num_52WeekHigh="72.79"
num_52WeekLow="28.25"
num_50DayMovingAverage="33.47"
num_200DayMovingAverage="41.15"
SharesOutstanding="28071500"
DividendDate="None"
ExDividendDate="None"
symbol="TTGT"
open="32.61"
high="33.66"
low="32.45"
price="32.54"
volume="130410.00"
latest_trading_day="2023-07-28"
previous_close="32.16"
change="0.38"
change_percent="1.1816%"
aroon_positive_momentum_days="36"
aroon_negative_momentum_days="0"
trend_strength="Absent or Weak Trend"
buying_signal="Weak Buy Signal"
volume_analysis="Target Volume"
value_analysis="Expected Range"
Aroon_change="FALSE"
Aroon_momentum="36"
Volume_recent_avg="242480"
Change_recent_avg="-0.03"
Delta_recent_avg="1.2"
Variance_recent_avg="0.6"
Change_ratio_recent_avg="-0.1"
RSI_change="FALSE"
ADX_change="FALSE"

event="FALSE"
Aroon_signal="positive"
Aroon_change="FALSE"
Aroon_momentum_positive="36"
Aroon_momentum_negative="64"
image_negative_thumbnail_id_1="1160"
image_negative_url_1="https://hehge.com/wp-content/uploads/sites/16/2023/06/MI_Finance_Negative_Landscape_0194.jpeg"
image_negative_thumbnail_id_2="1165"
image_negative_url_2="https://hehge.com/wp-content/uploads/sites/16/2023/06/MI_Finance_Negative_Landscape_0199.jpeg"
image_neutral_thumbnail_id_1="525"
image_neutral_url_1="https://hehge.com/wp-content/uploads/sites/16/2023/06/MI_Finance_Neutral_Landscape_0074.jpeg"
image_neutral_thumbnail_id_2="560"
image_neutral_url_2="https://hehge.com/wp-content/uploads/sites/16/2023/06/MI_Finance_Neutral_Landscape_0039.jpeg"
image_positive_thumbnail_id_1="957"
image_positive_url_1="https://hehge.com/wp-content/uploads/sites/16/2023/06/MI_Finance_Positive_Landscape_0119.jpeg"
image_positive_thumbnail_id_2="636"
image_positive_url_2="https://hehge.com/wp-content/uploads/sites/16/2023/06/MI_Finance_Positive_Landscape_0072.jpeg"
image_professor_thumbnail_id_1="1167"
image_professor_url_1="https://hehge.com/wp-content/uploads/sites/16/2023/06/MI_Finance_Professor_Landscape_0001.jpeg"
image_professor_thumbnail_id_2="1199"
image_professor_url_2="https://hehge.com/wp-content/uploads/sites/16/2023/06/MI_Finance_Professor_Landscape_0033.jpeg"
