Symbol="WAFU"
AssetType="Common Stock"
Name="Wah Fu Education Group Ltd"
Description="Wah Fu Education Group Limited, provides online exam preparation services and related technology solutions in the People's Republic of China. The company is headquartered in Beijing, the People's Republic of China."
CIK="1716770"
Exchange="NASDAQ"
Currency="USD"
Country="China"
Sector="TRADE & SERVICES"
Industry="SERVICES-EDUCATIONAL SERVICES"
Address="RM 505 BLDG NO. 40, NO. 1 DISHENG N ST, ECONOMIC & TECHNOLOGICAL DEVELOP. ZONE, BEIJING, CHINA"
FiscalYearEnd="March"
LatestQuarter="2022-03-31"
MarketCapitalization="9549300"
EBITDA="2188200"
PERatio="8.6"
PEGRatio="None"
BookValue="2.635"
DividendPerShare="0"
DividendYield="0"
EPS="0.25"
RevenuePerShareTTM="2.408"
ProfitMargin="0.0847"
OperatingMarginTTM="0.188"
ReturnOnAssetsTTM="0.0708"
ReturnOnEquityTTM="0.134"
RevenueTTM="10692600"
GrossProfitTTM="5522800"
DilutedEPSTTM="0.25"
QuarterlyEarningsGrowthYOY="-0.842"
QuarterlyRevenueGrowthYOY="-0.076"
AnalystTargetPrice="None"
TrailingPE="8.6"
ForwardPE="-"
PriceToSalesRatioTTM="0.873"
PriceToBookRatio="0.829"
EVToRevenue="0.063"
EVToEBITDA="-1.901"
Beta="0.772"
num_52WeekHigh="4.07"
num_52WeekLow="1.82"
num_50DayMovingAverage="2.236"
num_200DayMovingAverage="2.215"
SharesOutstanding="4440100"
DividendDate="None"
ExDividendDate="None"
symbol="WAFU"
open="2.22"
high="2.22"
low="2.15"
price="2.15"
volume="3956.00"
latest_trading_day="2023-08-11"
previous_close="2.21"
change="-0.06"
change_percent="-2.6833%"
aroon_positive_momentum_days="68"
aroon_negative_momentum_days="0"
trend_strength="Strong Trend"
buying_signal="High Volatility / Hold Signal"
volume_analysis="Target Volume"
value_analysis="Expected Range"
Aroon_change="FALSE"
Aroon_momentum="68"
Volume_recent_avg="152197"
Change_recent_avg="-0.01"
Delta_recent_avg="0.16"
Variance_recent_avg="0.08"
Change_ratio_recent_avg="-0.46"
RSI_change="FALSE"
ADX_change="FALSE"

event="FALSE"
Aroon_signal="positive"
Aroon_change="FALSE"
Aroon_momentum_positive="68"
Aroon_momentum_negative="32"
image_negative_thumbnail_id_1="171"
image_negative_url_1="https://hehge.com/wp-content/uploads/sites/16/2023/05/MI_Finance_Negative_Landscape_0005.jpeg"
image_negative_thumbnail_id_2="1148"
image_negative_url_2="https://hehge.com/wp-content/uploads/sites/16/2023/06/MI_Finance_Negative_Landscape_0181.jpeg"
image_neutral_thumbnail_id_1="537"
image_neutral_url_1="https://hehge.com/wp-content/uploads/sites/16/2023/06/MI_Finance_Neutral_Landscape_0062.jpeg"
image_neutral_thumbnail_id_2="568"
image_neutral_url_2="https://hehge.com/wp-content/uploads/sites/16/2023/06/MI_Finance_Neutral_Landscape_0031.jpeg"
image_positive_thumbnail_id_1="953"
image_positive_url_1="https://hehge.com/wp-content/uploads/sites/16/2023/06/MI_Finance_Positive_Landscape_0115.jpeg"
image_positive_thumbnail_id_2="602"
image_positive_url_2="https://hehge.com/wp-content/uploads/sites/16/2023/06/MI_Finance_Positive_Landscape_0106.jpeg"
image_professor_thumbnail_id_1="1182"
image_professor_url_1="https://hehge.com/wp-content/uploads/sites/16/2023/06/MI_Finance_Professor_Landscape_0016.jpeg"
image_professor_thumbnail_id_2="1176"
image_professor_url_2="https://hehge.com/wp-content/uploads/sites/16/2023/06/MI_Finance_Professor_Landscape_0010.jpeg"
