Symbol="ASLE"
AssetType="Common Stock"
Name="AerSale Corp"
Description="AerSale Corporation provides aftermarket commercial aircraft, engines and their parts to cargo and passenger airlines, leasing companies, original equipment manufacturers, and government and defense contractors, as well as level-level maintenance, repair and overhaul (MRO) service providers. world. The company is headquartered in Coral Gables, Florida."
CIK="1754170"
Exchange="NASDAQ"
Currency="USD"
Country="USA"
Sector="TRADE & SERVICES"
Industry="WHOLESALE-MACHINERY, EQUIPMENT & SUPPLIES"
Address="750 LEXINGTON AVENUE, SUITE 1501, NEW YORK, NY, US"
FiscalYearEnd="December"
LatestQuarter="2023-03-31"
MarketCapitalization="729912000"
EBITDA="42721000"
PERatio="27.9"
PEGRatio="None"
BookValue="8.74"
DividendPerShare="0"
DividendYield="0"
EPS="0.51"
RevenuePerShareTTM="7.08"
ProfitMargin="0.0732"
OperatingMarginTTM="0.0883"
ReturnOnAssetsTTM="0.0386"
ReturnOnEquityTTM="0.0607"
RevenueTTM="364009000"
GrossProfitTTM="152251000"
DilutedEPSTTM="0.51"
QuarterlyEarningsGrowthYOY="-1"
QuarterlyRevenueGrowthYOY="-0.363"
AnalystTargetPrice="21"
TrailingPE="27.9"
ForwardPE="10.28"
PriceToSalesRatioTTM="1.804"
PriceToBookRatio="1.75"
EVToRevenue="1.822"
EVToEBITDA="11.28"
Beta="0.378"
num_52WeekHigh="21.76"
num_52WeekLow="13.92"
num_50DayMovingAverage="15.42"
num_200DayMovingAverage="17.04"
SharesOutstanding="51221000"
DividendDate="None"
ExDividendDate="None"
symbol="ASLE"
open="14.88"
high="14.96"
low="14.71"
price="14.71"
volume="356459.00"
latest_trading_day="2023-07-14"
previous_close="14.88"
change="-0.17"
change_percent="-1.1425%"
aroon_positive_momentum_days="0"
aroon_negative_momentum_days="79"
trend_strength="Absent or Weak Trend"
buying_signal="Strong Sell Signal"
volume_analysis="Target Volume"
value_analysis="Expected Range"
Aroon_change="FALSE"
Aroon_momentum="21"
Volume_recent_avg="314957"
Change_recent_avg="0.01"
Delta_recent_avg="0.47"
Variance_recent_avg="0.24"
Change_ratio_recent_avg="0.02"
RSI_change="FALSE"
ADX_change="FALSE"

event="FALSE"
Aroon_signal="negative"
Aroon_change="FALSE"
Aroon_momentum_positive="21"
Aroon_momentum_negative="79"
image_negative_thumbnail_id_1="128"
image_negative_url_1="https://hehge.com/wp-content/uploads/sites/16/2023/05/MI_Finance_Negative_Landscape_0048.jpeg"
image_negative_thumbnail_id_2="116"
image_negative_url_2="https://hehge.com/wp-content/uploads/sites/16/2023/05/MI_Finance_Negative_Landscape_0060.jpeg"
image_neutral_thumbnail_id_1="554"
image_neutral_url_1="https://hehge.com/wp-content/uploads/sites/16/2023/06/MI_Finance_Neutral_Landscape_0045.jpeg"
image_neutral_thumbnail_id_2="536"
image_neutral_url_2="https://hehge.com/wp-content/uploads/sites/16/2023/06/MI_Finance_Neutral_Landscape_0063.jpeg"
image_positive_thumbnail_id_1="683"
image_positive_url_1="https://hehge.com/wp-content/uploads/sites/16/2023/06/MI_Finance_Positive_Landscape_0025.jpeg"
image_positive_thumbnail_id_2="990"
image_positive_url_2="https://hehge.com/wp-content/uploads/sites/16/2023/06/MI_Finance_Positive_Landscape_0152.jpeg"
image_professor_thumbnail_id_1="1170"
image_professor_url_1="https://hehge.com/wp-content/uploads/sites/16/2023/06/MI_Finance_Professor_Landscape_0004.jpeg"
image_professor_thumbnail_id_2="1189"
image_professor_url_2="https://hehge.com/wp-content/uploads/sites/16/2023/06/MI_Finance_Professor_Landscape_0023.jpeg"
