Symbol="SGHC"
AssetType="Common Stock"
Name="SGHC Limited"
Description="Super Group (SGHC) Limited is an online sports betting and gaming operator. The company is headquartered in Saint Peter Port, Guernsey."
CIK="1878057"
Exchange="NYSE"
Currency="USD"
Country="USA"
Sector="TRADE & SERVICES"
Industry="SERVICES-MISCELLANEOUS AMUSEMENT & RECREATION"
Address="KINGSWAY HOUSE, HAVILLAND STREET, ST. PETER PORT, GG"
FiscalYearEnd="December"
LatestQuarter="2023-06-30"
MarketCapitalization="1834590000"
EBITDA="122841000"
PERatio="4.842"
PEGRatio="None"
BookValue="1.103"
DividendPerShare="0"
DividendYield="0"
EPS="0.76"
RevenuePerShareTTM="2.742"
ProfitMargin="0.0518"
OperatingMarginTTM="0.0512"
ReturnOnAssetsTTM="0.0517"
ReturnOnEquityTTM="0.149"
RevenueTTM="1356225000"
GrossProfitTTM="312910000"
DilutedEPSTTM="0.76"
QuarterlyEarningsGrowthYOY="-0.913"
QuarterlyRevenueGrowthYOY="0.187"
AnalystTargetPrice="4.83"
TrailingPE="4.842"
ForwardPE="14.31"
PriceToSalesRatioTTM="1.097"
PriceToBookRatio="3.262"
EVToRevenue="0.974"
EVToEBITDA="3.886"
Beta="1.021"
num_52WeekHigh="4.44"
num_52WeekLow="2.57"
num_50DayMovingAverage="3.193"
num_200DayMovingAverage="3.423"
SharesOutstanding="498530000"
DividendDate="None"
ExDividendDate="None"
symbol="SGHC"
open="3.53"
high="3.74"
low="3.53"
price="3.68"
volume="337937.00"
latest_trading_day="2023-08-25"
previous_close="3.53"
change="0.15"
change_percent="4.2493%"
aroon_positive_momentum_days="0"
aroon_negative_momentum_days="80"
trend_strength="Absent or Weak Trend"
buying_signal="High Volatility / Hold Signal"
volume_analysis="Target Volume"
value_analysis="Expected Range"
Aroon_change="FALSE"
Aroon_momentum="20"
Volume_recent_avg="476028"
Change_recent_avg="0.01"
Delta_recent_avg="0.2"
Variance_recent_avg="0.1"
Change_ratio_recent_avg="0.1"
RSI_change="FALSE"
ADX_change="FALSE"

event="FALSE"
Aroon_signal="negative"
Aroon_change="FALSE"
Aroon_momentum_positive="20"
Aroon_momentum_negative="80"
image_negative_thumbnail_id_1="162"
image_negative_url_1="https://hehge.com/wp-content/uploads/sites/16/2023/05/MI_Finance_Negative_Landscape_0014.jpeg"
image_negative_thumbnail_id_2="131"
image_negative_url_2="https://hehge.com/wp-content/uploads/sites/16/2023/05/MI_Finance_Negative_Landscape_0045.jpeg"
image_neutral_thumbnail_id_1="586"
image_neutral_url_1="https://hehge.com/wp-content/uploads/sites/16/2023/06/MI_Finance_Neutral_Landscape_0013.jpeg"
image_neutral_thumbnail_id_2="597"
image_neutral_url_2="https://hehge.com/wp-content/uploads/sites/16/2023/06/MI_Finance_Neutral_Landscape_0002.jpeg"
image_positive_thumbnail_id_1="1014"
image_positive_url_1="https://hehge.com/wp-content/uploads/sites/16/2023/06/MI_Finance_Positive_Landscape_0176.jpeg"
image_positive_thumbnail_id_2="649"
image_positive_url_2="https://hehge.com/wp-content/uploads/sites/16/2023/06/MI_Finance_Positive_Landscape_0059.jpeg"
image_professor_thumbnail_id_1="1167"
image_professor_url_1="https://hehge.com/wp-content/uploads/sites/16/2023/06/MI_Finance_Professor_Landscape_0001.jpeg"
image_professor_thumbnail_id_2="1190"
image_professor_url_2="https://hehge.com/wp-content/uploads/sites/16/2023/06/MI_Finance_Professor_Landscape_0024.jpeg"
