Symbol="IAC"
AssetType="Common Stock"
Name="IAC Inc."
Description="IAC / InterActiveCorp is a global Internet and media company. The company is headquartered in New York, New York."
CIK="1800227"
Exchange="NASDAQ"
Currency="USD"
Country="USA"
Sector="TRADE & SERVICES"
Industry="RETAIL-RETAIL STORES, NEC"
Address="555 WEST 18TH STREET, NEW YORK, NY, US"
FiscalYearEnd="December"
LatestQuarter="2023-03-31"
MarketCapitalization="5668147000"
EBITDA="11467000"
PERatio="None"
PEGRatio="13.62"
BookValue="71.9"
DividendPerShare="0"
DividendYield="0"
EPS="-6.1"
RevenuePerShareTTM="58.05"
ProfitMargin="-0.103"
OperatingMarginTTM="-0.0862"
ReturnOnAssetsTTM="-0.0238"
ReturnOnEquityTTM="-0.0745"
RevenueTTM="4994206000"
GrossProfitTTM="3337110000"
DilutedEPSTTM="-6.1"
QuarterlyEarningsGrowthYOY="-0.976"
QuarterlyRevenueGrowthYOY="-0.182"
AnalystTargetPrice="84.93"
TrailingPE="-"
ForwardPE="178.57"
PriceToSalesRatioTTM="0.782"
PriceToBookRatio="0.722"
EVToRevenue="0.912"
EVToEBITDA="-4.474"
Beta="1.178"
num_52WeekHigh="79.71"
num_52WeekLow="41.52"
num_50DayMovingAverage="61.87"
num_200DayMovingAverage="53.19"
SharesOutstanding="80066000"
DividendDate="2015-12-01"
ExDividendDate="2015-11-10"
symbol="IAC"
open="67.00"
high="67.19"
low="65.73"
price="66.10"
volume="417018.00"
latest_trading_day="2023-07-27"
previous_close="66.04"
change="0.06"
change_percent="0.0909%"
aroon_positive_momentum_days="74"
aroon_negative_momentum_days="0"
trend_strength="Absent or Weak Trend"
buying_signal="Strong Buy Signal"
volume_analysis="Target Volume"
value_analysis="Expected Range"
Aroon_change="FALSE"
Aroon_momentum="74"
Volume_recent_avg="641012"
Change_recent_avg="-0.01"
Delta_recent_avg="1.57"
Variance_recent_avg="0.78"
Change_ratio_recent_avg="-0.03"
RSI_change="FALSE"
ADX_change="FALSE"

event="FALSE"
Aroon_signal="positive"
Aroon_change="FALSE"
Aroon_momentum_positive="74"
Aroon_momentum_negative="26"
image_negative_thumbnail_id_1="504"
image_negative_url_1="https://hehge.com/wp-content/uploads/sites/16/2023/06/MI_Finance_Negative_Landscape_0101.jpeg"
image_negative_thumbnail_id_2="1164"
image_negative_url_2="https://hehge.com/wp-content/uploads/sites/16/2023/06/MI_Finance_Negative_Landscape_0198.jpeg"
image_neutral_thumbnail_id_1="569"
image_neutral_url_1="https://hehge.com/wp-content/uploads/sites/16/2023/06/MI_Finance_Neutral_Landscape_0030.jpeg"
image_neutral_thumbnail_id_2="544"
image_neutral_url_2="https://hehge.com/wp-content/uploads/sites/16/2023/06/MI_Finance_Neutral_Landscape_0055.jpeg"
image_positive_thumbnail_id_1="638"
image_positive_url_1="https://hehge.com/wp-content/uploads/sites/16/2023/06/MI_Finance_Positive_Landscape_0070.jpeg"
image_positive_thumbnail_id_2="643"
image_positive_url_2="https://hehge.com/wp-content/uploads/sites/16/2023/06/MI_Finance_Positive_Landscape_0065.jpeg"
image_professor_thumbnail_id_1="1188"
image_professor_url_1="https://hehge.com/wp-content/uploads/sites/16/2023/06/MI_Finance_Professor_Landscape_0022.jpeg"
image_professor_thumbnail_id_2="1184"
image_professor_url_2="https://hehge.com/wp-content/uploads/sites/16/2023/06/MI_Finance_Professor_Landscape_0018.jpeg"
