Symbol="THCH"
AssetType="Common Stock"
Name="TH International Limited"
Description="TH International Limited operates Tim Hortons coffee shops in mainland China, Hong Kong and Macau. The company is headquartered in Shanghai, the People's Republic of China."
CIK="1877333"
Exchange="NASDAQ"
Currency="USD"
Country="China"
Sector="TRADE & SERVICES"
Industry="RETAIL-EATING PLACES"
Address="2501 CENTRAL PLAZA, 227 HUANGPI NORTH ROAD, SHANGHAI, NY, CHINA"
FiscalYearEnd="December"
LatestQuarter="2023-06-30"
MarketCapitalization="497079000"
EBITDA="-422432704"
PERatio="None"
PEGRatio="None"
BookValue="0.658"
DividendPerShare="0"
DividendYield="0"
EPS="-0.76"
RevenuePerShareTTM="8.51"
ProfitMargin="-0.683"
OperatingMarginTTM="-0.501"
ReturnOnAssetsTTM="-0.18"
ReturnOnEquityTTM="-3.482"
RevenueTTM="1122886000"
GrossProfitTTM="69142000"
DilutedEPSTTM="-0.76"
QuarterlyEarningsGrowthYOY="0"
QuarterlyRevenueGrowthYOY="0.498"
AnalystTargetPrice="None"
TrailingPE="-"
ForwardPE="-"
PriceToSalesRatioTTM="0.574"
PriceToBookRatio="12.53"
EVToRevenue="0.579"
EVToEBITDA="-0.835"
Beta="0.107"
num_52WeekHigh="8.35"
num_52WeekLow="2.26"
num_50DayMovingAverage="3.08"
num_200DayMovingAverage="3.875"
SharesOutstanding="160348000"
DividendDate="None"
ExDividendDate="None"
symbol="THCH"
open="3.08"
high="3.15"
low="2.85"
price="2.86"
volume="494221.00"
latest_trading_day="2023-07-17"
previous_close="3.10"
change="-0.24"
change_percent="-7.7419%"
aroon_positive_momentum_days="0"
aroon_negative_momentum_days="52"
trend_strength="Absent or Weak Trend"
buying_signal="Weak Sell Signal"
volume_analysis="Target Volume"
value_analysis="Expected Range"
Aroon_change="FALSE"
Aroon_momentum="48"
Volume_recent_avg="363473"
Change_recent_avg="-0.03"
Delta_recent_avg="0.3"
Variance_recent_avg="0.15"
Change_ratio_recent_avg="-0.83"
RSI_change="FALSE"
ADX_change="FALSE"

event="FALSE"
Aroon_signal="negative"
Aroon_change="FALSE"
Aroon_momentum_positive="48"
Aroon_momentum_negative="52"
image_negative_thumbnail_id_1="121"
image_negative_url_1="https://hehge.com/wp-content/uploads/sites/16/2023/05/MI_Finance_Negative_Landscape_0055.jpeg"
image_negative_thumbnail_id_2="123"
image_negative_url_2="https://hehge.com/wp-content/uploads/sites/16/2023/05/MI_Finance_Negative_Landscape_0053.jpeg"
image_neutral_thumbnail_id_1="565"
image_neutral_url_1="https://hehge.com/wp-content/uploads/sites/16/2023/06/MI_Finance_Neutral_Landscape_0034.jpeg"
image_neutral_thumbnail_id_2="538"
image_neutral_url_2="https://hehge.com/wp-content/uploads/sites/16/2023/06/MI_Finance_Neutral_Landscape_0061.jpeg"
image_positive_thumbnail_id_1="620"
image_positive_url_1="https://hehge.com/wp-content/uploads/sites/16/2023/06/MI_Finance_Positive_Landscape_0088.jpeg"
image_positive_thumbnail_id_2="703"
image_positive_url_2="https://hehge.com/wp-content/uploads/sites/16/2023/06/MI_Finance_Positive_Landscape_0005.jpeg"
image_professor_thumbnail_id_1="1197"
image_professor_url_1="https://hehge.com/wp-content/uploads/sites/16/2023/06/MI_Finance_Professor_Landscape_0031.jpeg"
image_professor_thumbnail_id_2="1169"
image_professor_url_2="https://hehge.com/wp-content/uploads/sites/16/2023/06/MI_Finance_Professor_Landscape_0003.jpeg"
