Symbol="HOFV"
AssetType="Common Stock"
Name="Hall of Fame Resort Entertainment Co"
Description="Hall of Fame Resort & Entertainment Company, a resort and entertainment company, operating as the Pro Football Hall of Fame. The company is headquartered in Canton, Ohio."
CIK="1708176"
Exchange="NASDAQ"
Currency="USD"
Country="USA"
Sector="TRADE & SERVICES"
Industry="SERVICES-MISCELLANEOUS AMUSEMENT & RECREATION"
Address="2626 FULTON DRIVE NW, CANTON, OH, US"
FiscalYearEnd="December"
LatestQuarter="2023-03-31"
MarketCapitalization="59964000"
EBITDA="-31252220"
PERatio="None"
PEGRatio="None"
BookValue="30.67"
DividendPerShare="0"
DividendYield="0"
EPS="-9.41"
RevenuePerShareTTM="3.13"
ProfitMargin="0"
OperatingMarginTTM="-2.507"
ReturnOnAssetsTTM="-0.0654"
ReturnOnEquityTTM="-0.296"
RevenueTTM="16993300"
GrossProfitTTM="-24998292"
DilutedEPSTTM="-9.41"
QuarterlyEarningsGrowthYOY="0"
QuarterlyRevenueGrowthYOY="0.481"
AnalystTargetPrice="20.75"
TrailingPE="-"
ForwardPE="-"
PriceToSalesRatioTTM="4.254"
PriceToBookRatio="0.341"
EVToRevenue="13.45"
EVToEBITDA="55.6"
Beta="1.327"
num_52WeekHigh="27.28"
num_52WeekLow="6.32"
num_50DayMovingAverage="9.11"
num_200DayMovingAverage="10.48"
SharesOutstanding="5657000"
DividendDate="None"
ExDividendDate="None"
symbol="HOFV"
open="10.75"
high="10.99"
low="10.14"
price="10.41"
volume="14875.00"
latest_trading_day="2023-07-31"
previous_close="10.60"
change="-0.19"
change_percent="-1.7925%"
aroon_positive_momentum_days="45"
aroon_negative_momentum_days="0"
trend_strength="Absent or Weak Trend"
buying_signal="Strong Buy Signal"
volume_analysis="Target Volume"
value_analysis="Expected Range"
Aroon_change="FALSE"
Aroon_momentum="45"
Volume_recent_avg="20661"
Change_recent_avg="0.01"
Delta_recent_avg="0.54"
Variance_recent_avg="0.27"
Change_ratio_recent_avg="-0.04"
RSI_change="FALSE"
ADX_change="FALSE"

event="FALSE"
Aroon_signal="positive"
Aroon_change="FALSE"
Aroon_momentum_positive="45"
Aroon_momentum_negative="55"
image_negative_thumbnail_id_1="93"
image_negative_url_1="https://hehge.com/wp-content/uploads/sites/16/2023/05/MI_Finance_Negative_Landscape_0083.jpeg"
image_negative_thumbnail_id_2="1127"
image_negative_url_2="https://hehge.com/wp-content/uploads/sites/16/2023/06/MI_Finance_Negative_Landscape_0160.jpeg"
image_neutral_thumbnail_id_1="590"
image_neutral_url_1="https://hehge.com/wp-content/uploads/sites/16/2023/06/MI_Finance_Neutral_Landscape_0009.jpeg"
image_neutral_thumbnail_id_2="527"
image_neutral_url_2="https://hehge.com/wp-content/uploads/sites/16/2023/06/MI_Finance_Neutral_Landscape_0072.jpeg"
image_positive_thumbnail_id_1="662"
image_positive_url_1="https://hehge.com/wp-content/uploads/sites/16/2023/06/MI_Finance_Positive_Landscape_0046.jpeg"
image_positive_thumbnail_id_2="620"
image_positive_url_2="https://hehge.com/wp-content/uploads/sites/16/2023/06/MI_Finance_Positive_Landscape_0088.jpeg"
image_professor_thumbnail_id_1="1203"
image_professor_url_1="https://hehge.com/wp-content/uploads/sites/16/2023/06/MI_Finance_Professor_Landscape_0037.jpeg"
image_professor_thumbnail_id_2="1167"
image_professor_url_2="https://hehge.com/wp-content/uploads/sites/16/2023/06/MI_Finance_Professor_Landscape_0001.jpeg"
