Symbol="ROVR"
AssetType="Common Stock"
Name="Rover Group Inc"
Description="Rover Group, Inc. operates a global online marketplace for pet care. The company is headquartered in Seattle, Washington."
CIK="1826018"
Exchange="NASDAQ"
Currency="USD"
Country="USA"
Sector="TRADE & SERVICES"
Industry="SERVICES-PERSONAL SERVICES"
Address="720 OLIVE WAY, 19TH FLOOR, SEATTLE, WA, US"
FiscalYearEnd="December"
LatestQuarter="2023-03-31"
MarketCapitalization="998688000"
EBITDA="-70000"
PERatio="None"
PEGRatio="None"
BookValue="1.657"
DividendPerShare="0"
DividendYield="0"
EPS="-0.1"
RevenuePerShareTTM="1.023"
ProfitMargin="-0.0987"
OperatingMarginTTM="-0.0308"
ReturnOnAssetsTTM="-0.0087"
ReturnOnEquityTTM="-0.0604"
RevenueTTM="187306000"
GrossProfitTTM="132952000"
DilutedEPSTTM="-0.1"
QuarterlyEarningsGrowthYOY="-0.867"
QuarterlyRevenueGrowthYOY="0.478"
AnalystTargetPrice="5.78"
TrailingPE="-"
ForwardPE="-"
PriceToSalesRatioTTM="4.879"
PriceToBookRatio="2.834"
EVToRevenue="3.938"
EVToEBITDA="30.86"
Beta="1.532"
num_52WeekHigh="5.29"
num_52WeekLow="3.14"
num_50DayMovingAverage="4.71"
num_200DayMovingAverage="4.292"
SharesOutstanding="184220000"
DividendDate="None"
ExDividendDate="None"
symbol="ROVR"
open="5.23"
high="5.25"
low="5.11"
price="5.12"
volume="576959.00"
latest_trading_day="2023-07-13"
previous_close="5.18"
change="-0.06"
change_percent="-1.1583%"
aroon_positive_momentum_days="83"
aroon_negative_momentum_days="0"
trend_strength="Absent or Weak Trend"
buying_signal="Strong Buy Signal"
volume_analysis="Target Volume"
value_analysis="Expected Range"
Aroon_change="FALSE"
Aroon_momentum="83"
Volume_recent_avg="713552"
Change_recent_avg="0.01"
Delta_recent_avg="0.18"
Variance_recent_avg="0.09"
Change_ratio_recent_avg="0.04"
RSI_change="FALSE"
ADX_change="FALSE"

event="FALSE"
Aroon_signal="positive"
Aroon_change="FALSE"
Aroon_momentum_positive="83"
Aroon_momentum_negative="17"
image_negative_thumbnail_id_1="1099"
image_negative_url_1="https://hehge.com/wp-content/uploads/sites/16/2023/06/MI_Finance_Negative_Landscape_0132.jpeg"
image_negative_thumbnail_id_2="1163"
image_negative_url_2="https://hehge.com/wp-content/uploads/sites/16/2023/06/MI_Finance_Negative_Landscape_0197.jpeg"
image_neutral_thumbnail_id_1="534"
image_neutral_url_1="https://hehge.com/wp-content/uploads/sites/16/2023/06/MI_Finance_Neutral_Landscape_0065.jpeg"
image_neutral_thumbnail_id_2="539"
image_neutral_url_2="https://hehge.com/wp-content/uploads/sites/16/2023/06/MI_Finance_Neutral_Landscape_0060.jpeg"
image_positive_thumbnail_id_1="1006"
image_positive_url_1="https://hehge.com/wp-content/uploads/sites/16/2023/06/MI_Finance_Positive_Landscape_0168.jpeg"
image_positive_thumbnail_id_2="1013"
image_positive_url_2="https://hehge.com/wp-content/uploads/sites/16/2023/06/MI_Finance_Positive_Landscape_0175.jpeg"
image_professor_thumbnail_id_1="1191"
image_professor_url_1="https://hehge.com/wp-content/uploads/sites/16/2023/06/MI_Finance_Professor_Landscape_0025.jpeg"
image_professor_thumbnail_id_2="1188"
image_professor_url_2="https://hehge.com/wp-content/uploads/sites/16/2023/06/MI_Finance_Professor_Landscape_0022.jpeg"
