Symbol="GRWG"
AssetType="Common Stock"
Name="GrowGeneration Corp"
Description="GrowGeneration Corp. The company is headquartered in Denver, Colorado."
CIK="1604868"
Exchange="NASDAQ"
Currency="USD"
Country="USA"
Sector="TRADE & SERVICES"
Industry="RETAIL-BUILDING MATERIALS, HARDWARE, GARDEN SUPPLY"
Address="503 N. MAIN ST., SUITE 740, PUEBLO, CO, US"
FiscalYearEnd="December"
LatestQuarter="2023-06-30"
MarketCapitalization="161040000"
EBITDA="-22384000"
PERatio="None"
PEGRatio="None"
BookValue="3.372"
DividendPerShare="0"
DividendYield="0"
EPS="-0.55"
RevenuePerShareTTM="4.036"
ProfitMargin="-0.138"
OperatingMarginTTM="-0.154"
ReturnOnAssetsTTM="-0.0794"
ReturnOnEquityTTM="-0.153"
RevenueTTM="246058000"
GrossProfitTTM="70263000"
DilutedEPSTTM="-0.55"
QuarterlyEarningsGrowthYOY="0.147"
QuarterlyRevenueGrowthYOY="-0.101"
AnalystTargetPrice="4.96"
TrailingPE="-"
ForwardPE="42.73"
PriceToSalesRatioTTM="1.047"
PriceToBookRatio="1.577"
EVToRevenue="1.08"
EVToEBITDA="-2.401"
Beta="3.028"
num_52WeekHigh="8.63"
num_52WeekLow="2.55"
num_50DayMovingAverage="3.352"
num_200DayMovingAverage="4.12"
SharesOutstanding="61232000"
DividendDate="None"
ExDividendDate="None"
symbol="GRWG"
open="2.60"
high="2.67"
low="2.55"
price="2.63"
volume="448200.00"
latest_trading_day="2023-08-25"
previous_close="2.61"
change="0.02"
change_percent="0.7663%"
aroon_positive_momentum_days="0"
aroon_negative_momentum_days="48"
trend_strength="Absent or Weak Trend"
buying_signal="Strong Sell Signal"
volume_analysis="Target Volume"
value_analysis="Expected Range"
Aroon_change="FALSE"
Aroon_momentum="52"
Volume_recent_avg="903674"
Change_recent_avg="-0.01"
Delta_recent_avg="0.21"
Variance_recent_avg="0.11"
Change_ratio_recent_avg="-0.37"
RSI_change="FALSE"
ADX_change="FALSE"

event="FALSE"
Aroon_signal="negative"
Aroon_change="FALSE"
Aroon_momentum_positive="52"
Aroon_momentum_negative="48"
image_negative_thumbnail_id_1="1094"
image_negative_url_1="https://hehge.com/wp-content/uploads/sites/16/2023/06/MI_Finance_Negative_Landscape_0127.jpeg"
image_negative_thumbnail_id_2="520"
image_negative_url_2="https://hehge.com/wp-content/uploads/sites/16/2023/06/MI_Finance_Negative_Landscape_0085.jpeg"
image_neutral_thumbnail_id_1="538"
image_neutral_url_1="https://hehge.com/wp-content/uploads/sites/16/2023/06/MI_Finance_Neutral_Landscape_0061.jpeg"
image_neutral_thumbnail_id_2="550"
image_neutral_url_2="https://hehge.com/wp-content/uploads/sites/16/2023/06/MI_Finance_Neutral_Landscape_0049.jpeg"
image_positive_thumbnail_id_1="646"
image_positive_url_1="https://hehge.com/wp-content/uploads/sites/16/2023/06/MI_Finance_Positive_Landscape_0062.jpeg"
image_positive_thumbnail_id_2="627"
image_positive_url_2="https://hehge.com/wp-content/uploads/sites/16/2023/06/MI_Finance_Positive_Landscape_0081.jpeg"
image_professor_thumbnail_id_1="1198"
image_professor_url_1="https://hehge.com/wp-content/uploads/sites/16/2023/06/MI_Finance_Professor_Landscape_0032.jpeg"
image_professor_thumbnail_id_2="1188"
image_professor_url_2="https://hehge.com/wp-content/uploads/sites/16/2023/06/MI_Finance_Professor_Landscape_0022.jpeg"
