Symbol="RH"
AssetType="Common Stock"
Name="RH"
Description="RH, is a home furnishings retailer. The company is headquartered in Corte Madera, California."
CIK="1528849"
Exchange="NYSE"
Currency="USD"
Country="USA"
Sector="TRADE & SERVICES"
Industry="RETAIL-FURNITURE STORES"
Address="15 KOCH ROAD, SUITE K, CORTE MADERA, CA, US"
FiscalYearEnd="February"
LatestQuarter="2023-02-28"
MarketCapitalization="7017571000"
EBITDA="730661000"
PERatio="26.18"
PEGRatio="1.563"
BookValue="38.06"
DividendPerShare="0"
DividendYield="0"
EPS="14.57"
RevenuePerShareTTM="144.22"
ProfitMargin="0.11"
OperatingMarginTTM="0.184"
ReturnOnAssetsTTM="0.069"
ReturnOnEquityTTM="0.339"
RevenueTTM="3372347000"
GrossProfitTTM="1811985000"
DilutedEPSTTM="14.57"
QuarterlyEarningsGrowthYOY="-0.756"
QuarterlyRevenueGrowthYOY="-0.228"
AnalystTargetPrice="285.67"
TrailingPE="26.18"
ForwardPE="12.76"
PriceToSalesRatioTTM="1.649"
PriceToBookRatio="5.01"
EVToRevenue="2.177"
EVToEBITDA="10.58"
Beta="2.174"
num_52WeekHigh="385.39"
num_52WeekLow="227"
num_50DayMovingAverage="298.39"
num_200DayMovingAverage="277.51"
SharesOutstanding="18394200"
DividendDate="None"
ExDividendDate="None"
symbol="RH"
open="378.66"
high="385.39"
low="374.94"
price="381.51"
volume="505676.00"
latest_trading_day="2023-07-24"
previous_close="377.72"
change="3.79"
change_percent="1.0034%"
aroon_positive_momentum_days="43"
aroon_negative_momentum_days="0"
trend_strength="Absent or Weak Trend"
buying_signal="Weak Buy Signal"
volume_analysis="Trending Low"
value_analysis="Bearish Trend"
Aroon_change="FALSE"
Aroon_momentum="43"
Volume_recent_avg="875046"
Change_recent_avg="0.83"
Delta_recent_avg="9.07"
Variance_recent_avg="4.54"
Change_ratio_recent_avg="0.24"
RSI_change="FALSE"
ADX_change="FALSE"

event="FALSE"
Aroon_signal="positive"
Aroon_change="FALSE"
Aroon_momentum_positive="43"
Aroon_momentum_negative="57"
image_negative_thumbnail_id_1="100"
image_negative_url_1="https://hehge.com/wp-content/uploads/sites/16/2023/05/MI_Finance_Negative_Landscape_0076.jpeg"
image_negative_thumbnail_id_2="505"
image_negative_url_2="https://hehge.com/wp-content/uploads/sites/16/2023/06/MI_Finance_Negative_Landscape_0100.jpeg"
image_neutral_thumbnail_id_1="553"
image_neutral_url_1="https://hehge.com/wp-content/uploads/sites/16/2023/06/MI_Finance_Neutral_Landscape_0046.jpeg"
image_neutral_thumbnail_id_2="538"
image_neutral_url_2="https://hehge.com/wp-content/uploads/sites/16/2023/06/MI_Finance_Neutral_Landscape_0061.jpeg"
image_positive_thumbnail_id_1="995"
image_positive_url_1="https://hehge.com/wp-content/uploads/sites/16/2023/06/MI_Finance_Positive_Landscape_0157.jpeg"
image_positive_thumbnail_id_2="612"
image_positive_url_2="https://hehge.com/wp-content/uploads/sites/16/2023/06/MI_Finance_Positive_Landscape_0096.jpeg"
image_professor_thumbnail_id_1="1173"
image_professor_url_1="https://hehge.com/wp-content/uploads/sites/16/2023/06/MI_Finance_Professor_Landscape_0007.jpeg"
image_professor_thumbnail_id_2="1167"
image_professor_url_2="https://hehge.com/wp-content/uploads/sites/16/2023/06/MI_Finance_Professor_Landscape_0001.jpeg"
