Symbol="W"
AssetType="Common Stock"
Name="Wayfair Inc"
Description="Wayfair Inc. is involved in the e-commerce business in the United States and internationally. The company is headquartered in Boston, Massachusetts."
CIK="1616707"
Exchange="NYSE"
Currency="USD"
Country="USA"
Sector="TRADE & SERVICES"
Industry="RETAIL-CATALOG & MAIL-ORDER HOUSES"
Address="4 COPLEY PLACE, BOSTON, MA, US"
FiscalYearEnd="December"
LatestQuarter="2023-06-30"
MarketCapitalization="8421825000"
EBITDA="-870000000"
PERatio="None"
PEGRatio="23.5"
BookValue="-23.96"
DividendPerShare="0"
DividendYield="0"
EPS="-12.43"
RevenuePerShareTTM="109.05"
ProfitMargin="-0.0871"
OperatingMarginTTM="-0.0881"
ReturnOnAssetsTTM="-0.175"
ReturnOnEquityTTM="0"
RevenueTTM="11886000000"
GrossProfitTTM="3416000000"
DilutedEPSTTM="-12.43"
QuarterlyEarningsGrowthYOY="-0.551"
QuarterlyRevenueGrowthYOY="-0.034"
AnalystTargetPrice="87.14"
TrailingPE="-"
ForwardPE="104.17"
PriceToSalesRatioTTM="0.321"
PriceToBookRatio="-"
EVToRevenue="0.582"
EVToEBITDA="-8.94"
Beta="3.193"
num_52WeekHigh="90.71"
num_52WeekLow="28.11"
num_50DayMovingAverage="64.42"
num_200DayMovingAverage="45.58"
SharesOutstanding="86600000"
DividendDate="None"
ExDividendDate="None"
symbol="W"
open="74.50"
high="75.32"
low="71.22"
price="75.00"
volume="4353531.00"
latest_trading_day="2023-08-11"
previous_close="72.85"
change="2.15"
change_percent="2.9513%"
aroon_positive_momentum_days="50"
aroon_negative_momentum_days="0"
trend_strength="Absent or Weak Trend"
buying_signal="Strong Buy Signal"
volume_analysis="Target Volume"
value_analysis="Expected Range"
Aroon_change="FALSE"
Aroon_momentum="50"
Volume_recent_avg="5330958"
Change_recent_avg="0.07"
Delta_recent_avg="3.07"
Variance_recent_avg="1.53"
Change_ratio_recent_avg="0.17"
RSI_change="FALSE"
ADX_change="FALSE"

event="FALSE"
Aroon_signal="positive"
Aroon_change="FALSE"
Aroon_momentum_positive="50"
Aroon_momentum_negative="50"
image_negative_thumbnail_id_1="1121"
image_negative_url_1="https://hehge.com/wp-content/uploads/sites/16/2023/06/MI_Finance_Negative_Landscape_0154.jpeg"
image_negative_thumbnail_id_2="120"
image_negative_url_2="https://hehge.com/wp-content/uploads/sites/16/2023/05/MI_Finance_Negative_Landscape_0056.jpeg"
image_neutral_thumbnail_id_1="527"
image_neutral_url_1="https://hehge.com/wp-content/uploads/sites/16/2023/06/MI_Finance_Neutral_Landscape_0072.jpeg"
image_neutral_thumbnail_id_2="543"
image_neutral_url_2="https://hehge.com/wp-content/uploads/sites/16/2023/06/MI_Finance_Neutral_Landscape_0056.jpeg"
image_positive_thumbnail_id_1="983"
image_positive_url_1="https://hehge.com/wp-content/uploads/sites/16/2023/06/MI_Finance_Positive_Landscape_0145.jpeg"
image_positive_thumbnail_id_2="971"
image_positive_url_2="https://hehge.com/wp-content/uploads/sites/16/2023/06/MI_Finance_Positive_Landscape_0133.jpeg"
image_professor_thumbnail_id_1="1171"
image_professor_url_1="https://hehge.com/wp-content/uploads/sites/16/2023/06/MI_Finance_Professor_Landscape_0005.jpeg"
image_professor_thumbnail_id_2="1169"
image_professor_url_2="https://hehge.com/wp-content/uploads/sites/16/2023/06/MI_Finance_Professor_Landscape_0003.jpeg"
