Symbol="DLHC"
AssetType="Common Stock"
Name="DLH Holdings Corp"
Description="DLH Holdings Corp. The company is headquartered in Atlanta, Georgia."
CIK="785557"
Exchange="NASDAQ"
Currency="USD"
Country="USA"
Sector="TRADE & SERVICES"
Industry="SERVICES-HELP SUPPLY SERVICES"
Address="1776 PEACHTREE STREET, N.W., ATLANTA, GA, US"
FiscalYearEnd="September"
LatestQuarter="2023-06-30"
MarketCapitalization="154012000"
EBITDA="34816000"
PERatio="20.91"
PEGRatio="1.126"
BookValue="7.57"
DividendPerShare="0"
DividendYield="0"
EPS="0.53"
RevenuePerShareTTM="25.35"
ProfitMargin="0.022"
OperatingMarginTTM="0.0633"
ReturnOnAssetsTTM="0.0498"
ReturnOnEquityTTM="0.0781"
RevenueTTM="341618000"
GrossProfitTTM="72287000"
DilutedEPSTTM="0.53"
QuarterlyEarningsGrowthYOY="-0.647"
QuarterlyRevenueGrowthYOY="0.539"
AnalystTargetPrice="21"
TrailingPE="20.91"
ForwardPE="17.45"
PriceToSalesRatioTTM="0.423"
PriceToBookRatio="1.772"
EVToRevenue="0.511"
EVToEBITDA="5.01"
Beta="1.376"
num_52WeekHigh="15.99"
num_52WeekLow="9.01"
num_50DayMovingAverage="10.41"
num_200DayMovingAverage="11.31"
SharesOutstanding="13900000"
DividendDate="None"
ExDividendDate="None"
symbol="DLHC"
open="11.04"
high="11.17"
low="11.04"
price="11.08"
volume="2981.00"
latest_trading_day="2023-08-30"
previous_close="11.20"
change="-0.12"
change_percent="-1.0714%"
aroon_positive_momentum_days="0"
aroon_negative_momentum_days="45"
trend_strength="Absent or Weak Trend"
buying_signal="Weak Sell Signal"
volume_analysis="Target Volume"
value_analysis="Expected Range"
Aroon_change="FALSE"
Aroon_momentum="55"
Volume_recent_avg="22096"
Change_recent_avg="0.02"
Delta_recent_avg="0.4"
Variance_recent_avg="0.2"
Change_ratio_recent_avg="0.16"
RSI_change="FALSE"
ADX_change="FALSE"

event="FALSE"
Aroon_signal="negative"
Aroon_change="FALSE"
Aroon_momentum_positive="55"
Aroon_momentum_negative="45"
image_negative_thumbnail_id_1="511"
image_negative_url_1="https://hehge.com/wp-content/uploads/sites/16/2023/06/MI_Finance_Negative_Landscape_0094.jpeg"
image_negative_thumbnail_id_2="148"
image_negative_url_2="https://hehge.com/wp-content/uploads/sites/16/2023/05/MI_Finance_Negative_Landscape_0028.jpeg"
image_neutral_thumbnail_id_1="532"
image_neutral_url_1="https://hehge.com/wp-content/uploads/sites/16/2023/06/MI_Finance_Neutral_Landscape_0067.jpeg"
image_neutral_thumbnail_id_2="565"
image_neutral_url_2="https://hehge.com/wp-content/uploads/sites/16/2023/06/MI_Finance_Neutral_Landscape_0034.jpeg"
image_positive_thumbnail_id_1="999"
image_positive_url_1="https://hehge.com/wp-content/uploads/sites/16/2023/06/MI_Finance_Positive_Landscape_0161.jpeg"
image_positive_thumbnail_id_2="628"
image_positive_url_2="https://hehge.com/wp-content/uploads/sites/16/2023/06/MI_Finance_Positive_Landscape_0080.jpeg"
image_professor_thumbnail_id_1="1167"
image_professor_url_1="https://hehge.com/wp-content/uploads/sites/16/2023/06/MI_Finance_Professor_Landscape_0001.jpeg"
image_professor_thumbnail_id_2="1200"
image_professor_url_2="https://hehge.com/wp-content/uploads/sites/16/2023/06/MI_Finance_Professor_Landscape_0034.jpeg"
