Symbol="III"
AssetType="Common Stock"
Name="Information Services Group Inc"
Description="Information Services Group, Inc., is a technology research and advisory company in the Americas, Europe and Asia Pacific. The company is headquartered in Stamford, Connecticut."
CIK="1371489"
Exchange="NASDAQ"
Currency="USD"
Country="USA"
Sector="TRADE & SERVICES"
Industry="SERVICES-MANAGEMENT CONSULTING SERVICES"
Address="2187 ATLANTIC STREET, STAMFORD, CT, US"
FiscalYearEnd="December"
LatestQuarter="2023-06-30"
MarketCapitalization="252074000"
EBITDA="32742000"
PERatio="14.47"
PEGRatio="0.667"
BookValue="2.134"
DividendPerShare="0.165"
DividendYield="0.0345"
EPS="0.36"
RevenuePerShareTTM="6.14"
ProfitMargin="0.0529"
OperatingMarginTTM="0.0905"
ReturnOnAssetsTTM="0.0728"
ReturnOnEquityTTM="0.159"
RevenueTTM="296098000"
GrossProfitTTM="116617000"
DilutedEPSTTM="0.36"
QuarterlyEarningsGrowthYOY="-0.519"
QuarterlyRevenueGrowthYOY="0.055"
AnalystTargetPrice="9.16"
TrailingPE="14.47"
ForwardPE="11.34"
PriceToSalesRatioTTM="0.789"
PriceToBookRatio="2.558"
EVToRevenue="1.04"
EVToEBITDA="8.35"
Beta="0.895"
num_52WeekHigh="6.16"
num_52WeekLow="4.08"
num_50DayMovingAverage="5.29"
num_200DayMovingAverage="5.16"
SharesOutstanding="48382700"
DividendDate="2023-09-28"
ExDividendDate="2023-09-05"
symbol="III"
open="5.01"
high="5.08"
low="4.94"
price="4.96"
volume="108500.00"
latest_trading_day="2023-08-17"
previous_close="5.01"
change="-0.05"
change_percent="-0.9980%"
aroon_positive_momentum_days="0"
aroon_negative_momentum_days="34"
trend_strength="Absent or Weak Trend"
buying_signal="Weak Sell Signal"
volume_analysis="Target Volume"
value_analysis="Expected Range"
Aroon_change="TRUE"
Aroon_momentum="66"
Volume_recent_avg="131791"
Change_recent_avg="0.02"
Delta_recent_avg="0.15"
Variance_recent_avg="0.07"
Change_ratio_recent_avg="0.38"
RSI_change="FALSE"
ADX_change="FALSE"
Aroon_signal="negative"
Aroon_change="TRUE"
Aroon_momentum_positive="66"
Aroon_momentum_negative="34"
image_negative_thumbnail_id_1="1118"
image_negative_url_1="https://hehge.com/wp-content/uploads/sites/16/2023/06/MI_Finance_Negative_Landscape_0151.jpeg"
image_negative_thumbnail_id_2="1110"
image_negative_url_2="https://hehge.com/wp-content/uploads/sites/16/2023/06/MI_Finance_Negative_Landscape_0143.jpeg"
image_neutral_thumbnail_id_1="547"
image_neutral_url_1="https://hehge.com/wp-content/uploads/sites/16/2023/06/MI_Finance_Neutral_Landscape_0052.jpeg"
image_neutral_thumbnail_id_2="524"
image_neutral_url_2="https://hehge.com/wp-content/uploads/sites/16/2023/06/MI_Finance_Neutral_Landscape_0075.jpeg"
image_positive_thumbnail_id_1="625"
image_positive_url_1="https://hehge.com/wp-content/uploads/sites/16/2023/06/MI_Finance_Positive_Landscape_0083.jpeg"
image_positive_thumbnail_id_2="616"
image_positive_url_2="https://hehge.com/wp-content/uploads/sites/16/2023/06/MI_Finance_Positive_Landscape_0092.jpeg"
image_professor_thumbnail_id_1="1192"
image_professor_url_1="https://hehge.com/wp-content/uploads/sites/16/2023/06/MI_Finance_Professor_Landscape_0026.jpeg"
image_professor_thumbnail_id_2="1168"
image_professor_url_2="https://hehge.com/wp-content/uploads/sites/16/2023/06/MI_Finance_Professor_Landscape_0002.jpeg"
