Symbol="LE"
AssetType="Common Stock"
Name="Lands’ End Inc"
Description="Lands' End, Inc. is a single-channel retailer of casual clothing, accessories, footwear, and home products in the United States, Europe, Asia, and internationally. The company is headquartered in Dodgeville, Wisconsin."
CIK="799288"
Exchange="NASDAQ"
Currency="USD"
Country="USA"
Sector="TRADE & SERVICES"
Industry="RETAIL-FAMILY CLOTHING STORES"
Address="ONE LANDS' END LN, DODGEVILLE, WI, US"
FiscalYearEnd="January"
LatestQuarter="2023-04-30"
MarketCapitalization="275945000"
EBITDA="72130000"
PERatio="None"
PEGRatio="4.02"
BookValue="11.56"
DividendPerShare="0"
DividendYield="0"
EPS="-0.37"
RevenuePerShareTTM="47.42"
ProfitMargin="-0.0076"
OperatingMarginTTM="0.0216"
ReturnOnAssetsTTM="0.0203"
ReturnOnEquityTTM="-0.0305"
RevenueTTM="1561322000"
GrossProfitTTM="593766000"
DilutedEPSTTM="-0.37"
QuarterlyEarningsGrowthYOY="-0.647"
QuarterlyRevenueGrowthYOY="0.019"
AnalystTargetPrice="10"
TrailingPE="-"
ForwardPE="-"
PriceToSalesRatioTTM="0.154"
PriceToBookRatio="0.65"
EVToRevenue="0.417"
EVToEBITDA="9.64"
Beta="2.994"
num_52WeekHigh="18.14"
num_52WeekLow="6.2"
num_50DayMovingAverage="8.26"
num_200DayMovingAverage="8.53"
SharesOutstanding="32086600"
DividendDate="None"
ExDividendDate="None"
symbol="LE"
open="8.95"
high="8.95"
low="8.53"
price="8.60"
volume="57732.00"
latest_trading_day="2023-07-21"
previous_close="8.85"
change="-0.25"
change_percent="-2.8249%"
aroon_positive_momentum_days="64"
aroon_negative_momentum_days="0"
trend_strength="Absent or Weak Trend"
buying_signal="High Volatility / Hold Signal"
volume_analysis="Target Volume"
value_analysis="Expected Range"
Aroon_change="FALSE"
Aroon_momentum="64"
Volume_recent_avg="184342"
Change_recent_avg="-0.01"
Delta_recent_avg="0.5"
Variance_recent_avg="0.25"
Change_ratio_recent_avg="-0.23"
RSI_change="FALSE"
ADX_change="FALSE"

event="FALSE"
Aroon_signal="positive"
Aroon_change="FALSE"
Aroon_momentum_positive="64"
Aroon_momentum_negative="36"
image_negative_thumbnail_id_1="496"
image_negative_url_1="https://hehge.com/wp-content/uploads/sites/16/2023/06/MI_Finance_Negative_Landscape_0109.jpeg"
image_negative_thumbnail_id_2="175"
image_negative_url_2="https://hehge.com/wp-content/uploads/sites/16/2023/05/MI_Finance_Negative_Landscape_0001.jpeg"
image_neutral_thumbnail_id_1="590"
image_neutral_url_1="https://hehge.com/wp-content/uploads/sites/16/2023/06/MI_Finance_Neutral_Landscape_0009.jpeg"
image_neutral_thumbnail_id_2="544"
image_neutral_url_2="https://hehge.com/wp-content/uploads/sites/16/2023/06/MI_Finance_Neutral_Landscape_0055.jpeg"
image_positive_thumbnail_id_1="690"
image_positive_url_1="https://hehge.com/wp-content/uploads/sites/16/2023/06/MI_Finance_Positive_Landscape_0018.jpeg"
image_positive_thumbnail_id_2="1007"
image_positive_url_2="https://hehge.com/wp-content/uploads/sites/16/2023/06/MI_Finance_Positive_Landscape_0169.jpeg"
image_professor_thumbnail_id_1="1201"
image_professor_url_1="https://hehge.com/wp-content/uploads/sites/16/2023/06/MI_Finance_Professor_Landscape_0035.jpeg"
image_professor_thumbnail_id_2="1181"
image_professor_url_2="https://hehge.com/wp-content/uploads/sites/16/2023/06/MI_Finance_Professor_Landscape_0015.jpeg"
