Symbol="ASGN"
AssetType="Common Stock"
Name="ASGN Inc"
Description="ASGN Incorporated provides professional staff and IT solutions in the fields of technology, digital, creative, engineering and life sciences in the commercial and government sectors in the United States and internationally. The company is headquartered in Glen Allen, Virginia."
CIK="890564"
Exchange="NYSE"
Currency="USD"
Country="USA"
Sector="TRADE & SERVICES"
Industry="SERVICES-HELP SUPPLY SERVICES"
Address="4400 COX ROAD, SUITE 110, GLEN ALLEN, VA, US"
FiscalYearEnd="December"
LatestQuarter="2023-06-30"
MarketCapitalization="3867585000"
EBITDA="482300000"
PERatio="16.34"
PEGRatio="2.02"
BookValue="39.72"
DividendPerShare="0"
DividendYield="0"
EPS="4.8"
RevenuePerShareTTM="93.09"
ProfitMargin="0.0517"
OperatingMarginTTM="0.0827"
ReturnOnAssetsTTM="0.0672"
ReturnOnEquityTTM="0.125"
RevenueTTM="4608000000"
GrossProfitTTM="1369600000"
DilutedEPSTTM="4.8"
QuarterlyEarningsGrowthYOY="-0.134"
QuarterlyRevenueGrowthYOY="-0.01"
AnalystTargetPrice="79.86"
TrailingPE="16.34"
ForwardPE="12.77"
PriceToSalesRatioTTM="0.912"
PriceToBookRatio="2.296"
EVToRevenue="1.175"
EVToEBITDA="10.5"
Beta="1.656"
num_52WeekHigh="104.43"
num_52WeekLow="63.27"
num_50DayMovingAverage="76.85"
num_200DayMovingAverage="80.5"
SharesOutstanding="49300000"
DividendDate="None"
ExDividendDate="None"
symbol="ASGN"
open="77.86"
high="79.42"
low="77.86"
price="78.94"
volume="225607.00"
latest_trading_day="2023-08-18"
previous_close="78.45"
change="0.49"
change_percent="0.6246%"
aroon_positive_momentum_days="24"
aroon_negative_momentum_days="0"
trend_strength="Absent or Weak Trend"
buying_signal="Weak Buy Signal"
volume_analysis="Target Volume"
value_analysis="Expected Range"
Aroon_change="FALSE"
Aroon_momentum="24"
Volume_recent_avg="342806"
Change_recent_avg="0.11"
Delta_recent_avg="1.89"
Variance_recent_avg="0.95"
Change_ratio_recent_avg="0.14"
RSI_change="FALSE"
ADX_change="FALSE"

event="FALSE"
Aroon_signal="positive"
Aroon_change="FALSE"
Aroon_momentum_positive="24"
Aroon_momentum_negative="76"
image_negative_thumbnail_id_1="158"
image_negative_url_1="https://hehge.com/wp-content/uploads/sites/16/2023/05/MI_Finance_Negative_Landscape_0018.jpeg"
image_negative_thumbnail_id_2="492"
image_negative_url_2="https://hehge.com/wp-content/uploads/sites/16/2023/06/MI_Finance_Negative_Landscape_0113.jpeg"
image_neutral_thumbnail_id_1="580"
image_neutral_url_1="https://hehge.com/wp-content/uploads/sites/16/2023/06/MI_Finance_Neutral_Landscape_0019.jpeg"
image_neutral_thumbnail_id_2="573"
image_neutral_url_2="https://hehge.com/wp-content/uploads/sites/16/2023/06/MI_Finance_Neutral_Landscape_0026.jpeg"
image_positive_thumbnail_id_1="683"
image_positive_url_1="https://hehge.com/wp-content/uploads/sites/16/2023/06/MI_Finance_Positive_Landscape_0025.jpeg"
image_positive_thumbnail_id_2="643"
image_positive_url_2="https://hehge.com/wp-content/uploads/sites/16/2023/06/MI_Finance_Positive_Landscape_0065.jpeg"
image_professor_thumbnail_id_1="1198"
image_professor_url_1="https://hehge.com/wp-content/uploads/sites/16/2023/06/MI_Finance_Professor_Landscape_0032.jpeg"
image_professor_thumbnail_id_2="1182"
image_professor_url_2="https://hehge.com/wp-content/uploads/sites/16/2023/06/MI_Finance_Professor_Landscape_0016.jpeg"
