Symbol="NFLX"
AssetType="Common Stock"
Name="Netflix Inc"
Description="Netflix, Inc. is an American over-the-top content platform and production company headquartered in Los Gatos, California. Netflix was founded in 1997 by Reed Hastings and Marc Randolph in Scotts Valley, California. The company's primary business is a subscription-based streaming service offering online streaming from a library of films and television series, including those produced in-house."
CIK="1065280"
Exchange="NASDAQ"
Currency="USD"
Country="USA"
Sector="TRADE & SERVICES"
Industry="SERVICES-VIDEO TAPE RENTAL"
Address="100 WINCHESTER CIRCLE, ., LOS GATOS, CA, US"
FiscalYearEnd="December"
LatestQuarter="2023-03-31"
MarketCapitalization="198220900000"
EBITDA="5727937000"
PERatio="48.81"
PEGRatio="2.369"
BookValue="49.1"
DividendPerShare="0"
DividendYield="0"
EPS="9.31"
RevenuePerShareTTM="71.71"
ProfitMargin="0.132"
OperatingMarginTTM="0.169"
ReturnOnAssetsTTM="0.0709"
ReturnOnEquityTTM="19.46"
RevenueTTM="31909286000"
GrossProfitTTM="12447265000"
DilutedEPSTTM="9.48"
QuarterlyEarningsGrowthYOY="-0.184"
QuarterlyRevenueGrowthYOY="0.037"
AnalystTargetPrice="400.23"
TrailingPE="46.29"
ForwardPE="29.15"
PriceToSalesRatioTTM="4.106"
PriceToBookRatio="6.89"
EVToRevenue="4.741"
EVToEBITDA="7.23"
Beta="1.3"
num_52WeekHigh="450.97"
num_52WeekLow="169.7"
num_50DayMovingAverage="382.41"
num_200DayMovingAverage="323.53"
SharesOutstanding="444541000"
DividendDate="None"
ExDividendDate="None"
symbol="NFLX"
open="438.60"
high="442.32"
low="435.84"
price="438.10"
volume="4165144.00"
latest_trading_day="2023-07-07"
previous_close="438.84"
change="-0.74"
change_percent="-0.1686%"
aroon_positive_momentum_days="68"
aroon_negative_momentum_days="0"
trend_strength="Absent or Weak Trend"
buying_signal="Strong Buy Signal"
volume_analysis="Trending Low"
value_analysis="Bearish Trend"
Aroon_change="FALSE"
Aroon_momentum="68"
Volume_recent_avg="6643802"
Change_recent_avg="0.39"
Delta_recent_avg="10.51"
Variance_recent_avg="5.25"
Change_ratio_recent_avg="0.08"
RSI_change="FALSE"
ADX_change="FALSE"

event="FALSE"
Aroon_signal="positive"
Aroon_change="FALSE"
Aroon_momentum_positive="68"
Aroon_momentum_negative="32"
image_negative_thumbnail_id_1="165"
image_negative_url_1="https://hehge.com/wp-content/uploads/sites/16/2023/05/MI_Finance_Negative_Landscape_0011.jpeg"
image_negative_thumbnail_id_2="1116"
image_negative_url_2="https://hehge.com/wp-content/uploads/sites/16/2023/06/MI_Finance_Negative_Landscape_0149.jpeg"
image_neutral_thumbnail_id_1="553"
image_neutral_url_1="https://hehge.com/wp-content/uploads/sites/16/2023/06/MI_Finance_Neutral_Landscape_0046.jpeg"
image_neutral_thumbnail_id_2="539"
image_neutral_url_2="https://hehge.com/wp-content/uploads/sites/16/2023/06/MI_Finance_Neutral_Landscape_0060.jpeg"
image_positive_thumbnail_id_1="651"
image_positive_url_1="https://hehge.com/wp-content/uploads/sites/16/2023/06/MI_Finance_Positive_Landscape_0057.jpeg"
image_positive_thumbnail_id_2="652"
image_positive_url_2="https://hehge.com/wp-content/uploads/sites/16/2023/06/MI_Finance_Positive_Landscape_0056.jpeg"
image_professor_thumbnail_id_1="1178"
image_professor_url_1="https://hehge.com/wp-content/uploads/sites/16/2023/06/MI_Finance_Professor_Landscape_0012.jpeg"
image_professor_thumbnail_id_2="1202"
image_professor_url_2="https://hehge.com/wp-content/uploads/sites/16/2023/06/MI_Finance_Professor_Landscape_0036.jpeg"
