Symbol="MCS"
AssetType="Common Stock"
Name="Marcus Corporation"
Description="Marcus Corporation owns and operates movie theaters, hotels and resorts in the United States. The company is headquartered in Milwaukee, Wisconsin."
CIK="62234"
Exchange="NYSE"
Currency="USD"
Country="USA"
Sector="TRADE & SERVICES"
Industry="SERVICES-MOTION PICTURE THEATERS"
Address="100 EAST WISCONSIN AVENUE, SUITE 1900, MILWAUKEE, WI, US"
FiscalYearEnd="December"
LatestQuarter="2023-03-31"
MarketCapitalization="485323000"
EBITDA="81144000"
PERatio="None"
PEGRatio="21.4"
BookValue="14.15"
DividendPerShare="0.15"
DividendYield="0.0134"
EPS="-0.22"
RevenuePerShareTTM="21.0"
ProfitMargin="-0.0099"
OperatingMarginTTM="0.0233"
ReturnOnAssetsTTM="0.0088"
ReturnOnEquityTTM="-0.0082"
RevenueTTM="661879000"
GrossProfitTTM="257393000"
DilutedEPSTTM="-0.22"
QuarterlyEarningsGrowthYOY="0.446"
QuarterlyRevenueGrowthYOY="0.145"
AnalystTargetPrice="21"
TrailingPE="-"
ForwardPE="161.29"
PriceToSalesRatioTTM="0.745"
PriceToBookRatio="1.083"
EVToRevenue="1.384"
EVToEBITDA="10.36"
Beta="1.555"
num_52WeekHigh="18.0"
num_52WeekLow="13.51"
num_50DayMovingAverage="15.65"
num_200DayMovingAverage="15.48"
SharesOutstanding="24594500"
DividendDate="2023-06-15"
ExDividendDate="2023-06-01"
symbol="MCS"
open="15.25"
high="15.38"
low="15.22"
price="15.24"
volume="249095.00"
latest_trading_day="2023-07-12"
previous_close="15.11"
change="0.13"
change_percent="0.8604%"
aroon_positive_momentum_days="0"
aroon_negative_momentum_days="30"
trend_strength="Absent or Weak Trend"
buying_signal="Weak Sell Signal"
volume_analysis="Target Volume"
value_analysis="Expected Range"
Aroon_change="FALSE"
Aroon_momentum="70"
Volume_recent_avg="335636"
Change_recent_avg="0.01"
Delta_recent_avg="0.37"
Variance_recent_avg="0.19"
Change_ratio_recent_avg="0.04"
RSI_change="FALSE"
ADX_change="FALSE"

event="FALSE"
Aroon_signal="negative"
Aroon_change="FALSE"
Aroon_momentum_positive="70"
Aroon_momentum_negative="30"
image_negative_thumbnail_id_1="1154"
image_negative_url_1="https://hehge.com/wp-content/uploads/sites/16/2023/06/MI_Finance_Negative_Landscape_0188.jpeg"
image_negative_thumbnail_id_2="1163"
image_negative_url_2="https://hehge.com/wp-content/uploads/sites/16/2023/06/MI_Finance_Negative_Landscape_0197.jpeg"
image_neutral_thumbnail_id_1="574"
image_neutral_url_1="https://hehge.com/wp-content/uploads/sites/16/2023/06/MI_Finance_Neutral_Landscape_0025.jpeg"
image_neutral_thumbnail_id_2="539"
image_neutral_url_2="https://hehge.com/wp-content/uploads/sites/16/2023/06/MI_Finance_Neutral_Landscape_0060.jpeg"
image_positive_thumbnail_id_1="602"
image_positive_url_1="https://hehge.com/wp-content/uploads/sites/16/2023/06/MI_Finance_Positive_Landscape_0106.jpeg"
image_positive_thumbnail_id_2="706"
image_positive_url_2="https://hehge.com/wp-content/uploads/sites/16/2023/06/MI_Finance_Positive_Landscape_0002.jpeg"
image_professor_thumbnail_id_1="1180"
image_professor_url_1="https://hehge.com/wp-content/uploads/sites/16/2023/06/MI_Finance_Professor_Landscape_0014.jpeg"
image_professor_thumbnail_id_2="1178"
image_professor_url_2="https://hehge.com/wp-content/uploads/sites/16/2023/06/MI_Finance_Professor_Landscape_0012.jpeg"
