Symbol="FXLV"
AssetType="Common Stock"
Name="F45 Training Holdings Inc"
Description="None"
CIK="1788717"
Exchange="NYSE"
Currency="USD"
Country="USA"
Sector="TRADE & SERVICES"
Industry="WHOLESALE-PROFESSIONAL & COMMERCIAL EQUIPMENT & SUPPLIES"
Address="236 CALIFORNIA STREET, EL SEGUNDO, CA, US"
FiscalYearEnd="December"
LatestQuarter="2022-09-30"
MarketCapitalization="56229000"
EBITDA="-44186000"
PERatio="5.78"
PEGRatio="None"
BookValue="0.436"
DividendPerShare="0"
DividendYield="0"
EPS="0.1"
RevenuePerShareTTM="1.779"
ProfitMargin="-0.453"
OperatingMarginTTM="-0.298"
ReturnOnAssetsTTM="-0.162"
ReturnOnEquityTTM="-1.012"
RevenueTTM="171190000"
GrossProfitTTM="100129000"
DilutedEPSTTM="0.1"
QuarterlyEarningsGrowthYOY="0"
QuarterlyRevenueGrowthYOY="0.079"
AnalystTargetPrice="3.5"
TrailingPE="5.78"
ForwardPE="23.81"
PriceToSalesRatioTTM="1.865"
PriceToBookRatio="7.64"
EVToRevenue="2.312"
EVToEBITDA="-8.45"
Beta="None"
num_52WeekHigh="4.17"
num_52WeekLow="0.461"
num_50DayMovingAverage="0.768"
num_200DayMovingAverage="2.062"
SharesOutstanding="97316000"
DividendDate="None"
ExDividendDate="None"
symbol="FXLV"
open="0.60"
high="0.65"
low="0.52"
price="0.58"
volume="644091.00"
latest_trading_day="2023-07-11"
previous_close="0.59"
change="-0.01"
change_percent="-2.3822%"
aroon_positive_momentum_days="0"
aroon_negative_momentum_days="95"
trend_strength="Absent or Weak Trend"
buying_signal="Weak Sell Signal"
volume_analysis="Trending High"
value_analysis="Bullish Trend"
Aroon_change="FALSE"
Aroon_momentum="5"
Volume_recent_avg="499152"
Change_recent_avg="-0.04"
Delta_recent_avg="0.12"
Variance_recent_avg="0.06"
Change_ratio_recent_avg="-3.21"
RSI_change="FALSE"
ADX_change="FALSE"

event="FALSE"
Aroon_signal="negative"
Aroon_change="FALSE"
Aroon_momentum_positive="5"
Aroon_momentum_negative="95"
image_negative_thumbnail_id_1="507"
image_negative_url_1="https://hehge.com/wp-content/uploads/sites/16/2023/06/MI_Finance_Negative_Landscape_0098.jpeg"
image_negative_thumbnail_id_2="1096"
image_negative_url_2="https://hehge.com/wp-content/uploads/sites/16/2023/06/MI_Finance_Negative_Landscape_0129.jpeg"
image_neutral_thumbnail_id_1="581"
image_neutral_url_1="https://hehge.com/wp-content/uploads/sites/16/2023/06/MI_Finance_Neutral_Landscape_0018.jpeg"
image_neutral_thumbnail_id_2="561"
image_neutral_url_2="https://hehge.com/wp-content/uploads/sites/16/2023/06/MI_Finance_Neutral_Landscape_0038.jpeg"
image_positive_thumbnail_id_1="628"
image_positive_url_1="https://hehge.com/wp-content/uploads/sites/16/2023/06/MI_Finance_Positive_Landscape_0080.jpeg"
image_positive_thumbnail_id_2="693"
image_positive_url_2="https://hehge.com/wp-content/uploads/sites/16/2023/06/MI_Finance_Positive_Landscape_0015.jpeg"
image_professor_thumbnail_id_1="1174"
image_professor_url_1="https://hehge.com/wp-content/uploads/sites/16/2023/06/MI_Finance_Professor_Landscape_0008.jpeg"
image_professor_thumbnail_id_2="1176"
image_professor_url_2="https://hehge.com/wp-content/uploads/sites/16/2023/06/MI_Finance_Professor_Landscape_0010.jpeg"
