Symbol="VTSI"
AssetType="Common Stock"
Name="VirTra Inc"
Description="VirTra, Inc. provides strength training simulators, firearms training simulators, and driving simulators for the law enforcement, military, educational, and commercial markets globally. The company is headquartered in Tempe, Arizona."
CIK="1085243"
Exchange="NASDAQ"
Currency="USD"
Country="USA"
Sector="TRADE & SERVICES"
Industry="SERVICES-AMUSEMENT & RECREATION SERVICES"
Address="7970 S. KYRENE ROAD, TEMPE, AZ, US"
FiscalYearEnd="December"
LatestQuarter="2023-03-31"
MarketCapitalization="72647000"
EBITDA="6252600"
PERatio="16.62"
PEGRatio="0.796"
BookValue="3.363"
DividendPerShare="0"
DividendYield="0"
EPS="0.4"
RevenuePerShareTTM="2.899"
ProfitMargin="0.137"
OperatingMarginTTM="0.17"
ReturnOnAssetsTTM="0.0608"
ReturnOnEquityTTM="0.126"
RevenueTTM="31576000"
GrossProfitTTM="11405200"
DilutedEPSTTM="0.4"
QuarterlyEarningsGrowthYOY="4.398"
QuarterlyRevenueGrowthYOY="0.485"
AnalystTargetPrice="10.5"
TrailingPE="16.62"
ForwardPE="27.86"
PriceToSalesRatioTTM="1.602"
PriceToBookRatio="1.412"
EVToRevenue="1.4"
EVToEBITDA="22.81"
Beta="0.722"
num_52WeekHigh="8.59"
num_52WeekLow="3.7"
num_50DayMovingAverage="7.64"
num_200DayMovingAverage="5.58"
SharesOutstanding="10924300"
DividendDate="2018-03-02"
ExDividendDate="None"
symbol="VTSI"
open="6.47"
high="6.85"
low="6.43"
price="6.65"
volume="24644.00"
latest_trading_day="2023-08-04"
previous_close="6.41"
change="0.24"
change_percent="3.7441%"
aroon_positive_momentum_days="86"
aroon_negative_momentum_days="0"
trend_strength="Absent or Weak Trend"
buying_signal="Weak Buy Signal"
volume_analysis="Target Volume"
value_analysis="Expected Range"
Aroon_change="FALSE"
Aroon_momentum="86"
Volume_recent_avg="84408"
Change_recent_avg="0.01"
Delta_recent_avg="0.34"
Variance_recent_avg="0.17"
Change_ratio_recent_avg="0.07"
RSI_change="FALSE"
ADX_change="FALSE"

event="FALSE"
Aroon_signal="positive"
Aroon_change="FALSE"
Aroon_momentum_positive="86"
Aroon_momentum_negative="14"
image_negative_thumbnail_id_1="107"
image_negative_url_1="https://hehge.com/wp-content/uploads/sites/16/2023/05/MI_Finance_Negative_Landscape_0069.jpeg"
image_negative_thumbnail_id_2="153"
image_negative_url_2="https://hehge.com/wp-content/uploads/sites/16/2023/05/MI_Finance_Negative_Landscape_0023.jpeg"
image_neutral_thumbnail_id_1="538"
image_neutral_url_1="https://hehge.com/wp-content/uploads/sites/16/2023/06/MI_Finance_Neutral_Landscape_0061.jpeg"
image_neutral_thumbnail_id_2="537"
image_neutral_url_2="https://hehge.com/wp-content/uploads/sites/16/2023/06/MI_Finance_Neutral_Landscape_0062.jpeg"
image_positive_thumbnail_id_1="671"
image_positive_url_1="https://hehge.com/wp-content/uploads/sites/16/2023/06/MI_Finance_Positive_Landscape_0037.jpeg"
image_positive_thumbnail_id_2="600"
image_positive_url_2="https://hehge.com/wp-content/uploads/sites/16/2023/06/MI_Finance_Positive_Landscape_0108.jpeg"
image_professor_thumbnail_id_1="1194"
image_professor_url_1="https://hehge.com/wp-content/uploads/sites/16/2023/06/MI_Finance_Professor_Landscape_0028.jpeg"
image_professor_thumbnail_id_2="1181"
image_professor_url_2="https://hehge.com/wp-content/uploads/sites/16/2023/06/MI_Finance_Professor_Landscape_0015.jpeg"
