Symbol="LYFT"
AssetType="Common Stock"
Name="LYFT Inc"
Description="Lyft, Inc. operates a peer-to-peer marketplace for on-demand ridesharing in the United States and Canada. The company is headquartered in San Francisco, California."
CIK="1759509"
Exchange="NASDAQ"
Currency="USD"
Country="USA"
Sector="TRADE & SERVICES"
Industry="SERVICES-BUSINESS SERVICES, NEC"
Address="185 BERRY STREET, SUITE 5000, SAN FRANCISCO, CA, US"
FiscalYearEnd="December"
LatestQuarter="2023-03-31"
MarketCapitalization="4318165000"
EBITDA="-1218509056"
PERatio="None"
PEGRatio="None"
BookValue="1.01"
DividendPerShare="0"
DividendYield="0"
EPS="-4.27"
RevenuePerShareTTM="11.67"
ProfitMargin="-0.373"
OperatingMarginTTM="-0.324"
ReturnOnAssetsTTM="-0.184"
ReturnOnEquityTTM="-2.046"
RevenueTTM="4220108000"
GrossProfitTTM="1237220000"
DilutedEPSTTM="-4.27"
QuarterlyEarningsGrowthYOY="0"
QuarterlyRevenueGrowthYOY="0.143"
AnalystTargetPrice="12.72"
TrailingPE="-"
ForwardPE="28.74"
PriceToSalesRatioTTM="1.053"
PriceToBookRatio="5.61"
EVToRevenue="0.922"
EVToEBITDA="-3.372"
Beta="1.741"
num_52WeekHigh="21.52"
num_52WeekLow="7.85"
num_50DayMovingAverage="9.86"
num_200DayMovingAverage="11.24"
SharesOutstanding="369520000"
DividendDate="None"
ExDividendDate="None"
symbol="LYFT"
open="11.47"
high="11.56"
low="11.12"
price="11.42"
volume="12785895.00"
latest_trading_day="2023-07-21"
previous_close="11.42"
change="0.00"
change_percent="0.0000%"
aroon_positive_momentum_days="12"
aroon_negative_momentum_days="0"
trend_strength="Absent or Weak Trend"
buying_signal="Weak Buy Signal"
volume_analysis="Target Volume"
value_analysis="Expected Range"
Aroon_change="FALSE"
Aroon_momentum="12"
Volume_recent_avg="17975616"
Change_recent_avg="0.01"
Delta_recent_avg="0.52"
Variance_recent_avg="0.26"
Change_ratio_recent_avg="0.07"
RSI_change="FALSE"
ADX_change="FALSE"

event="aroon_milestone_positive_10"
Aroon_signal="positive"
Aroon_change="FALSE"
Aroon_momentum_positive="12"
Aroon_momentum_negative="88"
image_negative_thumbnail_id_1="155"
image_negative_url_1="https://hehge.com/wp-content/uploads/sites/16/2023/05/MI_Finance_Negative_Landscape_0021.jpeg"
image_negative_thumbnail_id_2="1123"
image_negative_url_2="https://hehge.com/wp-content/uploads/sites/16/2023/06/MI_Finance_Negative_Landscape_0156.jpeg"
image_neutral_thumbnail_id_1="584"
image_neutral_url_1="https://hehge.com/wp-content/uploads/sites/16/2023/06/MI_Finance_Neutral_Landscape_0015.jpeg"
image_neutral_thumbnail_id_2="595"
image_neutral_url_2="https://hehge.com/wp-content/uploads/sites/16/2023/06/MI_Finance_Neutral_Landscape_0004.jpeg"
image_positive_thumbnail_id_1="668"
image_positive_url_1="https://hehge.com/wp-content/uploads/sites/16/2023/06/MI_Finance_Positive_Landscape_0040.jpeg"
image_positive_thumbnail_id_2="988"
image_positive_url_2="https://hehge.com/wp-content/uploads/sites/16/2023/06/MI_Finance_Positive_Landscape_0150.jpeg"
image_professor_thumbnail_id_1="1167"
image_professor_url_1="https://hehge.com/wp-content/uploads/sites/16/2023/06/MI_Finance_Professor_Landscape_0001.jpeg"
image_professor_thumbnail_id_2="1178"
image_professor_url_2="https://hehge.com/wp-content/uploads/sites/16/2023/06/MI_Finance_Professor_Landscape_0012.jpeg"
