Symbol="RHI"
AssetType="Common Stock"
Name="Robert Half International Inc"
Description="Robert Half International, or commonly referred as, Robert Half, is a global human resource consulting firm based in Menlo Park, California."
CIK="315213"
Exchange="NYSE"
Currency="USD"
Country="USA"
Sector="TRADE & SERVICES"
Industry="SERVICES-HELP SUPPLY SERVICES"
Address="2884 SAND HILL RD, STE 200, MENLO PARK, CA, US"
FiscalYearEnd="December"
LatestQuarter="2023-06-30"
MarketCapitalization="8044508000"
EBITDA="718436000"
PERatio="14.78"
PEGRatio="1.373"
BookValue="15.42"
DividendPerShare="1.82"
DividendYield="0.0257"
EPS="5.05"
RevenuePerShareTTM="64.74"
ProfitMargin="0.0784"
OperatingMarginTTM="0.0964"
ReturnOnAssetsTTM="0.139"
ReturnOnEquityTTM="0.351"
RevenueTTM="6916294000"
GrossProfitTTM="3094049000"
DilutedEPSTTM="5.05"
QuarterlyEarningsGrowthYOY="-0.375"
QuarterlyRevenueGrowthYOY="-0.12"
AnalystTargetPrice="71.58"
TrailingPE="14.78"
ForwardPE="13.07"
PriceToSalesRatioTTM="1.093"
PriceToBookRatio="5.5"
EVToRevenue="1.077"
EVToEBITDA="7.47"
Beta="1.323"
num_52WeekHigh="88.62"
num_52WeekLow="64.19"
num_50DayMovingAverage="75.97"
num_200DayMovingAverage="75.72"
SharesOutstanding="107763000"
DividendDate="2023-09-15"
ExDividendDate="2023-08-24"
symbol="RHI"
open="74.77"
high="75.32"
low="74.39"
price="75.07"
volume="632172.00"
latest_trading_day="2023-08-21"
previous_close="74.65"
change="0.42"
change_percent="0.5626%"
aroon_positive_momentum_days="34"
aroon_negative_momentum_days="0"
trend_strength="Absent or Weak Trend"
buying_signal="Weak Buy Signal"
volume_analysis="Target Volume"
value_analysis="Expected Range"
Aroon_change="FALSE"
Aroon_momentum="34"
Volume_recent_avg="1022139"
Change_recent_avg="0.07"
Delta_recent_avg="1.73"
Variance_recent_avg="0.87"
Change_ratio_recent_avg="0.07"
RSI_change="FALSE"
ADX_change="FALSE"

event="FALSE"
Aroon_signal="positive"
Aroon_change="FALSE"
Aroon_momentum_positive="34"
Aroon_momentum_negative="66"
image_negative_thumbnail_id_1="1110"
image_negative_url_1="https://hehge.com/wp-content/uploads/sites/16/2023/06/MI_Finance_Negative_Landscape_0143.jpeg"
image_negative_thumbnail_id_2="105"
image_negative_url_2="https://hehge.com/wp-content/uploads/sites/16/2023/05/MI_Finance_Negative_Landscape_0071.jpeg"
image_neutral_thumbnail_id_1="585"
image_neutral_url_1="https://hehge.com/wp-content/uploads/sites/16/2023/06/MI_Finance_Neutral_Landscape_0014.jpeg"
image_neutral_thumbnail_id_2="525"
image_neutral_url_2="https://hehge.com/wp-content/uploads/sites/16/2023/06/MI_Finance_Neutral_Landscape_0074.jpeg"
image_positive_thumbnail_id_1="1003"
image_positive_url_1="https://hehge.com/wp-content/uploads/sites/16/2023/06/MI_Finance_Positive_Landscape_0165.jpeg"
image_positive_thumbnail_id_2="1002"
image_positive_url_2="https://hehge.com/wp-content/uploads/sites/16/2023/06/MI_Finance_Positive_Landscape_0164.jpeg"
image_professor_thumbnail_id_1="1182"
image_professor_url_1="https://hehge.com/wp-content/uploads/sites/16/2023/06/MI_Finance_Professor_Landscape_0016.jpeg"
image_professor_thumbnail_id_2="1173"
image_professor_url_2="https://hehge.com/wp-content/uploads/sites/16/2023/06/MI_Finance_Professor_Landscape_0007.jpeg"
