Symbol="TAST"
AssetType="Common Stock"
Name="Carrols Restaurant Group Inc"
Description="Carrols Restaurant Group, Inc., is a restaurant business in the United States. The company is headquartered in Syracuse, New York."
CIK="809248"
Exchange="NASDAQ"
Currency="USD"
Country="USA"
Sector="TRADE & SERVICES"
Industry="RETAIL-EATING PLACES"
Address="968 JAMES STREET, SYRACUSE, NY, US"
FiscalYearEnd="December"
LatestQuarter="2023-06-30"
MarketCapitalization="379532000"
EBITDA="108679000"
PERatio="None"
PEGRatio="2.79"
BookValue="3.293"
DividendPerShare="0"
DividendYield="0"
EPS="-0.3"
RevenuePerShareTTM="35.58"
ProfitMargin="-0.0066"
OperatingMarginTTM="0.0181"
ReturnOnAssetsTTM="0.0127"
ReturnOnEquityTTM="-0.0702"
RevenueTTM="1819404000"
GrossProfitTTM="210960000"
DilutedEPSTTM="-0.3"
QuarterlyEarningsGrowthYOY="0"
QuarterlyRevenueGrowthYOY="0.098"
AnalystTargetPrice="7.75"
TrailingPE="-"
ForwardPE="-"
PriceToSalesRatioTTM="0.0454"
PriceToBookRatio="0.453"
EVToRevenue="0.819"
EVToEBITDA="68.8"
Beta="2.311"
num_52WeekHigh="7.75"
num_52WeekLow="1.31"
num_50DayMovingAverage="5.61"
num_200DayMovingAverage="3.342"
SharesOutstanding="51707000"
DividendDate="2021-10-05"
ExDividendDate="2021-08-24"
symbol="TAST"
open="7.40"
high="7.40"
low="6.97"
price="7.03"
volume="593335.00"
latest_trading_day="2023-08-22"
previous_close="7.34"
change="-0.31"
change_percent="-4.2234%"
aroon_positive_momentum_days="100"
aroon_negative_momentum_days="0"
trend_strength="Absent or Weak Trend"
buying_signal="Weak Buy Signal"
volume_analysis="Trending Low"
value_analysis="Bearish Trend"
Aroon_change="FALSE"
Aroon_momentum="100"
Volume_recent_avg="722108"
Change_recent_avg="0.03"
Delta_recent_avg="0.36"
Variance_recent_avg="0.18"
Change_ratio_recent_avg="0.63"
RSI_change="FALSE"
ADX_change="FALSE"
Aroon_signal="positive"
Aroon_change="FALSE"
Aroon_momentum_positive="100"
Aroon_momentum_negative="0"
image_negative_thumbnail_id_1="108"
image_negative_url_1="https://hehge.com/wp-content/uploads/sites/16/2023/05/MI_Finance_Negative_Landscape_0068.jpeg"
image_negative_thumbnail_id_2="110"
image_negative_url_2="https://hehge.com/wp-content/uploads/sites/16/2023/05/MI_Finance_Negative_Landscape_0066.jpeg"
image_neutral_thumbnail_id_1="537"
image_neutral_url_1="https://hehge.com/wp-content/uploads/sites/16/2023/06/MI_Finance_Neutral_Landscape_0062.jpeg"
image_neutral_thumbnail_id_2="432"
image_neutral_url_2="https://hehge.com/wp-content/uploads/sites/16/2023/05/MI_Finance_Neutral_Landscape_0019.jpeg"
image_positive_thumbnail_id_1="701"
image_positive_url_1="https://hehge.com/wp-content/uploads/sites/16/2023/06/MI_Finance_Positive_Landscape_0007.jpeg"
image_positive_thumbnail_id_2="639"
image_positive_url_2="https://hehge.com/wp-content/uploads/sites/16/2023/06/MI_Finance_Positive_Landscape_0069.jpeg"
image_professor_thumbnail_id_1="1177"
image_professor_url_1="https://hehge.com/wp-content/uploads/sites/16/2023/06/MI_Finance_Professor_Landscape_0011.jpeg"
image_professor_thumbnail_id_2="1190"
image_professor_url_2="https://hehge.com/wp-content/uploads/sites/16/2023/06/MI_Finance_Professor_Landscape_0024.jpeg"
