Symbol="DRCT"
AssetType="Common Stock"
Name="Direct Digital Holdings Inc"
Description="Direct Digital Holdings, Inc. is a full-service, end-to-end programmatic advertising platform. The company is headquartered in Houston, Texas."
CIK="1880613"
Exchange="NASDAQ"
Currency="USD"
Country="USA"
Sector="TRADE & SERVICES"
Industry="SERVICES-ADVERTISING"
Address="1177 WEST LOOP SOUTH, SUITE 1310, HOUSTON, TX, US"
FiscalYearEnd="December"
LatestQuarter="2023-03-31"
MarketCapitalization="34174300"
EBITDA="9217800"
PERatio="7.53"
PEGRatio="None"
BookValue="0.228"
DividendPerShare="0"
DividendYield="0"
EPS="0.32"
RevenuePerShareTTM="6.84"
ProfitMargin="0.0353"
OperatingMarginTTM="0.0731"
ReturnOnAssetsTTM="0.102"
ReturnOnEquityTTM="1.357"
RevenueTTM="99212000"
GrossProfitTTM="28002700"
DilutedEPSTTM="0.32"
QuarterlyEarningsGrowthYOY="-0.996"
QuarterlyRevenueGrowthYOY="0.867"
AnalystTargetPrice="7.42"
TrailingPE="7.53"
ForwardPE="4.655"
PriceToSalesRatioTTM="0.124"
PriceToBookRatio="1.852"
EVToRevenue="0.376"
EVToEBITDA="4.539"
Beta="None"
num_52WeekHigh="6.53"
num_52WeekLow="1.82"
num_50DayMovingAverage="2.907"
num_200DayMovingAverage="3.319"
SharesOutstanding="2902200"
DividendDate="None"
ExDividendDate="None"
symbol="DRCT"
open="2.82"
high="2.82"
low="2.41"
price="2.41"
volume="147149.00"
latest_trading_day="2023-08-11"
previous_close="2.61"
change="-0.20"
change_percent="-7.6628%"
aroon_positive_momentum_days="0"
aroon_negative_momentum_days="68"
trend_strength="Absent or Weak Trend"
buying_signal="Strong Sell Signal"
volume_analysis="Target Volume"
value_analysis="Expected Range"
Aroon_change="FALSE"
Aroon_momentum="32"
Volume_recent_avg="47625"
Change_recent_avg="-0.04"
Delta_recent_avg="0.27"
Variance_recent_avg="0.13"
Change_ratio_recent_avg="-1.46"
RSI_change="FALSE"
ADX_change="FALSE"

event="FALSE"
Aroon_signal="negative"
Aroon_change="FALSE"
Aroon_momentum_positive="32"
Aroon_momentum_negative="68"
image_negative_thumbnail_id_1="155"
image_negative_url_1="https://hehge.com/wp-content/uploads/sites/16/2023/05/MI_Finance_Negative_Landscape_0021.jpeg"
image_negative_thumbnail_id_2="112"
image_negative_url_2="https://hehge.com/wp-content/uploads/sites/16/2023/05/MI_Finance_Negative_Landscape_0064.jpeg"
image_neutral_thumbnail_id_1="570"
image_neutral_url_1="https://hehge.com/wp-content/uploads/sites/16/2023/06/MI_Finance_Neutral_Landscape_0029.jpeg"
image_neutral_thumbnail_id_2="589"
image_neutral_url_2="https://hehge.com/wp-content/uploads/sites/16/2023/06/MI_Finance_Neutral_Landscape_0010.jpeg"
image_positive_thumbnail_id_1="630"
image_positive_url_1="https://hehge.com/wp-content/uploads/sites/16/2023/06/MI_Finance_Positive_Landscape_0078.jpeg"
image_positive_thumbnail_id_2="986"
image_positive_url_2="https://hehge.com/wp-content/uploads/sites/16/2023/06/MI_Finance_Positive_Landscape_0148.jpeg"
image_professor_thumbnail_id_1="1198"
image_professor_url_1="https://hehge.com/wp-content/uploads/sites/16/2023/06/MI_Finance_Professor_Landscape_0032.jpeg"
image_professor_thumbnail_id_2="1176"
image_professor_url_2="https://hehge.com/wp-content/uploads/sites/16/2023/06/MI_Finance_Professor_Landscape_0010.jpeg"
