Symbol="DSGR"
AssetType="Common Stock"
Name="Distribution Solutions Group Inc"
Description="Lawson Products, Inc. sells and distributes specialty products for the industrial, commercial, institutional and government maintenance, repair and operations market. The company is headquartered in Chicago, Illinois."
CIK="703604"
Exchange="NASDAQ"
Currency="USD"
Country="USA"
Sector="TRADE & SERVICES"
Industry="WHOLESALE-MACHINERY, EQUIPMENT & SUPPLIES"
Address="8770 WEST BRYN MAWR AVENUE, SUITE 900, CHICAGO, IL, US"
FiscalYearEnd="December"
LatestQuarter="2023-03-31"
MarketCapitalization="1180754000"
EBITDA="126933000"
PERatio="53.8"
PEGRatio="3.19"
BookValue="27.1"
DividendPerShare="0"
DividendYield="0"
EPS="0.94"
RevenuePerShareTTM="67.79"
ProfitMargin="0.0118"
OperatingMarginTTM="0.0563"
ReturnOnAssetsTTM="0.044"
ReturnOnEquityTTM="0.0429"
RevenueTTM="1345607000"
GrossProfitTTM="393765000"
DilutedEPSTTM="0.94"
QuarterlyEarningsGrowthYOY="6.03"
QuarterlyRevenueGrowthYOY="1.26"
AnalystTargetPrice="61"
TrailingPE="53.8"
ForwardPE="23.64"
PriceToSalesRatioTTM="0.628"
PriceToBookRatio="1.304"
EVToRevenue="1.353"
EVToEBITDA="20.59"
Beta="1.029"
num_52WeekHigh="54.26"
num_52WeekLow="25.66"
num_50DayMovingAverage="48.72"
num_200DayMovingAverage="40.52"
SharesOutstanding="23348900"
DividendDate="2012-07-17"
ExDividendDate="2012-06-29"
symbol="DSGR"
open="50.80"
high="51.45"
low="50.20"
price="50.57"
volume="10979.00"
latest_trading_day="2023-07-07"
previous_close="50.59"
change="-0.02"
change_percent="-0.0395%"
aroon_positive_momentum_days="83"
aroon_negative_momentum_days="0"
trend_strength="Absent or Weak Trend"
buying_signal="Weak Buy Signal"
volume_analysis="Target Volume"
value_analysis="Expected Range"
Aroon_change="FALSE"
Aroon_momentum="83"
Volume_recent_avg="24194"
Change_recent_avg="0.01"
Delta_recent_avg="1.79"
Variance_recent_avg="0.9"
Change_ratio_recent_avg="-0.02"
RSI_change="FALSE"
ADX_change="FALSE"

event="FALSE"
Aroon_signal="positive"
Aroon_change="FALSE"
Aroon_momentum_positive="83"
Aroon_momentum_negative="17"
image_negative_thumbnail_id_1="1138"
image_negative_url_1="https://hehge.com/wp-content/uploads/sites/16/2023/06/MI_Finance_Negative_Landscape_0171.jpeg"
image_negative_thumbnail_id_2="490"
image_negative_url_2="https://hehge.com/wp-content/uploads/sites/16/2023/06/MI_Finance_Negative_Landscape_0115.jpeg"
image_neutral_thumbnail_id_1="592"
image_neutral_url_1="https://hehge.com/wp-content/uploads/sites/16/2023/06/MI_Finance_Neutral_Landscape_0007.jpeg"
image_neutral_thumbnail_id_2="557"
image_neutral_url_2="https://hehge.com/wp-content/uploads/sites/16/2023/06/MI_Finance_Neutral_Landscape_0042.jpeg"
image_positive_thumbnail_id_1="609"
image_positive_url_1="https://hehge.com/wp-content/uploads/sites/16/2023/06/MI_Finance_Positive_Landscape_0099.jpeg"
image_positive_thumbnail_id_2="678"
image_positive_url_2="https://hehge.com/wp-content/uploads/sites/16/2023/06/MI_Finance_Positive_Landscape_0030.jpeg"
image_professor_thumbnail_id_1="1181"
image_professor_url_1="https://hehge.com/wp-content/uploads/sites/16/2023/06/MI_Finance_Professor_Landscape_0015.jpeg"
image_professor_thumbnail_id_2="1193"
image_professor_url_2="https://hehge.com/wp-content/uploads/sites/16/2023/06/MI_Finance_Professor_Landscape_0027.jpeg"
