Symbol="STGW"
AssetType="Common Stock"
Name="Stagwell Inc"
Description="None"
CIK="876883"
Exchange="NASDAQ"
Currency="USD"
Country="USA"
Sector="TRADE & SERVICES"
Industry="SERVICES-ADVERTISING AGENCIES"
Address="ONE WORLD TRADE CENTER, FLOOR 65, NEW YORK, NY, US"
FiscalYearEnd="December"
LatestQuarter="2023-03-31"
MarketCapitalization="3237501000"
EBITDA="358372000"
PERatio="124.67"
PEGRatio="None"
BookValue="3.753"
DividendPerShare="0"
DividendYield="0"
EPS="0.06"
RevenuePerShareTTM="21.34"
ProfitMargin="0.0056"
OperatingMarginTTM="0.0843"
ReturnOnAssetsTTM="0.0353"
ReturnOnEquityTTM="0.0287"
RevenueTTM="2667333000"
GrossProfitTTM="1014216000"
DilutedEPSTTM="0.06"
QuarterlyEarningsGrowthYOY="-0.638"
QuarterlyRevenueGrowthYOY="-0.032"
AnalystTargetPrice="10.71"
TrailingPE="124.67"
ForwardPE="-"
PriceToSalesRatioTTM="1.21"
PriceToBookRatio="3.107"
EVToRevenue="0.945"
EVToEBITDA="7.38"
Beta="0.86"
num_52WeekHigh="9.23"
num_52WeekLow="4.89"
num_50DayMovingAverage="6.73"
num_200DayMovingAverage="6.95"
SharesOutstanding="114498000"
DividendDate="2016-08-24"
ExDividendDate="None"
symbol="STGW"
open="7.51"
high="7.59"
low="7.42"
price="7.45"
volume="308342.00"
latest_trading_day="2023-07-13"
previous_close="7.48"
change="-0.03"
change_percent="-0.4011%"
aroon_positive_momentum_days="44"
aroon_negative_momentum_days="0"
trend_strength="Absent or Weak Trend"
buying_signal="Weak Buy Signal"
volume_analysis="Target Volume"
value_analysis="Expected Range"
Aroon_change="FALSE"
Aroon_momentum="44"
Volume_recent_avg="937908"
Change_recent_avg="0.01"
Delta_recent_avg="0.32"
Variance_recent_avg="0.16"
Change_ratio_recent_avg="0.08"
RSI_change="FALSE"
ADX_change="FALSE"

event="FALSE"
Aroon_signal="positive"
Aroon_change="FALSE"
Aroon_momentum_positive="44"
Aroon_momentum_negative="56"
image_negative_thumbnail_id_1="115"
image_negative_url_1="https://hehge.com/wp-content/uploads/sites/16/2023/05/MI_Finance_Negative_Landscape_0061.jpeg"
image_negative_thumbnail_id_2="109"
image_negative_url_2="https://hehge.com/wp-content/uploads/sites/16/2023/05/MI_Finance_Negative_Landscape_0067.jpeg"
image_neutral_thumbnail_id_1="595"
image_neutral_url_1="https://hehge.com/wp-content/uploads/sites/16/2023/06/MI_Finance_Neutral_Landscape_0004.jpeg"
image_neutral_thumbnail_id_2="551"
image_neutral_url_2="https://hehge.com/wp-content/uploads/sites/16/2023/06/MI_Finance_Neutral_Landscape_0048.jpeg"
image_positive_thumbnail_id_1="613"
image_positive_url_1="https://hehge.com/wp-content/uploads/sites/16/2023/06/MI_Finance_Positive_Landscape_0095.jpeg"
image_positive_thumbnail_id_2="986"
image_positive_url_2="https://hehge.com/wp-content/uploads/sites/16/2023/06/MI_Finance_Positive_Landscape_0148.jpeg"
image_professor_thumbnail_id_1="1189"
image_professor_url_1="https://hehge.com/wp-content/uploads/sites/16/2023/06/MI_Finance_Professor_Landscape_0023.jpeg"
image_professor_thumbnail_id_2="1188"
image_professor_url_2="https://hehge.com/wp-content/uploads/sites/16/2023/06/MI_Finance_Professor_Landscape_0022.jpeg"
