Symbol="TTEK"
AssetType="Common Stock"
Name="Tetra Tech Inc"
Description="Tetra Tech, Inc. provides consulting and engineering services worldwide. The company is headquartered in Pasadena, California."
CIK="831641"
Exchange="NASDAQ"
Currency="USD"
Country="USA"
Sector="TRADE & SERVICES"
Industry="SERVICES-ENGINEERING SERVICES"
Address="3475 EAST FOOTHILL BOULEVARD, PASADENA, CA, US"
FiscalYearEnd="September"
LatestQuarter="2023-06-30"
MarketCapitalization="8411740000"
EBITDA="431128000"
PERatio="28.01"
PEGRatio="2.231"
BookValue="27.29"
DividendPerShare="0.95"
DividendYield="0.0066"
EPS="5.64"
RevenuePerShareTTM="64.5"
ProfitMargin="0.0883"
OperatingMarginTTM="0.111"
ReturnOnAssetsTTM="0.0715"
ReturnOnEquityTTM="0.228"
RevenueTTM="3429805000"
GrossProfitTTM="575559000"
DilutedEPSTTM="5.64"
QuarterlyEarningsGrowthYOY="0.028"
QuarterlyRevenueGrowthYOY="0.371"
AnalystTargetPrice="193"
TrailingPE="28.01"
ForwardPE="29.33"
PriceToSalesRatioTTM="2.82"
PriceToBookRatio="7.02"
EVToRevenue="2.449"
EVToEBITDA="22.05"
Beta="0.998"
num_52WeekHigh="172.99"
num_52WeekLow="122.06"
num_50DayMovingAverage="165.34"
num_200DayMovingAverage="151.03"
SharesOutstanding="53246000"
DividendDate="2023-09-06"
ExDividendDate="2023-08-22"
symbol="TTEK"
open="157.98"
high="159.20"
low="156.43"
price="158.27"
volume="172543.00"
latest_trading_day="2023-08-29"
previous_close="157.98"
change="0.29"
change_percent="0.1836%"
aroon_positive_momentum_days="76"
aroon_negative_momentum_days="0"
trend_strength="Absent or Weak Trend"
buying_signal="Weak Buy Signal"
volume_analysis="Target Volume"
value_analysis="Expected Range"
Aroon_change="FALSE"
Aroon_momentum="76"
Volume_recent_avg="303258"
Change_recent_avg="0.11"
Delta_recent_avg="3.5"
Variance_recent_avg="1.75"
Change_ratio_recent_avg="0.06"
RSI_change="FALSE"
ADX_change="FALSE"

event="FALSE"
Aroon_signal="positive"
Aroon_change="FALSE"
Aroon_momentum_positive="76"
Aroon_momentum_negative="24"
image_negative_thumbnail_id_1="147"
image_negative_url_1="https://hehge.com/wp-content/uploads/sites/16/2023/05/MI_Finance_Negative_Landscape_0029.jpeg"
image_negative_thumbnail_id_2="1104"
image_negative_url_2="https://hehge.com/wp-content/uploads/sites/16/2023/06/MI_Finance_Negative_Landscape_0137.jpeg"
image_neutral_thumbnail_id_1="598"
image_neutral_url_1="https://hehge.com/wp-content/uploads/sites/16/2023/06/MI_Finance_Neutral_Landscape_0001.jpeg"
image_neutral_thumbnail_id_2="551"
image_neutral_url_2="https://hehge.com/wp-content/uploads/sites/16/2023/06/MI_Finance_Neutral_Landscape_0048.jpeg"
image_positive_thumbnail_id_1="1008"
image_positive_url_1="https://hehge.com/wp-content/uploads/sites/16/2023/06/MI_Finance_Positive_Landscape_0170.jpeg"
image_positive_thumbnail_id_2="984"
image_positive_url_2="https://hehge.com/wp-content/uploads/sites/16/2023/06/MI_Finance_Positive_Landscape_0146.jpeg"
image_professor_thumbnail_id_1="1192"
image_professor_url_1="https://hehge.com/wp-content/uploads/sites/16/2023/06/MI_Finance_Professor_Landscape_0026.jpeg"
image_professor_thumbnail_id_2="1189"
image_professor_url_2="https://hehge.com/wp-content/uploads/sites/16/2023/06/MI_Finance_Professor_Landscape_0023.jpeg"
