Symbol="NRC"
AssetType="Common Stock"
Name="National Research Corp"
Description="National Research Corporation provides analytics and information that make it easy to measure and improve the patient and employee experience in the United States and Canada. The company is headquartered in Lincoln, Nebraska."
CIK="70487"
Exchange="NASDAQ"
Currency="USD"
Country="USA"
Sector="TRADE & SERVICES"
Industry="SERVICES-COMMERCIAL PHYSICAL & BIOLOGICAL RESEARCH"
Address="1245 Q STREET, LINCOLN, NE, US"
FiscalYearEnd="December"
LatestQuarter="2023-06-30"
MarketCapitalization="1044377000"
EBITDA="47315000"
PERatio="36.03"
PEGRatio="None"
BookValue="3.166"
DividendPerShare="0.6"
DividendYield="0.0113"
EPS="1.18"
RevenuePerShareTTM="6.03"
ProfitMargin="0.197"
OperatingMarginTTM="0.281"
ReturnOnAssetsTTM="0.193"
ReturnOnEquityTTM="0.399"
RevenueTTM="148468000"
GrossProfitTTM="94519000"
DilutedEPSTTM="1.18"
QuarterlyEarningsGrowthYOY="-0.121"
QuarterlyRevenueGrowthYOY="-0.03"
AnalystTargetPrice="None"
TrailingPE="36.03"
ForwardPE="-"
PriceToSalesRatioTTM="6.08"
PriceToBookRatio="13.59"
EVToRevenue="6.03"
EVToEBITDA="17.47"
Beta="0.497"
num_52WeekHigh="47.34"
num_52WeekLow="32.74"
num_50DayMovingAverage="43.34"
num_200DayMovingAverage="42.74"
SharesOutstanding="24567800"
DividendDate="2023-10-13"
ExDividendDate="2023-09-28"
symbol="NRC"
open="42.09"
high="42.25"
low="42.00"
price="42.01"
volume="17179.00"
latest_trading_day="2023-08-28"
previous_close="42.51"
change="-0.50"
change_percent="-1.1762%"
aroon_positive_momentum_days="0"
aroon_negative_momentum_days="50"
trend_strength="Absent or Weak Trend"
buying_signal="Strong Sell Signal"
volume_analysis="Target Volume"
value_analysis="Expected Range"
Aroon_change="FALSE"
Aroon_momentum="50"
Volume_recent_avg="31217"
Change_recent_avg="0.03"
Delta_recent_avg="1.01"
Variance_recent_avg="0.5"
Change_ratio_recent_avg="0.05"
RSI_change="FALSE"
ADX_change="FALSE"

event="FALSE"
Aroon_signal="negative"
Aroon_change="FALSE"
Aroon_momentum_positive="50"
Aroon_momentum_negative="50"
image_negative_thumbnail_id_1="157"
image_negative_url_1="https://hehge.com/wp-content/uploads/sites/16/2023/05/MI_Finance_Negative_Landscape_0019.jpeg"
image_negative_thumbnail_id_2="167"
image_negative_url_2="https://hehge.com/wp-content/uploads/sites/16/2023/05/MI_Finance_Negative_Landscape_0009.jpeg"
image_neutral_thumbnail_id_1="537"
image_neutral_url_1="https://hehge.com/wp-content/uploads/sites/16/2023/06/MI_Finance_Neutral_Landscape_0062.jpeg"
image_neutral_thumbnail_id_2="593"
image_neutral_url_2="https://hehge.com/wp-content/uploads/sites/16/2023/06/MI_Finance_Neutral_Landscape_0006.jpeg"
image_positive_thumbnail_id_1="989"
image_positive_url_1="https://hehge.com/wp-content/uploads/sites/16/2023/06/MI_Finance_Positive_Landscape_0151.jpeg"
image_positive_thumbnail_id_2="631"
image_positive_url_2="https://hehge.com/wp-content/uploads/sites/16/2023/06/MI_Finance_Positive_Landscape_0077.jpeg"
image_professor_thumbnail_id_1="1174"
image_professor_url_1="https://hehge.com/wp-content/uploads/sites/16/2023/06/MI_Finance_Professor_Landscape_0008.jpeg"
image_professor_thumbnail_id_2="1187"
image_professor_url_2="https://hehge.com/wp-content/uploads/sites/16/2023/06/MI_Finance_Professor_Landscape_0021.jpeg"
