Symbol="BJRI"
AssetType="Common Stock"
Name="BJs Restaurants Inc"
Description="BJ's Restaurants, Inc. owns and operates casual restaurants in the United States. The company is headquartered in Huntington Beach, California."
CIK="1013488"
Exchange="NASDAQ"
Currency="USD"
Country="USA"
Sector="TRADE & SERVICES"
Industry="RETAIL-EATING PLACES"
Address="7755 CENTER AVENUE, SUITE 300, HUNTINGTON BEACH, CA, US"
FiscalYearEnd="December"
LatestQuarter="2023-06-30"
MarketCapitalization="844876000"
EBITDA="87527000"
PERatio="138.04"
PEGRatio="2.411"
BookValue="14.93"
DividendPerShare="0"
DividendYield="0.0361"
EPS="0.26"
RevenuePerShareTTM="57.4"
ProfitMargin="0.0132"
OperatingMarginTTM="0.013"
ReturnOnAssetsTTM="0.0059"
ReturnOnEquityTTM="0.0177"
RevenueTTM="1346450000"
GrossProfitTTM="144764000"
DilutedEPSTTM="0.26"
QuarterlyEarningsGrowthYOY="49"
QuarterlyRevenueGrowthYOY="0.061"
AnalystTargetPrice="38.36"
TrailingPE="138.04"
ForwardPE="36.1"
PriceToSalesRatioTTM="0.559"
PriceToBookRatio="2.046"
EVToRevenue="0.973"
EVToEBITDA="22.05"
Beta="1.951"
num_52WeekHigh="37.83"
num_52WeekLow="22.93"
num_50DayMovingAverage="32.64"
num_200DayMovingAverage="31.04"
SharesOutstanding="23540700"
DividendDate="2020-03-24"
ExDividendDate="2020-03-09"
symbol="BJRI"
open="33.96"
high="34.06"
low="32.82"
price="34.00"
volume="333640.00"
latest_trading_day="2023-08-09"
previous_close="34.01"
change="-0.01"
change_percent="-0.0294%"
aroon_positive_momentum_days="66"
aroon_negative_momentum_days="0"
trend_strength="Absent or Weak Trend"
buying_signal="Weak Buy Signal"
volume_analysis="Target Volume"
value_analysis="Expected Range"
Aroon_change="FALSE"
Aroon_momentum="66"
Volume_recent_avg="313115"
Change_recent_avg="-0.05"
Delta_recent_avg="1.09"
Variance_recent_avg="0.55"
Change_ratio_recent_avg="-0.19"
RSI_change="FALSE"
ADX_change="FALSE"

event="FALSE"
Aroon_signal="positive"
Aroon_change="FALSE"
Aroon_momentum_positive="66"
Aroon_momentum_negative="34"
image_negative_thumbnail_id_1="150"
image_negative_url_1="https://hehge.com/wp-content/uploads/sites/16/2023/05/MI_Finance_Negative_Landscape_0026.jpeg"
image_negative_thumbnail_id_2="132"
image_negative_url_2="https://hehge.com/wp-content/uploads/sites/16/2023/05/MI_Finance_Negative_Landscape_0044.jpeg"
image_neutral_thumbnail_id_1="580"
image_neutral_url_1="https://hehge.com/wp-content/uploads/sites/16/2023/06/MI_Finance_Neutral_Landscape_0019.jpeg"
image_neutral_thumbnail_id_2="536"
image_neutral_url_2="https://hehge.com/wp-content/uploads/sites/16/2023/06/MI_Finance_Neutral_Landscape_0063.jpeg"
image_positive_thumbnail_id_1="606"
image_positive_url_1="https://hehge.com/wp-content/uploads/sites/16/2023/06/MI_Finance_Positive_Landscape_0102.jpeg"
image_positive_thumbnail_id_2="1001"
image_positive_url_2="https://hehge.com/wp-content/uploads/sites/16/2023/06/MI_Finance_Positive_Landscape_0163.jpeg"
image_professor_thumbnail_id_1="1200"
image_professor_url_1="https://hehge.com/wp-content/uploads/sites/16/2023/06/MI_Finance_Professor_Landscape_0034.jpeg"
image_professor_thumbnail_id_2="1172"
image_professor_url_2="https://hehge.com/wp-content/uploads/sites/16/2023/06/MI_Finance_Professor_Landscape_0006.jpeg"
