Symbol="EVH"
AssetType="Common Stock"
Name="Evolent Health Inc"
Description="Evolent Health, Inc., through its subsidiary, Evolent Health LLC, provides healthcare delivery and payment solutions in the United States. The company is headquartered in Arlington, Virginia."
CIK="1628908"
Exchange="NYSE"
Currency="USD"
Country="USA"
Sector="TRADE & SERVICES"
Industry="SERVICES-MANAGEMENT SERVICES"
Address="800 NORTH GLEBE RD, SUITE 500, ARLINGTON, VA, US"
FiscalYearEnd="December"
LatestQuarter="2023-03-31"
MarketCapitalization="3336100000"
EBITDA="66154000"
PERatio="None"
PEGRatio="-1.37"
BookValue="10.1"
DividendPerShare="0"
DividendYield="0"
EPS="-0.36"
RevenuePerShareTTM="15.09"
ProfitMargin="-0.0228"
OperatingMarginTTM="0.008"
ReturnOnAssetsTTM="0.0038"
ReturnOnEquityTTM="-0.0385"
RevenueTTM="1482646000"
GrossProfitTTM="316584000"
DilutedEPSTTM="-0.36"
QuarterlyEarningsGrowthYOY="0"
QuarterlyRevenueGrowthYOY="0.44"
AnalystTargetPrice="46.88"
TrailingPE="-"
ForwardPE="32.68"
PriceToSalesRatioTTM="2.253"
PriceToBookRatio="3.327"
EVToRevenue="2.602"
EVToEBITDA="109.93"
Beta="1.536"
num_52WeekHigh="39.78"
num_52WeekLow="21.83"
num_50DayMovingAverage="30.26"
num_200DayMovingAverage="30.63"
SharesOutstanding="112668000"
DividendDate="None"
ExDividendDate="None"
symbol="EVH"
open="29.83"
high="30.04"
low="29.29"
price="29.61"
volume="536460.00"
latest_trading_day="2023-07-28"
previous_close="29.66"
change="-0.05"
change_percent="-0.1686%"
aroon_positive_momentum_days="0"
aroon_negative_momentum_days="51"
trend_strength="Absent or Weak Trend"
buying_signal="Weak Sell Signal"
volume_analysis="Target Volume"
value_analysis="Expected Range"
Aroon_change="FALSE"
Aroon_momentum="49"
Volume_recent_avg="1108282"
Change_recent_avg="-0.03"
Delta_recent_avg="1.05"
Variance_recent_avg="0.52"
Change_ratio_recent_avg="-0.11"
RSI_change="FALSE"
ADX_change="FALSE"

event="FALSE"
Aroon_signal="negative"
Aroon_change="FALSE"
Aroon_momentum_positive="49"
Aroon_momentum_negative="51"
image_negative_thumbnail_id_1="1118"
image_negative_url_1="https://hehge.com/wp-content/uploads/sites/16/2023/06/MI_Finance_Negative_Landscape_0151.jpeg"
image_negative_thumbnail_id_2="152"
image_negative_url_2="https://hehge.com/wp-content/uploads/sites/16/2023/05/MI_Finance_Negative_Landscape_0024.jpeg"
image_neutral_thumbnail_id_1="577"
image_neutral_url_1="https://hehge.com/wp-content/uploads/sites/16/2023/06/MI_Finance_Neutral_Landscape_0022.jpeg"
image_neutral_thumbnail_id_2="566"
image_neutral_url_2="https://hehge.com/wp-content/uploads/sites/16/2023/06/MI_Finance_Neutral_Landscape_0033.jpeg"
image_positive_thumbnail_id_1="629"
image_positive_url_1="https://hehge.com/wp-content/uploads/sites/16/2023/06/MI_Finance_Positive_Landscape_0079.jpeg"
image_positive_thumbnail_id_2="623"
image_positive_url_2="https://hehge.com/wp-content/uploads/sites/16/2023/06/MI_Finance_Positive_Landscape_0085.jpeg"
image_professor_thumbnail_id_1="1197"
image_professor_url_1="https://hehge.com/wp-content/uploads/sites/16/2023/06/MI_Finance_Professor_Landscape_0031.jpeg"
image_professor_thumbnail_id_2="1172"
image_professor_url_2="https://hehge.com/wp-content/uploads/sites/16/2023/06/MI_Finance_Professor_Landscape_0006.jpeg"
