Symbol="EVH"
AssetType="Common Stock"
Name="Evolent Health Inc"
Description="Evolent Health, Inc., through its subsidiary, Evolent Health LLC, provides healthcare delivery and payment solutions in the United States. The company is headquartered in Arlington, Virginia."
CIK="1628908"
Exchange="NYSE"
Currency="USD"
Country="USA"
Sector="TRADE & SERVICES"
Industry="SERVICES-MANAGEMENT SERVICES"
Address="800 NORTH GLEBE RD, SUITE 500, ARLINGTON, VA, US"
FiscalYearEnd="December"
LatestQuarter="2023-03-31"
MarketCapitalization="3338344000"
EBITDA="66154000"
PERatio="671.88"
PEGRatio="-1.37"
BookValue="10.1"
DividendPerShare="0"
DividendYield="0"
EPS="-0.387"
RevenuePerShareTTM="15.09"
ProfitMargin="-0.0228"
OperatingMarginTTM="0.008"
ReturnOnAssetsTTM="0.0038"
ReturnOnEquityTTM="-4.571"
RevenueTTM="1482646000"
GrossProfitTTM="316584000"
DilutedEPSTTM="-0.38"
QuarterlyEarningsGrowthYOY="0"
QuarterlyRevenueGrowthYOY="0.44"
AnalystTargetPrice="46.88"
TrailingPE="-"
ForwardPE="32.68"
PriceToSalesRatioTTM="2.253"
PriceToBookRatio="3.327"
EVToRevenue="2.602"
EVToEBITDA="109.93"
Beta="1.536"
num_52WeekHigh="39.78"
num_52WeekLow="21.83"
num_50DayMovingAverage="31.78"
num_200DayMovingAverage="31.07"
SharesOutstanding="112668000"
DividendDate="None"
ExDividendDate="None"
symbol="EVH"
open="28.99"
high="29.76"
low="28.79"
price="29.63"
volume="926112.00"
latest_trading_day="2023-07-07"
previous_close="28.99"
change="0.64"
change_percent="2.2077%"
aroon_positive_momentum_days="0"
aroon_negative_momentum_days="36"
trend_strength="Absent or Weak Trend"
buying_signal="Weak Sell Signal"
volume_analysis="Target Volume"
value_analysis="Expected Range"
Aroon_change="FALSE"
Aroon_momentum="64"
Volume_recent_avg="1127888"
Change_recent_avg="-0.01"
Delta_recent_avg="1.07"
Variance_recent_avg="0.54"
Change_ratio_recent_avg="-0.05"
RSI_change="FALSE"
ADX_change="FALSE"

event="FALSE"
Aroon_signal="negative"
Aroon_change="FALSE"
Aroon_momentum_positive="64"
Aroon_momentum_negative="36"
image_negative_thumbnail_id_1="152"
image_negative_url_1="https://hehge.com/wp-content/uploads/sites/16/2023/05/MI_Finance_Negative_Landscape_0024.jpeg"
image_negative_thumbnail_id_2="1098"
image_negative_url_2="https://hehge.com/wp-content/uploads/sites/16/2023/06/MI_Finance_Negative_Landscape_0131.jpeg"
image_neutral_thumbnail_id_1="567"
image_neutral_url_1="https://hehge.com/wp-content/uploads/sites/16/2023/06/MI_Finance_Neutral_Landscape_0032.jpeg"
image_neutral_thumbnail_id_2="589"
image_neutral_url_2="https://hehge.com/wp-content/uploads/sites/16/2023/06/MI_Finance_Neutral_Landscape_0010.jpeg"
image_positive_thumbnail_id_1="690"
image_positive_url_1="https://hehge.com/wp-content/uploads/sites/16/2023/06/MI_Finance_Positive_Landscape_0018.jpeg"
image_positive_thumbnail_id_2="640"
image_positive_url_2="https://hehge.com/wp-content/uploads/sites/16/2023/06/MI_Finance_Positive_Landscape_0068.jpeg"
image_professor_thumbnail_id_1="1173"
image_professor_url_1="https://hehge.com/wp-content/uploads/sites/16/2023/06/MI_Finance_Professor_Landscape_0007.jpeg"
image_professor_thumbnail_id_2="1170"
image_professor_url_2="https://hehge.com/wp-content/uploads/sites/16/2023/06/MI_Finance_Professor_Landscape_0004.jpeg"
