Symbol="QRHC"
AssetType="Common Stock"
Name="Quest Resource Holding Corp"
Description="Quest Resource Holding Corporation provides solutions for the reuse, recycling, and disposal of various waste streams and recyclables in the United States. The company is headquartered in The Colony, Texas."
CIK="1442236"
Exchange="NASDAQ"
Currency="USD"
Country="USA"
Sector="TRADE & SERVICES"
Industry="SERVICES-EQUIPMENT RENTAL & LEASING, NEC"
Address="3481 PLANO PARKWAY, THE COLONY, TX, US"
FiscalYearEnd="December"
LatestQuarter="2023-06-30"
MarketCapitalization="148761000"
EBITDA="13373500"
PERatio="None"
PEGRatio="0.911"
BookValue="3.494"
DividendPerShare="0"
DividendYield="0"
EPS="-0.41"
RevenuePerShareTTM="14.34"
ProfitMargin="-0.0279"
OperatingMarginTTM="0.0118"
ReturnOnAssetsTTM="0.0118"
ReturnOnEquityTTM="-0.111"
RevenueTTM="284222000"
GrossProfitTTM="48855500"
DilutedEPSTTM="-0.41"
QuarterlyEarningsGrowthYOY="0.667"
QuarterlyRevenueGrowthYOY="-0.031"
AnalystTargetPrice="11.67"
TrailingPE="-"
ForwardPE="13.66"
PriceToSalesRatioTTM="0.471"
PriceToBookRatio="1.752"
EVToRevenue="0.722"
EVToEBITDA="16.2"
Beta="0.775"
num_52WeekHigh="9.69"
num_52WeekLow="5"
num_50DayMovingAverage="6.68"
num_200DayMovingAverage="6.44"
SharesOutstanding="19782100"
DividendDate="2016-08-11"
ExDividendDate="None"
symbol="QRHC"
open="7.29"
high="7.60"
low="7.26"
price="7.52"
volume="58622.00"
latest_trading_day="2023-08-21"
previous_close="7.31"
change="0.21"
change_percent="2.8728%"
aroon_positive_momentum_days="44"
aroon_negative_momentum_days="0"
trend_strength="Absent or Weak Trend"
buying_signal="Weak Buy Signal"
volume_analysis="Target Volume"
value_analysis="Expected Range"
Aroon_change="FALSE"
Aroon_momentum="44"
Volume_recent_avg="35011"
Change_recent_avg="0.01"
Delta_recent_avg="0.29"
Variance_recent_avg="0.15"
Change_ratio_recent_avg="0.11"
RSI_change="FALSE"
ADX_change="FALSE"

event="FALSE"
Aroon_signal="positive"
Aroon_change="FALSE"
Aroon_momentum_positive="44"
Aroon_momentum_negative="56"
image_negative_thumbnail_id_1="1160"
image_negative_url_1="https://hehge.com/wp-content/uploads/sites/16/2023/06/MI_Finance_Negative_Landscape_0194.jpeg"
image_negative_thumbnail_id_2="1093"
image_negative_url_2="https://hehge.com/wp-content/uploads/sites/16/2023/06/MI_Finance_Negative_Landscape_0126.jpeg"
image_neutral_thumbnail_id_1="563"
image_neutral_url_1="https://hehge.com/wp-content/uploads/sites/16/2023/06/MI_Finance_Neutral_Landscape_0036.jpeg"
image_neutral_thumbnail_id_2="530"
image_neutral_url_2="https://hehge.com/wp-content/uploads/sites/16/2023/06/MI_Finance_Neutral_Landscape_0069.jpeg"
image_positive_thumbnail_id_1="965"
image_positive_url_1="https://hehge.com/wp-content/uploads/sites/16/2023/06/MI_Finance_Positive_Landscape_0127.jpeg"
image_positive_thumbnail_id_2="601"
image_positive_url_2="https://hehge.com/wp-content/uploads/sites/16/2023/06/MI_Finance_Positive_Landscape_0107.jpeg"
image_professor_thumbnail_id_1="1194"
image_professor_url_1="https://hehge.com/wp-content/uploads/sites/16/2023/06/MI_Finance_Professor_Landscape_0028.jpeg"
image_professor_thumbnail_id_2="1176"
image_professor_url_2="https://hehge.com/wp-content/uploads/sites/16/2023/06/MI_Finance_Professor_Landscape_0010.jpeg"
