Symbol="MELI"
AssetType="Common Stock"
Name="MercadoLibre Inc."
Description="MercadoLibre, Inc. operates online trading platforms in Latin America. The company is headquartered in Buenos Aires, Argentina."
CIK="1099590"
Exchange="NASDAQ"
Currency="USD"
Country="USA"
Sector="TRADE & SERVICES"
Industry="SERVICES-BUSINESS SERVICES, NEC"
Address="ARIAS 3751, 7TH FLOOR, BUENOS AIRES, AR"
FiscalYearEnd="December"
LatestQuarter="2023-06-30"
MarketCapitalization="65905508000"
EBITDA="2017000000"
PERatio="108.31"
PEGRatio="0.878"
BookValue="44.96"
DividendPerShare="0"
DividendYield="0"
EPS="12.12"
RevenuePerShareTTM="241.65"
ProfitMargin="0.0623"
OperatingMarginTTM="0.127"
ReturnOnAssetsTTM="0.0723"
ReturnOnEquityTTM="0.395"
RevenueTTM="12144000000"
GrossProfitTTM="5953000000"
DilutedEPSTTM="12.12"
QuarterlyEarningsGrowthYOY="1.124"
QuarterlyRevenueGrowthYOY="0.315"
AnalystTargetPrice="1615.37"
TrailingPE="108.31"
ForwardPE="61.73"
PriceToSalesRatioTTM="4.346"
PriceToBookRatio="26.74"
EVToRevenue="4.718"
EVToEBITDA="42.97"
Beta="1.52"
num_52WeekHigh="1388.39"
num_52WeekLow="754.76"
num_50DayMovingAverage="1212.43"
num_200DayMovingAverage="1125.84"
SharesOutstanding="50208000"
DividendDate="2018-01-16"
ExDividendDate="2017-12-28"
symbol="MELI"
open="1345.00"
high="1388.39"
low="1344.34"
price="1387.06"
volume="651532.00"
latest_trading_day="2023-08-10"
previous_close="1312.66"
change="74.40"
change_percent="5.6679%"
aroon_positive_momentum_days="69"
aroon_negative_momentum_days="0"
trend_strength="Absent or Weak Trend"
buying_signal="Weak Buy Signal"
volume_analysis="Target Volume"
value_analysis="Expected Range"
Aroon_change="FALSE"
Aroon_momentum="69"
Volume_recent_avg="484150"
Change_recent_avg="-1.12"
Delta_recent_avg="42.29"
Variance_recent_avg="21.14"
Change_ratio_recent_avg="-0.13"
RSI_change="FALSE"
ADX_change="FALSE"

event="FALSE"
Aroon_signal="positive"
Aroon_change="FALSE"
Aroon_momentum_positive="69"
Aroon_momentum_negative="31"
image_negative_thumbnail_id_1="1155"
image_negative_url_1="https://hehge.com/wp-content/uploads/sites/16/2023/06/MI_Finance_Negative_Landscape_0189.jpeg"
image_negative_thumbnail_id_2="491"
image_negative_url_2="https://hehge.com/wp-content/uploads/sites/16/2023/06/MI_Finance_Negative_Landscape_0114.jpeg"
image_neutral_thumbnail_id_1="561"
image_neutral_url_1="https://hehge.com/wp-content/uploads/sites/16/2023/06/MI_Finance_Neutral_Landscape_0038.jpeg"
image_neutral_thumbnail_id_2="590"
image_neutral_url_2="https://hehge.com/wp-content/uploads/sites/16/2023/06/MI_Finance_Neutral_Landscape_0009.jpeg"
image_positive_thumbnail_id_1="651"
image_positive_url_1="https://hehge.com/wp-content/uploads/sites/16/2023/06/MI_Finance_Positive_Landscape_0057.jpeg"
image_positive_thumbnail_id_2="614"
image_positive_url_2="https://hehge.com/wp-content/uploads/sites/16/2023/06/MI_Finance_Positive_Landscape_0094.jpeg"
image_professor_thumbnail_id_1="1188"
image_professor_url_1="https://hehge.com/wp-content/uploads/sites/16/2023/06/MI_Finance_Professor_Landscape_0022.jpeg"
image_professor_thumbnail_id_2="1190"
image_professor_url_2="https://hehge.com/wp-content/uploads/sites/16/2023/06/MI_Finance_Professor_Landscape_0024.jpeg"
