Symbol="OMI"
AssetType="Common Stock"
Name="Owens & Minor Inc"
Description="Owens & Minor, Inc. is a healthcare solutions company in the United States and internationally. The company is headquartered in Richmond, Virginia."
CIK="75252"
Exchange="NYSE"
Currency="USD"
Country="USA"
Sector="TRADE & SERVICES"
Industry="WHOLESALE-MEDICAL, DENTAL & HOSPITAL EQUIPMENT & SUPPLIES"
Address="9120 LOCKWOOD BLVD, MECHANICSVILLE, VA, US"
FiscalYearEnd="December"
LatestQuarter="2023-03-31"
MarketCapitalization="1458575000"
EBITDA="395954000"
PERatio="25.09"
PEGRatio="4.07"
BookValue="12.13"
DividendPerShare="0"
DividendYield="0.0005"
EPS="-0.561"
RevenuePerShareTTM="134.5"
ProfitMargin="-0.0041"
OperatingMarginTTM="0.0134"
ReturnOnAssetsTTM="0.0153"
ReturnOnEquityTTM="-4.413"
RevenueTTM="10071372000"
GrossProfitTTM="1826351000"
DilutedEPSTTM="-0.55"
QuarterlyEarningsGrowthYOY="-0.724"
QuarterlyRevenueGrowthYOY="0.048"
AnalystTargetPrice="20.4"
TrailingPE="-"
ForwardPE="8.35"
PriceToSalesRatioTTM="0.154"
PriceToBookRatio="1.665"
EVToRevenue="0.435"
EVToEBITDA="9.91"
Beta="0.514"
num_52WeekHigh="35.74"
num_52WeekLow="11.79"
num_50DayMovingAverage="19.36"
num_200DayMovingAverage="18.32"
SharesOutstanding="76206000"
DividendDate="2021-12-31"
ExDividendDate="2021-12-14"
symbol="OMI"
open="18.71"
high="19.44"
low="17.77"
price="19.04"
volume="1891804.00"
latest_trading_day="2023-08-04"
previous_close="18.78"
change="0.26"
change_percent="1.3578%"
aroon_positive_momentum_days="0"
aroon_negative_momentum_days="49"
trend_strength="Absent or Weak Trend"
buying_signal="Weak Sell Signal"
volume_analysis="Target Volume"
value_analysis="Expected Range"
Aroon_change="FALSE"
Aroon_momentum="51"
Volume_recent_avg="763832"
Change_recent_avg="0.01"
Delta_recent_avg="0.67"
Variance_recent_avg="0.34"
Change_ratio_recent_avg="0.01"
RSI_change="FALSE"
ADX_change="FALSE"

event="FALSE"
Aroon_signal="negative"
Aroon_change="FALSE"
Aroon_momentum_positive="51"
Aroon_momentum_negative="49"
image_negative_thumbnail_id_1="1140"
image_negative_url_1="https://hehge.com/wp-content/uploads/sites/16/2023/06/MI_Finance_Negative_Landscape_0173.jpeg"
image_negative_thumbnail_id_2="520"
image_negative_url_2="https://hehge.com/wp-content/uploads/sites/16/2023/06/MI_Finance_Negative_Landscape_0085.jpeg"
image_neutral_thumbnail_id_1="559"
image_neutral_url_1="https://hehge.com/wp-content/uploads/sites/16/2023/06/MI_Finance_Neutral_Landscape_0040.jpeg"
image_neutral_thumbnail_id_2="555"
image_neutral_url_2="https://hehge.com/wp-content/uploads/sites/16/2023/06/MI_Finance_Neutral_Landscape_0044.jpeg"
image_positive_thumbnail_id_1="654"
image_positive_url_1="https://hehge.com/wp-content/uploads/sites/16/2023/06/MI_Finance_Positive_Landscape_0054.jpeg"
image_positive_thumbnail_id_2="603"
image_positive_url_2="https://hehge.com/wp-content/uploads/sites/16/2023/06/MI_Finance_Positive_Landscape_0105.jpeg"
image_professor_thumbnail_id_1="1179"
image_professor_url_1="https://hehge.com/wp-content/uploads/sites/16/2023/06/MI_Finance_Professor_Landscape_0013.jpeg"
image_professor_thumbnail_id_2="1198"
image_professor_url_2="https://hehge.com/wp-content/uploads/sites/16/2023/06/MI_Finance_Professor_Landscape_0032.jpeg"
