Symbol="GNLN"
AssetType="Common Stock"
Name="Greenlane Holdings Inc"
Description="Greenlane Holdings, Inc. sells cannabis accessories, child-resistant packaging, and specialty vaporization products in the United States, Canada, Europe, Australia, and South America. The company is headquartered in Boca Raton, Florida."
CIK="1743745"
Exchange="NASDAQ"
Currency="USD"
Country="USA"
Sector="TRADE & SERVICES"
Industry="WHOLESALE-DURABLE GOODS, NEC"
Address="1095 BROKEN SOUND PARKWAY, SUITE 300, BOCA RATON, FL, US"
FiscalYearEnd="December"
LatestQuarter="2023-03-31"
MarketCapitalization="1917900"
EBITDA="-34173000"
PERatio="None"
PEGRatio="None"
BookValue="53.52"
DividendPerShare="0"
DividendYield="0"
EPS="-124.79"
RevenuePerShareTTM="110.1"
ProfitMargin="-0.966"
OperatingMarginTTM="-0.374"
ReturnOnAssetsTTM="-0.13"
ReturnOnEquityTTM="-0.854"
RevenueTTM="114510000"
GrossProfitTTM="27679000"
DilutedEPSTTM="-124.79"
QuarterlyEarningsGrowthYOY="0"
QuarterlyRevenueGrowthYOY="-0.485"
AnalystTargetPrice="7.9"
TrailingPE="-"
ForwardPE="185.19"
PriceToSalesRatioTTM="0.0392"
PriceToBookRatio="0.0795"
EVToRevenue="0.129"
EVToEBITDA="-0.197"
Beta="1.883"
num_52WeekHigh="39"
num_52WeekLow="0.819"
num_50DayMovingAverage="1.559"
num_200DayMovingAverage="3.574"
SharesOutstanding="1599300"
DividendDate="None"
ExDividendDate="None"
symbol="GNLN"
open="0.90"
high="0.90"
low="0.82"
price="0.85"
volume="50172.00"
latest_trading_day="2023-08-10"
previous_close="0.89"
change="-0.03"
change_percent="-3.7162%"
aroon_positive_momentum_days="0"
aroon_negative_momentum_days="90"
trend_strength="Absent or Weak Trend"
buying_signal="Strong Sell Signal"
volume_analysis="Trending High"
value_analysis="Bullish Trend"
Aroon_change="FALSE"
Aroon_momentum="10"
Volume_recent_avg="186436"
Change_recent_avg="-0.02"
Delta_recent_avg="0.07"
Variance_recent_avg="0.04"
Change_ratio_recent_avg="-1.55"
RSI_change="FALSE"
ADX_change="FALSE"

event="FALSE"
Aroon_signal="negative"
Aroon_change="FALSE"
Aroon_momentum_positive="10"
Aroon_momentum_negative="90"
image_negative_thumbnail_id_1="1148"
image_negative_url_1="https://hehge.com/wp-content/uploads/sites/16/2023/06/MI_Finance_Negative_Landscape_0181.jpeg"
image_negative_thumbnail_id_2="127"
image_negative_url_2="https://hehge.com/wp-content/uploads/sites/16/2023/05/MI_Finance_Negative_Landscape_0049.jpeg"
image_neutral_thumbnail_id_1="535"
image_neutral_url_1="https://hehge.com/wp-content/uploads/sites/16/2023/06/MI_Finance_Neutral_Landscape_0064.jpeg"
image_neutral_thumbnail_id_2="552"
image_neutral_url_2="https://hehge.com/wp-content/uploads/sites/16/2023/06/MI_Finance_Neutral_Landscape_0047.jpeg"
image_positive_thumbnail_id_1="603"
image_positive_url_1="https://hehge.com/wp-content/uploads/sites/16/2023/06/MI_Finance_Positive_Landscape_0105.jpeg"
image_positive_thumbnail_id_2="995"
image_positive_url_2="https://hehge.com/wp-content/uploads/sites/16/2023/06/MI_Finance_Positive_Landscape_0157.jpeg"
image_professor_thumbnail_id_1="1202"
image_professor_url_1="https://hehge.com/wp-content/uploads/sites/16/2023/06/MI_Finance_Professor_Landscape_0036.jpeg"
image_professor_thumbnail_id_2="1198"
image_professor_url_2="https://hehge.com/wp-content/uploads/sites/16/2023/06/MI_Finance_Professor_Landscape_0032.jpeg"
