Symbol="JFBR"
AssetType="Common Stock"
Name="Jeffs' Brands Ltd"
Description="None"
CIK="1885408"
Exchange="NASDAQ"
Currency="USD"
Country="USA"
Sector="TRADE & SERVICES"
Industry="RETAIL-MISCELLANEOUS RETAIL"
Address="3 HANECHOSHET ST., TEL AVIV, IL"
FiscalYearEnd="December"
LatestQuarter="2023-06-30"
MarketCapitalization="5741900"
EBITDA="-3942000"
PERatio="None"
PEGRatio="None"
BookValue="1.588"
DividendPerShare="0"
DividendYield="0"
EPS="-0.45"
RevenuePerShareTTM="1.262"
ProfitMargin="-0.376"
OperatingMarginTTM="-0.77"
ReturnOnAssetsTTM="-0.243"
ReturnOnEquityTTM="-0.313"
RevenueTTM="5859000"
GrossProfitTTM="799000"
DilutedEPSTTM="-0.45"
QuarterlyEarningsGrowthYOY="0"
QuarterlyRevenueGrowthYOY="-0.235"
AnalystTargetPrice="None"
TrailingPE="-"
ForwardPE="-"
PriceToSalesRatioTTM="1.373"
PriceToBookRatio="16.46"
EVToRevenue="2.19"
EVToEBITDA="-14.64"
Beta="None"
num_52WeekHigh="4.15"
num_52WeekLow="0.65"
num_50DayMovingAverage="0.756"
num_200DayMovingAverage="1.064"
SharesOutstanding="8321600"
DividendDate="None"
ExDividendDate="None"
symbol="JFBR"
open="0.72"
high="0.72"
low="0.67"
price="0.71"
volume="39270.00"
latest_trading_day="2023-07-31"
previous_close="0.69"
change="0.02"
change_percent="2.8696%"
aroon_positive_momentum_days="0"
aroon_negative_momentum_days="83"
trend_strength="Absent or Weak Trend"
buying_signal="Weak Sell Signal"
volume_analysis="Target Volume"
value_analysis="Expected Range"
Aroon_change="FALSE"
Aroon_momentum="17"
Volume_recent_avg="810852"
Change_recent_avg="-0.01"
Delta_recent_avg="0.09"
Variance_recent_avg="0.05"
Change_ratio_recent_avg="-0.98"
RSI_change="FALSE"
ADX_change="FALSE"

event="FALSE"
Aroon_signal="negative"
Aroon_change="FALSE"
Aroon_momentum_positive="17"
Aroon_momentum_negative="83"
image_negative_thumbnail_id_1="138"
image_negative_url_1="https://hehge.com/wp-content/uploads/sites/16/2023/05/MI_Finance_Negative_Landscape_0038.jpeg"
image_negative_thumbnail_id_2="117"
image_negative_url_2="https://hehge.com/wp-content/uploads/sites/16/2023/05/MI_Finance_Negative_Landscape_0059.jpeg"
image_neutral_thumbnail_id_1="596"
image_neutral_url_1="https://hehge.com/wp-content/uploads/sites/16/2023/06/MI_Finance_Neutral_Landscape_0003.jpeg"
image_neutral_thumbnail_id_2="549"
image_neutral_url_2="https://hehge.com/wp-content/uploads/sites/16/2023/06/MI_Finance_Neutral_Landscape_0050.jpeg"
image_positive_thumbnail_id_1="689"
image_positive_url_1="https://hehge.com/wp-content/uploads/sites/16/2023/06/MI_Finance_Positive_Landscape_0019.jpeg"
image_positive_thumbnail_id_2="960"
image_positive_url_2="https://hehge.com/wp-content/uploads/sites/16/2023/06/MI_Finance_Positive_Landscape_0122.jpeg"
image_professor_thumbnail_id_1="1171"
image_professor_url_1="https://hehge.com/wp-content/uploads/sites/16/2023/06/MI_Finance_Professor_Landscape_0005.jpeg"
image_professor_thumbnail_id_2="1201"
image_professor_url_2="https://hehge.com/wp-content/uploads/sites/16/2023/06/MI_Finance_Professor_Landscape_0035.jpeg"
