Symbol="OPRX"
AssetType="Common Stock"
Name="OPTIMIZERx Corp"
Description="OptimizeRx Corporation is a digital health company providing communications solutions for life sciences companies, physicians, and patients. The company is headquartered in Rochester, Michigan."
CIK="1448431"
Exchange="NASDAQ"
Currency="USD"
Country="USA"
Sector="TRADE & SERVICES"
Industry="SERVICES-BUSINESS SERVICES, NEC"
Address="407 SIXTH STREET, ROCHESTER, MI, US"
FiscalYearEnd="December"
LatestQuarter="2023-03-31"
MarketCapitalization="252462000"
EBITDA="-13575074"
PERatio="None"
PEGRatio="2.075"
BookValue="7.24"
DividendPerShare="0"
DividendYield="0"
EPS="-0.79"
RevenuePerShareTTM="3.509"
ProfitMargin="-0.228"
OperatingMarginTTM="-0.253"
ReturnOnAssetsTTM="-0.0722"
ReturnOnEquityTTM="-0.11"
RevenueTTM="61722000"
GrossProfitTTM="38966800"
DilutedEPSTTM="-0.79"
QuarterlyEarningsGrowthYOY="-0.668"
QuarterlyRevenueGrowthYOY="-0.053"
AnalystTargetPrice="21.5"
TrailingPE="-"
ForwardPE="31.15"
PriceToSalesRatioTTM="4.759"
PriceToBookRatio="2.452"
EVToRevenue="3.789"
EVToEBITDA="-27.38"
Beta="0.971"
num_52WeekHigh="30.45"
num_52WeekLow="11.59"
num_50DayMovingAverage="14.08"
num_200DayMovingAverage="15.99"
SharesOutstanding="17127700"
DividendDate="2018-05-14"
ExDividendDate="None"
symbol="OPRX"
open="14.87"
high="14.93"
low="14.57"
price="14.74"
volume="74650.00"
latest_trading_day="2023-07-14"
previous_close="14.86"
change="-0.12"
change_percent="-0.8075%"
aroon_positive_momentum_days="0"
aroon_negative_momentum_days="97"
trend_strength="Absent or Weak Trend"
buying_signal="Weak Sell Signal"
volume_analysis="Target Volume"
value_analysis="Expected Range"
Aroon_change="FALSE"
Aroon_momentum="3"
Volume_recent_avg="203358"
Change_recent_avg="-0.01"
Delta_recent_avg="0.64"
Variance_recent_avg="0.32"
Change_ratio_recent_avg="-0.08"
RSI_change="FALSE"
ADX_change="FALSE"

event="FALSE"
Aroon_signal="negative"
Aroon_change="FALSE"
Aroon_momentum_positive="3"
Aroon_momentum_negative="97"
image_negative_thumbnail_id_1="1106"
image_negative_url_1="https://hehge.com/wp-content/uploads/sites/16/2023/06/MI_Finance_Negative_Landscape_0139.jpeg"
image_negative_thumbnail_id_2="145"
image_negative_url_2="https://hehge.com/wp-content/uploads/sites/16/2023/05/MI_Finance_Negative_Landscape_0031.jpeg"
image_neutral_thumbnail_id_1="522"
image_neutral_url_1="https://hehge.com/wp-content/uploads/sites/16/2023/06/MI_Finance_Neutral_Landscape_0077.jpeg"
image_neutral_thumbnail_id_2="533"
image_neutral_url_2="https://hehge.com/wp-content/uploads/sites/16/2023/06/MI_Finance_Neutral_Landscape_0066.jpeg"
image_positive_thumbnail_id_1="983"
image_positive_url_1="https://hehge.com/wp-content/uploads/sites/16/2023/06/MI_Finance_Positive_Landscape_0145.jpeg"
image_positive_thumbnail_id_2="957"
image_positive_url_2="https://hehge.com/wp-content/uploads/sites/16/2023/06/MI_Finance_Positive_Landscape_0119.jpeg"
image_professor_thumbnail_id_1="1170"
image_professor_url_1="https://hehge.com/wp-content/uploads/sites/16/2023/06/MI_Finance_Professor_Landscape_0004.jpeg"
image_professor_thumbnail_id_2="1181"
image_professor_url_2="https://hehge.com/wp-content/uploads/sites/16/2023/06/MI_Finance_Professor_Landscape_0015.jpeg"
