Symbol="FLT"
AssetType="Common Stock"
Name="Fleetcor Technologies Inc"
Description="FleetCor Technologies, Inc. or FLEETCOR provides fuel cards and workforce payment products and services."
CIK="1175454"
Exchange="NYSE"
Currency="USD"
Country="USA"
Sector="TRADE & SERVICES"
Industry="SERVICES-BUSINESS SERVICES, NEC"
Address="3280 PEACHTREE ROAD, SUITE 2400, ATLANTA, GA, US"
FiscalYearEnd="December"
LatestQuarter="2023-03-31"
MarketCapitalization="18638705000"
EBITDA="1771865000"
PERatio="20.64"
PEGRatio="1.181"
BookValue="39.04"
DividendPerShare="0"
DividendYield="0"
EPS="12.23"
RevenuePerShareTTM="47.48"
ProfitMargin="0.269"
OperatingMarginTTM="0.425"
ReturnOnAssetsTTM="0.0653"
ReturnOnEquityTTM="0.329"
RevenueTTM="3539221000"
GrossProfitTTM="2662422000"
DilutedEPSTTM="12.23"
QuarterlyEarningsGrowthYOY="0.047"
QuarterlyRevenueGrowthYOY="0.142"
AnalystTargetPrice="270.59"
TrailingPE="20.64"
ForwardPE="10.7"
PriceToSalesRatioTTM="4.208"
PriceToBookRatio="6.08"
EVToRevenue="5.81"
EVToEBITDA="11.43"
Beta="1.217"
num_52WeekHigh="263.77"
num_52WeekLow="161.69"
num_50DayMovingAverage="242.03"
num_200DayMovingAverage="208.28"
SharesOutstanding="73834000"
DividendDate="None"
ExDividendDate="None"
symbol="FLT"
open="254.05"
high="254.05"
low="249.16"
price="252.44"
volume="764450.00"
latest_trading_day="2023-07-21"
previous_close="253.16"
change="-0.72"
change_percent="-0.2844%"
aroon_positive_momentum_days="94"
aroon_negative_momentum_days="0"
trend_strength="Absent or Weak Trend"
buying_signal="Strong Buy Signal"
volume_analysis="Target Volume"
value_analysis="Expected Range"
Aroon_change="FALSE"
Aroon_momentum="94"
Volume_recent_avg="560605"
Change_recent_avg="0.26"
Delta_recent_avg="5.0"
Variance_recent_avg="2.5"
Change_ratio_recent_avg="0.1"
RSI_change="FALSE"
ADX_change="FALSE"

event="FALSE"
Aroon_signal="positive"
Aroon_change="FALSE"
Aroon_momentum_positive="94"
Aroon_momentum_negative="6"
image_negative_thumbnail_id_1="162"
image_negative_url_1="https://hehge.com/wp-content/uploads/sites/16/2023/05/MI_Finance_Negative_Landscape_0014.jpeg"
image_negative_thumbnail_id_2="1160"
image_negative_url_2="https://hehge.com/wp-content/uploads/sites/16/2023/06/MI_Finance_Negative_Landscape_0194.jpeg"
image_neutral_thumbnail_id_1="592"
image_neutral_url_1="https://hehge.com/wp-content/uploads/sites/16/2023/06/MI_Finance_Neutral_Landscape_0007.jpeg"
image_neutral_thumbnail_id_2="582"
image_neutral_url_2="https://hehge.com/wp-content/uploads/sites/16/2023/06/MI_Finance_Neutral_Landscape_0017.jpeg"
image_positive_thumbnail_id_1="1014"
image_positive_url_1="https://hehge.com/wp-content/uploads/sites/16/2023/06/MI_Finance_Positive_Landscape_0176.jpeg"
image_positive_thumbnail_id_2="1007"
image_positive_url_2="https://hehge.com/wp-content/uploads/sites/16/2023/06/MI_Finance_Positive_Landscape_0169.jpeg"
image_professor_thumbnail_id_1="1178"
image_professor_url_1="https://hehge.com/wp-content/uploads/sites/16/2023/06/MI_Finance_Professor_Landscape_0012.jpeg"
image_professor_thumbnail_id_2="1192"
image_professor_url_2="https://hehge.com/wp-content/uploads/sites/16/2023/06/MI_Finance_Professor_Landscape_0026.jpeg"
