Symbol="EXPI"
AssetType="Common Stock"
Name="eXp World Holdings Inc"
Description="eXp World Holdings, Inc. provides cloud-based real estate brokerage services for residential home owners and buyers in the United States, Canada, United Kingdom, Australia, South Africa, Portugal, France, Mexico, and India. The company is headquartered in Bellingham, Washington."
CIK="1495932"
Exchange="NASDAQ"
Currency="USD"
Country="USA"
Sector="TRADE & SERVICES"
Industry="SERVICES-BUSINESS SERVICES, NEC"
Address="1321 KING STREET, SUITE I, BELLINGHAM, WA, US"
FiscalYearEnd="December"
LatestQuarter="2023-06-30"
MarketCapitalization="3722503000"
EBITDA="9752000"
PERatio="485.2"
PEGRatio="None"
BookValue="1.642"
DividendPerShare="0.175"
DividendYield="0.0071"
EPS="0.05"
RevenuePerShareTTM="29.22"
ProfitMargin="0.0018"
OperatingMarginTTM="-0.0002"
ReturnOnAssetsTTM="-0.001"
ReturnOnEquityTTM="0.0321"
RevenueTTM="4438046000"
GrossProfitTTM="366899000"
DilutedEPSTTM="0.05"
QuarterlyEarningsGrowthYOY="-0.84"
QuarterlyRevenueGrowthYOY="-0.158"
AnalystTargetPrice="18"
TrailingPE="485.2"
ForwardPE="-"
PriceToSalesRatioTTM="0.384"
PriceToBookRatio="7.45"
EVToRevenue="0.374"
EVToEBITDA="66.74"
Beta="2.729"
num_52WeekHigh="25.39"
num_52WeekLow="9.89"
num_50DayMovingAverage="20.36"
num_200DayMovingAverage="14.65"
SharesOutstanding="153442000"
DividendDate="2023-05-31"
ExDividendDate="2023-05-11"
symbol="EXPI"
open="25.00"
high="25.00"
low="23.29"
price="24.26"
volume="1983321.00"
latest_trading_day="2023-08-04"
previous_close="25.07"
change="-0.81"
change_percent="-3.2310%"
aroon_positive_momentum_days="70"
aroon_negative_momentum_days="0"
trend_strength="Absent or Weak Trend"
buying_signal="Strong Buy Signal"
volume_analysis="Trending Low"
value_analysis="Bearish Trend"
Aroon_change="FALSE"
Aroon_momentum="70"
Volume_recent_avg="1159814"
Change_recent_avg="0.14"
Delta_recent_avg="0.82"
Variance_recent_avg="0.41"
Change_ratio_recent_avg="0.69"
RSI_change="FALSE"
ADX_change="FALSE"

event="FALSE"
Aroon_signal="positive"
Aroon_change="FALSE"
Aroon_momentum_positive="70"
Aroon_momentum_negative="30"
image_negative_thumbnail_id_1="149"
image_negative_url_1="https://hehge.com/wp-content/uploads/sites/16/2023/05/MI_Finance_Negative_Landscape_0027.jpeg"
image_negative_thumbnail_id_2="1154"
image_negative_url_2="https://hehge.com/wp-content/uploads/sites/16/2023/06/MI_Finance_Negative_Landscape_0188.jpeg"
image_neutral_thumbnail_id_1="595"
image_neutral_url_1="https://hehge.com/wp-content/uploads/sites/16/2023/06/MI_Finance_Neutral_Landscape_0004.jpeg"
image_neutral_thumbnail_id_2="587"
image_neutral_url_2="https://hehge.com/wp-content/uploads/sites/16/2023/06/MI_Finance_Neutral_Landscape_0012.jpeg"
image_positive_thumbnail_id_1="607"
image_positive_url_1="https://hehge.com/wp-content/uploads/sites/16/2023/06/MI_Finance_Positive_Landscape_0101.jpeg"
image_positive_thumbnail_id_2="697"
image_positive_url_2="https://hehge.com/wp-content/uploads/sites/16/2023/06/MI_Finance_Positive_Landscape_0011.jpeg"
image_professor_thumbnail_id_1="1202"
image_professor_url_1="https://hehge.com/wp-content/uploads/sites/16/2023/06/MI_Finance_Professor_Landscape_0036.jpeg"
image_professor_thumbnail_id_2="1183"
image_professor_url_2="https://hehge.com/wp-content/uploads/sites/16/2023/06/MI_Finance_Professor_Landscape_0017.jpeg"
