Symbol="SURGW"
AssetType="Common Stock"
Name="SurgePays Inc. Warrant"
Description="None"
CIK="1392694"
Exchange="NASDAQ"
Currency="USD"
Country="USA"
Sector="TRADE & SERVICES"
Industry="SERVICES-ADVERTISING"
Address="3124 BROTHER BLVD, SUITE 104, BARTLETT, TN, US"
FiscalYearEnd="December"
LatestQuarter="2023-03-31"
MarketCapitalization="None"
EBITDA="-4830503"
PERatio="None"
PEGRatio="None"
BookValue="-3.211"
DividendPerShare="None"
DividendYield="0"
EPS="-3.391"
RevenuePerShareTTM="17.35"
ProfitMargin="-0.196"
OperatingMarginTTM="-0.118"
ReturnOnAssetsTTM="-0.438"
ReturnOnEquityTTM="0"
RevenueTTM="48207400"
GrossProfitTTM="0"
DilutedEPSTTM="-3.391"
QuarterlyEarningsGrowthYOY="0"
QuarterlyRevenueGrowthYOY="0.136"
AnalystTargetPrice="None"
TrailingPE="-"
ForwardPE="-"
PriceToSalesRatioTTM="-"
PriceToBookRatio="-"
EVToRevenue="-"
EVToEBITDA="-"
Beta="1.886"
num_52WeekHigh="3.55"
num_52WeekLow="0.87"
num_50DayMovingAverage="0"
num_200DayMovingAverage="0"
SharesOutstanding="0"
DividendDate="None"
ExDividendDate="None"
symbol="SURGW"
open="1.50"
high="1.60"
low="1.50"
price="1.55"
volume="4356.00"
latest_trading_day="2023-07-25"
previous_close="1.53"
change="0.02"
change_percent="1.3072%"
aroon_positive_momentum_days="0"
aroon_negative_momentum_days="61"
trend_strength="Absent or Weak Trend"
buying_signal="Weak Sell Signal"
volume_analysis="Target Volume"
value_analysis="Expected Range"
Aroon_change="FALSE"
Aroon_momentum="39"
Volume_recent_avg="29385"
Change_recent_avg="-0.01"
Delta_recent_avg="0.18"
Variance_recent_avg="0.09"
Change_ratio_recent_avg="-1.14"
RSI_change="FALSE"
ADX_change="FALSE"

event="aroon_milestone_negative_10"
Aroon_signal="negative"
Aroon_change="FALSE"
Aroon_momentum_positive="39"
Aroon_momentum_negative="61"
image_negative_thumbnail_id_1="99"
image_negative_url_1="https://hehge.com/wp-content/uploads/sites/16/2023/05/MI_Finance_Negative_Landscape_0077.jpeg"
image_negative_thumbnail_id_2="97"
image_negative_url_2="https://hehge.com/wp-content/uploads/sites/16/2023/05/MI_Finance_Negative_Landscape_0079.jpeg"
image_neutral_thumbnail_id_1="595"
image_neutral_url_1="https://hehge.com/wp-content/uploads/sites/16/2023/06/MI_Finance_Neutral_Landscape_0004.jpeg"
image_neutral_thumbnail_id_2="578"
image_neutral_url_2="https://hehge.com/wp-content/uploads/sites/16/2023/06/MI_Finance_Neutral_Landscape_0021.jpeg"
image_positive_thumbnail_id_1="951"
image_positive_url_1="https://hehge.com/wp-content/uploads/sites/16/2023/06/MI_Finance_Positive_Landscape_0113.jpeg"
image_positive_thumbnail_id_2="601"
image_positive_url_2="https://hehge.com/wp-content/uploads/sites/16/2023/06/MI_Finance_Positive_Landscape_0107.jpeg"
image_professor_thumbnail_id_1="1196"
image_professor_url_1="https://hehge.com/wp-content/uploads/sites/16/2023/06/MI_Finance_Professor_Landscape_0030.jpeg"
image_professor_thumbnail_id_2="1177"
image_professor_url_2="https://hehge.com/wp-content/uploads/sites/16/2023/06/MI_Finance_Professor_Landscape_0011.jpeg"
