Symbol="REZI"
AssetType="Common Stock"
Name="Resideo Technologies Inc"
Description="Resideo Technologies, Inc. develops, manufactures and sells comfort, residential thermal and security solutions for commercial and residential end markets in the United States, Europe and internationally. The company is headquartered in Austin, Texas."
CIK="1740332"
Exchange="NYSE"
Currency="USD"
Country="USA"
Sector="TRADE & SERVICES"
Industry="WHOLESALE-HARDWARE"
Address="901 E 6TH STREET, AUSTIN, TX, US"
FiscalYearEnd="December"
LatestQuarter="2023-03-31"
MarketCapitalization="2723080000"
EBITDA="762000000"
PERatio="10.89"
PEGRatio="None"
BookValue="17.7"
DividendPerShare="0"
DividendYield="0"
EPS="1.7"
RevenuePerShareTTM="43.77"
ProfitMargin="0.0395"
OperatingMarginTTM="0.103"
ReturnOnAssetsTTM="0.0656"
ReturnOnEquityTTM="0.102"
RevenueTTM="6413000000"
GrossProfitTTM="1766000000"
DilutedEPSTTM="1.7"
QuarterlyEarningsGrowthYOY="-0.345"
QuarterlyRevenueGrowthYOY="0.029"
AnalystTargetPrice="22.67"
TrailingPE="10.89"
ForwardPE="7.67"
PriceToSalesRatioTTM="0.4"
PriceToBookRatio="0.965"
EVToRevenue="0.562"
EVToEBITDA="5.96"
Beta="1.942"
num_52WeekHigh="23.94"
num_52WeekLow="14.95"
num_50DayMovingAverage="17.48"
num_200DayMovingAverage="17.74"
SharesOutstanding="147114000"
DividendDate="None"
ExDividendDate="None"
symbol="REZI"
open="18.50"
high="18.73"
low="18.50"
price="18.72"
volume="391695.00"
latest_trading_day="2023-07-31"
previous_close="18.51"
change="0.21"
change_percent="1.1345%"
aroon_positive_momentum_days="27"
aroon_negative_momentum_days="0"
trend_strength="Absent or Weak Trend"
buying_signal="Strong Buy Signal"
volume_analysis="Target Volume"
value_analysis="Expected Range"
Aroon_change="FALSE"
Aroon_momentum="27"
Volume_recent_avg="620406"
Change_recent_avg="0.01"
Delta_recent_avg="0.48"
Variance_recent_avg="0.24"
Change_ratio_recent_avg="0.04"
RSI_change="FALSE"
ADX_change="FALSE"

event="FALSE"
Aroon_signal="positive"
Aroon_change="FALSE"
Aroon_momentum_positive="27"
Aroon_momentum_negative="73"
image_negative_thumbnail_id_1="1095"
image_negative_url_1="https://hehge.com/wp-content/uploads/sites/16/2023/06/MI_Finance_Negative_Landscape_0128.jpeg"
image_negative_thumbnail_id_2="119"
image_negative_url_2="https://hehge.com/wp-content/uploads/sites/16/2023/05/MI_Finance_Negative_Landscape_0057.jpeg"
image_neutral_thumbnail_id_1="541"
image_neutral_url_1="https://hehge.com/wp-content/uploads/sites/16/2023/06/MI_Finance_Neutral_Landscape_0058.jpeg"
image_neutral_thumbnail_id_2="534"
image_neutral_url_2="https://hehge.com/wp-content/uploads/sites/16/2023/06/MI_Finance_Neutral_Landscape_0065.jpeg"
image_positive_thumbnail_id_1="949"
image_positive_url_1="https://hehge.com/wp-content/uploads/sites/16/2023/06/MI_Finance_Positive_Landscape_0111.jpeg"
image_positive_thumbnail_id_2="999"
image_positive_url_2="https://hehge.com/wp-content/uploads/sites/16/2023/06/MI_Finance_Positive_Landscape_0161.jpeg"
image_professor_thumbnail_id_1="1189"
image_professor_url_1="https://hehge.com/wp-content/uploads/sites/16/2023/06/MI_Finance_Professor_Landscape_0023.jpeg"
image_professor_thumbnail_id_2="1204"
image_professor_url_2="https://hehge.com/wp-content/uploads/sites/16/2023/06/MI_Finance_Professor_Landscape_0038.jpeg"
