Symbol="GRABW"
AssetType="Common Stock"
Name="Grab Holdings Limited Warrant"
Description="None"
CIK="1855612"
Exchange="NASDAQ"
Currency="USD"
Country="USA"
Sector="TRADE & SERVICES"
Industry="SERVICES-BUSINESS SERVICES, NEC"
Address="3 MEDIA CLOSE, #01-03/06, SINGAPORE, SG"
FiscalYearEnd="December"
LatestQuarter="2023-03-31"
MarketCapitalization="None"
EBITDA="-772000000"
PERatio="None"
PEGRatio="None"
BookValue="-35.11"
DividendPerShare="None"
DividendYield="0"
EPS="-12.73"
RevenuePerShareTTM="3.84"
ProfitMargin="0"
OperatingMarginTTM="-1.417"
ReturnOnAssetsTTM="-0.154"
ReturnOnEquityTTM="0"
RevenueTTM="787000000"
GrossProfitTTM="0"
DilutedEPSTTM="-12.73"
QuarterlyEarningsGrowthYOY="0"
QuarterlyRevenueGrowthYOY="4.077"
AnalystTargetPrice="None"
TrailingPE="-"
ForwardPE="-"
PriceToSalesRatioTTM="-"
PriceToBookRatio="-"
EVToRevenue="-"
EVToEBITDA="-"
Beta="None"
num_52WeekHigh="0.9"
num_52WeekLow="0.36"
num_50DayMovingAverage="0.464"
num_200DayMovingAverage="0.532"
SharesOutstanding="0"
DividendDate="None"
ExDividendDate="None"
symbol="GRABW"
open="0.45"
high="0.45"
low="0.42"
price="0.43"
volume="19686.00"
latest_trading_day="2023-07-27"
previous_close="0.44"
change="-0.01"
change_percent="-1.1364%"
aroon_positive_momentum_days="0"
aroon_negative_momentum_days="92"
trend_strength="Absent or Weak Trend"
buying_signal="Weak Sell Signal"
volume_analysis="Target Volume"
value_analysis="Expected Range"
Aroon_change="FALSE"
Aroon_momentum="8"
Volume_recent_avg="19860"
Change_recent_avg="0.01"
Delta_recent_avg="0.03"
Variance_recent_avg="0.02"
Change_ratio_recent_avg="-0.99"
RSI_change="FALSE"
ADX_change="FALSE"

event="FALSE"
Aroon_signal="negative"
Aroon_change="FALSE"
Aroon_momentum_positive="8"
Aroon_momentum_negative="92"
image_negative_thumbnail_id_1="1086"
image_negative_url_1="https://hehge.com/wp-content/uploads/sites/16/2023/06/MI_Finance_Negative_Landscape_0119.jpeg"
image_negative_thumbnail_id_2="1091"
image_negative_url_2="https://hehge.com/wp-content/uploads/sites/16/2023/06/MI_Finance_Negative_Landscape_0124.jpeg"
image_neutral_thumbnail_id_1="562"
image_neutral_url_1="https://hehge.com/wp-content/uploads/sites/16/2023/06/MI_Finance_Neutral_Landscape_0037.jpeg"
image_neutral_thumbnail_id_2="545"
image_neutral_url_2="https://hehge.com/wp-content/uploads/sites/16/2023/06/MI_Finance_Neutral_Landscape_0054.jpeg"
image_positive_thumbnail_id_1="977"
image_positive_url_1="https://hehge.com/wp-content/uploads/sites/16/2023/06/MI_Finance_Positive_Landscape_0139.jpeg"
image_positive_thumbnail_id_2="994"
image_positive_url_2="https://hehge.com/wp-content/uploads/sites/16/2023/06/MI_Finance_Positive_Landscape_0156.jpeg"
image_professor_thumbnail_id_1="1177"
image_professor_url_1="https://hehge.com/wp-content/uploads/sites/16/2023/06/MI_Finance_Professor_Landscape_0011.jpeg"
image_professor_thumbnail_id_2="1171"
image_professor_url_2="https://hehge.com/wp-content/uploads/sites/16/2023/06/MI_Finance_Professor_Landscape_0005.jpeg"
