Symbol="DIS"
AssetType="Common Stock"
Name="Walt Disney Company"
Description="The Walt Disney Company, commonly known as Disney, is an American diversified multinational mass media and entertainment conglomerate headquartered at the Walt Disney Studios complex in Burbank, California."
CIK="1744489"
Exchange="NYSE"
Currency="USD"
Country="USA"
Sector="TRADE & SERVICES"
Industry="SERVICES-MISCELLANEOUS AMUSEMENT & RECREATION"
Address="500 SOUTH BUENA VISTA STREET, BURBANK, CA, US"
FiscalYearEnd="September"
LatestQuarter="2023-03-31"
MarketCapitalization="157385343000"
EBITDA="12665000000"
PERatio="38.62"
PEGRatio="0.756"
BookValue="53.56"
DividendPerShare="0"
DividendYield="0"
EPS="2.23"
RevenuePerShareTTM="47.65"
ProfitMargin="0.0474"
OperatingMarginTTM="0.0856"
ReturnOnAssetsTTM="0.0228"
ReturnOnEquityTTM="0.043"
RevenueTTM="86981001000"
GrossProfitTTM="28321000000"
DilutedEPSTTM="2.23"
QuarterlyEarningsGrowthYOY="1.675"
QuarterlyRevenueGrowthYOY="0.133"
AnalystTargetPrice="113.57"
TrailingPE="38.62"
ForwardPE="22.73"
PriceToSalesRatioTTM="1.995"
PriceToBookRatio="1.807"
EVToRevenue="2.559"
EVToEBITDA="17.64"
Beta="1.28"
num_52WeekHigh="126.48"
num_52WeekLow="84.07"
num_50DayMovingAverage="89.4"
num_200DayMovingAverage="96.12"
SharesOutstanding="1827300000"
DividendDate="2020-01-16"
ExDividendDate="2019-12-13"
symbol="DIS"
open="85.86"
high="86.58"
low="85.44"
price="86.13"
volume="13638332.00"
latest_trading_day="2023-07-28"
previous_close="85.36"
change="0.77"
change_percent="0.9021%"
aroon_positive_momentum_days="0"
aroon_negative_momentum_days="78"
trend_strength="Absent or Weak Trend"
buying_signal="Strong Sell Signal"
volume_analysis="Target Volume"
value_analysis="Expected Range"
Aroon_change="FALSE"
Aroon_momentum="22"
Volume_recent_avg="12401885"
Change_recent_avg="-0.1"
Delta_recent_avg="1.83"
Variance_recent_avg="0.91"
Change_ratio_recent_avg="-0.12"
RSI_change="FALSE"
ADX_change="FALSE"

event="FALSE"
Aroon_signal="negative"
Aroon_change="FALSE"
Aroon_momentum_positive="22"
Aroon_momentum_negative="78"
image_negative_thumbnail_id_1="161"
image_negative_url_1="https://hehge.com/wp-content/uploads/sites/16/2023/05/MI_Finance_Negative_Landscape_0015.jpeg"
image_negative_thumbnail_id_2="1147"
image_negative_url_2="https://hehge.com/wp-content/uploads/sites/16/2023/06/MI_Finance_Negative_Landscape_0180.jpeg"
image_neutral_thumbnail_id_1="578"
image_neutral_url_1="https://hehge.com/wp-content/uploads/sites/16/2023/06/MI_Finance_Neutral_Landscape_0021.jpeg"
image_neutral_thumbnail_id_2="576"
image_neutral_url_2="https://hehge.com/wp-content/uploads/sites/16/2023/06/MI_Finance_Neutral_Landscape_0023.jpeg"
image_positive_thumbnail_id_1="651"
image_positive_url_1="https://hehge.com/wp-content/uploads/sites/16/2023/06/MI_Finance_Positive_Landscape_0057.jpeg"
image_positive_thumbnail_id_2="950"
image_positive_url_2="https://hehge.com/wp-content/uploads/sites/16/2023/06/MI_Finance_Positive_Landscape_0112.jpeg"
image_professor_thumbnail_id_1="1196"
image_professor_url_1="https://hehge.com/wp-content/uploads/sites/16/2023/06/MI_Finance_Professor_Landscape_0030.jpeg"
image_professor_thumbnail_id_2="1202"
image_professor_url_2="https://hehge.com/wp-content/uploads/sites/16/2023/06/MI_Finance_Professor_Landscape_0036.jpeg"
