Symbol="TSCO"
AssetType="Common Stock"
Name="Tractor Supply Company"
Description="Tractor Supply Company (TSCO) is an American retail chain of stores that offers products for home improvement, agriculture, lawn and garden maintenance, livestock, equine and pet care."
CIK="916365"
Exchange="NASDAQ"
Currency="USD"
Country="USA"
Sector="TRADE & SERVICES"
Industry="RETAIL-BUILDING MATERIALS, HARDWARE, GARDEN SUPPLY"
Address="5401 VIRGINIA WAY, BRENTWOOD, TN, US"
FiscalYearEnd="December"
LatestQuarter="2023-06-30"
MarketCapitalization="23995392000"
EBITDA="1850962000"
PERatio="22.58"
PEGRatio="2.063"
BookValue="19.14"
DividendPerShare="3.9"
DividendYield="0.0186"
EPS="9.7"
RevenuePerShareTTM="133.98"
ProfitMargin="0.0752"
OperatingMarginTTM="0.0996"
ReturnOnAssetsTTM="0.109"
ReturnOnEquityTTM="0.554"
RevenueTTM="14761099000"
GrossProfitTTM="4972204000"
DilutedEPSTTM="9.7"
QuarterlyEarningsGrowthYOY="0.085"
QuarterlyRevenueGrowthYOY="0.072"
AnalystTargetPrice="246.87"
TrailingPE="22.58"
ForwardPE="20.53"
PriceToSalesRatioTTM="1.749"
PriceToBookRatio="12.25"
EVToRevenue="2.044"
EVToEBITDA="16.33"
Beta="0.815"
num_52WeekHigh="249.96"
num_52WeekLow="178.96"
num_50DayMovingAverage="219.42"
num_200DayMovingAverage="224.47"
SharesOutstanding="109568000"
DividendDate="2023-09-12"
ExDividendDate="2023-08-25"
symbol="TSCO"
open="218.31"
high="221.03"
low="218.31"
price="219.32"
volume="692455.00"
latest_trading_day="2023-08-18"
previous_close="219.00"
change="0.32"
change_percent="0.1461%"
aroon_positive_momentum_days="40"
aroon_negative_momentum_days="0"
trend_strength="Absent or Weak Trend"
buying_signal="Strong Buy Signal"
volume_analysis="Target Volume"
value_analysis="Expected Range"
Aroon_change="FALSE"
Aroon_momentum="40"
Volume_recent_avg="1223096"
Change_recent_avg="0.02"
Delta_recent_avg="4.57"
Variance_recent_avg="2.28"
Change_ratio_recent_avg="0.01"
RSI_change="FALSE"
ADX_change="FALSE"

event="FALSE"
Aroon_signal="positive"
Aroon_change="FALSE"
Aroon_momentum_positive="40"
Aroon_momentum_negative="60"
image_negative_thumbnail_id_1="1157"
image_negative_url_1="https://hehge.com/wp-content/uploads/sites/16/2023/06/MI_Finance_Negative_Landscape_0191.jpeg"
image_negative_thumbnail_id_2="1165"
image_negative_url_2="https://hehge.com/wp-content/uploads/sites/16/2023/06/MI_Finance_Negative_Landscape_0199.jpeg"
image_neutral_thumbnail_id_1="576"
image_neutral_url_1="https://hehge.com/wp-content/uploads/sites/16/2023/06/MI_Finance_Neutral_Landscape_0023.jpeg"
image_neutral_thumbnail_id_2="594"
image_neutral_url_2="https://hehge.com/wp-content/uploads/sites/16/2023/06/MI_Finance_Neutral_Landscape_0005.jpeg"
image_positive_thumbnail_id_1="695"
image_positive_url_1="https://hehge.com/wp-content/uploads/sites/16/2023/06/MI_Finance_Positive_Landscape_0013.jpeg"
image_positive_thumbnail_id_2="706"
image_positive_url_2="https://hehge.com/wp-content/uploads/sites/16/2023/06/MI_Finance_Positive_Landscape_0002.jpeg"
image_professor_thumbnail_id_1="1176"
image_professor_url_1="https://hehge.com/wp-content/uploads/sites/16/2023/06/MI_Finance_Professor_Landscape_0010.jpeg"
image_professor_thumbnail_id_2="1190"
image_professor_url_2="https://hehge.com/wp-content/uploads/sites/16/2023/06/MI_Finance_Professor_Landscape_0024.jpeg"
