Symbol="JD"
AssetType="Common Stock"
Name="JD.com Inc Adr"
Description="JD.com, Inc. is an e-commerce company and retail infrastructure service provider in the People's Republic of China. The company is headquartered in Beijing, China."
CIK="1549802"
Exchange="NASDAQ"
Currency="USD"
Country="China"
Sector="TRADE & SERVICES"
Industry="RETAIL-RETAIL STORES, NEC"
Address="20TH FLOOR, BUILDING A, NO. 18 KECHUANG, YIZHUANG BDA, DAXING DISTRICT, BEIJING, CHINA"
FiscalYearEnd="December"
LatestQuarter="2023-03-31"
MarketCapitalization="58693620000"
EBITDA="29414001000"
PERatio="22.17"
PEGRatio="0.707"
BookValue="135.02"
DividendPerShare="0"
DividendYield="0.0172"
EPS="1.69"
RevenuePerShareTTM="670.35"
ProfitMargin="0.0187"
OperatingMarginTTM="0.0209"
ReturnOnAssetsTTM="0.0257"
ReturnOnEquityTTM="0.0733"
RevenueTTM="1049537020000"
GrossProfitTTM="84062000000"
DilutedEPSTTM="1.69"
QuarterlyEarningsGrowthYOY="4.48"
QuarterlyRevenueGrowthYOY="0.014"
AnalystTargetPrice="60.69"
TrailingPE="22.17"
ForwardPE="20.24"
PriceToSalesRatioTTM="0.103"
PriceToBookRatio="3.003"
EVToRevenue="0.0855"
EVToEBITDA="12.96"
Beta="0.467"
num_52WeekHigh="66.86"
num_52WeekLow="31.57"
num_50DayMovingAverage="35.78"
num_200DayMovingAverage="46.03"
SharesOutstanding="1566500000"
DividendDate="2023-05-04"
ExDividendDate="2023-04-05"
symbol="JD"
open="37.34"
high="37.84"
low="36.91"
price="37.41"
volume="11464042.00"
latest_trading_day="2023-07-12"
previous_close="36.02"
change="1.39"
change_percent="3.8590%"
aroon_positive_momentum_days="5"
aroon_negative_momentum_days="0"
trend_strength="Absent or Weak Trend"
buying_signal="High Volatility / Hold Signal"
volume_analysis="Target Volume"
value_analysis="Expected Range"
Aroon_change="FALSE"
Aroon_momentum="5"
Volume_recent_avg="11371381"
Change_recent_avg="-0.04"
Delta_recent_avg="1.17"
Variance_recent_avg="0.59"
Change_ratio_recent_avg="-0.1"
RSI_change="FALSE"
ADX_change="FALSE"

event="FALSE"
Aroon_signal="positive"
Aroon_change="FALSE"
Aroon_momentum_positive="5"
Aroon_momentum_negative="95"
image_negative_thumbnail_id_1="1147"
image_negative_url_1="https://hehge.com/wp-content/uploads/sites/16/2023/06/MI_Finance_Negative_Landscape_0180.jpeg"
image_negative_thumbnail_id_2="168"
image_negative_url_2="https://hehge.com/wp-content/uploads/sites/16/2023/05/MI_Finance_Negative_Landscape_0008.jpeg"
image_neutral_thumbnail_id_1="584"
image_neutral_url_1="https://hehge.com/wp-content/uploads/sites/16/2023/06/MI_Finance_Neutral_Landscape_0015.jpeg"
image_neutral_thumbnail_id_2="595"
image_neutral_url_2="https://hehge.com/wp-content/uploads/sites/16/2023/06/MI_Finance_Neutral_Landscape_0004.jpeg"
image_positive_thumbnail_id_1="626"
image_positive_url_1="https://hehge.com/wp-content/uploads/sites/16/2023/06/MI_Finance_Positive_Landscape_0082.jpeg"
image_positive_thumbnail_id_2="671"
image_positive_url_2="https://hehge.com/wp-content/uploads/sites/16/2023/06/MI_Finance_Positive_Landscape_0037.jpeg"
image_professor_thumbnail_id_1="1183"
image_professor_url_1="https://hehge.com/wp-content/uploads/sites/16/2023/06/MI_Finance_Professor_Landscape_0017.jpeg"
image_professor_thumbnail_id_2="1192"
image_professor_url_2="https://hehge.com/wp-content/uploads/sites/16/2023/06/MI_Finance_Professor_Landscape_0026.jpeg"
