Symbol="TXRH"
AssetType="Common Stock"
Name="Texas Roadhouse Inc"
Description="Texas Roadhouse, Inc., operates casual restaurants in the United States and internationally. The company is headquartered in Louisville, Kentucky."
CIK="1289460"
Exchange="NASDAQ"
Currency="USD"
Country="USA"
Sector="TRADE & SERVICES"
Industry="RETAIL-EATING PLACES"
Address="6040 DUTCHMANS LANE, LOUISVILLE, KY, US"
FiscalYearEnd="December"
LatestQuarter="2023-03-31"
MarketCapitalization="7564334000"
EBITDA="473149000"
PERatio="27.27"
PEGRatio="2.008"
BookValue="15.75"
DividendPerShare="1.93"
DividendYield="0.0197"
EPS="4.14"
RevenuePerShareTTM="62.6"
ProfitMargin="0.0669"
OperatingMarginTTM="0.0793"
ReturnOnAssetsTTM="0.0848"
ReturnOnEquityTTM="0.274"
RevenueTTM="4201789000"
GrossProfitTTM="678629000"
DilutedEPSTTM="4.14"
QuarterlyEarningsGrowthYOY="0.185"
QuarterlyRevenueGrowthYOY="0.189"
AnalystTargetPrice="116.11"
TrailingPE="27.27"
ForwardPE="20.08"
PriceToSalesRatioTTM="1.698"
PriceToBookRatio="6.49"
EVToRevenue="1.764"
EVToEBITDA="15.31"
Beta="0.975"
num_52WeekHigh="116.14"
num_52WeekLow="74.84"
num_50DayMovingAverage="110.23"
num_200DayMovingAverage="102.36"
SharesOutstanding="67000000"
DividendDate="2023-06-23"
ExDividendDate="2023-06-06"
symbol="TXRH"
open="110.78"
high="113.42"
low="110.62"
price="112.90"
volume="908158.00"
latest_trading_day="2023-07-10"
previous_close="110.68"
change="2.22"
change_percent="2.0058%"
aroon_positive_momentum_days="100"
aroon_negative_momentum_days="0"
trend_strength="Absent or Weak Trend"
buying_signal="High Volatility / Hold Signal"
volume_analysis="Target Volume"
value_analysis="Expected Range"
Aroon_change="FALSE"
Aroon_momentum="100"
Volume_recent_avg="1029511"
Change_recent_avg="0.15"
Delta_recent_avg="2.41"
Variance_recent_avg="1.2"
Change_ratio_recent_avg="0.14"
RSI_change="FALSE"
ADX_change="FALSE"
Aroon_signal="positive"
Aroon_change="FALSE"
Aroon_momentum_positive="100"
Aroon_momentum_negative="0"
image_negative_thumbnail_id_1="116"
image_negative_url_1="https://hehge.com/wp-content/uploads/sites/16/2023/05/MI_Finance_Negative_Landscape_0060.jpeg"
image_negative_thumbnail_id_2="160"
image_negative_url_2="https://hehge.com/wp-content/uploads/sites/16/2023/05/MI_Finance_Negative_Landscape_0016.jpeg"
image_neutral_thumbnail_id_1="551"
image_neutral_url_1="https://hehge.com/wp-content/uploads/sites/16/2023/06/MI_Finance_Neutral_Landscape_0048.jpeg"
image_neutral_thumbnail_id_2="550"
image_neutral_url_2="https://hehge.com/wp-content/uploads/sites/16/2023/06/MI_Finance_Neutral_Landscape_0049.jpeg"
image_positive_thumbnail_id_1="631"
image_positive_url_1="https://hehge.com/wp-content/uploads/sites/16/2023/06/MI_Finance_Positive_Landscape_0077.jpeg"
image_positive_thumbnail_id_2="618"
image_positive_url_2="https://hehge.com/wp-content/uploads/sites/16/2023/06/MI_Finance_Positive_Landscape_0090.jpeg"
image_professor_thumbnail_id_1="1168"
image_professor_url_1="https://hehge.com/wp-content/uploads/sites/16/2023/06/MI_Finance_Professor_Landscape_0002.jpeg"
image_professor_thumbnail_id_2="1170"
image_professor_url_2="https://hehge.com/wp-content/uploads/sites/16/2023/06/MI_Finance_Professor_Landscape_0004.jpeg"
