Symbol="FCN"
AssetType="Common Stock"
Name="FTI Consulting Inc"
Description="FTI Consulting, Inc. provides business advisory services to manage change, mitigate risk, and resolve disputes on a global basis. The company is headquartered in Washington, District of Columbia."
CIK="887936"
Exchange="NYSE"
Currency="USD"
Country="USA"
Sector="TRADE & SERVICES"
Industry="SERVICES-MANAGEMENT CONSULTING SERVICES"
Address="1101 K STREET NW, SUITE B100, WASHINGTON, DC, US"
FiscalYearEnd="December"
LatestQuarter="2023-06-30"
MarketCapitalization="6244468000"
EBITDA="375610000"
PERatio="28.99"
PEGRatio="1.61"
BookValue="53.83"
DividendPerShare="0"
DividendYield="0"
EPS="6.34"
RevenuePerShareTTM="96.15"
ProfitMargin="0.0729"
OperatingMarginTTM="0.102"
ReturnOnAssetsTTM="0.066"
ReturnOnEquityTTM="0.137"
RevenueTTM="3221593000"
GrossProfitTTM="962931000"
DilutedEPSTTM="6.34"
QuarterlyEarningsGrowthYOY="0.224"
QuarterlyRevenueGrowthYOY="0.145"
AnalystTargetPrice="201"
TrailingPE="28.99"
ForwardPE="-"
PriceToSalesRatioTTM="1.849"
PriceToBookRatio="3.433"
EVToRevenue="1.995"
EVToEBITDA="17.25"
Beta="0.21"
num_52WeekHigh="205.63"
num_52WeekLow="140.09"
num_50DayMovingAverage="190.25"
num_200DayMovingAverage="179.1"
SharesOutstanding="33979800"
DividendDate="None"
ExDividendDate="None"
symbol="FCN"
open="184.23"
high="186.32"
low="183.09"
price="183.77"
volume="181929.00"
latest_trading_day="2023-08-18"
previous_close="184.80"
change="-1.03"
change_percent="-0.5574%"
aroon_positive_momentum_days="0"
aroon_negative_momentum_days="56"
trend_strength="Absent or Weak Trend"
buying_signal="High Volatility / Hold Signal"
volume_analysis="Target Volume"
value_analysis="Expected Range"
Aroon_change="FALSE"
Aroon_momentum="44"
Volume_recent_avg="269244"
Change_recent_avg="0.17"
Delta_recent_avg="4.37"
Variance_recent_avg="2.19"
Change_ratio_recent_avg="0.08"
RSI_change="FALSE"
ADX_change="FALSE"

event="FALSE"
Aroon_signal="negative"
Aroon_change="FALSE"
Aroon_momentum_positive="44"
Aroon_momentum_negative="56"
image_negative_thumbnail_id_1="487"
image_negative_url_1="https://hehge.com/wp-content/uploads/sites/16/2023/06/MI_Finance_Negative_Landscape_0118.jpeg"
image_negative_thumbnail_id_2="144"
image_negative_url_2="https://hehge.com/wp-content/uploads/sites/16/2023/05/MI_Finance_Negative_Landscape_0032.jpeg"
image_neutral_thumbnail_id_1="554"
image_neutral_url_1="https://hehge.com/wp-content/uploads/sites/16/2023/06/MI_Finance_Neutral_Landscape_0045.jpeg"
image_neutral_thumbnail_id_2="562"
image_neutral_url_2="https://hehge.com/wp-content/uploads/sites/16/2023/06/MI_Finance_Neutral_Landscape_0037.jpeg"
image_positive_thumbnail_id_1="683"
image_positive_url_1="https://hehge.com/wp-content/uploads/sites/16/2023/06/MI_Finance_Positive_Landscape_0025.jpeg"
image_positive_thumbnail_id_2="657"
image_positive_url_2="https://hehge.com/wp-content/uploads/sites/16/2023/06/MI_Finance_Positive_Landscape_0051.jpeg"
image_professor_thumbnail_id_1="1203"
image_professor_url_1="https://hehge.com/wp-content/uploads/sites/16/2023/06/MI_Finance_Professor_Landscape_0037.jpeg"
image_professor_thumbnail_id_2="1177"
image_professor_url_2="https://hehge.com/wp-content/uploads/sites/16/2023/06/MI_Finance_Professor_Landscape_0011.jpeg"
