Symbol="FCN"
AssetType="Common Stock"
Name="FTI Consulting Inc"
Description="FTI Consulting, Inc. provides business advisory services to manage change, mitigate risk, and resolve disputes on a global basis. The company is headquartered in Washington, District of Columbia."
CIK="887936"
Exchange="NYSE"
Currency="USD"
Country="USA"
Sector="TRADE & SERVICES"
Industry="SERVICES-MANAGEMENT CONSULTING SERVICES"
Address="1101 K STREET NW, SUITE B100, WASHINGTON, DC, US"
FiscalYearEnd="December"
LatestQuarter="2023-06-30"
MarketCapitalization="6401270000"
EBITDA="375610000"
PERatio="28.2"
PEGRatio="1.61"
BookValue="53.83"
DividendPerShare="0"
DividendYield="0"
EPS="6.67"
RevenuePerShareTTM="96.15"
ProfitMargin="0.0729"
OperatingMarginTTM="0.102"
ReturnOnAssetsTTM="0.066"
ReturnOnEquityTTM="0.137"
RevenueTTM="3221593000"
GrossProfitTTM="962931000"
DilutedEPSTTM="6.67"
QuarterlyEarningsGrowthYOY="0.224"
QuarterlyRevenueGrowthYOY="0.145"
AnalystTargetPrice="201"
TrailingPE="28.2"
ForwardPE="-"
PriceToSalesRatioTTM="1.849"
PriceToBookRatio="3.433"
EVToRevenue="1.995"
EVToEBITDA="17.25"
Beta="0.21"
num_52WeekHigh="205.63"
num_52WeekLow="140.09"
num_50DayMovingAverage="189.26"
num_200DayMovingAverage="180.15"
SharesOutstanding="34029400"
DividendDate="None"
ExDividendDate="None"
symbol="FCN"
open="188.04"
high="190.24"
low="185.71"
price="185.82"
volume="171422.00"
latest_trading_day="2023-08-31"
previous_close="188.11"
change="-2.29"
change_percent="-1.2174%"
aroon_positive_momentum_days="0"
aroon_negative_momentum_days="65"
trend_strength="Absent or Weak Trend"
buying_signal="High Volatility / Hold Signal"
volume_analysis="Target Volume"
value_analysis="Expected Range"
Aroon_change="FALSE"
Aroon_momentum="35"
Volume_recent_avg="265251"
Change_recent_avg="0.14"
Delta_recent_avg="4.45"
Variance_recent_avg="2.23"
Change_ratio_recent_avg="0.07"
RSI_change="FALSE"
ADX_change="FALSE"

event="FALSE"
Aroon_signal="negative"
Aroon_change="FALSE"
Aroon_momentum_positive="35"
Aroon_momentum_negative="65"
image_negative_thumbnail_id_1="125"
image_negative_url_1="https://hehge.com/wp-content/uploads/sites/16/2023/05/MI_Finance_Negative_Landscape_0051.jpeg"
image_negative_thumbnail_id_2="144"
image_negative_url_2="https://hehge.com/wp-content/uploads/sites/16/2023/05/MI_Finance_Negative_Landscape_0032.jpeg"
image_neutral_thumbnail_id_1="527"
image_neutral_url_1="https://hehge.com/wp-content/uploads/sites/16/2023/06/MI_Finance_Neutral_Landscape_0072.jpeg"
image_neutral_thumbnail_id_2="546"
image_neutral_url_2="https://hehge.com/wp-content/uploads/sites/16/2023/06/MI_Finance_Neutral_Landscape_0053.jpeg"
image_positive_thumbnail_id_1="983"
image_positive_url_1="https://hehge.com/wp-content/uploads/sites/16/2023/06/MI_Finance_Positive_Landscape_0145.jpeg"
image_positive_thumbnail_id_2="663"
image_positive_url_2="https://hehge.com/wp-content/uploads/sites/16/2023/06/MI_Finance_Positive_Landscape_0045.jpeg"
image_professor_thumbnail_id_1="1193"
image_professor_url_1="https://hehge.com/wp-content/uploads/sites/16/2023/06/MI_Finance_Professor_Landscape_0027.jpeg"
image_professor_thumbnail_id_2="1181"
image_professor_url_2="https://hehge.com/wp-content/uploads/sites/16/2023/06/MI_Finance_Professor_Landscape_0015.jpeg"
