Symbol="FRGT"
AssetType="Common Stock"
Name="Freight Technologies Inc"
Description="Hudson Capital Inc., through its subsidiary, Freight App, Inc., operates a transportation logistics technology platform in North America. The company is headquartered in New York, New York."
CIK="1687542"
Exchange="NASDAQ"
Currency="USD"
Country="USA"
Sector="TRADE & SERVICES"
Industry="SERVICES-MANAGEMENT CONSULTING SERVICES"
Address="2001 TIMBERLOCH PLACE, SUITE 500, THE WOODLANDS, TX, US"
FiscalYearEnd="December"
LatestQuarter="2022-06-30"
MarketCapitalization="7161300"
EBITDA="-7043720"
PERatio="None"
PEGRatio="None"
BookValue="0.195"
DividendPerShare="0"
DividendYield="0"
EPS="-21.62"
RevenuePerShareTTM="6.63"
ProfitMargin="-0.316"
OperatingMarginTTM="-0.273"
ReturnOnAssetsTTM="-0.448"
ReturnOnEquityTTM="0"
RevenueTTM="25888400"
GrossProfitTTM="2263100"
DilutedEPSTTM="-21.62"
QuarterlyEarningsGrowthYOY="0"
QuarterlyRevenueGrowthYOY="0.116"
AnalystTargetPrice="9"
TrailingPE="-"
ForwardPE="-"
PriceToSalesRatioTTM="0.103"
PriceToBookRatio="1.185"
EVToRevenue="0.241"
EVToEBITDA="-0.75"
Beta="None"
num_52WeekHigh="22.6"
num_52WeekLow="0.63"
num_50DayMovingAverage="0.95"
num_200DayMovingAverage="2.284"
SharesOutstanding="9548400"
DividendDate="2020-10-29"
ExDividendDate="None"
symbol="FRGT"
open="0.73"
high="0.75"
low="0.72"
price="0.72"
volume="48471.00"
latest_trading_day="2023-08-03"
previous_close="0.75"
change="-0.03"
change_percent="-3.3333%"
aroon_positive_momentum_days="0"
aroon_negative_momentum_days="98"
trend_strength="Absent or Weak Trend"
buying_signal="Strong Sell Signal"
volume_analysis="Target Volume"
value_analysis="Expected Range"
Aroon_change="FALSE"
Aroon_momentum="2"
Volume_recent_avg="913828"
Change_recent_avg="-0.02"
Delta_recent_avg="0.17"
Variance_recent_avg="0.09"
Change_ratio_recent_avg="-1.67"
RSI_change="FALSE"
ADX_change="FALSE"

event="FALSE"
Aroon_signal="negative"
Aroon_change="FALSE"
Aroon_momentum_positive="2"
Aroon_momentum_negative="98"
image_negative_thumbnail_id_1="174"
image_negative_url_1="https://hehge.com/wp-content/uploads/sites/16/2023/05/MI_Finance_Negative_Landscape_0002.jpeg"
image_negative_thumbnail_id_2="112"
image_negative_url_2="https://hehge.com/wp-content/uploads/sites/16/2023/05/MI_Finance_Negative_Landscape_0064.jpeg"
image_neutral_thumbnail_id_1="548"
image_neutral_url_1="https://hehge.com/wp-content/uploads/sites/16/2023/06/MI_Finance_Neutral_Landscape_0051.jpeg"
image_neutral_thumbnail_id_2="597"
image_neutral_url_2="https://hehge.com/wp-content/uploads/sites/16/2023/06/MI_Finance_Neutral_Landscape_0002.jpeg"
image_positive_thumbnail_id_1="949"
image_positive_url_1="https://hehge.com/wp-content/uploads/sites/16/2023/06/MI_Finance_Positive_Landscape_0111.jpeg"
image_positive_thumbnail_id_2="685"
image_positive_url_2="https://hehge.com/wp-content/uploads/sites/16/2023/06/MI_Finance_Positive_Landscape_0023.jpeg"
image_professor_thumbnail_id_1="1169"
image_professor_url_1="https://hehge.com/wp-content/uploads/sites/16/2023/06/MI_Finance_Professor_Landscape_0003.jpeg"
image_professor_thumbnail_id_2="1176"
image_professor_url_2="https://hehge.com/wp-content/uploads/sites/16/2023/06/MI_Finance_Professor_Landscape_0010.jpeg"
