Symbol="SOPA"
AssetType="Common Stock"
Name="Society Pass Inc"
Description="Society Pass Incorporated is dedicated to the acquisition and operation of e-commerce platforms for consumers and merchants in Southeast Asia. The company is headquartered in Carson City, Nevada."
CIK="1817511"
Exchange="NASDAQ"
Currency="USD"
Country="USA"
Sector="TRADE & SERVICES"
Industry="SERVICES-BUSINESS SERVICES, NEC"
Address="30 GONDOLIERS BLUFF, NEWPORT COAST, CA, US"
FiscalYearEnd="December"
LatestQuarter="2023-06-30"
MarketCapitalization="13232600"
EBITDA="-23206220"
PERatio="None"
PEGRatio="None"
BookValue="0.471"
DividendPerShare="0"
DividendYield="0"
EPS="-1.14"
RevenuePerShareTTM="0.334"
ProfitMargin="0"
OperatingMarginTTM="-2.896"
ReturnOnAssetsTTM="-0.525"
ReturnOnEquityTTM="-1.212"
RevenueTTM="8921200"
GrossProfitTTM="-190798"
DilutedEPSTTM="-1.14"
QuarterlyEarningsGrowthYOY="0"
QuarterlyRevenueGrowthYOY="3.383"
AnalystTargetPrice="3.67"
TrailingPE="-"
ForwardPE="-"
PriceToSalesRatioTTM="10.23"
PriceToBookRatio="1.24"
EVToRevenue="3.67"
EVToEBITDA="-0.404"
Beta="None"
num_52WeekHigh="2.01"
num_52WeekLow="0.392"
num_50DayMovingAverage="0.507"
num_200DayMovingAverage="0.932"
SharesOutstanding="28457200"
DividendDate="None"
ExDividendDate="None"
symbol="SOPA"
open="0.44"
high="0.47"
low="0.42"
price="0.47"
volume="73709.00"
latest_trading_day="2023-08-25"
previous_close="0.47"
change="0.00"
change_percent="0.0215%"
aroon_positive_momentum_days="0"
aroon_negative_momentum_days="85"
trend_strength="Absent or Weak Trend"
buying_signal="Weak Sell Signal"
volume_analysis="Target Volume"
value_analysis="Expected Range"
Aroon_change="FALSE"
Aroon_momentum="15"
Volume_recent_avg="212084"
Change_recent_avg="-0.01"
Delta_recent_avg="0.05"
Variance_recent_avg="0.02"
Change_ratio_recent_avg="-1.05"
RSI_change="FALSE"
ADX_change="FALSE"

event="FALSE"
Aroon_signal="negative"
Aroon_change="FALSE"
Aroon_momentum_positive="15"
Aroon_momentum_negative="85"
image_negative_thumbnail_id_1="1154"
image_negative_url_1="https://hehge.com/wp-content/uploads/sites/16/2023/06/MI_Finance_Negative_Landscape_0188.jpeg"
image_negative_thumbnail_id_2="173"
image_negative_url_2="https://hehge.com/wp-content/uploads/sites/16/2023/05/MI_Finance_Negative_Landscape_0003.jpeg"
image_neutral_thumbnail_id_1="543"
image_neutral_url_1="https://hehge.com/wp-content/uploads/sites/16/2023/06/MI_Finance_Neutral_Landscape_0056.jpeg"
image_neutral_thumbnail_id_2="526"
image_neutral_url_2="https://hehge.com/wp-content/uploads/sites/16/2023/06/MI_Finance_Neutral_Landscape_0073.jpeg"
image_positive_thumbnail_id_1="969"
image_positive_url_1="https://hehge.com/wp-content/uploads/sites/16/2023/06/MI_Finance_Positive_Landscape_0131.jpeg"
image_positive_thumbnail_id_2="702"
image_positive_url_2="https://hehge.com/wp-content/uploads/sites/16/2023/06/MI_Finance_Positive_Landscape_0006.jpeg"
image_professor_thumbnail_id_1="1189"
image_professor_url_1="https://hehge.com/wp-content/uploads/sites/16/2023/06/MI_Finance_Professor_Landscape_0023.jpeg"
image_professor_thumbnail_id_2="1177"
image_professor_url_2="https://hehge.com/wp-content/uploads/sites/16/2023/06/MI_Finance_Professor_Landscape_0011.jpeg"
