Symbol="PAYO"
AssetType="Common Stock"
Name="Payoneer Global Inc"
Description="Payoneer Inc. operates a cross-border commerce and payment platform that makes it easy for digital businesses, online sellers and freelancers around the world to receive and manage their international payments. The company is headquartered in New York, New York with additional offices in the United States and internationally."
CIK="1845815"
Exchange="NASDAQ"
Currency="USD"
Country="USA"
Sector="TRADE & SERVICES"
Industry="SERVICES-BUSINESS SERVICES, NEC"
Address="150 W 30TH STREET, NEW YORK, NY, US"
FiscalYearEnd="December"
LatestQuarter="2023-03-31"
MarketCapitalization="1823745000"
EBITDA="8561000"
PERatio="None"
PEGRatio="None"
BookValue="1.606"
DividendPerShare="0"
DividendYield="0"
EPS="-0.07"
RevenuePerShareTTM="1.937"
ProfitMargin="-0.0355"
OperatingMarginTTM="0.0001"
ReturnOnAssetsTTM="0"
ReturnOnEquityTTM="-0.0441"
RevenueTTM="682679000"
GrossProfitTTM="517458000"
DilutedEPSTTM="-0.07"
QuarterlyEarningsGrowthYOY="-0.661"
QuarterlyRevenueGrowthYOY="0.402"
AnalystTargetPrice="8.17"
TrailingPE="-"
ForwardPE="-"
PriceToSalesRatioTTM="3.056"
PriceToBookRatio="3.629"
EVToRevenue="2.486"
EVToEBITDA="187.07"
Beta="1.048"
num_52WeekHigh="8.04"
num_52WeekLow="4.02"
num_50DayMovingAverage="4.82"
num_200DayMovingAverage="5.57"
SharesOutstanding="359713000"
DividendDate="None"
ExDividendDate="None"
symbol="PAYO"
open="5.35"
high="5.72"
low="5.29"
price="5.65"
volume="10239564.00"
latest_trading_day="2023-08-08"
previous_close="5.07"
change="0.58"
change_percent="11.4398%"
aroon_positive_momentum_days="29"
aroon_negative_momentum_days="0"
trend_strength="Absent or Weak Trend"
buying_signal="Strong Buy Signal"
volume_analysis="Target Volume"
value_analysis="Expected Range"
Aroon_change="FALSE"
Aroon_momentum="29"
Volume_recent_avg="3438882"
Change_recent_avg="-0.01"
Delta_recent_avg="0.21"
Variance_recent_avg="0.1"
Change_ratio_recent_avg="-0.29"
RSI_change="FALSE"
ADX_change="FALSE"

event="FALSE"
Aroon_signal="positive"
Aroon_change="FALSE"
Aroon_momentum_positive="29"
Aroon_momentum_negative="71"
image_negative_thumbnail_id_1="94"
image_negative_url_1="https://hehge.com/wp-content/uploads/sites/16/2023/05/MI_Finance_Negative_Landscape_0082.jpeg"
image_negative_thumbnail_id_2="1152"
image_negative_url_2="https://hehge.com/wp-content/uploads/sites/16/2023/06/MI_Finance_Negative_Landscape_0185.jpeg"
image_neutral_thumbnail_id_1="549"
image_neutral_url_1="https://hehge.com/wp-content/uploads/sites/16/2023/06/MI_Finance_Neutral_Landscape_0050.jpeg"
image_neutral_thumbnail_id_2="564"
image_neutral_url_2="https://hehge.com/wp-content/uploads/sites/16/2023/06/MI_Finance_Neutral_Landscape_0035.jpeg"
image_positive_thumbnail_id_1="704"
image_positive_url_1="https://hehge.com/wp-content/uploads/sites/16/2023/06/MI_Finance_Positive_Landscape_0004.jpeg"
image_positive_thumbnail_id_2="975"
image_positive_url_2="https://hehge.com/wp-content/uploads/sites/16/2023/06/MI_Finance_Positive_Landscape_0137.jpeg"
image_professor_thumbnail_id_1="1187"
image_professor_url_1="https://hehge.com/wp-content/uploads/sites/16/2023/06/MI_Finance_Professor_Landscape_0021.jpeg"
image_professor_thumbnail_id_2="1176"
image_professor_url_2="https://hehge.com/wp-content/uploads/sites/16/2023/06/MI_Finance_Professor_Landscape_0010.jpeg"
