Symbol="ATXG"
AssetType="Common Stock"
Name="Addentax Group Corp"
Description="Addentax Group Corp. The company is headquartered in Shenzhen, China."
CIK="1650101"
Exchange="NASDAQ"
Currency="USD"
Country="China"
Sector="TRADE & SERVICES"
Industry="SERVICES-MAILING, REPRODUCTION, COMMERCIAL ART & PHOTOGRAPHY"
Address="FLOOR 13TH, BUILDING 1, BLOCK B, ZHIHUI SQUARE, NANSHAN DISTRICT, SHENZHEN CITY, CHINA"
FiscalYearEnd="March"
LatestQuarter="2023-06-30"
MarketCapitalization="8077400"
EBITDA="-386170"
PERatio="5.84"
PEGRatio="None"
BookValue="6.5"
DividendPerShare="0"
DividendYield="0"
EPS="0.37"
RevenuePerShareTTM="1.768"
ProfitMargin="-0.228"
OperatingMarginTTM="-0.117"
ReturnOnAssetsTTM="-0.018"
ReturnOnEquityTTM="-0.123"
RevenueTTM="6610300"
GrossProfitTTM="2063300"
DilutedEPSTTM="0.37"
QuarterlyEarningsGrowthYOY="1.531"
QuarterlyRevenueGrowthYOY="-0.559"
AnalystTargetPrice="None"
TrailingPE="5.84"
ForwardPE="-"
PriceToSalesRatioTTM="4.033"
PriceToBookRatio="1.849"
EVToRevenue="2.694"
EVToEBITDA="63.05"
Beta="-25.78"
num_52WeekHigh="6565.4"
num_52WeekLow="2.08"
num_50DayMovingAverage="2.874"
num_200DayMovingAverage="1.651"
SharesOutstanding="3739500"
DividendDate="2019-03-05"
ExDividendDate="None"
symbol="ATXG"
open="2.28"
high="2.28"
low="2.08"
price="2.16"
volume="28123.00"
latest_trading_day="2023-08-18"
previous_close="2.25"
change="-0.09"
change_percent="-4.0000%"
aroon_positive_momentum_days="0"
aroon_negative_momentum_days="78"
trend_strength="Extremely Strong Trend"
buying_signal="Weak Sell Signal"
volume_analysis="Target Volume"
value_analysis="Expected Range"
Aroon_change="FALSE"
Aroon_momentum="22"
Volume_recent_avg="436443"
Change_recent_avg="-0.05"
Delta_recent_avg="0.25"
Variance_recent_avg="0.12"
Change_ratio_recent_avg="-1.88"
RSI_change="FALSE"
ADX_change="FALSE"

event="FALSE"
Aroon_signal="negative"
Aroon_change="FALSE"
Aroon_momentum_positive="22"
Aroon_momentum_negative="78"
image_negative_thumbnail_id_1="1095"
image_negative_url_1="https://hehge.com/wp-content/uploads/sites/16/2023/06/MI_Finance_Negative_Landscape_0128.jpeg"
image_negative_thumbnail_id_2="115"
image_negative_url_2="https://hehge.com/wp-content/uploads/sites/16/2023/05/MI_Finance_Negative_Landscape_0061.jpeg"
image_neutral_thumbnail_id_1="539"
image_neutral_url_1="https://hehge.com/wp-content/uploads/sites/16/2023/06/MI_Finance_Neutral_Landscape_0060.jpeg"
image_neutral_thumbnail_id_2="532"
image_neutral_url_2="https://hehge.com/wp-content/uploads/sites/16/2023/06/MI_Finance_Neutral_Landscape_0067.jpeg"
image_positive_thumbnail_id_1="996"
image_positive_url_1="https://hehge.com/wp-content/uploads/sites/16/2023/06/MI_Finance_Positive_Landscape_0158.jpeg"
image_positive_thumbnail_id_2="951"
image_positive_url_2="https://hehge.com/wp-content/uploads/sites/16/2023/06/MI_Finance_Positive_Landscape_0113.jpeg"
image_professor_thumbnail_id_1="1200"
image_professor_url_1="https://hehge.com/wp-content/uploads/sites/16/2023/06/MI_Finance_Professor_Landscape_0034.jpeg"
image_professor_thumbnail_id_2="1184"
image_professor_url_2="https://hehge.com/wp-content/uploads/sites/16/2023/06/MI_Finance_Professor_Landscape_0018.jpeg"
