Symbol="MSGS"
AssetType="Common Stock"
Name="Madison Square Garden Sports Corp"
Description="Madison Square Garden Sports Corp. The company is headquartered in New York, New York."
CIK="1636519"
Exchange="NYSE"
Currency="USD"
Country="USA"
Sector="TRADE & SERVICES"
Industry="SERVICES-MISCELLANEOUS AMUSEMENT & RECREATION"
Address="TWO PENNSYLVANIA PLAZA, NEW YORK, NY, US"
FiscalYearEnd="June"
LatestQuarter="2023-03-31"
MarketCapitalization="4595896000"
EBITDA="124709000"
PERatio="54.64"
PEGRatio="None"
BookValue="-13.97"
DividendPerShare="0"
DividendYield="0"
EPS="3.52"
RevenuePerShareTTM="38.72"
ProfitMargin="0.09"
OperatingMarginTTM="0.129"
ReturnOnAssetsTTM="0.0554"
ReturnOnEquityTTM="-0.123"
RevenueTTM="935732000"
GrossProfitTTM="389262000"
DilutedEPSTTM="3.52"
QuarterlyEarningsGrowthYOY="1.18"
QuarterlyRevenueGrowthYOY="0.133"
AnalystTargetPrice="245"
TrailingPE="54.64"
ForwardPE="434.78"
PriceToSalesRatioTTM="4.71"
PriceToBookRatio="1.57"
EVToRevenue="5.8"
EVToEBITDA="53.59"
Beta="0.669"
num_52WeekHigh="209.82"
num_52WeekLow="130.49"
num_50DayMovingAverage="186.14"
num_200DayMovingAverage="176.35"
SharesOutstanding="19363800"
DividendDate="2022-10-31"
ExDividendDate="2022-10-14"
symbol="MSGS"
open="193.12"
high="194.26"
low="192.40"
price="193.22"
volume="53485.00"
latest_trading_day="2023-07-12"
previous_close="192.35"
change="0.87"
change_percent="0.4523%"
aroon_positive_momentum_days="0"
aroon_negative_momentum_days="33"
trend_strength="Absent or Weak Trend"
buying_signal="Weak Sell Signal"
volume_analysis="Target Volume"
value_analysis="Expected Range"
Aroon_change="FALSE"
Aroon_momentum="67"
Volume_recent_avg="127810"
Change_recent_avg="0.09"
Delta_recent_avg="3.21"
Variance_recent_avg="1.61"
Change_ratio_recent_avg="0.04"
RSI_change="FALSE"
ADX_change="FALSE"

event="FALSE"
Aroon_signal="negative"
Aroon_change="FALSE"
Aroon_momentum_positive="67"
Aroon_momentum_negative="33"
image_negative_thumbnail_id_1="494"
image_negative_url_1="https://hehge.com/wp-content/uploads/sites/16/2023/06/MI_Finance_Negative_Landscape_0111.jpeg"
image_negative_thumbnail_id_2="1104"
image_negative_url_2="https://hehge.com/wp-content/uploads/sites/16/2023/06/MI_Finance_Negative_Landscape_0137.jpeg"
image_neutral_thumbnail_id_1="561"
image_neutral_url_1="https://hehge.com/wp-content/uploads/sites/16/2023/06/MI_Finance_Neutral_Landscape_0038.jpeg"
image_neutral_thumbnail_id_2="539"
image_neutral_url_2="https://hehge.com/wp-content/uploads/sites/16/2023/06/MI_Finance_Neutral_Landscape_0060.jpeg"
image_positive_thumbnail_id_1="950"
image_positive_url_1="https://hehge.com/wp-content/uploads/sites/16/2023/06/MI_Finance_Positive_Landscape_0112.jpeg"
image_positive_thumbnail_id_2="679"
image_positive_url_2="https://hehge.com/wp-content/uploads/sites/16/2023/06/MI_Finance_Positive_Landscape_0029.jpeg"
image_professor_thumbnail_id_1="1183"
image_professor_url_1="https://hehge.com/wp-content/uploads/sites/16/2023/06/MI_Finance_Professor_Landscape_0017.jpeg"
image_professor_thumbnail_id_2="1167"
image_professor_url_2="https://hehge.com/wp-content/uploads/sites/16/2023/06/MI_Finance_Professor_Landscape_0001.jpeg"
