Symbol="MSGS"
AssetType="Common Stock"
Name="Madison Square Garden Sports Corp"
Description="Madison Square Garden Sports Corp. The company is headquartered in New York, New York."
CIK="1636519"
Exchange="NYSE"
Currency="USD"
Country="USA"
Sector="TRADE & SERVICES"
Industry="SERVICES-MISCELLANEOUS AMUSEMENT & RECREATION"
Address="TWO PENNSYLVANIA PLAZA, NEW YORK, NY, US"
FiscalYearEnd="June"
LatestQuarter="2023-06-30"
MarketCapitalization="4153789000"
EBITDA="88494000"
PERatio="93.49"
PEGRatio="None"
BookValue="-14.11"
DividendPerShare="0"
DividendYield="0"
EPS="1.88"
RevenuePerShareTTM="36.84"
ProfitMargin="0.0539"
OperatingMarginTTM="0.0957"
ReturnOnAssetsTTM="0.0406"
ReturnOnEquityTTM="-0.123"
RevenueTTM="887447000"
GrossProfitTTM="389262000"
DilutedEPSTTM="1.88"
QuarterlyEarningsGrowthYOY="1.18"
QuarterlyRevenueGrowthYOY="-0.276"
AnalystTargetPrice="246.5"
TrailingPE="93.49"
ForwardPE="434.78"
PriceToSalesRatioTTM="4.71"
PriceToBookRatio="1.57"
EVToRevenue="5.8"
EVToEBITDA="53.59"
Beta="0.684"
num_52WeekHigh="215.78"
num_52WeekLow="130.49"
num_50DayMovingAverage="192.4"
num_200DayMovingAverage="183.94"
SharesOutstanding="19363800"
DividendDate="2022-10-31"
ExDividendDate="2022-10-14"
symbol="MSGS"
open="175.02"
high="176.58"
low="174.25"
price="174.67"
volume="178201.00"
latest_trading_day="2023-08-24"
previous_close="175.76"
change="-1.09"
change_percent="-0.6202%"
aroon_positive_momentum_days="0"
aroon_negative_momentum_days="45"
trend_strength="Absent or Weak Trend"
buying_signal="Weak Sell Signal"
volume_analysis="Target Volume"
value_analysis="Expected Range"
Aroon_change="TRUE"
Aroon_momentum="55"
Volume_recent_avg="203345"
Change_recent_avg="-0.05"
Delta_recent_avg="3.55"
Variance_recent_avg="1.77"
Change_ratio_recent_avg="-0.04"
RSI_change="FALSE"
ADX_change="FALSE"
Aroon_signal="negative"
Aroon_change="TRUE"
Aroon_momentum_positive="55"
Aroon_momentum_negative="45"
image_negative_thumbnail_id_1="94"
image_negative_url_1="https://hehge.com/wp-content/uploads/sites/16/2023/05/MI_Finance_Negative_Landscape_0082.jpeg"
image_negative_thumbnail_id_2="507"
image_negative_url_2="https://hehge.com/wp-content/uploads/sites/16/2023/06/MI_Finance_Negative_Landscape_0098.jpeg"
image_neutral_thumbnail_id_1="581"
image_neutral_url_1="https://hehge.com/wp-content/uploads/sites/16/2023/06/MI_Finance_Neutral_Landscape_0018.jpeg"
image_neutral_thumbnail_id_2="543"
image_neutral_url_2="https://hehge.com/wp-content/uploads/sites/16/2023/06/MI_Finance_Neutral_Landscape_0056.jpeg"
image_positive_thumbnail_id_1="987"
image_positive_url_1="https://hehge.com/wp-content/uploads/sites/16/2023/06/MI_Finance_Positive_Landscape_0149.jpeg"
image_positive_thumbnail_id_2="982"
image_positive_url_2="https://hehge.com/wp-content/uploads/sites/16/2023/06/MI_Finance_Positive_Landscape_0144.jpeg"
image_professor_thumbnail_id_1="1179"
image_professor_url_1="https://hehge.com/wp-content/uploads/sites/16/2023/06/MI_Finance_Professor_Landscape_0013.jpeg"
image_professor_thumbnail_id_2="1199"
image_professor_url_2="https://hehge.com/wp-content/uploads/sites/16/2023/06/MI_Finance_Professor_Landscape_0033.jpeg"
