Symbol="CSGP"
AssetType="Common Stock"
Name="CoStar Group Inc"
Description="CoStar Group, Inc. provides online market information, analysis and services to the commercial real estate, hospitality, residential and related professional industries in the United States, Canada, Europe, Asia Pacific and Latin America. The company is headquartered in Washington, the District of Columbia."
CIK="1057352"
Exchange="NASDAQ"
Currency="USD"
Country="USA"
Sector="TRADE & SERVICES"
Industry="SERVICES-BUSINESS SERVICES, NEC"
Address="1331 L STREET, NW, WASHINGTON, DC, US"
FiscalYearEnd="December"
LatestQuarter="2023-06-30"
MarketCapitalization="34472522000"
EBITDA="526217000"
PERatio="91.72"
PEGRatio="3.17"
BookValue="16.89"
DividendPerShare="0"
DividendYield="0"
EPS="0.92"
RevenuePerShareTTM="5.51"
ProfitMargin="0"
OperatingMarginTTM="0"
ReturnOnAssetsTTM="0.0311"
ReturnOnEquityTTM="0.0576"
RevenueTTM="2250940000"
GrossProfitTTM="1768391000"
DilutedEPSTTM="0.92"
QuarterlyEarningsGrowthYOY="-0.076"
QuarterlyRevenueGrowthYOY="0.133"
AnalystTargetPrice="94.08"
TrailingPE="91.72"
ForwardPE="57.47"
PriceToSalesRatioTTM="14.97"
PriceToBookRatio="4.893"
EVToRevenue="13.78"
EVToEBITDA="47.7"
Beta="0.907"
num_52WeekHigh="92.36"
num_52WeekLow="65.12"
num_50DayMovingAverage="84.28"
num_200DayMovingAverage="77.47"
SharesOutstanding="408539000"
DividendDate="None"
ExDividendDate="None"
symbol="CSGP"
open="86.83"
high="87.58"
low="81.68"
price="84.38"
volume="6483782.00"
latest_trading_day="2023-07-26"
previous_close="91.80"
change="-7.42"
change_percent="-8.0828%"
aroon_positive_momentum_days="49"
aroon_negative_momentum_days="0"
trend_strength="Absent or Weak Trend"
buying_signal="Weak Buy Signal"
volume_analysis="Target Volume"
value_analysis="Expected Range"
Aroon_change="FALSE"
Aroon_momentum="49"
Volume_recent_avg="2597890"
Change_recent_avg="0.18"
Delta_recent_avg="1.59"
Variance_recent_avg="0.79"
Change_ratio_recent_avg="0.21"
RSI_change="FALSE"
ADX_change="FALSE"

event="FALSE"
Aroon_signal="positive"
Aroon_change="FALSE"
Aroon_momentum_positive="49"
Aroon_momentum_negative="51"
image_negative_thumbnail_id_1="120"
image_negative_url_1="https://hehge.com/wp-content/uploads/sites/16/2023/05/MI_Finance_Negative_Landscape_0056.jpeg"
image_negative_thumbnail_id_2="1096"
image_negative_url_2="https://hehge.com/wp-content/uploads/sites/16/2023/06/MI_Finance_Negative_Landscape_0129.jpeg"
image_neutral_thumbnail_id_1="547"
image_neutral_url_1="https://hehge.com/wp-content/uploads/sites/16/2023/06/MI_Finance_Neutral_Landscape_0052.jpeg"
image_neutral_thumbnail_id_2="548"
image_neutral_url_2="https://hehge.com/wp-content/uploads/sites/16/2023/06/MI_Finance_Neutral_Landscape_0051.jpeg"
image_positive_thumbnail_id_1="661"
image_positive_url_1="https://hehge.com/wp-content/uploads/sites/16/2023/06/MI_Finance_Positive_Landscape_0047.jpeg"
image_positive_thumbnail_id_2="621"
image_positive_url_2="https://hehge.com/wp-content/uploads/sites/16/2023/06/MI_Finance_Positive_Landscape_0087.jpeg"
image_professor_thumbnail_id_1="1189"
image_professor_url_1="https://hehge.com/wp-content/uploads/sites/16/2023/06/MI_Finance_Professor_Landscape_0023.jpeg"
image_professor_thumbnail_id_2="1184"
image_professor_url_2="https://hehge.com/wp-content/uploads/sites/16/2023/06/MI_Finance_Professor_Landscape_0018.jpeg"
