Symbol="CRMT"
AssetType="Common Stock"
Name="Americas Car-Mart Inc"
Description="America's Car-Mart, Inc., is an automotive retailer in the United States. The company is headquartered in Rogers, Arkansas."
CIK="799850"
Exchange="NASDAQ"
Currency="USD"
Country="USA"
Sector="TRADE & SERVICES"
Industry="RETAIL-AUTO DEALERS & GASOLINE STATIONS"
Address="802 SOUTHEAST PLAZA AVE., SUITE 200, BENTONVILLE, AR, US"
FiscalYearEnd="April"
LatestQuarter="2023-04-30"
MarketCapitalization="691804000"
EBITDA="70069000"
PERatio="34.57"
PEGRatio="2.58"
BookValue="78.21"
DividendPerShare="0"
DividendYield="0"
EPS="3.05"
RevenuePerShareTTM="219.91"
ProfitMargin="0.0146"
OperatingMarginTTM="0.046"
ReturnOnAssetsTTM="0.0313"
ReturnOnEquityTTM="0.0419"
RevenueTTM="1401098000"
GrossProfitTTM="242365000"
DilutedEPSTTM="3.05"
QuarterlyEarningsGrowthYOY="-0.919"
QuarterlyRevenueGrowthYOY="0.121"
AnalystTargetPrice="92.25"
TrailingPE="34.57"
ForwardPE="19.08"
PriceToSalesRatioTTM="0.341"
PriceToBookRatio="0.928"
EVToRevenue="0.781"
EVToEBITDA="9.68"
Beta="1.472"
num_52WeekHigh="127.96"
num_52WeekLow="52.24"
num_50DayMovingAverage="107.22"
num_200DayMovingAverage="86.66"
SharesOutstanding="6561700"
DividendDate="None"
ExDividendDate="None"
symbol="CRMT"
open="105.33"
high="106.22"
low="102.67"
price="105.43"
volume="27149.00"
latest_trading_day="2023-08-25"
previous_close="104.79"
change="0.64"
change_percent="0.6107%"
aroon_positive_momentum_days="72"
aroon_negative_momentum_days="0"
trend_strength="Absent or Weak Trend"
buying_signal="Weak Buy Signal"
volume_analysis="Target Volume"
value_analysis="Expected Range"
Aroon_change="FALSE"
Aroon_momentum="72"
Volume_recent_avg="68323"
Change_recent_avg="0.49"
Delta_recent_avg="4.18"
Variance_recent_avg="2.09"
Change_ratio_recent_avg="0.52"
RSI_change="FALSE"
ADX_change="FALSE"

event="FALSE"
Aroon_signal="positive"
Aroon_change="FALSE"
Aroon_momentum_positive="72"
Aroon_momentum_negative="28"
image_negative_thumbnail_id_1="123"
image_negative_url_1="https://hehge.com/wp-content/uploads/sites/16/2023/05/MI_Finance_Negative_Landscape_0053.jpeg"
image_negative_thumbnail_id_2="1153"
image_negative_url_2="https://hehge.com/wp-content/uploads/sites/16/2023/06/MI_Finance_Negative_Landscape_0186.jpeg"
image_neutral_thumbnail_id_1="576"
image_neutral_url_1="https://hehge.com/wp-content/uploads/sites/16/2023/06/MI_Finance_Neutral_Landscape_0023.jpeg"
image_neutral_thumbnail_id_2="574"
image_neutral_url_2="https://hehge.com/wp-content/uploads/sites/16/2023/06/MI_Finance_Neutral_Landscape_0025.jpeg"
image_positive_thumbnail_id_1="697"
image_positive_url_1="https://hehge.com/wp-content/uploads/sites/16/2023/06/MI_Finance_Positive_Landscape_0011.jpeg"
image_positive_thumbnail_id_2="621"
image_positive_url_2="https://hehge.com/wp-content/uploads/sites/16/2023/06/MI_Finance_Positive_Landscape_0087.jpeg"
image_professor_thumbnail_id_1="1198"
image_professor_url_1="https://hehge.com/wp-content/uploads/sites/16/2023/06/MI_Finance_Professor_Landscape_0032.jpeg"
image_professor_thumbnail_id_2="1177"
image_professor_url_2="https://hehge.com/wp-content/uploads/sites/16/2023/06/MI_Finance_Professor_Landscape_0011.jpeg"
