Symbol="CRMT"
AssetType="Common Stock"
Name="Americas Car-Mart Inc"
Description="America's Car-Mart, Inc., is an automotive retailer in the United States. The company is headquartered in Rogers, Arkansas."
CIK="799850"
Exchange="NASDAQ"
Currency="USD"
Country="USA"
Sector="TRADE & SERVICES"
Industry="RETAIL-AUTO DEALERS & GASOLINE STATIONS"
Address="802 SOUTHEAST PLAZA AVE., SUITE 200, BENTONVILLE, AR, US"
FiscalYearEnd="April"
LatestQuarter="2023-04-30"
MarketCapitalization="735243000"
EBITDA="70069000"
PERatio="36.26"
PEGRatio="2.58"
BookValue="78.21"
DividendPerShare="0"
DividendYield="0"
EPS="3.09"
RevenuePerShareTTM="219.91"
ProfitMargin="0.0146"
OperatingMarginTTM="0.046"
ReturnOnAssetsTTM="0.0313"
ReturnOnEquityTTM="0.0419"
RevenueTTM="1401098000"
GrossProfitTTM="242365000"
DilutedEPSTTM="3.09"
QuarterlyEarningsGrowthYOY="-0.919"
QuarterlyRevenueGrowthYOY="0.121"
AnalystTargetPrice="92.25"
TrailingPE="36.26"
ForwardPE="19.08"
PriceToSalesRatioTTM="0.341"
PriceToBookRatio="0.928"
EVToRevenue="0.781"
EVToEBITDA="9.68"
Beta="1.455"
num_52WeekHigh="127.96"
num_52WeekLow="52.24"
num_50DayMovingAverage="95.64"
num_200DayMovingAverage="80.68"
SharesOutstanding="6371400"
DividendDate="None"
ExDividendDate="None"
symbol="CRMT"
open="118.15"
high="118.61"
low="109.71"
price="112.05"
volume="82434.00"
latest_trading_day="2023-07-21"
previous_close="117.97"
change="-5.92"
change_percent="-5.0182%"
aroon_positive_momentum_days="72"
aroon_negative_momentum_days="0"
trend_strength="Absent or Weak Trend"
buying_signal="Weak Buy Signal"
volume_analysis="Target Volume"
value_analysis="Expected Range"
Aroon_change="FALSE"
Aroon_momentum="72"
Volume_recent_avg="78020"
Change_recent_avg="0.44"
Delta_recent_avg="4.13"
Variance_recent_avg="2.06"
Change_ratio_recent_avg="0.44"
RSI_change="FALSE"
ADX_change="FALSE"

event="FALSE"
Aroon_signal="positive"
Aroon_change="FALSE"
Aroon_momentum_positive="72"
Aroon_momentum_negative="28"
image_negative_thumbnail_id_1="137"
image_negative_url_1="https://hehge.com/wp-content/uploads/sites/16/2023/05/MI_Finance_Negative_Landscape_0039.jpeg"
image_negative_thumbnail_id_2="1118"
image_negative_url_2="https://hehge.com/wp-content/uploads/sites/16/2023/06/MI_Finance_Negative_Landscape_0151.jpeg"
image_neutral_thumbnail_id_1="598"
image_neutral_url_1="https://hehge.com/wp-content/uploads/sites/16/2023/06/MI_Finance_Neutral_Landscape_0001.jpeg"
image_neutral_thumbnail_id_2="531"
image_neutral_url_2="https://hehge.com/wp-content/uploads/sites/16/2023/06/MI_Finance_Neutral_Landscape_0068.jpeg"
image_positive_thumbnail_id_1="599"
image_positive_url_1="https://hehge.com/wp-content/uploads/sites/16/2023/06/MI_Finance_Positive_Landscape_0109.jpeg"
image_positive_thumbnail_id_2="989"
image_positive_url_2="https://hehge.com/wp-content/uploads/sites/16/2023/06/MI_Finance_Positive_Landscape_0151.jpeg"
image_professor_thumbnail_id_1="1183"
image_professor_url_1="https://hehge.com/wp-content/uploads/sites/16/2023/06/MI_Finance_Professor_Landscape_0017.jpeg"
image_professor_thumbnail_id_2="1202"
image_professor_url_2="https://hehge.com/wp-content/uploads/sites/16/2023/06/MI_Finance_Professor_Landscape_0036.jpeg"
