Symbol="CRMT"
AssetType="Common Stock"
Name="Americas Car-Mart Inc"
Description="America's Car-Mart, Inc., is an automotive retailer in the United States. The company is headquartered in Rogers, Arkansas."
CIK="799850"
Exchange="NASDAQ"
Currency="USD"
Country="USA"
Sector="TRADE & SERVICES"
Industry="RETAIL-AUTO DEALERS & GASOLINE STATIONS"
Address="802 SOUTHEAST PLAZA AVE., SUITE 200, BENTONVILLE, AR, US"
FiscalYearEnd="April"
LatestQuarter="2023-04-30"
MarketCapitalization="638351000"
EBITDA="70069000"
PERatio="33.96"
PEGRatio="2.58"
BookValue="78.21"
DividendPerShare="0"
DividendYield="0"
EPS="2.95"
RevenuePerShareTTM="219.91"
ProfitMargin="0.0146"
OperatingMarginTTM="0.046"
ReturnOnAssetsTTM="0.0313"
ReturnOnEquityTTM="0.0419"
RevenueTTM="1401098000"
GrossProfitTTM="242365000"
DilutedEPSTTM="2.95"
QuarterlyEarningsGrowthYOY="-0.919"
QuarterlyRevenueGrowthYOY="0.121"
AnalystTargetPrice="73.25"
TrailingPE="33.96"
ForwardPE="19.08"
PriceToSalesRatioTTM="0.341"
PriceToBookRatio="0.928"
EVToRevenue="0.781"
EVToEBITDA="9.68"
Beta="1.455"
num_52WeekHigh="127.05"
num_52WeekLow="52.24"
num_50DayMovingAverage="90.09"
num_200DayMovingAverage="78.62"
SharesOutstanding="6371400"
DividendDate="None"
ExDividendDate="None"
symbol="CRMT"
open="101.39"
high="102.98"
low="100.68"
price="102.56"
volume="51253.00"
latest_trading_day="2023-07-11"
previous_close="100.19"
change="2.37"
change_percent="2.3655%"
aroon_positive_momentum_days="72"
aroon_negative_momentum_days="0"
trend_strength="Absent or Weak Trend"
buying_signal="Weak Buy Signal"
volume_analysis="Target Volume"
value_analysis="Expected Range"
Aroon_change="FALSE"
Aroon_momentum="72"
Volume_recent_avg="77912"
Change_recent_avg="0.41"
Delta_recent_avg="4.03"
Variance_recent_avg="2.01"
Change_ratio_recent_avg="0.42"
RSI_change="FALSE"
ADX_change="FALSE"

event="FALSE"
Aroon_signal="positive"
Aroon_change="FALSE"
Aroon_momentum_positive="72"
Aroon_momentum_negative="28"
image_negative_thumbnail_id_1="1091"
image_negative_url_1="https://hehge.com/wp-content/uploads/sites/16/2023/06/MI_Finance_Negative_Landscape_0124.jpeg"
image_negative_thumbnail_id_2="1132"
image_negative_url_2="https://hehge.com/wp-content/uploads/sites/16/2023/06/MI_Finance_Negative_Landscape_0165.jpeg"
image_neutral_thumbnail_id_1="577"
image_neutral_url_1="https://hehge.com/wp-content/uploads/sites/16/2023/06/MI_Finance_Neutral_Landscape_0022.jpeg"
image_neutral_thumbnail_id_2="556"
image_neutral_url_2="https://hehge.com/wp-content/uploads/sites/16/2023/06/MI_Finance_Neutral_Landscape_0043.jpeg"
image_positive_thumbnail_id_1="704"
image_positive_url_1="https://hehge.com/wp-content/uploads/sites/16/2023/06/MI_Finance_Positive_Landscape_0004.jpeg"
image_positive_thumbnail_id_2="696"
image_positive_url_2="https://hehge.com/wp-content/uploads/sites/16/2023/06/MI_Finance_Positive_Landscape_0012.jpeg"
image_professor_thumbnail_id_1="1197"
image_professor_url_1="https://hehge.com/wp-content/uploads/sites/16/2023/06/MI_Finance_Professor_Landscape_0031.jpeg"
image_professor_thumbnail_id_2="1168"
image_professor_url_2="https://hehge.com/wp-content/uploads/sites/16/2023/06/MI_Finance_Professor_Landscape_0002.jpeg"
