Symbol="KRUS"
AssetType="Common Stock"
Name="Kura Sushi USA Inc"
Description="Kura Sushi USA, Inc. operates Japanese restaurants with technology in the United States. The company is headquartered in Irvine, California."
CIK="1772177"
Exchange="NASDAQ"
Currency="USD"
Country="USA"
Sector="TRADE & SERVICES"
Industry="RETAIL-EATING PLACES"
Address="17461 DERIAN AVE., SUITE 200, IRVINE, CA, US"
FiscalYearEnd="August"
LatestQuarter="2023-05-31"
MarketCapitalization="931425000"
EBITDA="7135000"
PERatio="1397.67"
PEGRatio="None"
BookValue="14.39"
DividendPerShare="0"
DividendYield="0"
EPS="0.06"
RevenuePerShareTTM="19.49"
ProfitMargin="0.0028"
OperatingMarginTTM="0.0001"
ReturnOnAssetsTTM="0.0001"
ReturnOnEquityTTM="0.0039"
RevenueTTM="174498000"
GrossProfitTTM="27148000"
DilutedEPSTTM="0.06"
QuarterlyEarningsGrowthYOY="2.281"
QuarterlyRevenueGrowthYOY="0.297"
AnalystTargetPrice="97.43"
TrailingPE="1397.67"
ForwardPE="384.62"
PriceToSalesRatioTTM="4.255"
PriceToBookRatio="6.56"
EVToRevenue="4.726"
EVToEBITDA="133.1"
Beta="1.923"
num_52WeekHigh="110"
num_52WeekLow="37.97"
num_50DayMovingAverage="92.98"
num_200DayMovingAverage="70.93"
SharesOutstanding="10106900"
DividendDate="None"
ExDividendDate="None"
symbol="KRUS"
open="87.76"
high="88.20"
low="82.65"
price="83.86"
volume="145527.00"
latest_trading_day="2023-08-17"
previous_close="87.96"
change="-4.10"
change_percent="-4.6612%"
aroon_positive_momentum_days="100"
aroon_negative_momentum_days="0"
trend_strength="Absent or Weak Trend"
buying_signal="Weak Buy Signal"
volume_analysis="Target Volume"
value_analysis="Expected Range"
Aroon_change="FALSE"
Aroon_momentum="100"
Volume_recent_avg="153901"
Change_recent_avg="0.08"
Delta_recent_avg="4.03"
Variance_recent_avg="2.02"
Change_ratio_recent_avg="-0.02"
RSI_change="FALSE"
ADX_change="FALSE"
Aroon_signal="positive"
Aroon_change="FALSE"
Aroon_momentum_positive="100"
Aroon_momentum_negative="0"
image_negative_thumbnail_id_1="102"
image_negative_url_1="https://hehge.com/wp-content/uploads/sites/16/2023/05/MI_Finance_Negative_Landscape_0074.jpeg"
image_negative_thumbnail_id_2="520"
image_negative_url_2="https://hehge.com/wp-content/uploads/sites/16/2023/06/MI_Finance_Negative_Landscape_0085.jpeg"
image_neutral_thumbnail_id_1="561"
image_neutral_url_1="https://hehge.com/wp-content/uploads/sites/16/2023/06/MI_Finance_Neutral_Landscape_0038.jpeg"
image_neutral_thumbnail_id_2="589"
image_neutral_url_2="https://hehge.com/wp-content/uploads/sites/16/2023/06/MI_Finance_Neutral_Landscape_0010.jpeg"
image_positive_thumbnail_id_1="988"
image_positive_url_1="https://hehge.com/wp-content/uploads/sites/16/2023/06/MI_Finance_Positive_Landscape_0150.jpeg"
image_positive_thumbnail_id_2="691"
image_positive_url_2="https://hehge.com/wp-content/uploads/sites/16/2023/06/MI_Finance_Positive_Landscape_0017.jpeg"
image_professor_thumbnail_id_1="1198"
image_professor_url_1="https://hehge.com/wp-content/uploads/sites/16/2023/06/MI_Finance_Professor_Landscape_0032.jpeg"
image_professor_thumbnail_id_2="1192"
image_professor_url_2="https://hehge.com/wp-content/uploads/sites/16/2023/06/MI_Finance_Professor_Landscape_0026.jpeg"
