Symbol="STG"
AssetType="Common Stock"
Name="Sunlands Technology Group"
Description="Sunlands Technology Group, provides online education services in the People's Republic of China. The company is headquartered in Beijing, the People's Republic of China."
CIK="1723935"
Exchange="NYSE"
Currency="USD"
Country="China"
Sector="TRADE & SERVICES"
Industry="SERVICES-EDUCATIONAL SERVICES"
Address="BUILDING 4-6, CHAOLAI SCIENCE PARK, NO. 36 CHUANGYUAN RD, CHAOYANG DISTRICT, BEIJING, CHINA"
FiscalYearEnd="December"
LatestQuarter="2023-03-31"
MarketCapitalization="71896000"
EBITDA="673023000"
PERatio="0.794"
PEGRatio="None"
BookValue="-14.2"
DividendPerShare="0"
DividendYield="0.13"
EPS="6.47"
RevenuePerShareTTM="164.76"
ProfitMargin="0.283"
OperatingMarginTTM="0.274"
ReturnOnAssetsTTM="0.165"
ReturnOnEquityTTM="0"
RevenueTTM="2276663000"
GrossProfitTTM="1974951000"
DilutedEPSTTM="6.5"
QuarterlyEarningsGrowthYOY="-0.043"
QuarterlyRevenueGrowthYOY="-0.076"
AnalystTargetPrice="1.03"
TrailingPE="0.835"
ForwardPE="-"
PriceToSalesRatioTTM="0.04"
PriceToBookRatio="-"
EVToRevenue="0.0228"
EVToEBITDA="0.0861"
Beta="1.255"
num_52WeekHigh="15.4"
num_52WeekLow="2.966"
num_50DayMovingAverage="4.016"
num_200DayMovingAverage="6.91"
SharesOutstanding="13852900"
DividendDate="2022-07-29"
ExDividendDate="2022-06-29"
symbol="STG"
open="5.40"
high="5.46"
low="5.04"
price="5.46"
volume="2305.00"
latest_trading_day="2023-08-04"
previous_close="5.43"
change="0.03"
change_percent="0.5359%"
aroon_positive_momentum_days="0"
aroon_negative_momentum_days="86"
trend_strength="Absent or Weak Trend"
buying_signal="Weak Sell Signal"
volume_analysis="Target Volume"
value_analysis="Expected Range"
Aroon_change="FALSE"
Aroon_momentum="14"
Volume_recent_avg="12782"
Change_recent_avg="-0.03"
Delta_recent_avg="0.49"
Variance_recent_avg="0.24"
Change_ratio_recent_avg="-0.77"
RSI_change="FALSE"
ADX_change="FALSE"

event="FALSE"
Aroon_signal="negative"
Aroon_change="FALSE"
Aroon_momentum_positive="14"
Aroon_momentum_negative="86"
image_negative_thumbnail_id_1="1133"
image_negative_url_1="https://hehge.com/wp-content/uploads/sites/16/2023/06/MI_Finance_Negative_Landscape_0166.jpeg"
image_negative_thumbnail_id_2="1107"
image_negative_url_2="https://hehge.com/wp-content/uploads/sites/16/2023/06/MI_Finance_Negative_Landscape_0140.jpeg"
image_neutral_thumbnail_id_1="588"
image_neutral_url_1="https://hehge.com/wp-content/uploads/sites/16/2023/06/MI_Finance_Neutral_Landscape_0011.jpeg"
image_neutral_thumbnail_id_2="570"
image_neutral_url_2="https://hehge.com/wp-content/uploads/sites/16/2023/06/MI_Finance_Neutral_Landscape_0029.jpeg"
image_positive_thumbnail_id_1="687"
image_positive_url_1="https://hehge.com/wp-content/uploads/sites/16/2023/06/MI_Finance_Positive_Landscape_0021.jpeg"
image_positive_thumbnail_id_2="605"
image_positive_url_2="https://hehge.com/wp-content/uploads/sites/16/2023/06/MI_Finance_Positive_Landscape_0103.jpeg"
image_professor_thumbnail_id_1="1200"
image_professor_url_1="https://hehge.com/wp-content/uploads/sites/16/2023/06/MI_Finance_Professor_Landscape_0034.jpeg"
image_professor_thumbnail_id_2="1174"
image_professor_url_2="https://hehge.com/wp-content/uploads/sites/16/2023/06/MI_Finance_Professor_Landscape_0008.jpeg"
