Symbol="STG"
AssetType="Common Stock"
Name="Sunlands Technology Group"
Description="Sunlands Technology Group, provides online education services in the People's Republic of China. The company is headquartered in Beijing, the People's Republic of China."
CIK="1723935"
Exchange="NYSE"
Currency="USD"
Country="China"
Sector="TRADE & SERVICES"
Industry="SERVICES-EDUCATIONAL SERVICES"
Address="BUILDING 4-6, CHAOLAI SCIENCE PARK, NO. 36 CHUANGYUAN RD, CHAOYANG DISTRICT, BEIJING, CHINA"
FiscalYearEnd="December"
LatestQuarter="2023-03-31"
MarketCapitalization="68444000"
EBITDA="673023000"
PERatio="0.76"
PEGRatio="None"
BookValue="-14.2"
DividendPerShare="0"
DividendYield="0.13"
EPS="6.5"
RevenuePerShareTTM="164.76"
ProfitMargin="0.283"
OperatingMarginTTM="0.274"
ReturnOnAssetsTTM="0.165"
ReturnOnEquityTTM="0"
RevenueTTM="2276663000"
GrossProfitTTM="1974951000"
DilutedEPSTTM="6.5"
QuarterlyEarningsGrowthYOY="-0.043"
QuarterlyRevenueGrowthYOY="-0.076"
AnalystTargetPrice="1.03"
TrailingPE="0.76"
ForwardPE="-"
PriceToSalesRatioTTM="0.04"
PriceToBookRatio="-"
EVToRevenue="0.0228"
EVToEBITDA="0.0861"
Beta="1.22"
num_52WeekHigh="15.4"
num_52WeekLow="2.966"
num_50DayMovingAverage="3.997"
num_200DayMovingAverage="6.89"
SharesOutstanding="13852900"
DividendDate="2022-07-29"
ExDividendDate="2022-06-29"
symbol="STG"
open="4.78"
high="5.01"
low="4.78"
price="4.94"
volume="7115.00"
latest_trading_day="2023-07-28"
previous_close="4.90"
change="0.04"
change_percent="0.8327%"
aroon_positive_momentum_days="0"
aroon_negative_momentum_days="81"
trend_strength="Absent or Weak Trend"
buying_signal="Weak Sell Signal"
volume_analysis="Target Volume"
value_analysis="Expected Range"
Aroon_change="FALSE"
Aroon_momentum="19"
Volume_recent_avg="13647"
Change_recent_avg="-0.03"
Delta_recent_avg="0.52"
Variance_recent_avg="0.26"
Change_ratio_recent_avg="-0.84"
RSI_change="FALSE"
ADX_change="FALSE"

event="FALSE"
Aroon_signal="negative"
Aroon_change="FALSE"
Aroon_momentum_positive="19"
Aroon_momentum_negative="81"
image_negative_thumbnail_id_1="1103"
image_negative_url_1="https://hehge.com/wp-content/uploads/sites/16/2023/06/MI_Finance_Negative_Landscape_0136.jpeg"
image_negative_thumbnail_id_2="111"
image_negative_url_2="https://hehge.com/wp-content/uploads/sites/16/2023/05/MI_Finance_Negative_Landscape_0065.jpeg"
image_neutral_thumbnail_id_1="563"
image_neutral_url_1="https://hehge.com/wp-content/uploads/sites/16/2023/06/MI_Finance_Neutral_Landscape_0036.jpeg"
image_neutral_thumbnail_id_2="557"
image_neutral_url_2="https://hehge.com/wp-content/uploads/sites/16/2023/06/MI_Finance_Neutral_Landscape_0042.jpeg"
image_positive_thumbnail_id_1="619"
image_positive_url_1="https://hehge.com/wp-content/uploads/sites/16/2023/06/MI_Finance_Positive_Landscape_0089.jpeg"
image_positive_thumbnail_id_2="603"
image_positive_url_2="https://hehge.com/wp-content/uploads/sites/16/2023/06/MI_Finance_Positive_Landscape_0105.jpeg"
image_professor_thumbnail_id_1="1197"
image_professor_url_1="https://hehge.com/wp-content/uploads/sites/16/2023/06/MI_Finance_Professor_Landscape_0031.jpeg"
image_professor_thumbnail_id_2="1187"
image_professor_url_2="https://hehge.com/wp-content/uploads/sites/16/2023/06/MI_Finance_Professor_Landscape_0021.jpeg"
