Symbol="RERE"
AssetType="Common Stock"
Name="ATRenew Inc DRC"
Description="None"
CIK="1838957"
Exchange="NYSE"
Currency="USD"
Country="China"
Sector="TRADE & SERVICES"
Industry="RETAIL-RETAIL STORES, NEC"
Address="12TH FLOOR, NO.6 BUILDING, 433 SONGHU ROAD, SHANGHAI, CHINA"
FiscalYearEnd="December"
LatestQuarter="2023-03-31"
MarketCapitalization="707970000"
EBITDA="-323210240"
PERatio="None"
PEGRatio="None"
BookValue="15.57"
DividendPerShare="0"
DividendYield="0"
EPS="-1.32"
RevenuePerShareTTM="43.05"
ProfitMargin="-0.224"
OperatingMarginTTM="-0.0699"
ReturnOnAssetsTTM="-0.0744"
ReturnOnEquityTTM="-0.472"
RevenueTTM="10534714000"
GrossProfitTTM="2272811000"
DilutedEPSTTM="-1.32"
QuarterlyEarningsGrowthYOY="0"
QuarterlyRevenueGrowthYOY="0.302"
AnalystTargetPrice="11.13"
TrailingPE="-"
ForwardPE="-"
PriceToSalesRatioTTM="0.063"
PriceToBookRatio="0.703"
EVToRevenue="0.0312"
EVToEBITDA="-0.556"
Beta="-0.954"
num_52WeekHigh="3.55"
num_52WeekLow="1.52"
num_50DayMovingAverage="2.941"
num_200DayMovingAverage="2.62"
SharesOutstanding="225468000"
DividendDate="None"
ExDividendDate="None"
symbol="RERE"
open="2.89"
high="3.19"
low="2.87"
price="3.14"
volume="576745.00"
latest_trading_day="2023-07-28"
previous_close="2.87"
change="0.27"
change_percent="9.4077%"
aroon_positive_momentum_days="50"
aroon_negative_momentum_days="0"
trend_strength="Absent or Weak Trend"
buying_signal="High Volatility / Hold Signal"
volume_analysis="Target Volume"
value_analysis="Expected Range"
Aroon_change="FALSE"
Aroon_momentum="50"
Volume_recent_avg="210755"
Change_recent_avg="0.01"
Delta_recent_avg="0.19"
Variance_recent_avg="0.09"
Change_ratio_recent_avg="0.16"
RSI_change="FALSE"
ADX_change="FALSE"

event="FALSE"
Aroon_signal="positive"
Aroon_change="FALSE"
Aroon_momentum_positive="50"
Aroon_momentum_negative="50"
image_negative_thumbnail_id_1="497"
image_negative_url_1="https://hehge.com/wp-content/uploads/sites/16/2023/06/MI_Finance_Negative_Landscape_0108.jpeg"
image_negative_thumbnail_id_2="1129"
image_negative_url_2="https://hehge.com/wp-content/uploads/sites/16/2023/06/MI_Finance_Negative_Landscape_0162.jpeg"
image_neutral_thumbnail_id_1="583"
image_neutral_url_1="https://hehge.com/wp-content/uploads/sites/16/2023/06/MI_Finance_Neutral_Landscape_0016.jpeg"
image_neutral_thumbnail_id_2="584"
image_neutral_url_2="https://hehge.com/wp-content/uploads/sites/16/2023/06/MI_Finance_Neutral_Landscape_0015.jpeg"
image_positive_thumbnail_id_1="620"
image_positive_url_1="https://hehge.com/wp-content/uploads/sites/16/2023/06/MI_Finance_Positive_Landscape_0088.jpeg"
image_positive_thumbnail_id_2="995"
image_positive_url_2="https://hehge.com/wp-content/uploads/sites/16/2023/06/MI_Finance_Positive_Landscape_0157.jpeg"
image_professor_thumbnail_id_1="1168"
image_professor_url_1="https://hehge.com/wp-content/uploads/sites/16/2023/06/MI_Finance_Professor_Landscape_0002.jpeg"
image_professor_thumbnail_id_2="1187"
image_professor_url_2="https://hehge.com/wp-content/uploads/sites/16/2023/06/MI_Finance_Professor_Landscape_0021.jpeg"
