Symbol="GAMB"
AssetType="Common Stock"
Name="Gambling.com Group Ltd"
Description="None"
CIK="1839799"
Exchange="NASDAQ"
Currency="USD"
Country="USA"
Sector="TRADE & SERVICES"
Industry="SERVICES-MISCELLANEOUS AMUSEMENT & RECREATION"
Address="22 GRENVILLE STREET, ST. HELIER, JE"
FiscalYearEnd="December"
LatestQuarter="2023-03-31"
MarketCapitalization="373916000"
EBITDA="21762000"
PERatio="90.82"
PEGRatio="None"
BookValue="2.629"
DividendPerShare="0"
DividendYield="0"
EPS="0.11"
RevenuePerShareTTM="2.309"
ProfitMargin="0.0538"
OperatingMarginTTM="0.214"
ReturnOnAssetsTTM="0.0778"
ReturnOnEquityTTM="0.048"
RevenueTTM="83614000"
GrossProfitTTM="42323000"
DilutedEPSTTM="0.11"
QuarterlyEarningsGrowthYOY="0.417"
QuarterlyRevenueGrowthYOY="0.363"
AnalystTargetPrice="13.33"
TrailingPE="90.82"
ForwardPE="-"
PriceToSalesRatioTTM="5.03"
PriceToBookRatio="3.943"
EVToRevenue="4.527"
EVToEBITDA="16.91"
Beta="None"
num_52WeekHigh="11.49"
num_52WeekLow="6.62"
num_50DayMovingAverage="10.09"
num_200DayMovingAverage="9.34"
SharesOutstanding="37429000"
DividendDate="None"
ExDividendDate="None"
symbol="GAMB"
open="10.03"
high="10.24"
low="9.95"
price="9.99"
volume="289769.00"
latest_trading_day="2023-07-07"
previous_close="9.99"
change="-0.01"
change_percent="-0.0500%"
aroon_positive_momentum_days="70"
aroon_negative_momentum_days="0"
trend_strength="Absent or Weak Trend"
buying_signal="Weak Buy Signal"
volume_analysis="Target Volume"
value_analysis="Expected Range"
Aroon_change="FALSE"
Aroon_momentum="70"
Volume_recent_avg="97099"
Change_recent_avg="0.02"
Delta_recent_avg="0.4"
Variance_recent_avg="0.2"
Change_ratio_recent_avg="0.14"
RSI_change="FALSE"
ADX_change="FALSE"

event="FALSE"
Aroon_signal="positive"
Aroon_change="FALSE"
Aroon_momentum_positive="70"
Aroon_momentum_negative="30"
image_negative_thumbnail_id_1="511"
image_negative_url_1="https://hehge.com/wp-content/uploads/sites/16/2023/06/MI_Finance_Negative_Landscape_0094.jpeg"
image_negative_thumbnail_id_2="1122"
image_negative_url_2="https://hehge.com/wp-content/uploads/sites/16/2023/06/MI_Finance_Negative_Landscape_0155.jpeg"
image_neutral_thumbnail_id_1="533"
image_neutral_url_1="https://hehge.com/wp-content/uploads/sites/16/2023/06/MI_Finance_Neutral_Landscape_0066.jpeg"
image_neutral_thumbnail_id_2="575"
image_neutral_url_2="https://hehge.com/wp-content/uploads/sites/16/2023/06/MI_Finance_Neutral_Landscape_0024.jpeg"
image_positive_thumbnail_id_1="661"
image_positive_url_1="https://hehge.com/wp-content/uploads/sites/16/2023/06/MI_Finance_Positive_Landscape_0047.jpeg"
image_positive_thumbnail_id_2="646"
image_positive_url_2="https://hehge.com/wp-content/uploads/sites/16/2023/06/MI_Finance_Positive_Landscape_0062.jpeg"
image_professor_thumbnail_id_1="1194"
image_professor_url_1="https://hehge.com/wp-content/uploads/sites/16/2023/06/MI_Finance_Professor_Landscape_0028.jpeg"
image_professor_thumbnail_id_2="1187"
image_professor_url_2="https://hehge.com/wp-content/uploads/sites/16/2023/06/MI_Finance_Professor_Landscape_0021.jpeg"
