Symbol="PAG"
AssetType="Common Stock"
Name="Penske Automotive Group Inc"
Description="Penske Automotive Group, Inc., a diversified transportation services company, operates commercial and automotive truck dealerships. The company is headquartered in Bloomfield Hills, Michigan."
CIK="1019849"
Exchange="NYSE"
Currency="USD"
Country="USA"
Sector="TRADE & SERVICES"
Industry="RETAIL-AUTO DEALERS & GASOLINE STATIONS"
Address="2555 TELEGRAPH RD, BLOOMFIELD HILLS, MI, US"
FiscalYearEnd="December"
LatestQuarter="2023-03-31"
MarketCapitalization="12219250000"
EBITDA="1588600000"
PERatio="9.55"
PEGRatio="1.708"
BookValue="62.66"
DividendPerShare="2.37"
DividendYield="0.0151"
EPS="18.06"
RevenuePerShareTTM="389.26"
ProfitMargin="0.0465"
OperatingMarginTTM="0.0518"
ReturnOnAssetsTTM="0.065"
ReturnOnEquityTTM="30.97"
RevenueTTM="28178399000"
GrossProfitTTM="4838800000"
DilutedEPSTTM="18.1"
QuarterlyEarningsGrowthYOY="-0.095"
QuarterlyRevenueGrowthYOY="0.052"
AnalystTargetPrice="157.8"
TrailingPE="9.66"
ForwardPE="8.26"
PriceToSalesRatioTTM="0.321"
PriceToBookRatio="2.187"
EVToRevenue="0.566"
EVToEBITDA="7.27"
Beta="1.248"
num_52WeekHigh="180.84"
num_52WeekLow="93.16"
num_50DayMovingAverage="152.15"
num_200DayMovingAverage="131.97"
SharesOutstanding="69000000"
DividendDate="2023-06-01"
ExDividendDate="2023-05-19"
symbol="PAG"
open="176.71"
high="177.72"
low="174.45"
price="174.87"
volume="143960.00"
latest_trading_day="2023-07-14"
previous_close="177.09"
change="-2.22"
change_percent="-1.2536%"
aroon_positive_momentum_days="75"
aroon_negative_momentum_days="0"
trend_strength="Absent or Weak Trend"
buying_signal="Strong Buy Signal"
volume_analysis="Trending Low"
value_analysis="Bearish Trend"
Aroon_change="FALSE"
Aroon_momentum="75"
Volume_recent_avg="316335"
Change_recent_avg="0.23"
Delta_recent_avg="3.83"
Variance_recent_avg="1.91"
Change_ratio_recent_avg="0.13"
RSI_change="FALSE"
ADX_change="FALSE"

event="FALSE"
Aroon_signal="positive"
Aroon_change="FALSE"
Aroon_momentum_positive="75"
Aroon_momentum_negative="25"
image_negative_thumbnail_id_1="1118"
image_negative_url_1="https://hehge.com/wp-content/uploads/sites/16/2023/06/MI_Finance_Negative_Landscape_0151.jpeg"
image_negative_thumbnail_id_2="511"
image_negative_url_2="https://hehge.com/wp-content/uploads/sites/16/2023/06/MI_Finance_Negative_Landscape_0094.jpeg"
image_neutral_thumbnail_id_1="592"
image_neutral_url_1="https://hehge.com/wp-content/uploads/sites/16/2023/06/MI_Finance_Neutral_Landscape_0007.jpeg"
image_neutral_thumbnail_id_2="576"
image_neutral_url_2="https://hehge.com/wp-content/uploads/sites/16/2023/06/MI_Finance_Neutral_Landscape_0023.jpeg"
image_positive_thumbnail_id_1="657"
image_positive_url_1="https://hehge.com/wp-content/uploads/sites/16/2023/06/MI_Finance_Positive_Landscape_0051.jpeg"
image_positive_thumbnail_id_2="683"
image_positive_url_2="https://hehge.com/wp-content/uploads/sites/16/2023/06/MI_Finance_Positive_Landscape_0025.jpeg"
image_professor_thumbnail_id_1="1198"
image_professor_url_1="https://hehge.com/wp-content/uploads/sites/16/2023/06/MI_Finance_Professor_Landscape_0032.jpeg"
image_professor_thumbnail_id_2="1170"
image_professor_url_2="https://hehge.com/wp-content/uploads/sites/16/2023/06/MI_Finance_Professor_Landscape_0004.jpeg"
