Symbol="KSS"
AssetType="Common Stock"
Name="Kohls Corp"
Description="Kohl's Corporation is a retail company in the United States. The company is headquartered in Menomonee Falls, Wisconsin."
CIK="885639"
Exchange="NYSE"
Currency="USD"
Country="USA"
Sector="TRADE & SERVICES"
Industry="RETAIL-DEPARTMENT STORES"
Address="N56 W17000 RIDGEWOOD DR, MENOMONEE FALLS, WI, US"
FiscalYearEnd="January"
LatestQuarter="2023-04-30"
MarketCapitalization="3121984000"
EBITDA="1080000000"
PERatio="None"
PEGRatio="2.067"
BookValue="33.64"
DividendPerShare="2"
DividendYield="0.0716"
EPS="-0.14"
RevenuePerShareTTM="155.11"
ProfitMargin="-0.0011"
OperatingMarginTTM="0.0158"
ReturnOnAssetsTTM="0.0118"
ReturnOnEquityTTM="-0.0047"
RevenueTTM="17954001000"
GrossProfitTTM="6641000000"
DilutedEPSTTM="-0.14"
QuarterlyEarningsGrowthYOY="0.157"
QuarterlyRevenueGrowthYOY="-0.039"
AnalystTargetPrice="24.08"
TrailingPE="-"
ForwardPE="7.61"
PriceToSalesRatioTTM="0.158"
PriceToBookRatio="0.739"
EVToRevenue="0.592"
EVToEBITDA="6.07"
Beta="1.761"
num_52WeekHigh="34.13"
num_52WeekLow="17.45"
num_50DayMovingAverage="22.9"
num_200DayMovingAverage="25.99"
SharesOutstanding="110591000"
DividendDate="2023-06-21"
ExDividendDate="2023-06-06"
symbol="KSS"
open="28.16"
high="28.97"
low="28.12"
price="28.45"
volume="3282025.00"
latest_trading_day="2023-07-31"
previous_close="28.23"
change="0.22"
change_percent="0.7793%"
aroon_positive_momentum_days="34"
aroon_negative_momentum_days="0"
trend_strength="Absent or Weak Trend"
buying_signal="Weak Buy Signal"
volume_analysis="Target Volume"
value_analysis="Expected Range"
Aroon_change="FALSE"
Aroon_momentum="34"
Volume_recent_avg="4798101"
Change_recent_avg="-0.06"
Delta_recent_avg="1.0"
Variance_recent_avg="0.5"
Change_ratio_recent_avg="-0.31"
RSI_change="FALSE"
ADX_change="FALSE"

event="FALSE"
Aroon_signal="positive"
Aroon_change="FALSE"
Aroon_momentum_positive="34"
Aroon_momentum_negative="66"
image_negative_thumbnail_id_1="121"
image_negative_url_1="https://hehge.com/wp-content/uploads/sites/16/2023/05/MI_Finance_Negative_Landscape_0055.jpeg"
image_negative_thumbnail_id_2="93"
image_negative_url_2="https://hehge.com/wp-content/uploads/sites/16/2023/05/MI_Finance_Negative_Landscape_0083.jpeg"
image_neutral_thumbnail_id_1="553"
image_neutral_url_1="https://hehge.com/wp-content/uploads/sites/16/2023/06/MI_Finance_Neutral_Landscape_0046.jpeg"
image_neutral_thumbnail_id_2="593"
image_neutral_url_2="https://hehge.com/wp-content/uploads/sites/16/2023/06/MI_Finance_Neutral_Landscape_0006.jpeg"
image_positive_thumbnail_id_1="999"
image_positive_url_1="https://hehge.com/wp-content/uploads/sites/16/2023/06/MI_Finance_Positive_Landscape_0161.jpeg"
image_positive_thumbnail_id_2="640"
image_positive_url_2="https://hehge.com/wp-content/uploads/sites/16/2023/06/MI_Finance_Positive_Landscape_0068.jpeg"
image_professor_thumbnail_id_1="1172"
image_professor_url_1="https://hehge.com/wp-content/uploads/sites/16/2023/06/MI_Finance_Professor_Landscape_0006.jpeg"
image_professor_thumbnail_id_2="1177"
image_professor_url_2="https://hehge.com/wp-content/uploads/sites/16/2023/06/MI_Finance_Professor_Landscape_0011.jpeg"
