Symbol="ACCD"
AssetType="Common Stock"
Name="Accolade Inc"
Description="Accolade, Inc. develops and provides technology solutions that help people understand, navigate, and utilize the health care system and benefits of their workplace in the United States. The company is headquartered in Plymouth Meeting, Pennsylvania."
CIK="1481646"
Exchange="NASDAQ"
Currency="USD"
Country="USA"
Sector="TRADE & SERVICES"
Industry="SERVICES-BUSINESS SERVICES, NEC"
Address="660 W. GERMANTOWN PIKE SUITE 500, PLYMOUTH MEETING, PA, US"
FiscalYearEnd="February"
LatestQuarter="2023-05-31"
MarketCapitalization="1099675000"
EBITDA="-102532000"
PERatio="None"
PEGRatio="None"
BookValue="6.03"
DividendPerShare="0"
DividendYield="0"
EPS="-2.07"
RevenuePerShareTTM="5.14"
ProfitMargin="-0.419"
OperatingMarginTTM="-0.398"
ReturnOnAssetsTTM="-0.102"
ReturnOnEquityTTM="-0.314"
RevenueTTM="370840000"
GrossProfitTTM="165262000"
DilutedEPSTTM="-2.07"
QuarterlyEarningsGrowthYOY="0"
QuarterlyRevenueGrowthYOY="0.09"
AnalystTargetPrice="16.23"
TrailingPE="-"
ForwardPE="-"
PriceToSalesRatioTTM="1.721"
PriceToBookRatio="1.317"
EVToRevenue="1.871"
EVToEBITDA="-1.876"
Beta="1.723"
num_52WeekHigh="17.0"
num_52WeekLow="6.83"
num_50DayMovingAverage="13.27"
num_200DayMovingAverage="11.54"
SharesOutstanding="75631000"
DividendDate="None"
ExDividendDate="None"
symbol="ACCD"
open="14.36"
high="14.87"
low="14.36"
price="14.54"
volume="433441.00"
latest_trading_day="2023-08-04"
previous_close="14.32"
change="0.22"
change_percent="1.5363%"
aroon_positive_momentum_days="47"
aroon_negative_momentum_days="0"
trend_strength="Absent or Weak Trend"
buying_signal="Strong Buy Signal"
volume_analysis="Target Volume"
value_analysis="Expected Range"
Aroon_change="FALSE"
Aroon_momentum="47"
Volume_recent_avg="643219"
Change_recent_avg="-0.01"
Delta_recent_avg="0.7"
Variance_recent_avg="0.35"
Change_ratio_recent_avg="-0.11"
RSI_change="FALSE"
ADX_change="FALSE"

event="FALSE"
Aroon_signal="positive"
Aroon_change="FALSE"
Aroon_momentum_positive="47"
Aroon_momentum_negative="53"
image_negative_thumbnail_id_1="1166"
image_negative_url_1="https://hehge.com/wp-content/uploads/sites/16/2023/06/MI_Finance_Positive_Negative_0187.jpeg"
image_negative_thumbnail_id_2="164"
image_negative_url_2="https://hehge.com/wp-content/uploads/sites/16/2023/05/MI_Finance_Negative_Landscape_0012.jpeg"
image_neutral_thumbnail_id_1="572"
image_neutral_url_1="https://hehge.com/wp-content/uploads/sites/16/2023/06/MI_Finance_Neutral_Landscape_0027.jpeg"
image_neutral_thumbnail_id_2="585"
image_neutral_url_2="https://hehge.com/wp-content/uploads/sites/16/2023/06/MI_Finance_Neutral_Landscape_0014.jpeg"
image_positive_thumbnail_id_1="1012"
image_positive_url_1="https://hehge.com/wp-content/uploads/sites/16/2023/06/MI_Finance_Positive_Landscape_0174.jpeg"
image_positive_thumbnail_id_2="1008"
image_positive_url_2="https://hehge.com/wp-content/uploads/sites/16/2023/06/MI_Finance_Positive_Landscape_0170.jpeg"
image_professor_thumbnail_id_1="1203"
image_professor_url_1="https://hehge.com/wp-content/uploads/sites/16/2023/06/MI_Finance_Professor_Landscape_0037.jpeg"
image_professor_thumbnail_id_2="1194"
image_professor_url_2="https://hehge.com/wp-content/uploads/sites/16/2023/06/MI_Finance_Professor_Landscape_0028.jpeg"
