Symbol="UVV"
AssetType="Common Stock"
Name="Universal Corporation"
Description="Universal Corporation processes and supplies leaf tobacco and plant ingredients worldwide. The company is headquartered in Richmond, Virginia."
CIK="102037"
Exchange="NYSE"
Currency="USD"
Country="USA"
Sector="TRADE & SERVICES"
Industry="WHOLESALE-FARM PRODUCT RAW MATERIALS"
Address="9201 FOREST HILL AVENUE, STONY POINT II BUILDING, RICHMOND, VA, US"
FiscalYearEnd="March"
LatestQuarter="2023-03-31"
MarketCapitalization="1226255000"
EBITDA="238372000"
PERatio="8.38"
PEGRatio="0"
BookValue="56.9"
DividendPerShare="3.16"
DividendYield="0.0638"
EPS="4.972"
RevenuePerShareTTM="103.73"
ProfitMargin="0.0483"
OperatingMarginTTM="0.0705"
ReturnOnAssetsTTM="0.0433"
ReturnOnEquityTTM="9.06"
RevenueTTM="2569824000"
GrossProfitTTM="422215000"
DilutedEPSTTM="4.9"
QuarterlyEarningsGrowthYOY="1.087"
QuarterlyRevenueGrowthYOY="0.073"
AnalystTargetPrice="59"
TrailingPE="10.16"
ForwardPE="-"
PriceToSalesRatioTTM="0.545"
PriceToBookRatio="0.989"
EVToRevenue="1.005"
EVToEBITDA="10.27"
Beta="0.667"
num_52WeekHigh="55.23"
num_52WeekLow="41.68"
num_50DayMovingAverage="51.93"
num_200DayMovingAverage="52.1"
SharesOutstanding="24623600"
DividendDate="2023-08-07"
ExDividendDate="2023-07-07"
symbol="UVV"
open="50.00"
high="50.00"
low="49.39"
price="49.58"
volume="85116.00"
latest_trading_day="2023-07-14"
previous_close="50.05"
change="-0.47"
change_percent="-0.9391%"
aroon_positive_momentum_days="0"
aroon_negative_momentum_days="63"
trend_strength="Absent or Weak Trend"
buying_signal="Weak Sell Signal"
volume_analysis="Target Volume"
value_analysis="Expected Range"
Aroon_change="FALSE"
Aroon_momentum="37"
Volume_recent_avg="123786"
Change_recent_avg="-0.05"
Delta_recent_avg="0.87"
Variance_recent_avg="0.44"
Change_ratio_recent_avg="-0.1"
RSI_change="FALSE"
ADX_change="FALSE"

event="FALSE"
Aroon_signal="negative"
Aroon_change="FALSE"
Aroon_momentum_positive="37"
Aroon_momentum_negative="63"
image_negative_thumbnail_id_1="498"
image_negative_url_1="https://hehge.com/wp-content/uploads/sites/16/2023/06/MI_Finance_Negative_Landscape_0107.jpeg"
image_negative_thumbnail_id_2="99"
image_negative_url_2="https://hehge.com/wp-content/uploads/sites/16/2023/05/MI_Finance_Negative_Landscape_0077.jpeg"
image_neutral_thumbnail_id_1="557"
image_neutral_url_1="https://hehge.com/wp-content/uploads/sites/16/2023/06/MI_Finance_Neutral_Landscape_0042.jpeg"
image_neutral_thumbnail_id_2="544"
image_neutral_url_2="https://hehge.com/wp-content/uploads/sites/16/2023/06/MI_Finance_Neutral_Landscape_0055.jpeg"
image_positive_thumbnail_id_1="982"
image_positive_url_1="https://hehge.com/wp-content/uploads/sites/16/2023/06/MI_Finance_Positive_Landscape_0144.jpeg"
image_positive_thumbnail_id_2="640"
image_positive_url_2="https://hehge.com/wp-content/uploads/sites/16/2023/06/MI_Finance_Positive_Landscape_0068.jpeg"
image_professor_thumbnail_id_1="1192"
image_professor_url_1="https://hehge.com/wp-content/uploads/sites/16/2023/06/MI_Finance_Professor_Landscape_0026.jpeg"
image_professor_thumbnail_id_2="1196"
image_professor_url_2="https://hehge.com/wp-content/uploads/sites/16/2023/06/MI_Finance_Professor_Landscape_0030.jpeg"
