Symbol="NGL"
AssetType="Common Stock"
Name="NGL Energy Partners LP"
Description="NGL Energy Partners LP is engaged in the crude oil and liquids logistics and water solutions businesses. The company is headquartered in Tulsa, Oklahoma."
CIK="1504461"
Exchange="NYSE"
Currency="USD"
Country="USA"
Sector="TRADE & SERVICES"
Industry="WHOLESALE-PETROLEUM & PETROLEUM PRODUCTS (NO BULK STATIONS)"
Address="6120 S. YALE, SUITE 805, TULSA, OK, US"
FiscalYearEnd="March"
LatestQuarter="2023-03-31"
MarketCapitalization="550136000"
EBITDA="659858000"
PERatio="None"
PEGRatio="-126.11"
BookValue="3.45"
DividendPerShare="0"
DividendYield="0.142"
EPS="-0.58"
RevenuePerShareTTM="66.37"
ProfitMargin="0.0059"
OperatingMarginTTM="0.0444"
ReturnOnAssetsTTM="0.0418"
ReturnOnEquityTTM="0.0406"
RevenueTTM="8694904000"
GrossProfitTTM="808603000"
DilutedEPSTTM="-0.58"
QuarterlyEarningsGrowthYOY="-0.728"
QuarterlyRevenueGrowthYOY="-0.191"
AnalystTargetPrice="3.5"
TrailingPE="-"
ForwardPE="47.62"
PriceToSalesRatioTTM="0.0163"
PriceToBookRatio="0.193"
EVToRevenue="0.4"
EVToEBITDA="7.05"
Beta="1.657"
num_52WeekHigh="4.62"
num_52WeekLow="1"
num_50DayMovingAverage="3.823"
num_200DayMovingAverage="2.535"
SharesOutstanding="131927000"
DividendDate="2020-11-13"
ExDividendDate="2020-11-05"
symbol="NGL"
open="4.20"
high="4.49"
low="4.20"
price="4.35"
volume="760665.00"
latest_trading_day="2023-08-07"
previous_close="4.17"
change="0.18"
change_percent="4.3165%"
aroon_positive_momentum_days="89"
aroon_negative_momentum_days="0"
trend_strength="Absent or Weak Trend"
buying_signal="Strong Buy Signal"
volume_analysis="Trending Low"
value_analysis="Bearish Trend"
Aroon_change="FALSE"
Aroon_momentum="89"
Volume_recent_avg="596687"
Change_recent_avg="0.01"
Delta_recent_avg="0.17"
Variance_recent_avg="0.08"
Change_ratio_recent_avg="-0.07"
RSI_change="FALSE"
ADX_change="FALSE"

event="FALSE"
Aroon_signal="positive"
Aroon_change="FALSE"
Aroon_momentum_positive="89"
Aroon_momentum_negative="11"
image_negative_thumbnail_id_1="1164"
image_negative_url_1="https://hehge.com/wp-content/uploads/sites/16/2023/06/MI_Finance_Negative_Landscape_0198.jpeg"
image_negative_thumbnail_id_2="514"
image_negative_url_2="https://hehge.com/wp-content/uploads/sites/16/2023/06/MI_Finance_Negative_Landscape_0091.jpeg"
image_neutral_thumbnail_id_1="557"
image_neutral_url_1="https://hehge.com/wp-content/uploads/sites/16/2023/06/MI_Finance_Neutral_Landscape_0042.jpeg"
image_neutral_thumbnail_id_2="566"
image_neutral_url_2="https://hehge.com/wp-content/uploads/sites/16/2023/06/MI_Finance_Neutral_Landscape_0033.jpeg"
image_positive_thumbnail_id_1="649"
image_positive_url_1="https://hehge.com/wp-content/uploads/sites/16/2023/06/MI_Finance_Positive_Landscape_0059.jpeg"
image_positive_thumbnail_id_2="637"
image_positive_url_2="https://hehge.com/wp-content/uploads/sites/16/2023/06/MI_Finance_Positive_Landscape_0071.jpeg"
image_professor_thumbnail_id_1="1180"
image_professor_url_1="https://hehge.com/wp-content/uploads/sites/16/2023/06/MI_Finance_Professor_Landscape_0014.jpeg"
image_professor_thumbnail_id_2="1191"
image_professor_url_2="https://hehge.com/wp-content/uploads/sites/16/2023/06/MI_Finance_Professor_Landscape_0025.jpeg"
