Symbol="NGL"
AssetType="Common Stock"
Name="NGL Energy Partners LP"
Description="NGL Energy Partners LP is engaged in the crude oil and liquids logistics and water solutions businesses. The company is headquartered in Tulsa, Oklahoma."
CIK="1504461"
Exchange="NYSE"
Currency="USD"
Country="USA"
Sector="TRADE & SERVICES"
Industry="WHOLESALE-PETROLEUM & PETROLEUM PRODUCTS (NO BULK STATIONS)"
Address="6120 S. YALE, SUITE 805, TULSA, OK, US"
FiscalYearEnd="March"
LatestQuarter="2023-06-30"
MarketCapitalization="501336000"
EBITDA="645903000"
PERatio="None"
PEGRatio="-126.11"
BookValue="3.6"
DividendPerShare="0"
DividendYield="0.142"
EPS="-0.58"
RevenuePerShareTTM="59.5"
ProfitMargin="0.0061"
OperatingMarginTTM="0.0473"
ReturnOnAssetsTTM="0.04"
ReturnOnEquityTTM="0.0373"
RevenueTTM="7813625000"
GrossProfitTTM="808603000"
DilutedEPSTTM="-0.58"
QuarterlyEarningsGrowthYOY="-0.728"
QuarterlyRevenueGrowthYOY="-0.353"
AnalystTargetPrice="3.5"
TrailingPE="-"
ForwardPE="47.62"
PriceToSalesRatioTTM="0.0163"
PriceToBookRatio="0.193"
EVToRevenue="0.4"
EVToEBITDA="7.05"
Beta="1.657"
num_52WeekHigh="4.62"
num_52WeekLow="1"
num_50DayMovingAverage="3.971"
num_200DayMovingAverage="2.674"
SharesOutstanding="131927000"
DividendDate="2020-11-13"
ExDividendDate="2020-11-05"
symbol="NGL"
open="3.78"
high="3.84"
low="3.78"
price="3.82"
volume="422539.00"
latest_trading_day="2023-08-21"
previous_close="3.84"
change="-0.02"
change_percent="-0.5208%"
aroon_positive_momentum_days="89"
aroon_negative_momentum_days="0"
trend_strength="Absent or Weak Trend"
buying_signal="Strong Buy Signal"
volume_analysis="Target Volume"
value_analysis="Expected Range"
Aroon_change="FALSE"
Aroon_momentum="89"
Volume_recent_avg="565208"
Change_recent_avg="0.01"
Delta_recent_avg="0.17"
Variance_recent_avg="0.08"
Change_ratio_recent_avg="-0.01"
RSI_change="FALSE"
ADX_change="FALSE"

event="FALSE"
Aroon_signal="positive"
Aroon_change="FALSE"
Aroon_momentum_positive="89"
Aroon_momentum_negative="11"
image_negative_thumbnail_id_1="140"
image_negative_url_1="https://hehge.com/wp-content/uploads/sites/16/2023/05/MI_Finance_Negative_Landscape_0036.jpeg"
image_negative_thumbnail_id_2="1125"
image_negative_url_2="https://hehge.com/wp-content/uploads/sites/16/2023/06/MI_Finance_Negative_Landscape_0158.jpeg"
image_neutral_thumbnail_id_1="530"
image_neutral_url_1="https://hehge.com/wp-content/uploads/sites/16/2023/06/MI_Finance_Neutral_Landscape_0069.jpeg"
image_neutral_thumbnail_id_2="567"
image_neutral_url_2="https://hehge.com/wp-content/uploads/sites/16/2023/06/MI_Finance_Neutral_Landscape_0032.jpeg"
image_positive_thumbnail_id_1="954"
image_positive_url_1="https://hehge.com/wp-content/uploads/sites/16/2023/06/MI_Finance_Positive_Landscape_0116.jpeg"
image_positive_thumbnail_id_2="1003"
image_positive_url_2="https://hehge.com/wp-content/uploads/sites/16/2023/06/MI_Finance_Positive_Landscape_0165.jpeg"
image_professor_thumbnail_id_1="1167"
image_professor_url_1="https://hehge.com/wp-content/uploads/sites/16/2023/06/MI_Finance_Professor_Landscape_0001.jpeg"
image_professor_thumbnail_id_2="1172"
image_professor_url_2="https://hehge.com/wp-content/uploads/sites/16/2023/06/MI_Finance_Professor_Landscape_0006.jpeg"
