Symbol="WLDN"
AssetType="Common Stock"
Name="Willdan Group Inc"
Description="Willdan Group, Inc., provides professional, technical and consulting services primarily in the United States. The company is headquartered in Anaheim, California."
CIK="1370450"
Exchange="NASDAQ"
Currency="USD"
Country="USA"
Sector="TRADE & SERVICES"
Industry="SERVICES-ENGINEERING SERVICES"
Address="2401 EAST KATELLA AVENUE, SUITE 300, ANAHEIM, CA, US"
FiscalYearEnd="December"
LatestQuarter="2023-06-30"
MarketCapitalization="325872000"
EBITDA="27313000"
PERatio="299.62"
PEGRatio="0"
BookValue="13.84"
DividendPerShare="0"
DividendYield="0"
EPS="0.08"
RevenuePerShareTTM="34.53"
ProfitMargin="0.0022"
OperatingMarginTTM="0.0226"
ReturnOnAssetsTTM="0.0166"
ReturnOnEquityTTM="0.0054"
RevenueTTM="456335000"
GrossProfitTTM="143579000"
DilutedEPSTTM="0.08"
QuarterlyEarningsGrowthYOY="-0.903"
QuarterlyRevenueGrowthYOY="0.16"
AnalystTargetPrice="25.5"
TrailingPE="299.62"
ForwardPE="12.84"
PriceToSalesRatioTTM="0.565"
PriceToBookRatio="1.089"
EVToRevenue="0.767"
EVToEBITDA="36.57"
Beta="1.356"
num_52WeekHigh="25.38"
num_52WeekLow="10.98"
num_50DayMovingAverage="20.41"
num_200DayMovingAverage="17.96"
SharesOutstanding="13595000"
DividendDate="None"
ExDividendDate="None"
symbol="WLDN"
open="24.10"
high="24.77"
low="23.22"
price="23.97"
volume="27239.00"
latest_trading_day="2023-08-25"
previous_close="23.97"
change="0.00"
change_percent="0.0000%"
aroon_positive_momentum_days="63"
aroon_negative_momentum_days="0"
trend_strength="Absent or Weak Trend"
buying_signal="Strong Buy Signal"
volume_analysis="Target Volume"
value_analysis="Expected Range"
Aroon_change="FALSE"
Aroon_momentum="63"
Volume_recent_avg="40688"
Change_recent_avg="0.08"
Delta_recent_avg="1.01"
Variance_recent_avg="0.5"
Change_ratio_recent_avg="0.33"
RSI_change="FALSE"
ADX_change="FALSE"

event="FALSE"
Aroon_signal="positive"
Aroon_change="FALSE"
Aroon_momentum_positive="63"
Aroon_momentum_negative="37"
image_negative_thumbnail_id_1="1117"
image_negative_url_1="https://hehge.com/wp-content/uploads/sites/16/2023/06/MI_Finance_Negative_Landscape_0150.jpeg"
image_negative_thumbnail_id_2="147"
image_negative_url_2="https://hehge.com/wp-content/uploads/sites/16/2023/05/MI_Finance_Negative_Landscape_0029.jpeg"
image_neutral_thumbnail_id_1="598"
image_neutral_url_1="https://hehge.com/wp-content/uploads/sites/16/2023/06/MI_Finance_Neutral_Landscape_0001.jpeg"
image_neutral_thumbnail_id_2="529"
image_neutral_url_2="https://hehge.com/wp-content/uploads/sites/16/2023/06/MI_Finance_Neutral_Landscape_0070.jpeg"
image_positive_thumbnail_id_1="990"
image_positive_url_1="https://hehge.com/wp-content/uploads/sites/16/2023/06/MI_Finance_Positive_Landscape_0152.jpeg"
image_positive_thumbnail_id_2="949"
image_positive_url_2="https://hehge.com/wp-content/uploads/sites/16/2023/06/MI_Finance_Positive_Landscape_0111.jpeg"
image_professor_thumbnail_id_1="1182"
image_professor_url_1="https://hehge.com/wp-content/uploads/sites/16/2023/06/MI_Finance_Professor_Landscape_0016.jpeg"
image_professor_thumbnail_id_2="1169"
image_professor_url_2="https://hehge.com/wp-content/uploads/sites/16/2023/06/MI_Finance_Professor_Landscape_0003.jpeg"
