Symbol="AMC"
AssetType="Common Stock"
Name="AMC Entertainment Holdings Inc"
Description="AMC Entertainment Holdings, Inc., involved in the theatrical business. The company is headquartered in Leawood, Kansas."
CIK="1411579"
Exchange="NYSE"
Currency="USD"
Country="USA"
Sector="TRADE & SERVICES"
Industry="SERVICES-MOTION PICTURE THEATERS"
Address="ONE AMC WAY, 11500 ASH STREET, LEAWOOD, KS, US"
FiscalYearEnd="December"
LatestQuarter="2023-06-30"
MarketCapitalization="2327928000"
EBITDA="163000000"
PERatio="None"
PEGRatio="1.42"
BookValue="-16.31"
DividendPerShare="0"
DividendYield="0"
EPS="-4.96"
RevenuePerShareTTM="26.91"
ProfitMargin="-0.174"
OperatingMarginTTM="-0.0533"
ReturnOnAssetsTTM="-0.0154"
ReturnOnEquityTTM="0"
RevenueTTM="4261600000"
GrossProfitTTM="290500000"
DilutedEPSTTM="-4.96"
QuarterlyEarningsGrowthYOY="0"
QuarterlyRevenueGrowthYOY="0.156"
AnalystTargetPrice="20.08"
TrailingPE="-"
ForwardPE="-"
PriceToSalesRatioTTM="0.703"
PriceToBookRatio="0.179"
EVToRevenue="3.057"
EVToEBITDA="-283.69"
Beta="1.935"
num_52WeekHigh="94.85"
num_52WeekLow="12.4"
num_50DayMovingAverage="42.65"
num_200DayMovingAverage="51.55"
SharesOutstanding="58842000"
DividendDate="2020-03-23"
ExDividendDate="2020-03-06"
symbol="AMC"
open="13.44"
high="14.45"
low="12.39"
price="12.43"
volume="24061647.00"
latest_trading_day="2023-08-25"
previous_close="14.37"
change="-1.94"
change_percent="-13.5003%"
aroon_positive_momentum_days="0"
aroon_negative_momentum_days="63"
trend_strength="Absent or Weak Trend"
buying_signal="Weak Sell Signal"
volume_analysis="Trending High"
value_analysis="Bullish Trend"
Aroon_change="FALSE"
Aroon_momentum="37"
Volume_recent_avg="31542923"
Change_recent_avg="-0.05"
Delta_recent_avg="0.35"
Variance_recent_avg="0.17"
Change_ratio_recent_avg="-0.9"
RSI_change="FALSE"
ADX_change="FALSE"

event="aroon_milestone_negative_10"
Aroon_signal="negative"
Aroon_change="FALSE"
Aroon_momentum_positive="37"
Aroon_momentum_negative="63"
image_negative_thumbnail_id_1="1161"
image_negative_url_1="https://hehge.com/wp-content/uploads/sites/16/2023/06/MI_Finance_Negative_Landscape_0195.jpeg"
image_negative_thumbnail_id_2="1150"
image_negative_url_2="https://hehge.com/wp-content/uploads/sites/16/2023/06/MI_Finance_Negative_Landscape_0183.jpeg"
image_neutral_thumbnail_id_1="590"
image_neutral_url_1="https://hehge.com/wp-content/uploads/sites/16/2023/06/MI_Finance_Neutral_Landscape_0009.jpeg"
image_neutral_thumbnail_id_2="587"
image_neutral_url_2="https://hehge.com/wp-content/uploads/sites/16/2023/06/MI_Finance_Neutral_Landscape_0012.jpeg"
image_positive_thumbnail_id_1="695"
image_positive_url_1="https://hehge.com/wp-content/uploads/sites/16/2023/06/MI_Finance_Positive_Landscape_0013.jpeg"
image_positive_thumbnail_id_2="972"
image_positive_url_2="https://hehge.com/wp-content/uploads/sites/16/2023/06/MI_Finance_Positive_Landscape_0134.jpeg"
image_professor_thumbnail_id_1="1202"
image_professor_url_1="https://hehge.com/wp-content/uploads/sites/16/2023/06/MI_Finance_Professor_Landscape_0036.jpeg"
image_professor_thumbnail_id_2="1175"
image_professor_url_2="https://hehge.com/wp-content/uploads/sites/16/2023/06/MI_Finance_Professor_Landscape_0009.jpeg"
