Symbol="TGL"
AssetType="Common Stock"
Name="Treasure Global Inc."
Description="None"
CIK="1905956"
Exchange="NASDAQ"
Currency="USD"
Country="USA"
Sector="TRADE & SERVICES"
Industry="SERVICES-BUSINESS SERVICES, NEC"
Address="276 5TH AVENUE, SUITE 704 #739, NEW YORK, NY, UNITED STATES"
FiscalYearEnd="June"
LatestQuarter="2023-03-31"
MarketCapitalization="14103000"
EBITDA="-9698952"
PERatio="None"
PEGRatio="None"
BookValue="0.146"
DividendPerShare="0"
DividendYield="0"
EPS="-0.57"
RevenuePerShareTTM="4.793"
ProfitMargin="-0.159"
OperatingMarginTTM="-0.139"
ReturnOnAssetsTTM="-1.515"
ReturnOnEquityTTM="-44.37"
RevenueTTM="70387000"
GrossProfitTTM="476190"
DilutedEPSTTM="-0.57"
QuarterlyEarningsGrowthYOY="0"
QuarterlyRevenueGrowthYOY="-0.14"
AnalystTargetPrice="None"
TrailingPE="-"
ForwardPE="-"
PriceToSalesRatioTTM="0.399"
PriceToBookRatio="-"
EVToRevenue="0.59"
EVToEBITDA="-4.673"
Beta="None"
num_52WeekHigh="19.8"
num_52WeekLow="0.707"
num_50DayMovingAverage="1.268"
num_200DayMovingAverage="1.629"
SharesOutstanding="17573800"
DividendDate="None"
ExDividendDate="None"
symbol="TGL"
open="0.79"
high="0.85"
low="0.77"
price="0.81"
volume="83113.00"
latest_trading_day="2023-07-21"
previous_close="0.77"
change="0.04"
change_percent="5.8824%"
aroon_positive_momentum_days="0"
aroon_negative_momentum_days="53"
trend_strength="Absent or Weak Trend"
buying_signal="Strong Sell Signal"
volume_analysis="Trending High"
value_analysis="Bullish Trend"
Aroon_change="FALSE"
Aroon_momentum="47"
Volume_recent_avg="162871"
Change_recent_avg="-0.01"
Delta_recent_avg="0.14"
Variance_recent_avg="0.07"
Change_ratio_recent_avg="-1.32"
RSI_change="FALSE"
ADX_change="FALSE"

event="FALSE"
Aroon_signal="negative"
Aroon_change="FALSE"
Aroon_momentum_positive="47"
Aroon_momentum_negative="53"
image_negative_thumbnail_id_1="1138"
image_negative_url_1="https://hehge.com/wp-content/uploads/sites/16/2023/06/MI_Finance_Negative_Landscape_0171.jpeg"
image_negative_thumbnail_id_2="1144"
image_negative_url_2="https://hehge.com/wp-content/uploads/sites/16/2023/06/MI_Finance_Negative_Landscape_0177.jpeg"
image_neutral_thumbnail_id_1="540"
image_neutral_url_1="https://hehge.com/wp-content/uploads/sites/16/2023/06/MI_Finance_Neutral_Landscape_0059.jpeg"
image_neutral_thumbnail_id_2="593"
image_neutral_url_2="https://hehge.com/wp-content/uploads/sites/16/2023/06/MI_Finance_Neutral_Landscape_0006.jpeg"
image_positive_thumbnail_id_1="664"
image_positive_url_1="https://hehge.com/wp-content/uploads/sites/16/2023/06/MI_Finance_Positive_Landscape_0044.jpeg"
image_positive_thumbnail_id_2="993"
image_positive_url_2="https://hehge.com/wp-content/uploads/sites/16/2023/06/MI_Finance_Positive_Landscape_0155.jpeg"
image_professor_thumbnail_id_1="1168"
image_professor_url_1="https://hehge.com/wp-content/uploads/sites/16/2023/06/MI_Finance_Professor_Landscape_0002.jpeg"
image_professor_thumbnail_id_2="1170"
image_professor_url_2="https://hehge.com/wp-content/uploads/sites/16/2023/06/MI_Finance_Professor_Landscape_0004.jpeg"
