Symbol="YOSH"
AssetType="Common Stock"
Name="Yoshiharu Global Co."
Description="Yoshiharu Global Co. operates Japanese restaurants in California. The company is headquartered in Buena Park, California."
CIK="1898604"
Exchange="NASDAQ"
Currency="USD"
Country="USA"
Sector="TRADE & SERVICES"
Industry="RETAIL-EATING PLACES"
Address="6940 BEACH BLVD, SUITE D-705, BUENA PARK, CA, US"
FiscalYearEnd="December"
LatestQuarter="2023-03-31"
MarketCapitalization="11684800"
EBITDA="-2790980"
PERatio="None"
PEGRatio="None"
BookValue="0.347"
DividendPerShare="0"
DividendYield="0"
EPS="-0.46"
RevenuePerShareTTM="0.795"
ProfitMargin="-0.486"
OperatingMarginTTM="-0.366"
ReturnOnAssetsTTM="-0.192"
ReturnOnEquityTTM="-4.604"
RevenueTTM="8725500"
GrossProfitTTM="353260"
DilutedEPSTTM="-0.46"
QuarterlyEarningsGrowthYOY="0"
QuarterlyRevenueGrowthYOY="0.218"
AnalystTargetPrice="None"
TrailingPE="-"
ForwardPE="-"
PriceToSalesRatioTTM="2.23"
PriceToBookRatio="2.68"
EVToRevenue="2.504"
EVToEBITDA="-6.0"
Beta="None"
num_52WeekHigh="6.5"
num_52WeekLow="0.6"
num_50DayMovingAverage="0.773"
num_200DayMovingAverage="1.243"
SharesOutstanding="11940000"
DividendDate="None"
ExDividendDate="None"
symbol="YOSH"
open="1.02"
high="1.03"
low="0.80"
price="0.90"
volume="8328050.00"
latest_trading_day="2023-07-25"
previous_close="0.65"
change="0.26"
change_percent="39.3519%"
aroon_positive_momentum_days="0"
aroon_negative_momentum_days="75"
trend_strength="Absent or Weak Trend"
buying_signal="Weak Sell Signal"
volume_analysis="Target Volume"
value_analysis="Expected Range"
Aroon_change="FALSE"
Aroon_momentum="25"
Volume_recent_avg="165571"
Change_recent_avg="-0.02"
Delta_recent_avg="0.13"
Variance_recent_avg="0.06"
Change_ratio_recent_avg="-1.92"
RSI_change="FALSE"
ADX_change="FALSE"

event="FALSE"
Aroon_signal="negative"
Aroon_change="FALSE"
Aroon_momentum_positive="25"
Aroon_momentum_negative="75"
image_negative_thumbnail_id_1="492"
image_negative_url_1="https://hehge.com/wp-content/uploads/sites/16/2023/06/MI_Finance_Negative_Landscape_0113.jpeg"
image_negative_thumbnail_id_2="174"
image_negative_url_2="https://hehge.com/wp-content/uploads/sites/16/2023/05/MI_Finance_Negative_Landscape_0002.jpeg"
image_neutral_thumbnail_id_1="560"
image_neutral_url_1="https://hehge.com/wp-content/uploads/sites/16/2023/06/MI_Finance_Neutral_Landscape_0039.jpeg"
image_neutral_thumbnail_id_2="587"
image_neutral_url_2="https://hehge.com/wp-content/uploads/sites/16/2023/06/MI_Finance_Neutral_Landscape_0012.jpeg"
image_positive_thumbnail_id_1="643"
image_positive_url_1="https://hehge.com/wp-content/uploads/sites/16/2023/06/MI_Finance_Positive_Landscape_0065.jpeg"
image_positive_thumbnail_id_2="606"
image_positive_url_2="https://hehge.com/wp-content/uploads/sites/16/2023/06/MI_Finance_Positive_Landscape_0102.jpeg"
image_professor_thumbnail_id_1="1192"
image_professor_url_1="https://hehge.com/wp-content/uploads/sites/16/2023/06/MI_Finance_Professor_Landscape_0026.jpeg"
image_professor_thumbnail_id_2="1204"
image_professor_url_2="https://hehge.com/wp-content/uploads/sites/16/2023/06/MI_Finance_Professor_Landscape_0038.jpeg"
