Symbol="PDD"
AssetType="Common Stock"
Name="Pinduoduo"
Description="Pinduoduo Inc., operates an electronic commerce platform in the People's Republic of China. The company is headquartered in Shanghai, the People's Republic of China."
CIK="1737806"
Exchange="NASDAQ"
Currency="USD"
Country="China"
Sector="TRADE & SERVICES"
Industry="SERVICES-BUSINESS SERVICES, NEC"
Address="28/F, NO. 533 LOUSHANGUAN ROAD, CHANGNING DISTRICT, SHANGHAI, CHINA"
FiscalYearEnd="December"
LatestQuarter="2023-03-31"
MarketCapitalization="100932977000"
EBITDA="37582901000"
PERatio="21.34"
PEGRatio="0.617"
BookValue="95.79"
DividendPerShare="0"
DividendYield="0"
EPS="3.56"
RevenuePerShareTTM="112.83"
ProfitMargin="0.257"
OperatingMarginTTM="0.244"
ReturnOnAssetsTTM="0.108"
ReturnOnEquityTTM="0.365"
RevenueTTM="144400957000"
GrossProfitTTM="99095291000"
DilutedEPSTTM="3.56"
QuarterlyEarningsGrowthYOY="2.022"
QuarterlyRevenueGrowthYOY="0.582"
AnalystTargetPrice="107.74"
TrailingPE="21.34"
ForwardPE="21.19"
PriceToSalesRatioTTM="0.934"
PriceToBookRatio="7.41"
EVToRevenue="0.818"
EVToEBITDA="2.851"
Beta="0.722"
num_52WeekHigh="106.38"
num_52WeekLow="38.8"
num_50DayMovingAverage="70.69"
num_200DayMovingAverage="76.13"
SharesOutstanding="1328590000"
DividendDate="None"
ExDividendDate="None"
symbol="PDD"
open="75.40"
high="80.51"
low="74.61"
price="78.85"
volume="10394285.00"
latest_trading_day="2023-07-24"
previous_close="75.97"
change="2.88"
change_percent="3.7910%"
aroon_positive_momentum_days="39"
aroon_negative_momentum_days="0"
trend_strength="Absent or Weak Trend"
buying_signal="Weak Buy Signal"
volume_analysis="Target Volume"
value_analysis="Expected Range"
Aroon_change="FALSE"
Aroon_momentum="39"
Volume_recent_avg="9681209"
Change_recent_avg="0.04"
Delta_recent_avg="3.08"
Variance_recent_avg="1.54"
Change_ratio_recent_avg="0.01"
RSI_change="FALSE"
ADX_change="FALSE"

event="FALSE"
Aroon_signal="positive"
Aroon_change="FALSE"
Aroon_momentum_positive="39"
Aroon_momentum_negative="61"
image_negative_thumbnail_id_1="1101"
image_negative_url_1="https://hehge.com/wp-content/uploads/sites/16/2023/06/MI_Finance_Negative_Landscape_0134.jpeg"
image_negative_thumbnail_id_2="1123"
image_negative_url_2="https://hehge.com/wp-content/uploads/sites/16/2023/06/MI_Finance_Negative_Landscape_0156.jpeg"
image_neutral_thumbnail_id_1="596"
image_neutral_url_1="https://hehge.com/wp-content/uploads/sites/16/2023/06/MI_Finance_Neutral_Landscape_0003.jpeg"
image_neutral_thumbnail_id_2="531"
image_neutral_url_2="https://hehge.com/wp-content/uploads/sites/16/2023/06/MI_Finance_Neutral_Landscape_0068.jpeg"
image_positive_thumbnail_id_1="606"
image_positive_url_1="https://hehge.com/wp-content/uploads/sites/16/2023/06/MI_Finance_Positive_Landscape_0102.jpeg"
image_positive_thumbnail_id_2="949"
image_positive_url_2="https://hehge.com/wp-content/uploads/sites/16/2023/06/MI_Finance_Positive_Landscape_0111.jpeg"
image_professor_thumbnail_id_1="1185"
image_professor_url_1="https://hehge.com/wp-content/uploads/sites/16/2023/06/MI_Finance_Professor_Landscape_0019.jpeg"
image_professor_thumbnail_id_2="1204"
image_professor_url_2="https://hehge.com/wp-content/uploads/sites/16/2023/06/MI_Finance_Professor_Landscape_0038.jpeg"
