Symbol="SWVL"
AssetType="Common Stock"
Name="Swvl Holdings Corp"
Description="None"
CIK="1875609"
Exchange="NASDAQ"
Currency="USD"
Country="USA"
Sector="TRADE & SERVICES"
Industry="SERVICES-BUSINESS SERVICES, NEC"
Address="THE OFFICES 4, ONE CENTRAL, DUBAI, AE"
FiscalYearEnd="December"
LatestQuarter="2023-03-31"
MarketCapitalization="3958100"
EBITDA="-125985808"
PERatio="None"
PEGRatio="None"
BookValue="9.15"
DividendPerShare="0"
DividendYield="0"
EPS="-25.99"
RevenuePerShareTTM="3.306"
ProfitMargin="-1.765"
OperatingMarginTTM="-1.599"
ReturnOnAssetsTTM="-1.264"
ReturnOnEquityTTM="0"
RevenueTTM="80177000"
GrossProfitTTM="-10577950"
DilutedEPSTTM="-25.99"
QuarterlyEarningsGrowthYOY="0"
QuarterlyRevenueGrowthYOY="1.296"
AnalystTargetPrice="125"
TrailingPE="-"
ForwardPE="-"
PriceToSalesRatioTTM="0.439"
PriceToBookRatio="-"
EVToRevenue="0.297"
EVToEBITDA="-0.166"
Beta="-0.344"
num_52WeekHigh="48.5"
num_52WeekLow="0.62"
num_50DayMovingAverage="1.153"
num_200DayMovingAverage="3.402"
SharesOutstanding="5405000"
DividendDate="None"
ExDividendDate="None"
symbol="SWVL"
open="0.71"
high="0.77"
low="0.71"
price="0.72"
volume="13116.00"
latest_trading_day="2023-08-15"
previous_close="0.73"
change="-0.01"
change_percent="-1.5977%"
aroon_positive_momentum_days="0"
aroon_negative_momentum_days="69"
trend_strength="Absent or Weak Trend"
buying_signal="Weak Sell Signal"
volume_analysis="Trending High"
value_analysis="Bullish Trend"
Aroon_change="FALSE"
Aroon_momentum="31"
Volume_recent_avg="45040"
Change_recent_avg="-0.01"
Delta_recent_avg="0.09"
Variance_recent_avg="0.04"
Change_ratio_recent_avg="-0.75"
RSI_change="FALSE"
ADX_change="FALSE"

event="FALSE"
Aroon_signal="negative"
Aroon_change="FALSE"
Aroon_momentum_positive="31"
Aroon_momentum_negative="69"
image_negative_thumbnail_id_1="1114"
image_negative_url_1="https://hehge.com/wp-content/uploads/sites/16/2023/06/MI_Finance_Negative_Landscape_0147.jpeg"
image_negative_thumbnail_id_2="135"
image_negative_url_2="https://hehge.com/wp-content/uploads/sites/16/2023/05/MI_Finance_Negative_Landscape_0041.jpeg"
image_neutral_thumbnail_id_1="558"
image_neutral_url_1="https://hehge.com/wp-content/uploads/sites/16/2023/06/MI_Finance_Neutral_Landscape_0041.jpeg"
image_neutral_thumbnail_id_2="569"
image_neutral_url_2="https://hehge.com/wp-content/uploads/sites/16/2023/06/MI_Finance_Neutral_Landscape_0030.jpeg"
image_positive_thumbnail_id_1="633"
image_positive_url_1="https://hehge.com/wp-content/uploads/sites/16/2023/06/MI_Finance_Positive_Landscape_0075.jpeg"
image_positive_thumbnail_id_2="599"
image_positive_url_2="https://hehge.com/wp-content/uploads/sites/16/2023/06/MI_Finance_Positive_Landscape_0109.jpeg"
image_professor_thumbnail_id_1="1182"
image_professor_url_1="https://hehge.com/wp-content/uploads/sites/16/2023/06/MI_Finance_Professor_Landscape_0016.jpeg"
image_professor_thumbnail_id_2="1192"
image_professor_url_2="https://hehge.com/wp-content/uploads/sites/16/2023/06/MI_Finance_Professor_Landscape_0026.jpeg"
