Symbol="DENN"
AssetType="Common Stock"
Name="Denny’s Corp"
Description="Denny's Corporation, through its subsidiary, Denny's, Inc., owns and operates full-service restaurant chains under the Denny's brand. The company is headquartered in Spartanburg, South Carolina."
CIK="852772"
Exchange="NASDAQ"
Currency="USD"
Country="USA"
Sector="TRADE & SERVICES"
Industry="RETAIL-EATING PLACES"
Address="203 EAST MAIN STREET, SPARTANBURG, SC, US"
FiscalYearEnd="December"
LatestQuarter="2023-03-31"
MarketCapitalization="706329000"
EBITDA="80246000"
PERatio="14.37"
PEGRatio="1.656"
BookValue="-0.798"
DividendPerShare="0"
DividendYield="0"
EPS="0.87"
RevenuePerShareTTM="7.93"
ProfitMargin="0.114"
OperatingMarginTTM="0.139"
ReturnOnAssetsTTM="0.0925"
ReturnOnEquityTTM="0"
RevenueTTM="470793000"
GrossProfitTTM="172045000"
DilutedEPSTTM="0.87"
QuarterlyEarningsGrowthYOY="-0.971"
QuarterlyRevenueGrowthYOY="0.139"
AnalystTargetPrice="14.17"
TrailingPE="14.37"
ForwardPE="14.9"
PriceToSalesRatioTTM="1.316"
PriceToBookRatio="-"
EVToRevenue="2.284"
EVToEBITDA="6.03"
Beta="1.7"
num_52WeekHigh="13.12"
num_52WeekLow="8.57"
num_50DayMovingAverage="11.43"
num_200DayMovingAverage="11.19"
SharesOutstanding="56506000"
DividendDate="None"
ExDividendDate="None"
symbol="DENN"
open="11.51"
high="11.57"
low="10.90"
price="11.19"
volume="732836.00"
latest_trading_day="2023-07-06"
previous_close="11.58"
change="-0.39"
change_percent="-3.3679%"
aroon_positive_momentum_days="57"
aroon_negative_momentum_days="0"
trend_strength="Absent or Weak Trend"
buying_signal="Weak Buy Signal"
volume_analysis="Target Volume"
value_analysis="Expected Range"
Aroon_change="FALSE"
Aroon_momentum="57"
Volume_recent_avg="454904"
Change_recent_avg="-0.02"
Delta_recent_avg="0.37"
Variance_recent_avg="0.18"
Change_ratio_recent_avg="-0.15"
RSI_change="FALSE"
ADX_change="FALSE"

event="FALSE"
Aroon_signal="positive"
Aroon_change="FALSE"
Aroon_momentum_positive="57"
Aroon_momentum_negative="43"
image_negative_thumbnail_id_1="1139"
image_negative_url_1="https://hehge.com/wp-content/uploads/sites/16/2023/06/MI_Finance_Negative_Landscape_0172.jpeg"
image_negative_thumbnail_id_2="120"
image_negative_url_2="https://hehge.com/wp-content/uploads/sites/16/2023/05/MI_Finance_Negative_Landscape_0056.jpeg"
image_neutral_thumbnail_id_1="576"
image_neutral_url_1="https://hehge.com/wp-content/uploads/sites/16/2023/06/MI_Finance_Neutral_Landscape_0023.jpeg"
image_neutral_thumbnail_id_2="583"
image_neutral_url_2="https://hehge.com/wp-content/uploads/sites/16/2023/06/MI_Finance_Neutral_Landscape_0016.jpeg"
image_positive_thumbnail_id_1="696"
image_positive_url_1="https://hehge.com/wp-content/uploads/sites/16/2023/06/MI_Finance_Positive_Landscape_0012.jpeg"
image_positive_thumbnail_id_2="617"
image_positive_url_2="https://hehge.com/wp-content/uploads/sites/16/2023/06/MI_Finance_Positive_Landscape_0091.jpeg"
image_professor_thumbnail_id_1="1178"
image_professor_url_1="https://hehge.com/wp-content/uploads/sites/16/2023/06/MI_Finance_Professor_Landscape_0012.jpeg"
image_professor_thumbnail_id_2="1172"
image_professor_url_2="https://hehge.com/wp-content/uploads/sites/16/2023/06/MI_Finance_Professor_Landscape_0006.jpeg"
