Symbol="GFAI"
AssetType="Common Stock"
Name="Guardforce AI Co Ltd"
Description="None"
CIK="1804469"
Exchange="NASDAQ"
Currency="USD"
Country="USA"
Sector="TRADE & SERVICES"
Industry="SERVICES-DETECTIVE, GUARD & ARMORED CAR SERVICES"
Address="96 VIBHAVADI RANGSIT ROAD, 10 ANSON ROAD, #28-01, INTERNATIONAL PLAZA, SG"
FiscalYearEnd="December"
LatestQuarter="2023-06-30"
MarketCapitalization="57819000"
EBITDA="-8247985"
PERatio="None"
PEGRatio="None"
BookValue="11.86"
DividendPerShare="0"
DividendYield="0"
EPS="-14.44"
RevenuePerShareTTM="27.81"
ProfitMargin="-0.538"
OperatingMarginTTM="-0.349"
ReturnOnAssetsTTM="-0.146"
ReturnOnEquityTTM="-1.455"
RevenueTTM="34477900"
GrossProfitTTM="3288300"
DilutedEPSTTM="-14.44"
QuarterlyEarningsGrowthYOY="0"
QuarterlyRevenueGrowthYOY="0.047"
AnalystTargetPrice="14"
TrailingPE="-"
ForwardPE="22.88"
PriceToSalesRatioTTM="0.277"
PriceToBookRatio="0.32"
EVToRevenue="0.723"
EVToEBITDA="-4.699"
Beta="2.76"
num_52WeekHigh="36.9"
num_52WeekLow="3.81"
num_50DayMovingAverage="5.42"
num_200DayMovingAverage="8.49"
SharesOutstanding="6883200"
DividendDate="None"
ExDividendDate="None"
symbol="GFAI"
open="7.42"
high="9.90"
low="6.90"
price="8.40"
volume="75791808.00"
latest_trading_day="2023-07-21"
previous_close="6.44"
change="1.96"
change_percent="30.4348%"
aroon_positive_momentum_days="0"
aroon_negative_momentum_days="38"
trend_strength="Absent or Weak Trend"
buying_signal="Strong Sell Signal"
volume_analysis="Target Volume"
value_analysis="Expected Range"
Aroon_change="FALSE"
Aroon_momentum="62"
Volume_recent_avg="4249061"
Change_recent_avg="0.09"
Delta_recent_avg="1.78"
Variance_recent_avg="0.89"
Change_ratio_recent_avg="-0.03"
RSI_change="FALSE"
ADX_change="FALSE"

event="FALSE"
Aroon_signal="negative"
Aroon_change="FALSE"
Aroon_momentum_positive="62"
Aroon_momentum_negative="38"
image_negative_thumbnail_id_1="124"
image_negative_url_1="https://hehge.com/wp-content/uploads/sites/16/2023/05/MI_Finance_Negative_Landscape_0052.jpeg"
image_negative_thumbnail_id_2="129"
image_negative_url_2="https://hehge.com/wp-content/uploads/sites/16/2023/05/MI_Finance_Negative_Landscape_0047.jpeg"
image_neutral_thumbnail_id_1="537"
image_neutral_url_1="https://hehge.com/wp-content/uploads/sites/16/2023/06/MI_Finance_Neutral_Landscape_0062.jpeg"
image_neutral_thumbnail_id_2="556"
image_neutral_url_2="https://hehge.com/wp-content/uploads/sites/16/2023/06/MI_Finance_Neutral_Landscape_0043.jpeg"
image_positive_thumbnail_id_1="653"
image_positive_url_1="https://hehge.com/wp-content/uploads/sites/16/2023/06/MI_Finance_Positive_Landscape_0055.jpeg"
image_positive_thumbnail_id_2="614"
image_positive_url_2="https://hehge.com/wp-content/uploads/sites/16/2023/06/MI_Finance_Positive_Landscape_0094.jpeg"
image_professor_thumbnail_id_1="1190"
image_professor_url_1="https://hehge.com/wp-content/uploads/sites/16/2023/06/MI_Finance_Professor_Landscape_0024.jpeg"
image_professor_thumbnail_id_2="1176"
image_professor_url_2="https://hehge.com/wp-content/uploads/sites/16/2023/06/MI_Finance_Professor_Landscape_0010.jpeg"
