Symbol="PRTH"
AssetType="Common Stock"
Name="Priority Technology Holdings Inc"
Description="Priority Technology Holdings, Inc. offers merchant acquisition, integrated payment software, and merchant payment solutions in the United States. The company is headquartered in Alpharetta, Georgia."
CIK="1653558"
Exchange="NASDAQ"
Currency="USD"
Country="USA"
Sector="TRADE & SERVICES"
Industry="SERVICES-BUSINESS SERVICES, NEC"
Address="2001 WESTSIDE PARKWAY, SUITE 155, ALPHARETTA, GA, US"
FiscalYearEnd="December"
LatestQuarter="2023-03-31"
MarketCapitalization="322852000"
EBITDA="128722000"
PERatio="None"
PEGRatio="None"
BookValue="-1.5"
DividendPerShare="0"
DividendYield="0"
EPS="-0.56"
RevenuePerShareTTM="8.9"
ProfitMargin="-0.0033"
OperatingMarginTTM="0.0924"
ReturnOnAssetsTTM="0.0287"
ReturnOnEquityTTM="-0.0175"
RevenueTTM="695430000"
GrossProfitTTM="155016000"
DilutedEPSTTM="-0.56"
QuarterlyEarningsGrowthYOY="0"
QuarterlyRevenueGrowthYOY="0.207"
AnalystTargetPrice="7"
TrailingPE="-"
ForwardPE="196.08"
PriceToSalesRatioTTM="0.63"
PriceToBookRatio="-"
EVToRevenue="1.932"
EVToEBITDA="9.42"
Beta="0.845"
num_52WeekHigh="6.16"
num_52WeekLow="2.99"
num_50DayMovingAverage="3.771"
num_200DayMovingAverage="4.295"
SharesOutstanding="76496000"
DividendDate="None"
ExDividendDate="None"
symbol="PRTH"
open="4.20"
high="4.35"
low="4.20"
price="4.33"
volume="7499.00"
latest_trading_day="2023-08-04"
previous_close="4.21"
change="0.12"
change_percent="2.8504%"
aroon_positive_momentum_days="19"
aroon_negative_momentum_days="0"
trend_strength="Absent or Weak Trend"
buying_signal="Strong Buy Signal"
volume_analysis="Target Volume"
value_analysis="Expected Range"
Aroon_change="FALSE"
Aroon_momentum="19"
Volume_recent_avg="24944"
Change_recent_avg="0.01"
Delta_recent_avg="0.24"
Variance_recent_avg="0.12"
Change_ratio_recent_avg="0.23"
RSI_change="FALSE"
ADX_change="FALSE"

event="FALSE"
Aroon_signal="positive"
Aroon_change="FALSE"
Aroon_momentum_positive="19"
Aroon_momentum_negative="81"
image_negative_thumbnail_id_1="518"
image_negative_url_1="https://hehge.com/wp-content/uploads/sites/16/2023/06/MI_Finance_Negative_Landscape_0087.jpeg"
image_negative_thumbnail_id_2="93"
image_negative_url_2="https://hehge.com/wp-content/uploads/sites/16/2023/05/MI_Finance_Negative_Landscape_0083.jpeg"
image_neutral_thumbnail_id_1="565"
image_neutral_url_1="https://hehge.com/wp-content/uploads/sites/16/2023/06/MI_Finance_Neutral_Landscape_0034.jpeg"
image_neutral_thumbnail_id_2="588"
image_neutral_url_2="https://hehge.com/wp-content/uploads/sites/16/2023/06/MI_Finance_Neutral_Landscape_0011.jpeg"
image_positive_thumbnail_id_1="989"
image_positive_url_1="https://hehge.com/wp-content/uploads/sites/16/2023/06/MI_Finance_Positive_Landscape_0151.jpeg"
image_positive_thumbnail_id_2="992"
image_positive_url_2="https://hehge.com/wp-content/uploads/sites/16/2023/06/MI_Finance_Positive_Landscape_0154.jpeg"
image_professor_thumbnail_id_1="1173"
image_professor_url_1="https://hehge.com/wp-content/uploads/sites/16/2023/06/MI_Finance_Professor_Landscape_0007.jpeg"
image_professor_thumbnail_id_2="1199"
image_professor_url_2="https://hehge.com/wp-content/uploads/sites/16/2023/06/MI_Finance_Professor_Landscape_0033.jpeg"
