Symbol="CHSCP"
AssetType="Preferred Stock"
Name="CHS Inc Pref"
Description="CHS Inc., an integrated agricultural company, provides grain, food, and energy resources to businesses and consumers in North America, South America, Europe, the Middle East, Africa, and Asia Pacific. The company is headquartered in Inver Grove Heights, Minnesota."
CIK="823277"
Exchange="NASDAQ"
Currency="USD"
Country="USA"
Sector="TRADE & SERVICES"
Industry="WHOLESALE-FARM PRODUCT RAW MATERIALS"
Address="5500 CENEX DRIVE, INVER GROVE HEIGHTS, MN, US"
FiscalYearEnd="August"
LatestQuarter="2023-05-31"
MarketCapitalization="None"
EBITDA="2043101000"
PERatio="None"
PEGRatio="0"
BookValue="None"
DividendPerShare="0"
DividendYield="0.0668"
EPS="None"
RevenuePerShareTTM="0"
ProfitMargin="0.0415"
OperatingMarginTTM="0.0319"
ReturnOnAssetsTTM="0.0495"
ReturnOnEquityTTM="0.207"
RevenueTTM="49539334000"
GrossProfitTTM="2126921000"
DilutedEPSTTM="0"
QuarterlyEarningsGrowthYOY="0"
QuarterlyRevenueGrowthYOY="-0.085"
AnalystTargetPrice="None"
TrailingPE="-"
ForwardPE="-"
PriceToSalesRatioTTM="-"
PriceToBookRatio="-"
EVToRevenue="-"
EVToEBITDA="-"
Beta="None"
num_52WeekHigh="30"
num_52WeekLow="25.69"
num_50DayMovingAverage="29.51"
num_200DayMovingAverage="28.9"
SharesOutstanding="0"
DividendDate="2023-06-30"
ExDividendDate="2023-06-14"
symbol="CHSCP"
open="29.64"
high="29.97"
low="29.64"
price="29.80"
volume="14990.00"
latest_trading_day="2023-08-02"
previous_close="29.75"
change="0.05"
change_percent="0.1624%"
aroon_positive_momentum_days="75"
aroon_negative_momentum_days="0"
trend_strength="Absent or Weak Trend"
buying_signal="Strong Buy Signal"
volume_analysis="Target Volume"
value_analysis="Expected Range"
Aroon_change="FALSE"
Aroon_momentum="75"
Volume_recent_avg="11821"
Change_recent_avg="0.01"
Delta_recent_avg="0.31"
Variance_recent_avg="0.16"
Change_ratio_recent_avg="-0.01"
RSI_change="FALSE"
ADX_change="FALSE"

event="FALSE"
Aroon_signal="positive"
Aroon_change="FALSE"
Aroon_momentum_positive="75"
Aroon_momentum_negative="25"
image_negative_thumbnail_id_1="110"
image_negative_url_1="https://hehge.com/wp-content/uploads/sites/16/2023/05/MI_Finance_Negative_Landscape_0066.jpeg"
image_negative_thumbnail_id_2="102"
image_negative_url_2="https://hehge.com/wp-content/uploads/sites/16/2023/05/MI_Finance_Negative_Landscape_0074.jpeg"
image_neutral_thumbnail_id_1="580"
image_neutral_url_1="https://hehge.com/wp-content/uploads/sites/16/2023/06/MI_Finance_Neutral_Landscape_0019.jpeg"
image_neutral_thumbnail_id_2="556"
image_neutral_url_2="https://hehge.com/wp-content/uploads/sites/16/2023/06/MI_Finance_Neutral_Landscape_0043.jpeg"
image_positive_thumbnail_id_1="978"
image_positive_url_1="https://hehge.com/wp-content/uploads/sites/16/2023/06/MI_Finance_Positive_Landscape_0140.jpeg"
image_positive_thumbnail_id_2="696"
image_positive_url_2="https://hehge.com/wp-content/uploads/sites/16/2023/06/MI_Finance_Positive_Landscape_0012.jpeg"
image_professor_thumbnail_id_1="1196"
image_professor_url_1="https://hehge.com/wp-content/uploads/sites/16/2023/06/MI_Finance_Professor_Landscape_0030.jpeg"
image_professor_thumbnail_id_2="1182"
image_professor_url_2="https://hehge.com/wp-content/uploads/sites/16/2023/06/MI_Finance_Professor_Landscape_0016.jpeg"
