Symbol="BREA"
AssetType="Common Stock"
Name="Brera Holdings PLC Class B Ordinary Shares"
Description="Brera Holdings PLC develops, manages, and operates football clubs. The company is headquartered in Dublin, Ireland."
CIK="1939965"
Exchange="NASDAQ"
Currency="USD"
Country="USA"
Sector="TRADE & SERVICES"
Industry="SERVICES-AMUSEMENT & RECREATION SERVICES"
Address="CONNAUGHT HOUSE, 5TH FLOOR, ONE BURLINGTON ROAD, DUBLIN 4, IE"
FiscalYearEnd="December"
LatestQuarter="2023-06-30"
MarketCapitalization="17335600"
EBITDA="-1222717"
PERatio="None"
PEGRatio="None"
BookValue="-0.013"
DividendPerShare="0"
DividendYield="0"
EPS="-0.11"
RevenuePerShareTTM="0.027"
ProfitMargin="0"
OperatingMarginTTM="-7.55"
ReturnOnAssetsTTM="-0.89"
ReturnOnEquityTTM="0"
RevenueTTM="162410"
GrossProfitTTM="309580"
DilutedEPSTTM="-0.11"
QuarterlyEarningsGrowthYOY="0"
QuarterlyRevenueGrowthYOY="-0.885"
AnalystTargetPrice="None"
TrailingPE="-"
ForwardPE="-"
PriceToSalesRatioTTM="-"
PriceToBookRatio="-"
EVToRevenue="-"
EVToEBITDA="-"
Beta="None"
num_52WeekHigh="5.4"
num_52WeekLow="1.52"
num_50DayMovingAverage="2.199"
num_200DayMovingAverage="2.74"
SharesOutstanding="3705000"
DividendDate="None"
ExDividendDate="None"
symbol="BREA"
open="1.52"
high="1.52"
low="1.52"
price="1.52"
volume="426.00"
latest_trading_day="2023-08-02"
previous_close="1.52"
change="0.00"
change_percent="0.0000%"
aroon_positive_momentum_days="0"
aroon_negative_momentum_days="52"
trend_strength="Absent or Weak Trend"
buying_signal="Weak Sell Signal"
volume_analysis="Target Volume"
value_analysis="Expected Range"
Aroon_change="FALSE"
Aroon_momentum="17"
Volume_recent_avg="33382"
Change_recent_avg="-0.05"
Delta_recent_avg="0.27"
Variance_recent_avg="0.13"
Change_ratio_recent_avg="-2.09"
RSI_change="FALSE"
ADX_change="FALSE"

event="FALSE"
Aroon_signal="negative"
Aroon_change="FALSE"
Aroon_momentum_positive="17"
Aroon_momentum_negative="52"
image_negative_thumbnail_id_1="1161"
image_negative_url_1="https://hehge.com/wp-content/uploads/sites/16/2023/06/MI_Finance_Negative_Landscape_0195.jpeg"
image_negative_thumbnail_id_2="128"
image_negative_url_2="https://hehge.com/wp-content/uploads/sites/16/2023/05/MI_Finance_Negative_Landscape_0048.jpeg"
image_neutral_thumbnail_id_1="578"
image_neutral_url_1="https://hehge.com/wp-content/uploads/sites/16/2023/06/MI_Finance_Neutral_Landscape_0021.jpeg"
image_neutral_thumbnail_id_2="530"
image_neutral_url_2="https://hehge.com/wp-content/uploads/sites/16/2023/06/MI_Finance_Neutral_Landscape_0069.jpeg"
image_positive_thumbnail_id_1="689"
image_positive_url_1="https://hehge.com/wp-content/uploads/sites/16/2023/06/MI_Finance_Positive_Landscape_0019.jpeg"
image_positive_thumbnail_id_2="660"
image_positive_url_2="https://hehge.com/wp-content/uploads/sites/16/2023/06/MI_Finance_Positive_Landscape_0048.jpeg"
image_professor_thumbnail_id_1="1185"
image_professor_url_1="https://hehge.com/wp-content/uploads/sites/16/2023/06/MI_Finance_Professor_Landscape_0019.jpeg"
image_professor_thumbnail_id_2="1168"
image_professor_url_2="https://hehge.com/wp-content/uploads/sites/16/2023/06/MI_Finance_Professor_Landscape_0002.jpeg"
