Symbol="SWAGW"
AssetType="Common Stock"
Name="Software Acquisition Group Inc. III Warrant"
Description="Software Acquisition Group Inc. III intends to effect a merger, stock exchange, asset acquisition, stock purchase, reorganization or similar business combination with one or more companies. The company is headquartered in Las Vegas, Nevada."
CIK="1872525"
Exchange="NASDAQ"
Currency="USD"
Country="USA"
Sector="TRADE & SERVICES"
Industry="SERVICES-ADVERTISING AGENCIES"
Address="2 HERITAGE DRIVE, SUITE 600, QUINCY, MA, US"
FiscalYearEnd="December"
LatestQuarter="2023-03-31"
MarketCapitalization="None"
EBITDA="-1244227"
PERatio="None"
PEGRatio="None"
BookValue="2.094"
DividendPerShare="0"
DividendYield="0"
EPS="None"
RevenuePerShareTTM="3.322"
ProfitMargin="-0.0148"
OperatingMarginTTM="-0.0334"
ReturnOnAssetsTTM="-0.0231"
ReturnOnEquityTTM="-0.0228"
RevenueTTM="62470000"
GrossProfitTTM="0"
DilutedEPSTTM="0"
QuarterlyEarningsGrowthYOY="0"
QuarterlyRevenueGrowthYOY="0.287"
AnalystTargetPrice="None"
TrailingPE="-"
ForwardPE="-"
PriceToSalesRatioTTM="-"
PriceToBookRatio="-"
EVToRevenue="-"
EVToEBITDA="-"
Beta="None"
num_52WeekHigh="0.3"
num_52WeekLow="0.0368"
num_50DayMovingAverage="0"
num_200DayMovingAverage="0"
SharesOutstanding="0"
DividendDate="None"
ExDividendDate="None"
symbol="SWAGW"
open="0.06"
high="0.06"
low="0.06"
price="0.06"
volume="0.00"
latest_trading_day="2023-08-08"
previous_close="0.06"
change="0.00"
change_percent="0.0000%"
aroon_positive_momentum_days="0"
aroon_negative_momentum_days="94"
trend_strength="Strong Trend"
buying_signal="High Volatility / Hold Signal"
volume_analysis="Target Volume"
value_analysis="Expected Range"
Aroon_change="FALSE"
Aroon_momentum="6"
Volume_recent_avg="1544"
Change_recent_avg="0.01"
Delta_recent_avg="0.01"
Variance_recent_avg="0.01"
Change_ratio_recent_avg="1.34"
RSI_change="FALSE"
ADX_change="FALSE"

event="FALSE"
Aroon_signal="negative"
Aroon_change="FALSE"
Aroon_momentum_positive="6"
Aroon_momentum_negative="94"
image_negative_thumbnail_id_1="170"
image_negative_url_1="https://hehge.com/wp-content/uploads/sites/16/2023/05/MI_Finance_Negative_Landscape_0006.jpeg"
image_negative_thumbnail_id_2="137"
image_negative_url_2="https://hehge.com/wp-content/uploads/sites/16/2023/05/MI_Finance_Negative_Landscape_0039.jpeg"
image_neutral_thumbnail_id_1="527"
image_neutral_url_1="https://hehge.com/wp-content/uploads/sites/16/2023/06/MI_Finance_Neutral_Landscape_0072.jpeg"
image_neutral_thumbnail_id_2="555"
image_neutral_url_2="https://hehge.com/wp-content/uploads/sites/16/2023/06/MI_Finance_Neutral_Landscape_0044.jpeg"
image_positive_thumbnail_id_1="966"
image_positive_url_1="https://hehge.com/wp-content/uploads/sites/16/2023/06/MI_Finance_Positive_Landscape_0128.jpeg"
image_positive_thumbnail_id_2="667"
image_positive_url_2="https://hehge.com/wp-content/uploads/sites/16/2023/06/MI_Finance_Positive_Landscape_0041.jpeg"
image_professor_thumbnail_id_1="1195"
image_professor_url_1="https://hehge.com/wp-content/uploads/sites/16/2023/06/MI_Finance_Professor_Landscape_0029.jpeg"
image_professor_thumbnail_id_2="1178"
image_professor_url_2="https://hehge.com/wp-content/uploads/sites/16/2023/06/MI_Finance_Professor_Landscape_0012.jpeg"
