Symbol="NOTV"
AssetType="Common Stock"
Name="Inotiv Inc"
Description="Inotiv, Inc. provides drug discovery and development services to the pharmaceutical, chemical, and medical device industries; and sells analytical instruments to the pharmaceutical development and contract research industries. The company is headquartered in West Lafayette, Indiana."
CIK="720154"
Exchange="NASDAQ"
Currency="USD"
Country="USA"
Sector="TRADE & SERVICES"
Industry="SERVICES-COMMERCIAL PHYSICAL & BIOLOGICAL RESEARCH"
Address="2701 KENT AVE, WEST LAFAYETT, IN, US"
FiscalYearEnd="September"
LatestQuarter="2023-03-31"
MarketCapitalization="183411000"
EBITDA="46753000"
PERatio="None"
PEGRatio="None"
BookValue="10.63"
DividendPerShare="0"
DividendYield="0"
EPS="-18.55"
RevenuePerShareTTM="23.35"
ProfitMargin="-0.578"
OperatingMarginTTM="-0.0186"
ReturnOnAssetsTTM="-0.0069"
ReturnOnEquityTTM="-0.772"
RevenueTTM="597349000"
GrossProfitTTM="157212000"
DilutedEPSTTM="-18.55"
QuarterlyEarningsGrowthYOY="0"
QuarterlyRevenueGrowthYOY="0.079"
AnalystTargetPrice="15.06"
TrailingPE="-"
ForwardPE="-"
PriceToSalesRatioTTM="0.271"
PriceToBookRatio="0.192"
EVToRevenue="1.087"
EVToEBITDA="-13.45"
Beta="2.384"
num_52WeekHigh="27.22"
num_52WeekLow="3.65"
num_50DayMovingAverage="5.6"
num_200DayMovingAverage="7.88"
SharesOutstanding="25760000"
DividendDate="None"
ExDividendDate="None"
symbol="NOTV"
open="7.00"
high="7.00"
low="6.55"
price="6.71"
volume="586094.00"
latest_trading_day="2023-07-24"
previous_close="7.12"
change="-0.41"
change_percent="-5.7584%"
aroon_positive_momentum_days="0"
aroon_negative_momentum_days="54"
trend_strength="Absent or Weak Trend"
buying_signal="Weak Sell Signal"
volume_analysis="Target Volume"
value_analysis="Expected Range"
Aroon_change="FALSE"
Aroon_momentum="46"
Volume_recent_avg="465740"
Change_recent_avg="-0.01"
Delta_recent_avg="0.41"
Variance_recent_avg="0.2"
Change_ratio_recent_avg="-0.28"
RSI_change="FALSE"
ADX_change="FALSE"

event="aroon_milestone_negative_10"
Aroon_signal="negative"
Aroon_change="FALSE"
Aroon_momentum_positive="46"
Aroon_momentum_negative="54"
image_negative_thumbnail_id_1="511"
image_negative_url_1="https://hehge.com/wp-content/uploads/sites/16/2023/06/MI_Finance_Negative_Landscape_0094.jpeg"
image_negative_thumbnail_id_2="155"
image_negative_url_2="https://hehge.com/wp-content/uploads/sites/16/2023/05/MI_Finance_Negative_Landscape_0021.jpeg"
image_neutral_thumbnail_id_1="547"
image_neutral_url_1="https://hehge.com/wp-content/uploads/sites/16/2023/06/MI_Finance_Neutral_Landscape_0052.jpeg"
image_neutral_thumbnail_id_2="526"
image_neutral_url_2="https://hehge.com/wp-content/uploads/sites/16/2023/06/MI_Finance_Neutral_Landscape_0073.jpeg"
image_positive_thumbnail_id_1="619"
image_positive_url_1="https://hehge.com/wp-content/uploads/sites/16/2023/06/MI_Finance_Positive_Landscape_0089.jpeg"
image_positive_thumbnail_id_2="979"
image_positive_url_2="https://hehge.com/wp-content/uploads/sites/16/2023/06/MI_Finance_Positive_Landscape_0141.jpeg"
image_professor_thumbnail_id_1="1200"
image_professor_url_1="https://hehge.com/wp-content/uploads/sites/16/2023/06/MI_Finance_Professor_Landscape_0034.jpeg"
image_professor_thumbnail_id_2="1175"
image_professor_url_2="https://hehge.com/wp-content/uploads/sites/16/2023/06/MI_Finance_Professor_Landscape_0009.jpeg"
