Symbol="BQ"
AssetType="Common Stock"
Name="Boqii Holding Ltd"
Description="Boqii Holding Limited operates a pet-centric platform in the People's Republic of China. The company is headquartered in Shanghai, the People's Republic of China."
CIK="1815021"
Exchange="NYSE"
Currency="USD"
Country="China"
Sector="TRADE & SERVICES"
Industry="RETAIL-RETAIL STORES, NEC"
Address="FLOOR 6, BUILDING 1, NO. 399, SHENGXIA ROAD, PUDONG NEW DISTRICT, SHANGHAI, CHINA"
FiscalYearEnd="March"
LatestQuarter="2022-09-30"
MarketCapitalization="25525400"
EBITDA="-77269504"
PERatio="None"
PEGRatio="None"
BookValue="15.88"
DividendPerShare="0"
DividendYield="0"
EPS="-0.98"
RevenuePerShareTTM="76.91"
ProfitMargin="0"
OperatingMarginTTM="0"
ReturnOnAssetsTTM="-0.0685"
ReturnOnEquityTTM="-54.83"
RevenueTTM="1172091000"
GrossProfitTTM="242731000"
DilutedEPSTTM="-0.98"
QuarterlyEarningsGrowthYOY="0"
QuarterlyRevenueGrowthYOY="-0.027"
AnalystTargetPrice="16.9"
TrailingPE="-"
ForwardPE="-"
PriceToSalesRatioTTM="0.0184"
PriceToBookRatio="0.647"
EVToRevenue="0.0309"
EVToEBITDA="-0.558"
Beta="1.575"
num_52WeekHigh="3.9"
num_52WeekLow="0.69"
num_50DayMovingAverage="1.789"
num_200DayMovingAverage="1.452"
SharesOutstanding="15284700"
DividendDate="None"
ExDividendDate="None"
symbol="BQ"
open="1.68"
high="1.74"
low="1.66"
price="1.68"
volume="11504.00"
latest_trading_day="2023-07-06"
previous_close="1.69"
change="-0.01"
change_percent="-0.5917%"
aroon_positive_momentum_days="73"
aroon_negative_momentum_days="0"
trend_strength="Absent or Weak Trend"
buying_signal="Weak Buy Signal"
volume_analysis="Target Volume"
value_analysis="Expected Range"
Aroon_change="FALSE"
Aroon_momentum="73"
Volume_recent_avg="32839"
Change_recent_avg="0.01"
Delta_recent_avg="0.12"
Variance_recent_avg="0.06"
Change_ratio_recent_avg="-0.79"
RSI_change="FALSE"
ADX_change="FALSE"

event="FALSE"
Aroon_signal="positive"
Aroon_change="FALSE"
Aroon_momentum_positive="73"
Aroon_momentum_negative="27"
image_negative_thumbnail_id_1="494"
image_negative_url_1="https://hehge.com/wp-content/uploads/sites/16/2023/06/MI_Finance_Negative_Landscape_0111.jpeg"
image_negative_thumbnail_id_2="170"
image_negative_url_2="https://hehge.com/wp-content/uploads/sites/16/2023/05/MI_Finance_Negative_Landscape_0006.jpeg"
image_neutral_thumbnail_id_1="533"
image_neutral_url_1="https://hehge.com/wp-content/uploads/sites/16/2023/06/MI_Finance_Neutral_Landscape_0066.jpeg"
image_neutral_thumbnail_id_2="538"
image_neutral_url_2="https://hehge.com/wp-content/uploads/sites/16/2023/06/MI_Finance_Neutral_Landscape_0061.jpeg"
image_positive_thumbnail_id_1="625"
image_positive_url_1="https://hehge.com/wp-content/uploads/sites/16/2023/06/MI_Finance_Positive_Landscape_0083.jpeg"
image_positive_thumbnail_id_2="634"
image_positive_url_2="https://hehge.com/wp-content/uploads/sites/16/2023/06/MI_Finance_Positive_Landscape_0074.jpeg"
image_professor_thumbnail_id_1="1201"
image_professor_url_1="https://hehge.com/wp-content/uploads/sites/16/2023/06/MI_Finance_Professor_Landscape_0035.jpeg"
image_professor_thumbnail_id_2="1187"
image_professor_url_2="https://hehge.com/wp-content/uploads/sites/16/2023/06/MI_Finance_Professor_Landscape_0021.jpeg"
