Symbol="EM"
AssetType="Common Stock"
Name="Smart Share Global Ltd ADR"
Description="Smart Share Global Limited, a consumer technology company, is primarily engaged in the mobile device charging business in the People's Republic of China. The company is headquartered in Shanghai, China."
CIK="1834253"
Exchange="NASDAQ"
Currency="USD"
Country="China"
Sector="TRADE & SERVICES"
Industry="SERVICES-PERSONAL SERVICES"
Address="6/F, 799 TIANSHAN W ROAD, CHANGNING DISTRICT, SHANGHAI, CHINA"
FiscalYearEnd="December"
LatestQuarter="2023-06-30"
MarketCapitalization="234461000"
EBITDA="78778000"
PERatio="None"
PEGRatio="None"
BookValue="10.49"
DividendPerShare="0"
DividendYield="0"
EPS="-0.2"
RevenuePerShareTTM="12.59"
ProfitMargin="-0.121"
OperatingMarginTTM="-0.108"
ReturnOnAssetsTTM="-0.0515"
ReturnOnEquityTTM="-0.138"
RevenueTTM="3269145000"
GrossProfitTTM="2281267000"
DilutedEPSTTM="-0.2"
QuarterlyEarningsGrowthYOY="0"
QuarterlyRevenueGrowthYOY="0.5"
AnalystTargetPrice="2.03"
TrailingPE="-"
ForwardPE="-"
PriceToSalesRatioTTM="0.0982"
PriceToBookRatio="0.737"
EVToRevenue="0.139"
EVToEBITDA="0.222"
Beta="0.296"
num_52WeekHigh="1.51"
num_52WeekLow="0.6"
num_50DayMovingAverage="0.953"
num_200DayMovingAverage="1.058"
SharesOutstanding="259819000"
DividendDate="None"
ExDividendDate="None"
symbol="EM"
open="0.91"
high="0.91"
low="0.86"
price="0.90"
volume="15358.00"
latest_trading_day="2023-08-25"
previous_close="0.91"
change="-0.01"
change_percent="-1.3663%"
aroon_positive_momentum_days="19"
aroon_negative_momentum_days="0"
trend_strength="Absent or Weak Trend"
buying_signal="Weak Buy Signal"
volume_analysis="Target Volume"
value_analysis="Expected Range"
Aroon_change="FALSE"
Aroon_momentum="19"
Volume_recent_avg="39155"
Change_recent_avg="0.01"
Delta_recent_avg="0.06"
Variance_recent_avg="0.03"
Change_ratio_recent_avg="0.52"
RSI_change="FALSE"
ADX_change="FALSE"

event="FALSE"
Aroon_signal="positive"
Aroon_change="FALSE"
Aroon_momentum_positive="19"
Aroon_momentum_negative="81"
image_negative_thumbnail_id_1="163"
image_negative_url_1="https://hehge.com/wp-content/uploads/sites/16/2023/05/MI_Finance_Negative_Landscape_0013.jpeg"
image_negative_thumbnail_id_2="515"
image_negative_url_2="https://hehge.com/wp-content/uploads/sites/16/2023/06/MI_Finance_Negative_Landscape_0090.jpeg"
image_neutral_thumbnail_id_1="530"
image_neutral_url_1="https://hehge.com/wp-content/uploads/sites/16/2023/06/MI_Finance_Neutral_Landscape_0069.jpeg"
image_neutral_thumbnail_id_2="521"
image_neutral_url_2="https://hehge.com/wp-content/uploads/sites/16/2023/06/MI_Finance_Neutral_Landscape_0078.jpeg"
image_positive_thumbnail_id_1="631"
image_positive_url_1="https://hehge.com/wp-content/uploads/sites/16/2023/06/MI_Finance_Positive_Landscape_0077.jpeg"
image_positive_thumbnail_id_2="611"
image_positive_url_2="https://hehge.com/wp-content/uploads/sites/16/2023/06/MI_Finance_Positive_Landscape_0097.jpeg"
image_professor_thumbnail_id_1="1171"
image_professor_url_1="https://hehge.com/wp-content/uploads/sites/16/2023/06/MI_Finance_Professor_Landscape_0005.jpeg"
image_professor_thumbnail_id_2="1183"
image_professor_url_2="https://hehge.com/wp-content/uploads/sites/16/2023/06/MI_Finance_Professor_Landscape_0017.jpeg"
