Symbol="EM"
AssetType="Common Stock"
Name="Smart Share Global Ltd ADR"
Description="Smart Share Global Limited, a consumer technology company, is primarily engaged in the mobile device charging business in the People's Republic of China. The company is headquartered in Shanghai, China."
CIK="1834253"
Exchange="NASDAQ"
Currency="USD"
Country="China"
Sector="TRADE & SERVICES"
Industry="SERVICES-PERSONAL SERVICES"
Address="6/F, 799 TIANSHAN W ROAD, CHANGNING DISTRICT, SHANGHAI, CHINA"
FiscalYearEnd="December"
LatestQuarter="2023-03-31"
MarketCapitalization="231239000"
EBITDA="-131918248"
PERatio="None"
PEGRatio="None"
BookValue="10.14"
DividendPerShare="0"
DividendYield="0"
EPS="-0.31"
RevenuePerShareTTM="11.27"
ProfitMargin="-0.207"
OperatingMarginTTM="-0.191"
ReturnOnAssetsTTM="-0.0809"
ReturnOnEquityTTM="-0.21"
RevenueTTM="2923948000"
GrossProfitTTM="2281267000"
DilutedEPSTTM="-0.31"
QuarterlyEarningsGrowthYOY="0"
QuarterlyRevenueGrowthYOY="0.116"
AnalystTargetPrice="2.04"
TrailingPE="-"
ForwardPE="-"
PriceToSalesRatioTTM="0.0982"
PriceToBookRatio="0.737"
EVToRevenue="0.139"
EVToEBITDA="0.222"
Beta="0.273"
num_52WeekHigh="1.51"
num_52WeekLow="0.6"
num_50DayMovingAverage="0.92"
num_200DayMovingAverage="1.039"
SharesOutstanding="259819000"
DividendDate="None"
ExDividendDate="None"
symbol="EM"
open="0.89"
high="0.94"
low="0.89"
price="0.94"
volume="14763.00"
latest_trading_day="2023-08-03"
previous_close="0.89"
change="0.05"
change_percent="5.6180%"
aroon_positive_momentum_days="11"
aroon_negative_momentum_days="0"
trend_strength="Absent or Weak Trend"
buying_signal="Weak Buy Signal"
volume_analysis="Target Volume"
value_analysis="Expected Range"
Aroon_change="FALSE"
Aroon_momentum="11"
Volume_recent_avg="44680"
Change_recent_avg="0.01"
Delta_recent_avg="0.06"
Variance_recent_avg="0.03"
Change_ratio_recent_avg="0.47"
RSI_change="FALSE"
ADX_change="FALSE"

event="FALSE"
Aroon_signal="positive"
Aroon_change="FALSE"
Aroon_momentum_positive="11"
Aroon_momentum_negative="89"
image_negative_thumbnail_id_1="152"
image_negative_url_1="https://hehge.com/wp-content/uploads/sites/16/2023/05/MI_Finance_Negative_Landscape_0024.jpeg"
image_negative_thumbnail_id_2="509"
image_negative_url_2="https://hehge.com/wp-content/uploads/sites/16/2023/06/MI_Finance_Negative_Landscape_0096.jpeg"
image_neutral_thumbnail_id_1="554"
image_neutral_url_1="https://hehge.com/wp-content/uploads/sites/16/2023/06/MI_Finance_Neutral_Landscape_0045.jpeg"
image_neutral_thumbnail_id_2="584"
image_neutral_url_2="https://hehge.com/wp-content/uploads/sites/16/2023/06/MI_Finance_Neutral_Landscape_0015.jpeg"
image_positive_thumbnail_id_1="956"
image_positive_url_1="https://hehge.com/wp-content/uploads/sites/16/2023/06/MI_Finance_Positive_Landscape_0118.jpeg"
image_positive_thumbnail_id_2="628"
image_positive_url_2="https://hehge.com/wp-content/uploads/sites/16/2023/06/MI_Finance_Positive_Landscape_0080.jpeg"
image_professor_thumbnail_id_1="1175"
image_professor_url_1="https://hehge.com/wp-content/uploads/sites/16/2023/06/MI_Finance_Professor_Landscape_0009.jpeg"
image_professor_thumbnail_id_2="1193"
image_professor_url_2="https://hehge.com/wp-content/uploads/sites/16/2023/06/MI_Finance_Professor_Landscape_0027.jpeg"
