Symbol="GDEN"
AssetType="Common Stock"
Name="Golden Entertainment Inc"
Description="Golden Entertainment, Inc. participates in the ownership and operation of a diversified entertainment platform in the United States. The company is headquartered in Las Vegas, Nevada."
CIK="1071255"
Exchange="NASDAQ"
Currency="USD"
Country="USA"
Sector="TRADE & SERVICES"
Industry="SERVICES-MISCELLANEOUS AMUSEMENT & RECREATION"
Address="6595 S JONES BLVD, LAS VEGAS, NV, US"
FiscalYearEnd="December"
LatestQuarter="2023-03-31"
MarketCapitalization="1259176000"
EBITDA="245955000"
PERatio="23.48"
PEGRatio="2.12"
BookValue="12.22"
DividendPerShare="0"
DividendYield="0"
EPS="1.86"
RevenuePerShareTTM="39.49"
ProfitMargin="0.0514"
OperatingMarginTTM="0.132"
ReturnOnAssetsTTM="0.0598"
ReturnOnEquityTTM="0.169"
RevenueTTM="1126126000"
GrossProfitTTM="484569000"
DilutedEPSTTM="1.86"
QuarterlyEarningsGrowthYOY="-0.661"
QuarterlyRevenueGrowthYOY="0.016"
AnalystTargetPrice="51.17"
TrailingPE="23.48"
ForwardPE="16.72"
PriceToSalesRatioTTM="1.004"
PriceToBookRatio="3.439"
EVToRevenue="1.905"
EVToEBITDA="8.65"
Beta="2.281"
num_52WeekHigh="46.15"
num_52WeekLow="32.53"
num_50DayMovingAverage="41.98"
num_200DayMovingAverage="41.27"
SharesOutstanding="28837200"
DividendDate="2016-07-14"
ExDividendDate="2016-06-28"
symbol="GDEN"
open="44.00"
high="44.47"
low="43.58"
price="43.66"
volume="106995.00"
latest_trading_day="2023-07-21"
previous_close="43.52"
change="0.14"
change_percent="0.3332%"
aroon_positive_momentum_days="65"
aroon_negative_momentum_days="0"
trend_strength="Absent or Weak Trend"
buying_signal="Weak Buy Signal"
volume_analysis="Target Volume"
value_analysis="Expected Range"
Aroon_change="FALSE"
Aroon_momentum="65"
Volume_recent_avg="199677"
Change_recent_avg="-0.02"
Delta_recent_avg="1.36"
Variance_recent_avg="0.68"
Change_ratio_recent_avg="-0.06"
RSI_change="FALSE"
ADX_change="FALSE"

event="FALSE"
Aroon_signal="positive"
Aroon_change="FALSE"
Aroon_momentum_positive="65"
Aroon_momentum_negative="35"
image_negative_thumbnail_id_1="107"
image_negative_url_1="https://hehge.com/wp-content/uploads/sites/16/2023/05/MI_Finance_Negative_Landscape_0069.jpeg"
image_negative_thumbnail_id_2="1148"
image_negative_url_2="https://hehge.com/wp-content/uploads/sites/16/2023/06/MI_Finance_Negative_Landscape_0181.jpeg"
image_neutral_thumbnail_id_1="525"
image_neutral_url_1="https://hehge.com/wp-content/uploads/sites/16/2023/06/MI_Finance_Neutral_Landscape_0074.jpeg"
image_neutral_thumbnail_id_2="523"
image_neutral_url_2="https://hehge.com/wp-content/uploads/sites/16/2023/06/MI_Finance_Neutral_Landscape_0076.jpeg"
image_positive_thumbnail_id_1="601"
image_positive_url_1="https://hehge.com/wp-content/uploads/sites/16/2023/06/MI_Finance_Positive_Landscape_0107.jpeg"
image_positive_thumbnail_id_2="606"
image_positive_url_2="https://hehge.com/wp-content/uploads/sites/16/2023/06/MI_Finance_Positive_Landscape_0102.jpeg"
image_professor_thumbnail_id_1="1197"
image_professor_url_1="https://hehge.com/wp-content/uploads/sites/16/2023/06/MI_Finance_Professor_Landscape_0031.jpeg"
image_professor_thumbnail_id_2="1189"
image_professor_url_2="https://hehge.com/wp-content/uploads/sites/16/2023/06/MI_Finance_Professor_Landscape_0023.jpeg"
