Symbol="GDEN"
AssetType="Common Stock"
Name="Golden Entertainment Inc"
Description="Golden Entertainment, Inc. participates in the ownership and operation of a diversified entertainment platform in the United States. The company is headquartered in Las Vegas, Nevada."
CIK="1071255"
Exchange="NASDAQ"
Currency="USD"
Country="USA"
Sector="TRADE & SERVICES"
Industry="SERVICES-MISCELLANEOUS AMUSEMENT & RECREATION"
Address="6595 S JONES BLVD, LAS VEGAS, NV, US"
FiscalYearEnd="December"
LatestQuarter="2023-03-31"
MarketCapitalization="1291907000"
EBITDA="245955000"
PERatio="23.8"
PEGRatio="2.12"
BookValue="12.22"
DividendPerShare="0"
DividendYield="0"
EPS="1.87"
RevenuePerShareTTM="39.49"
ProfitMargin="0.0514"
OperatingMarginTTM="0.132"
ReturnOnAssetsTTM="0.0598"
ReturnOnEquityTTM="0.169"
RevenueTTM="1126126000"
GrossProfitTTM="484569000"
DilutedEPSTTM="1.87"
QuarterlyEarningsGrowthYOY="-0.661"
QuarterlyRevenueGrowthYOY="0.016"
AnalystTargetPrice="51.17"
TrailingPE="23.8"
ForwardPE="16.72"
PriceToSalesRatioTTM="1.004"
PriceToBookRatio="3.439"
EVToRevenue="1.905"
EVToEBITDA="8.65"
Beta="2.281"
num_52WeekHigh="46.15"
num_52WeekLow="32.53"
num_50DayMovingAverage="41.72"
num_200DayMovingAverage="41.14"
SharesOutstanding="28837200"
DividendDate="2016-07-14"
ExDividendDate="2016-06-28"
symbol="GDEN"
open="44.80"
high="45.09"
low="44.06"
price="44.23"
volume="154879.00"
latest_trading_day="2023-07-19"
previous_close="44.78"
change="-0.55"
change_percent="-1.2282%"
aroon_positive_momentum_days="63"
aroon_negative_momentum_days="0"
trend_strength="Absent or Weak Trend"
buying_signal="Weak Buy Signal"
volume_analysis="Target Volume"
value_analysis="Expected Range"
Aroon_change="FALSE"
Aroon_momentum="63"
Volume_recent_avg="199683"
Change_recent_avg="-0.01"
Delta_recent_avg="1.35"
Variance_recent_avg="0.68"
Change_ratio_recent_avg="-0.04"
RSI_change="FALSE"
ADX_change="FALSE"

event="FALSE"
Aroon_signal="positive"
Aroon_change="FALSE"
Aroon_momentum_positive="63"
Aroon_momentum_negative="37"
image_negative_thumbnail_id_1="1097"
image_negative_url_1="https://hehge.com/wp-content/uploads/sites/16/2023/06/MI_Finance_Negative_Landscape_0130.jpeg"
image_negative_thumbnail_id_2="118"
image_negative_url_2="https://hehge.com/wp-content/uploads/sites/16/2023/05/MI_Finance_Negative_Landscape_0058.jpeg"
image_neutral_thumbnail_id_1="555"
image_neutral_url_1="https://hehge.com/wp-content/uploads/sites/16/2023/06/MI_Finance_Neutral_Landscape_0044.jpeg"
image_neutral_thumbnail_id_2="562"
image_neutral_url_2="https://hehge.com/wp-content/uploads/sites/16/2023/06/MI_Finance_Neutral_Landscape_0037.jpeg"
image_positive_thumbnail_id_1="1166"
image_positive_url_1="https://hehge.com/wp-content/uploads/sites/16/2023/06/MI_Finance_Positive_Negative_0187.jpeg"
image_positive_thumbnail_id_2="632"
image_positive_url_2="https://hehge.com/wp-content/uploads/sites/16/2023/06/MI_Finance_Positive_Landscape_0076.jpeg"
image_professor_thumbnail_id_1="1173"
image_professor_url_1="https://hehge.com/wp-content/uploads/sites/16/2023/06/MI_Finance_Professor_Landscape_0007.jpeg"
image_professor_thumbnail_id_2="1174"
image_professor_url_2="https://hehge.com/wp-content/uploads/sites/16/2023/06/MI_Finance_Professor_Landscape_0008.jpeg"
