Symbol="BH"
AssetType="Common Stock"
Name="Biglari Holdings Inc"
Description="Biglari Holdings Inc., primarily operates and franchises restaurants in the United States. The company is headquartered in San Antonio, Texas."
CIK="1726173"
Exchange="NYSE"
Currency="USD"
Country="USA"
Sector="TRADE & SERVICES"
Industry="RETAIL-EATING PLACES"
Address="17802 IH 10 WEST, SUITE 400, SAN ANTONIO, TX, US"
FiscalYearEnd="December"
LatestQuarter="2023-03-31"
MarketCapitalization="628420000"
EBITDA="88163000"
PERatio="50.51"
PEGRatio="-12.63"
BookValue="986.07"
DividendPerShare="0"
DividendYield="0"
EPS="19.92"
RevenuePerShareTTM="1265.1"
ProfitMargin="0.0889"
OperatingMarginTTM="0.133"
ReturnOnAssetsTTM="0.0346"
ReturnOnEquityTTM="5.48"
RevenueTTM="373035000"
GrossProfitTTM="152782000"
DilutedEPSTTM="23.2"
QuarterlyEarningsGrowthYOY="1.731"
QuarterlyRevenueGrowthYOY="0.056"
AnalystTargetPrice="500"
TrailingPE="8.68"
ForwardPE="-"
PriceToSalesRatioTTM="1.194"
PriceToBookRatio="0.813"
EVToRevenue="1.208"
EVToEBITDA="-16.32"
Beta="1.563"
num_52WeekHigh="218.5"
num_52WeekLow="115.22"
num_50DayMovingAverage="199.94"
num_200DayMovingAverage="167.77"
SharesOutstanding="2068600"
DividendDate="None"
ExDividendDate="1996-06-14"
symbol="BH"
open="202.00"
high="204.26"
low="202.00"
price="203.50"
volume="1564.00"
latest_trading_day="2023-08-02"
previous_close="203.40"
change="0.10"
change_percent="0.0492%"
aroon_positive_momentum_days="99"
aroon_negative_momentum_days="0"
trend_strength="Strong Trend"
buying_signal="Weak Buy Signal"
volume_analysis="Target Volume"
value_analysis="Expected Range"
Aroon_change="FALSE"
Aroon_momentum="99"
Volume_recent_avg="2716"
Change_recent_avg="-0.06"
Delta_recent_avg="5.02"
Variance_recent_avg="2.51"
Change_ratio_recent_avg="-0.05"
RSI_change="FALSE"
ADX_change="FALSE"

event="FALSE"
Aroon_signal="positive"
Aroon_change="FALSE"
Aroon_momentum_positive="99"
Aroon_momentum_negative="1"
image_negative_thumbnail_id_1="1158"
image_negative_url_1="https://hehge.com/wp-content/uploads/sites/16/2023/06/MI_Finance_Negative_Landscape_0192.jpeg"
image_negative_thumbnail_id_2="106"
image_negative_url_2="https://hehge.com/wp-content/uploads/sites/16/2023/05/MI_Finance_Negative_Landscape_0070.jpeg"
image_neutral_thumbnail_id_1="538"
image_neutral_url_1="https://hehge.com/wp-content/uploads/sites/16/2023/06/MI_Finance_Neutral_Landscape_0061.jpeg"
image_neutral_thumbnail_id_2="533"
image_neutral_url_2="https://hehge.com/wp-content/uploads/sites/16/2023/06/MI_Finance_Neutral_Landscape_0066.jpeg"
image_positive_thumbnail_id_1="671"
image_positive_url_1="https://hehge.com/wp-content/uploads/sites/16/2023/06/MI_Finance_Positive_Landscape_0037.jpeg"
image_positive_thumbnail_id_2="616"
image_positive_url_2="https://hehge.com/wp-content/uploads/sites/16/2023/06/MI_Finance_Positive_Landscape_0092.jpeg"
image_professor_thumbnail_id_1="1195"
image_professor_url_1="https://hehge.com/wp-content/uploads/sites/16/2023/06/MI_Finance_Professor_Landscape_0029.jpeg"
image_professor_thumbnail_id_2="1172"
image_professor_url_2="https://hehge.com/wp-content/uploads/sites/16/2023/06/MI_Finance_Professor_Landscape_0006.jpeg"
