Symbol="ASAP"
AssetType="Common Stock"
Name="ASAP Inc."
Description="None"
CIK="1653247"
Exchange="NASDAQ"
Currency="USD"
Country="USA"
Sector="TRADE & SERVICES"
Industry="SERVICES-BUSINESS SERVICES, NEC"
Address="844 RYAN STREET, SUITE 300, LAKE CHARLES, LA, US"
FiscalYearEnd="December"
LatestQuarter="2023-03-31"
MarketCapitalization="2423700"
EBITDA="-21712000"
PERatio="None"
PEGRatio="None"
BookValue="-3.224"
DividendPerShare="0"
DividendYield="0"
EPS="-13.68"
RevenuePerShareTTM="8.96"
ProfitMargin="-1.466"
OperatingMarginTTM="-0.347"
ReturnOnAssetsTTM="-0.183"
ReturnOnEquityTTM="-12.56"
RevenueTTM="93465000"
GrossProfitTTM="51746000"
DilutedEPSTTM="-13.68"
QuarterlyEarningsGrowthYOY="0"
QuarterlyRevenueGrowthYOY="-0.523"
AnalystTargetPrice="40"
TrailingPE="-"
ForwardPE="-"
PriceToSalesRatioTTM="0.0382"
PriceToBookRatio="1.349"
EVToRevenue="0.351"
EVToEBITDA="-0.302"
Beta="0.618"
num_52WeekHigh="8.4"
num_52WeekLow="0.13"
num_50DayMovingAverage="0.201"
num_200DayMovingAverage="0.524"
SharesOutstanding="13502300"
DividendDate="None"
ExDividendDate="None"
symbol="ASAP"
open="0.17"
high="0.19"
low="0.17"
price="0.19"
volume="1869.00"
latest_trading_day="2023-08-09"
previous_close="0.18"
change="0.01"
change_percent="7.8830%"
aroon_positive_momentum_days="0"
aroon_negative_momentum_days="100"
trend_strength="Absent or Weak Trend"
buying_signal="Weak Sell Signal"
volume_analysis="Target Volume"
value_analysis="Expected Range"
Aroon_change="FALSE"
Aroon_momentum="0"
Volume_recent_avg="48729"
Change_recent_avg="0.01"
Delta_recent_avg="0.03"
Variance_recent_avg="0.02"
Change_ratio_recent_avg="0.86"
RSI_change="FALSE"
ADX_change="FALSE"
Aroon_signal="negative"
Aroon_change="FALSE"
Aroon_momentum_positive="0"
Aroon_momentum_negative="100"
image_negative_thumbnail_id_1="169"
image_negative_url_1="https://hehge.com/wp-content/uploads/sites/16/2023/05/MI_Finance_Negative_Landscape_0007.jpeg"
image_negative_thumbnail_id_2="170"
image_negative_url_2="https://hehge.com/wp-content/uploads/sites/16/2023/05/MI_Finance_Negative_Landscape_0006.jpeg"
image_neutral_thumbnail_id_1="576"
image_neutral_url_1="https://hehge.com/wp-content/uploads/sites/16/2023/06/MI_Finance_Neutral_Landscape_0023.jpeg"
image_neutral_thumbnail_id_2="595"
image_neutral_url_2="https://hehge.com/wp-content/uploads/sites/16/2023/06/MI_Finance_Neutral_Landscape_0004.jpeg"
image_positive_thumbnail_id_1="697"
image_positive_url_1="https://hehge.com/wp-content/uploads/sites/16/2023/06/MI_Finance_Positive_Landscape_0011.jpeg"
image_positive_thumbnail_id_2="977"
image_positive_url_2="https://hehge.com/wp-content/uploads/sites/16/2023/06/MI_Finance_Positive_Landscape_0139.jpeg"
image_professor_thumbnail_id_1="1175"
image_professor_url_1="https://hehge.com/wp-content/uploads/sites/16/2023/06/MI_Finance_Professor_Landscape_0009.jpeg"
image_professor_thumbnail_id_2="1170"
image_professor_url_2="https://hehge.com/wp-content/uploads/sites/16/2023/06/MI_Finance_Professor_Landscape_0004.jpeg"
