Symbol="CTOS"
AssetType="Common Stock"
Name="Custom Truck One Source Inc"
Description="Custom Truck One Source, Inc. provides specialized equipment rental services to the electrical, telecommunications, and railroad transmission and distribution industries in North America. The company is headquartered in Kansas City, Missouri."
CIK="1709682"
Exchange="NYSE"
Currency="USD"
Country="USA"
Sector="TRADE & SERVICES"
Industry="SERVICES-EQUIPMENT RENTAL & LEASING, NEC"
Address="6714 POINTE INVERNESS WAY, SUITE 220, FORT WAYNE, IN, US"
FiscalYearEnd="December"
LatestQuarter="2023-06-30"
MarketCapitalization="1663486000"
EBITDA="204423000"
PERatio="29.3"
PEGRatio="None"
BookValue="3.611"
DividendPerShare="0"
DividendYield="0"
EPS="0.23"
RevenuePerShareTTM="6.37"
ProfitMargin="0"
OperatingMarginTTM="0"
ReturnOnAssetsTTM="0.0341"
ReturnOnEquityTTM="0.0635"
RevenueTTM="1658773000"
GrossProfitTTM="383748000"
DilutedEPSTTM="0.23"
QuarterlyEarningsGrowthYOY="0"
QuarterlyRevenueGrowthYOY="0.234"
AnalystTargetPrice="9.6"
TrailingPE="29.3"
ForwardPE="26.74"
PriceToSalesRatioTTM="1.056"
PriceToBookRatio="1.837"
EVToRevenue="2.295"
EVToEBITDA="10.31"
Beta="0.655"
num_52WeekHigh="7.64"
num_52WeekLow="5.53"
num_50DayMovingAverage="6.82"
num_200DayMovingAverage="6.72"
SharesOutstanding="246086000"
DividendDate="None"
ExDividendDate="None"
symbol="CTOS"
open="7.00"
high="7.53"
low="6.73"
price="6.74"
volume="620436.00"
latest_trading_day="2023-08-09"
previous_close="6.62"
change="0.12"
change_percent="1.8127%"
aroon_positive_momentum_days="53"
aroon_negative_momentum_days="0"
trend_strength="Absent or Weak Trend"
buying_signal="Strong Buy Signal"
volume_analysis="Target Volume"
value_analysis="Expected Range"
Aroon_change="FALSE"
Aroon_momentum="53"
Volume_recent_avg="291202"
Change_recent_avg="-0.01"
Delta_recent_avg="0.2"
Variance_recent_avg="0.1"
Change_ratio_recent_avg="-0.23"
RSI_change="FALSE"
ADX_change="FALSE"

event="FALSE"
Aroon_signal="positive"
Aroon_change="FALSE"
Aroon_momentum_positive="53"
Aroon_momentum_negative="47"
image_negative_thumbnail_id_1="504"
image_negative_url_1="https://hehge.com/wp-content/uploads/sites/16/2023/06/MI_Finance_Negative_Landscape_0101.jpeg"
image_negative_thumbnail_id_2="120"
image_negative_url_2="https://hehge.com/wp-content/uploads/sites/16/2023/05/MI_Finance_Negative_Landscape_0056.jpeg"
image_neutral_thumbnail_id_1="554"
image_neutral_url_1="https://hehge.com/wp-content/uploads/sites/16/2023/06/MI_Finance_Neutral_Landscape_0045.jpeg"
image_neutral_thumbnail_id_2="593"
image_neutral_url_2="https://hehge.com/wp-content/uploads/sites/16/2023/06/MI_Finance_Neutral_Landscape_0006.jpeg"
image_positive_thumbnail_id_1="993"
image_positive_url_1="https://hehge.com/wp-content/uploads/sites/16/2023/06/MI_Finance_Positive_Landscape_0155.jpeg"
image_positive_thumbnail_id_2="1011"
image_positive_url_2="https://hehge.com/wp-content/uploads/sites/16/2023/06/MI_Finance_Positive_Landscape_0173.jpeg"
image_professor_thumbnail_id_1="1179"
image_professor_url_1="https://hehge.com/wp-content/uploads/sites/16/2023/06/MI_Finance_Professor_Landscape_0013.jpeg"
image_professor_thumbnail_id_2="1183"
image_professor_url_2="https://hehge.com/wp-content/uploads/sites/16/2023/06/MI_Finance_Professor_Landscape_0017.jpeg"
