Symbol="MEDP"
AssetType="Common Stock"
Name="Medpace Holdings Inc"
Description="Medpace Holdings, Inc. provides clinical research-based drug and medical device development services in North America, Europe, and Asia. The company is headquartered in Cincinnati, Ohio."
CIK="1668397"
Exchange="NASDAQ"
Currency="USD"
Country="USA"
Sector="TRADE & SERVICES"
Industry="SERVICES-COMMERCIAL PHYSICAL & BIOLOGICAL RESEARCH"
Address="5375 MEDPACE WAY, CINCINNATI, OH, US"
FiscalYearEnd="December"
LatestQuarter="2023-03-31"
MarketCapitalization="7425006000"
EBITDA="323889000"
PERatio="30.13"
PEGRatio="1.97"
BookValue="11.37"
DividendPerShare="0"
DividendYield="0"
EPS="8.08"
RevenuePerShareTTM="49.76"
ProfitMargin="0.164"
OperatingMarginTTM="0.192"
ReturnOnAssetsTTM="0.137"
ReturnOnEquityTTM="0.54"
RevenueTTM="1563123000"
GrossProfitTTM="925109000"
DilutedEPSTTM="8.08"
QuarterlyEarningsGrowthYOY="0.343"
QuarterlyRevenueGrowthYOY="0.312"
AnalystTargetPrice="224.75"
TrailingPE="30.13"
ForwardPE="26.95"
PriceToSalesRatioTTM="4.563"
PriceToBookRatio="18.72"
EVToRevenue="4.946"
EVToEBITDA="23.78"
Beta="1.377"
num_52WeekHigh="244.03"
num_52WeekLow="141.3"
num_50DayMovingAverage="216.57"
num_200DayMovingAverage="203.9"
SharesOutstanding="30499100"
DividendDate="None"
ExDividendDate="None"
symbol="MEDP"
open="241.95"
high="244.03"
low="238.84"
price="241.82"
volume="244575.00"
latest_trading_day="2023-07-12"
previous_close="238.57"
change="3.25"
change_percent="1.3623%"
aroon_positive_momentum_days="47"
aroon_negative_momentum_days="0"
trend_strength="Absent or Weak Trend"
buying_signal="Strong Buy Signal"
volume_analysis="Target Volume"
value_analysis="Expected Range"
Aroon_change="FALSE"
Aroon_momentum="47"
Volume_recent_avg="375632"
Change_recent_avg="-0.23"
Delta_recent_avg="6.3"
Variance_recent_avg="3.15"
Change_ratio_recent_avg="-0.15"
RSI_change="FALSE"
ADX_change="FALSE"

event="FALSE"
Aroon_signal="positive"
Aroon_change="FALSE"
Aroon_momentum_positive="47"
Aroon_momentum_negative="53"
image_negative_thumbnail_id_1="1106"
image_negative_url_1="https://hehge.com/wp-content/uploads/sites/16/2023/06/MI_Finance_Negative_Landscape_0139.jpeg"
image_negative_thumbnail_id_2="1104"
image_negative_url_2="https://hehge.com/wp-content/uploads/sites/16/2023/06/MI_Finance_Negative_Landscape_0137.jpeg"
image_neutral_thumbnail_id_1="522"
image_neutral_url_1="https://hehge.com/wp-content/uploads/sites/16/2023/06/MI_Finance_Neutral_Landscape_0077.jpeg"
image_neutral_thumbnail_id_2="530"
image_neutral_url_2="https://hehge.com/wp-content/uploads/sites/16/2023/06/MI_Finance_Neutral_Landscape_0069.jpeg"
image_positive_thumbnail_id_1="986"
image_positive_url_1="https://hehge.com/wp-content/uploads/sites/16/2023/06/MI_Finance_Positive_Landscape_0148.jpeg"
image_positive_thumbnail_id_2="705"
image_positive_url_2="https://hehge.com/wp-content/uploads/sites/16/2023/06/MI_Finance_Positive_Landscape_0003.jpeg"
image_professor_thumbnail_id_1="1199"
image_professor_url_1="https://hehge.com/wp-content/uploads/sites/16/2023/06/MI_Finance_Professor_Landscape_0033.jpeg"
image_professor_thumbnail_id_2="1169"
image_professor_url_2="https://hehge.com/wp-content/uploads/sites/16/2023/06/MI_Finance_Professor_Landscape_0003.jpeg"
