Symbol="TITN"
AssetType="Common Stock"
Name="Titan Machinery Inc"
Description="Titan Machinery Inc. owns and operates a network of full-service agricultural and construction equipment stores in the United States and Europe. The company is headquartered in West Fargo, North Dakota."
CIK="1409171"
Exchange="NASDAQ"
Currency="USD"
Country="USA"
Sector="TRADE & SERVICES"
Industry="RETAIL-RETAIL STORES, NEC"
Address="644 EAST BEATON DRIVE, WEST FARGO, ND, US"
FiscalYearEnd="January"
LatestQuarter="2023-04-30"
MarketCapitalization="720012000"
EBITDA="177967000"
PERatio="5.95"
PEGRatio="-2.8"
BookValue="25.19"
DividendPerShare="0"
DividendYield="0"
EPS="5.26"
RevenuePerShareTTM="103.45"
ProfitMargin="0.048"
OperatingMarginTTM="0.0652"
ReturnOnAssetsTTM="0.0791"
ReturnOnEquityTTM="0.219"
RevenueTTM="2317930000"
GrossProfitTTM="439839000"
DilutedEPSTTM="5.26"
QuarterlyEarningsGrowthYOY="0.53"
QuarterlyRevenueGrowthYOY="0.236"
AnalystTargetPrice="41.2"
TrailingPE="5.95"
ForwardPE="-"
PriceToSalesRatioTTM="0.41"
PriceToBookRatio="1.818"
EVToRevenue="0.616"
EVToEBITDA="7.71"
Beta="1.679"
num_52WeekHigh="47.87"
num_52WeekLow="24.9"
num_50DayMovingAverage="30.12"
num_200DayMovingAverage="35.16"
SharesOutstanding="22667200"
DividendDate="None"
ExDividendDate="None"
symbol="TITN"
open="31.85"
high="32.39"
low="31.45"
price="32.08"
volume="153971.00"
latest_trading_day="2023-07-25"
previous_close="31.28"
change="0.80"
change_percent="2.5575%"
aroon_positive_momentum_days="0"
aroon_negative_momentum_days="90"
trend_strength="Absent or Weak Trend"
buying_signal="High Volatility / Hold Signal"
volume_analysis="Target Volume"
value_analysis="Expected Range"
Aroon_change="FALSE"
Aroon_momentum="10"
Volume_recent_avg="314759"
Change_recent_avg="-0.08"
Delta_recent_avg="1.32"
Variance_recent_avg="0.66"
Change_ratio_recent_avg="-0.26"
RSI_change="FALSE"
ADX_change="FALSE"

event="FALSE"
Aroon_signal="negative"
Aroon_change="FALSE"
Aroon_momentum_positive="10"
Aroon_momentum_negative="90"
image_negative_thumbnail_id_1="1089"
image_negative_url_1="https://hehge.com/wp-content/uploads/sites/16/2023/06/MI_Finance_Negative_Landscape_0122.jpeg"
image_negative_thumbnail_id_2="1127"
image_negative_url_2="https://hehge.com/wp-content/uploads/sites/16/2023/06/MI_Finance_Negative_Landscape_0160.jpeg"
image_neutral_thumbnail_id_1="522"
image_neutral_url_1="https://hehge.com/wp-content/uploads/sites/16/2023/06/MI_Finance_Neutral_Landscape_0077.jpeg"
image_neutral_thumbnail_id_2="591"
image_neutral_url_2="https://hehge.com/wp-content/uploads/sites/16/2023/06/MI_Finance_Neutral_Landscape_0008.jpeg"
image_positive_thumbnail_id_1="658"
image_positive_url_1="https://hehge.com/wp-content/uploads/sites/16/2023/06/MI_Finance_Positive_Landscape_0050.jpeg"
image_positive_thumbnail_id_2="680"
image_positive_url_2="https://hehge.com/wp-content/uploads/sites/16/2023/06/MI_Finance_Positive_Landscape_0028.jpeg"
image_professor_thumbnail_id_1="1189"
image_professor_url_1="https://hehge.com/wp-content/uploads/sites/16/2023/06/MI_Finance_Professor_Landscape_0023.jpeg"
image_professor_thumbnail_id_2="1195"
image_professor_url_2="https://hehge.com/wp-content/uploads/sites/16/2023/06/MI_Finance_Professor_Landscape_0029.jpeg"
