Symbol="EXPR"
AssetType="Common Stock"
Name="Express Inc"
Description="Express, Inc. offers women's and men's apparel and accessories for various occasions under the Express brand. The company is headquartered in Columbus, Ohio."
CIK="1483510"
Exchange="NYSE"
Currency="USD"
Country="USA"
Sector="TRADE & SERVICES"
Industry="RETAIL-APPAREL & ACCESSORY STORES"
Address="1 EXPRESS DRIVE, COLUMBUS, OH, US"
FiscalYearEnd="January"
LatestQuarter="2023-04-30"
MarketCapitalization="45874700"
EBITDA="-64890000"
PERatio="0.177"
PEGRatio="1.14"
BookValue="3.16"
DividendPerShare="0"
DividendYield="0"
EPS="3.47"
RevenuePerShareTTM="25.77"
ProfitMargin="0.129"
OperatingMarginTTM="-0.0703"
ReturnOnAssetsTTM="-0.0611"
ReturnOnEquityTTM="2.06"
RevenueTTM="1796654000"
GrossProfitTTM="528594000"
DilutedEPSTTM="3.47"
QuarterlyEarningsGrowthYOY="45.02"
QuarterlyRevenueGrowthYOY="-0.15"
AnalystTargetPrice="2"
TrailingPE="0.177"
ForwardPE="7.08"
PriceToSalesRatioTTM="0.0383"
PriceToBookRatio="187.22"
EVToRevenue="0.468"
EVToEBITDA="20.57"
Beta="1.716"
num_52WeekHigh="2.7"
num_52WeekLow="0.55"
num_50DayMovingAverage="0.696"
num_200DayMovingAverage="0.978"
SharesOutstanding="74593000"
DividendDate="2010-12-23"
ExDividendDate="2010-12-14"
symbol="EXPR"
open="0.61"
high="0.65"
low="0.61"
price="0.61"
volume="1210617.00"
latest_trading_day="2023-07-07"
previous_close="0.60"
change="0.01"
change_percent="1.6529%"
aroon_positive_momentum_days="0"
aroon_negative_momentum_days="90"
trend_strength="Absent or Weak Trend"
buying_signal="Weak Sell Signal"
volume_analysis="Target Volume"
value_analysis="Expected Range"
Aroon_change="FALSE"
Aroon_momentum="10"
Volume_recent_avg="1364396"
Change_recent_avg="-0.01"
Delta_recent_avg="0.05"
Variance_recent_avg="0.03"
Change_ratio_recent_avg="-0.86"
RSI_change="FALSE"
ADX_change="FALSE"

event="FALSE"
Aroon_signal="negative"
Aroon_change="FALSE"
Aroon_momentum_positive="10"
Aroon_momentum_negative="90"
image_negative_thumbnail_id_1="93"
image_negative_url_1="https://hehge.com/wp-content/uploads/sites/16/2023/05/MI_Finance_Negative_Landscape_0083.jpeg"
image_negative_thumbnail_id_2="509"
image_negative_url_2="https://hehge.com/wp-content/uploads/sites/16/2023/06/MI_Finance_Negative_Landscape_0096.jpeg"
image_neutral_thumbnail_id_1="568"
image_neutral_url_1="https://hehge.com/wp-content/uploads/sites/16/2023/06/MI_Finance_Neutral_Landscape_0031.jpeg"
image_neutral_thumbnail_id_2="552"
image_neutral_url_2="https://hehge.com/wp-content/uploads/sites/16/2023/06/MI_Finance_Neutral_Landscape_0047.jpeg"
image_positive_thumbnail_id_1="965"
image_positive_url_1="https://hehge.com/wp-content/uploads/sites/16/2023/06/MI_Finance_Positive_Landscape_0127.jpeg"
image_positive_thumbnail_id_2="679"
image_positive_url_2="https://hehge.com/wp-content/uploads/sites/16/2023/06/MI_Finance_Positive_Landscape_0029.jpeg"
image_professor_thumbnail_id_1="1182"
image_professor_url_1="https://hehge.com/wp-content/uploads/sites/16/2023/06/MI_Finance_Professor_Landscape_0016.jpeg"
image_professor_thumbnail_id_2="1186"
image_professor_url_2="https://hehge.com/wp-content/uploads/sites/16/2023/06/MI_Finance_Professor_Landscape_0020.jpeg"
