Symbol="XELAP"
AssetType="Preferred Stock"
Name="Exela Technologies Inc Preferred Series B"
Description="Exela Technologies, Inc. provides transaction processing solutions, enterprise information management, document management, and digital business process services globally. The company is headquartered in Irving, Texas."
CIK="1620179"
Exchange="NASDAQ"
Currency="USD"
Country="USA"
Sector="TRADE & SERVICES"
Industry="SERVICES-BUSINESS SERVICES, NEC"
Address="2701 EAST GRAUWYLER RD., IRVING, TX, US"
FiscalYearEnd="December"
LatestQuarter="2023-06-30"
MarketCapitalization="None"
EBITDA="40931000"
PERatio="None"
PEGRatio="None"
BookValue="-128.35"
DividendPerShare="0"
DividendYield="0.484"
EPS="-0.857"
RevenuePerShareTTM="353.03"
ProfitMargin="-0.33"
OperatingMarginTTM="-0.0232"
ReturnOnAssetsTTM="-0.0191"
ReturnOnEquityTTM="0"
RevenueTTM="1077547000"
GrossProfitTTM="277511000"
DilutedEPSTTM="-0.857"
QuarterlyEarningsGrowthYOY="0"
QuarterlyRevenueGrowthYOY="0.023"
AnalystTargetPrice="None"
TrailingPE="-"
ForwardPE="-"
PriceToSalesRatioTTM="-"
PriceToBookRatio="-"
EVToRevenue="-"
EVToEBITDA="-"
Beta="1.712"
num_52WeekHigh="1148"
num_52WeekLow="1.68"
num_50DayMovingAverage="3.723"
num_200DayMovingAverage="2.76"
SharesOutstanding="0"
DividendDate="2022-09-30"
ExDividendDate="2022-09-19"
symbol="XELAP"
open="3.12"
high="3.40"
low="3.12"
price="3.25"
volume="1544.00"
latest_trading_day="2023-08-25"
previous_close="3.10"
change="0.15"
change_percent="4.8387%"
aroon_positive_momentum_days="47"
aroon_negative_momentum_days="0"
trend_strength="Strong Trend"
buying_signal="Weak Buy Signal"
volume_analysis="Target Volume"
value_analysis="Expected Range"
Aroon_change="FALSE"
Aroon_momentum="47"
Volume_recent_avg="8949"
Change_recent_avg="0.05"
Delta_recent_avg="0.29"
Variance_recent_avg="0.15"
Change_ratio_recent_avg="1.23"
RSI_change="FALSE"
ADX_change="FALSE"

event="FALSE"
Aroon_signal="positive"
Aroon_change="FALSE"
Aroon_momentum_positive="47"
Aroon_momentum_negative="53"
image_negative_thumbnail_id_1="103"
image_negative_url_1="https://hehge.com/wp-content/uploads/sites/16/2023/05/MI_Finance_Negative_Landscape_0073.jpeg"
image_negative_thumbnail_id_2="1090"
image_negative_url_2="https://hehge.com/wp-content/uploads/sites/16/2023/06/MI_Finance_Negative_Landscape_0123.jpeg"
image_neutral_thumbnail_id_1="587"
image_neutral_url_1="https://hehge.com/wp-content/uploads/sites/16/2023/06/MI_Finance_Neutral_Landscape_0012.jpeg"
image_neutral_thumbnail_id_2="563"
image_neutral_url_2="https://hehge.com/wp-content/uploads/sites/16/2023/06/MI_Finance_Neutral_Landscape_0036.jpeg"
image_positive_thumbnail_id_1="628"
image_positive_url_1="https://hehge.com/wp-content/uploads/sites/16/2023/06/MI_Finance_Positive_Landscape_0080.jpeg"
image_positive_thumbnail_id_2="658"
image_positive_url_2="https://hehge.com/wp-content/uploads/sites/16/2023/06/MI_Finance_Positive_Landscape_0050.jpeg"
image_professor_thumbnail_id_1="1182"
image_professor_url_1="https://hehge.com/wp-content/uploads/sites/16/2023/06/MI_Finance_Professor_Landscape_0016.jpeg"
image_professor_thumbnail_id_2="1179"
image_professor_url_2="https://hehge.com/wp-content/uploads/sites/16/2023/06/MI_Finance_Professor_Landscape_0013.jpeg"
