Symbol="FERG"
AssetType="Common Stock"
Name="Ferguson Plc"
Description="Ferguson plc distributes plumbing and heating products in the United States, the United Kingdom, Canada and Central Europe. The company is headquartered in Wokingham, the United Kingdom."
CIK="1832433"
Exchange="NYSE"
Currency="USD"
Country="USA"
Sector="TRADE & SERVICES"
Industry="WHOLESALE-HARDWARE & PLUMBING & HEATING EQUIPMENT & SUPPLIES"
Address="1020 ESKDALE ROAD, WINNERSH TRIANGLE, WOKINGHAM, GB"
FiscalYearEnd="July"
LatestQuarter="2023-04-30"
MarketCapitalization="31658422000"
EBITDA="3146000000"
PERatio="17.73"
PEGRatio="4.294"
BookValue="23.06"
DividendPerShare="4.16"
DividendYield="0.0266"
EPS="8.73"
RevenuePerShareTTM="143.32"
ProfitMargin="0.0631"
OperatingMarginTTM="0.0946"
ReturnOnAssetsTTM="0.115"
ReturnOnEquityTTM="0.409"
RevenueTTM="29867000000"
GrossProfitTTM="8756000000"
DilutedEPSTTM="8.73"
QuarterlyEarningsGrowthYOY="-0.348"
QuarterlyRevenueGrowthYOY="-0.02"
AnalystTargetPrice="155.12"
TrailingPE="17.73"
ForwardPE="13.35"
PriceToSalesRatioTTM="0.885"
PriceToBookRatio="5.22"
EVToRevenue="1.049"
EVToEBITDA="9.66"
Beta="1.197"
num_52WeekHigh="158.54"
num_52WeekLow="95.88"
num_50DayMovingAverage="147.19"
num_200DayMovingAverage="131.83"
SharesOutstanding="204525000"
DividendDate="2023-08-04"
ExDividendDate="2023-06-15"
symbol="FERG"
open="151.53"
high="155.20"
low="151.26"
price="154.79"
volume="1657356.00"
latest_trading_day="2023-07-07"
previous_close="151.50"
change="3.29"
change_percent="2.1716%"
aroon_positive_momentum_days="69"
aroon_negative_momentum_days="0"
trend_strength="Absent or Weak Trend"
buying_signal="Strong Buy Signal"
volume_analysis="Target Volume"
value_analysis="Expected Range"
Aroon_change="FALSE"
Aroon_momentum="69"
Volume_recent_avg="1455313"
Change_recent_avg="0.28"
Delta_recent_avg="2.58"
Variance_recent_avg="1.29"
Change_ratio_recent_avg="0.19"
RSI_change="FALSE"
ADX_change="FALSE"

event="FALSE"
Aroon_signal="positive"
Aroon_change="FALSE"
Aroon_momentum_positive="69"
Aroon_momentum_negative="31"
image_negative_thumbnail_id_1="157"
image_negative_url_1="https://hehge.com/wp-content/uploads/sites/16/2023/05/MI_Finance_Negative_Landscape_0019.jpeg"
image_negative_thumbnail_id_2="171"
image_negative_url_2="https://hehge.com/wp-content/uploads/sites/16/2023/05/MI_Finance_Negative_Landscape_0005.jpeg"
image_neutral_thumbnail_id_1="571"
image_neutral_url_1="https://hehge.com/wp-content/uploads/sites/16/2023/06/MI_Finance_Neutral_Landscape_0028.jpeg"
image_neutral_thumbnail_id_2="581"
image_neutral_url_2="https://hehge.com/wp-content/uploads/sites/16/2023/06/MI_Finance_Neutral_Landscape_0018.jpeg"
image_positive_thumbnail_id_1="705"
image_positive_url_1="https://hehge.com/wp-content/uploads/sites/16/2023/06/MI_Finance_Positive_Landscape_0003.jpeg"
image_positive_thumbnail_id_2="599"
image_positive_url_2="https://hehge.com/wp-content/uploads/sites/16/2023/06/MI_Finance_Positive_Landscape_0109.jpeg"
image_professor_thumbnail_id_1="1188"
image_professor_url_1="https://hehge.com/wp-content/uploads/sites/16/2023/06/MI_Finance_Professor_Landscape_0022.jpeg"
image_professor_thumbnail_id_2="1184"
image_professor_url_2="https://hehge.com/wp-content/uploads/sites/16/2023/06/MI_Finance_Professor_Landscape_0018.jpeg"
