Symbol="SLGC"
AssetType="Common Stock"
Name="Somalogic Inc"
Description="None"
CIK="1837412"
Exchange="NASDAQ"
Currency="USD"
Country="USA"
Sector="TRADE & SERVICES"
Industry="SERVICES-COMMERCIAL PHYSICAL & BIOLOGICAL RESEARCH"
Address="C/O CORVEX MANAGEMENT LP, 667 MADISON AVENUE, NEW YORK, NY, US"
FiscalYearEnd="December"
LatestQuarter="2023-03-31"
MarketCapitalization="449361000"
EBITDA="-166707008"
PERatio="None"
PEGRatio="None"
BookValue="2.848"
DividendPerShare="0"
DividendYield="0"
EPS="-0.75"
RevenuePerShareTTM="0.514"
ProfitMargin="-1.466"
OperatingMarginTTM="-1.812"
ReturnOnAssetsTTM="-0.162"
ReturnOnEquityTTM="-0.242"
RevenueTTM="95065000"
GrossProfitTTM="-11271000"
DilutedEPSTTM="-0.75"
QuarterlyEarningsGrowthYOY="0"
QuarterlyRevenueGrowthYOY="-0.113"
AnalystTargetPrice="5.63"
TrailingPE="-"
ForwardPE="-"
PriceToSalesRatioTTM="4.42"
PriceToBookRatio="0.753"
EVToRevenue="2.804"
EVToEBITDA="-3.557"
Beta="1.645"
num_52WeekHigh="5.6"
num_52WeekLow="1.98"
num_50DayMovingAverage="2.709"
num_200DayMovingAverage="2.81"
SharesOutstanding="187945000"
DividendDate="None"
ExDividendDate="None"
symbol="SLGC"
open="2.39"
high="2.54"
low="2.38"
price="2.39"
volume="644365.00"
latest_trading_day="2023-07-13"
previous_close="2.36"
change="0.03"
change_percent="1.2712%"
aroon_positive_momentum_days="0"
aroon_negative_momentum_days="44"
trend_strength="Absent or Weak Trend"
buying_signal="Weak Sell Signal"
volume_analysis="Target Volume"
value_analysis="Expected Range"
Aroon_change="FALSE"
Aroon_momentum="56"
Volume_recent_avg="1059966"
Change_recent_avg="-0.01"
Delta_recent_avg="0.17"
Variance_recent_avg="0.08"
Change_ratio_recent_avg="-0.44"
RSI_change="FALSE"
ADX_change="FALSE"

event="FALSE"
Aroon_signal="negative"
Aroon_change="FALSE"
Aroon_momentum_positive="56"
Aroon_momentum_negative="44"
image_negative_thumbnail_id_1="117"
image_negative_url_1="https://hehge.com/wp-content/uploads/sites/16/2023/05/MI_Finance_Negative_Landscape_0059.jpeg"
image_negative_thumbnail_id_2="1162"
image_negative_url_2="https://hehge.com/wp-content/uploads/sites/16/2023/06/MI_Finance_Negative_Landscape_0196.jpeg"
image_neutral_thumbnail_id_1="526"
image_neutral_url_1="https://hehge.com/wp-content/uploads/sites/16/2023/06/MI_Finance_Neutral_Landscape_0073.jpeg"
image_neutral_thumbnail_id_2="538"
image_neutral_url_2="https://hehge.com/wp-content/uploads/sites/16/2023/06/MI_Finance_Neutral_Landscape_0061.jpeg"
image_positive_thumbnail_id_1="699"
image_positive_url_1="https://hehge.com/wp-content/uploads/sites/16/2023/06/MI_Finance_Positive_Landscape_0009.jpeg"
image_positive_thumbnail_id_2="678"
image_positive_url_2="https://hehge.com/wp-content/uploads/sites/16/2023/06/MI_Finance_Positive_Landscape_0030.jpeg"
image_professor_thumbnail_id_1="1200"
image_professor_url_1="https://hehge.com/wp-content/uploads/sites/16/2023/06/MI_Finance_Professor_Landscape_0034.jpeg"
image_professor_thumbnail_id_2="1179"
image_professor_url_2="https://hehge.com/wp-content/uploads/sites/16/2023/06/MI_Finance_Professor_Landscape_0013.jpeg"
