Symbol="WNS"
AssetType="Common Stock"
Name="WNS Holdings Ltd"
Description="WNS (Holdings) Limited, a business process management (BPM) company, provides voice, data, analytics and business transformation services globally. The company is headquartered in Mumbai, India."
CIK="1356570"
Exchange="NYSE"
Currency="USD"
Country="USA"
Sector="TRADE & SERVICES"
Industry="SERVICES-BUSINESS SERVICES, NEC"
Address="GATE 4, GODREJ & BOYCE COMPLEX, PIROJSHANAGAR, VIKHROLI (W), MUMBAI, IN"
FiscalYearEnd="March"
LatestQuarter="2023-06-30"
MarketCapitalization="3249726000"
EBITDA="213410000"
PERatio="25.43"
PEGRatio="1.419"
BookValue="16.57"
DividendPerShare="0"
DividendYield="0"
EPS="2.648"
RevenuePerShareTTM="25.37"
ProfitMargin="0"
OperatingMarginTTM="0"
ReturnOnAssetsTTM="0.0822"
ReturnOnEquityTTM="18.35"
RevenueTTM="1224262000"
GrossProfitTTM="374600000"
DilutedEPSTTM="2.68"
QuarterlyEarningsGrowthYOY="-0.052"
QuarterlyRevenueGrowthYOY="0.054"
AnalystTargetPrice="95.13"
TrailingPE="25.6"
ForwardPE="19.88"
PriceToSalesRatioTTM="3.228"
PriceToBookRatio="5.72"
EVToRevenue="3.371"
EVToEBITDA="19.97"
Beta="1.16"
num_52WeekHigh="94.96"
num_52WeekLow="67.34"
num_50DayMovingAverage="73.15"
num_200DayMovingAverage="82.07"
SharesOutstanding="47358300"
DividendDate="None"
ExDividendDate="None"
symbol="WNS"
open="69.07"
high="70.56"
low="67.74"
price="68.62"
volume="213207.00"
latest_trading_day="2023-07-28"
previous_close="69.07"
change="-0.45"
change_percent="-0.6515%"
aroon_positive_momentum_days="0"
aroon_negative_momentum_days="59"
trend_strength="Absent or Weak Trend"
buying_signal="Strong Sell Signal"
volume_analysis="Target Volume"
value_analysis="Expected Range"
Aroon_change="FALSE"
Aroon_momentum="41"
Volume_recent_avg="304912"
Change_recent_avg="-0.31"
Delta_recent_avg="2.18"
Variance_recent_avg="1.09"
Change_ratio_recent_avg="-0.42"
RSI_change="FALSE"
ADX_change="FALSE"

event="FALSE"
Aroon_signal="negative"
Aroon_change="FALSE"
Aroon_momentum_positive="41"
Aroon_momentum_negative="59"
image_negative_thumbnail_id_1="173"
image_negative_url_1="https://hehge.com/wp-content/uploads/sites/16/2023/05/MI_Finance_Negative_Landscape_0003.jpeg"
image_negative_thumbnail_id_2="1128"
image_negative_url_2="https://hehge.com/wp-content/uploads/sites/16/2023/06/MI_Finance_Negative_Landscape_0161.jpeg"
image_neutral_thumbnail_id_1="550"
image_neutral_url_1="https://hehge.com/wp-content/uploads/sites/16/2023/06/MI_Finance_Neutral_Landscape_0049.jpeg"
image_neutral_thumbnail_id_2="597"
image_neutral_url_2="https://hehge.com/wp-content/uploads/sites/16/2023/06/MI_Finance_Neutral_Landscape_0002.jpeg"
image_positive_thumbnail_id_1="685"
image_positive_url_1="https://hehge.com/wp-content/uploads/sites/16/2023/06/MI_Finance_Positive_Landscape_0023.jpeg"
image_positive_thumbnail_id_2="686"
image_positive_url_2="https://hehge.com/wp-content/uploads/sites/16/2023/06/MI_Finance_Positive_Landscape_0022.jpeg"
image_professor_thumbnail_id_1="1200"
image_professor_url_1="https://hehge.com/wp-content/uploads/sites/16/2023/06/MI_Finance_Professor_Landscape_0034.jpeg"
image_professor_thumbnail_id_2="1197"
image_professor_url_2="https://hehge.com/wp-content/uploads/sites/16/2023/06/MI_Finance_Professor_Landscape_0031.jpeg"
