Symbol="MTN"
AssetType="Common Stock"
Name="Vail Resorts Inc"
Description="Vail Resorts, Inc. operates mountain resorts and urban ski areas in the United States. The company is headquartered in Broomfield, Colorado."
CIK="812011"
Exchange="NYSE"
Currency="USD"
Country="USA"
Sector="TRADE & SERVICES"
Industry="SERVICES-MISCELLANEOUS AMUSEMENT & RECREATION"
Address="390 INTERLOCKEN CRESCENT, SUITE 1000, BROOMFIELD, CO, US"
FiscalYearEnd="July"
LatestQuarter="2023-04-30"
MarketCapitalization="8663690000"
EBITDA="858349000"
PERatio="31.04"
PEGRatio="2"
BookValue="33.04"
DividendPerShare="7.79"
DividendYield="0.0357"
EPS="7.24"
RevenuePerShareTTM="71.92"
ProfitMargin="0.0998"
OperatingMarginTTM="0.206"
ReturnOnAssetsTTM="0.0591"
ReturnOnEquityTTM="0.169"
RevenueTTM="2886732000"
GrossProfitTTM="1227124000"
DilutedEPSTTM="7.24"
QuarterlyEarningsGrowthYOY="-0.107"
QuarterlyRevenueGrowthYOY="0.052"
AnalystTargetPrice="258.75"
TrailingPE="31.04"
ForwardPE="33.0"
PriceToSalesRatioTTM="3.933"
PriceToBookRatio="8.36"
EVToRevenue="4.73"
EVToEBITDA="14.51"
Beta="1.202"
num_52WeekHigh="262.62"
num_52WeekLow="195.0"
num_50DayMovingAverage="241.71"
num_200DayMovingAverage="241.51"
SharesOutstanding="38553700"
DividendDate="2023-07-12"
ExDividendDate="2023-06-26"
symbol="MTN"
open="223.53"
high="226.82"
low="223.53"
price="224.94"
volume="202049.00"
latest_trading_day="2023-08-18"
previous_close="224.40"
change="0.54"
change_percent="0.2406%"
aroon_positive_momentum_days="0"
aroon_negative_momentum_days="41"
trend_strength="Absent or Weak Trend"
buying_signal="Strong Sell Signal"
volume_analysis="Target Volume"
value_analysis="Expected Range"
Aroon_change="FALSE"
Aroon_momentum="59"
Volume_recent_avg="335836"
Change_recent_avg="0.17"
Delta_recent_avg="4.55"
Variance_recent_avg="2.28"
Change_ratio_recent_avg="0.06"
RSI_change="FALSE"
ADX_change="FALSE"

event="FALSE"
Aroon_signal="negative"
Aroon_change="FALSE"
Aroon_momentum_positive="59"
Aroon_momentum_negative="41"
image_negative_thumbnail_id_1="517"
image_negative_url_1="https://hehge.com/wp-content/uploads/sites/16/2023/06/MI_Finance_Negative_Landscape_0088.jpeg"
image_negative_thumbnail_id_2="495"
image_negative_url_2="https://hehge.com/wp-content/uploads/sites/16/2023/06/MI_Finance_Negative_Landscape_0110.jpeg"
image_neutral_thumbnail_id_1="526"
image_neutral_url_1="https://hehge.com/wp-content/uploads/sites/16/2023/06/MI_Finance_Neutral_Landscape_0073.jpeg"
image_neutral_thumbnail_id_2="535"
image_neutral_url_2="https://hehge.com/wp-content/uploads/sites/16/2023/06/MI_Finance_Neutral_Landscape_0064.jpeg"
image_positive_thumbnail_id_1="1002"
image_positive_url_1="https://hehge.com/wp-content/uploads/sites/16/2023/06/MI_Finance_Positive_Landscape_0164.jpeg"
image_positive_thumbnail_id_2="676"
image_positive_url_2="https://hehge.com/wp-content/uploads/sites/16/2023/06/MI_Finance_Positive_Landscape_0032.jpeg"
image_professor_thumbnail_id_1="1197"
image_professor_url_1="https://hehge.com/wp-content/uploads/sites/16/2023/06/MI_Finance_Professor_Landscape_0031.jpeg"
image_professor_thumbnail_id_2="1193"
image_professor_url_2="https://hehge.com/wp-content/uploads/sites/16/2023/06/MI_Finance_Professor_Landscape_0027.jpeg"
