Symbol="DRI"
AssetType="Common Stock"
Name="Darden Restaurants Inc"
Description="Darden Restaurants, Inc. is an American multi-brand restaurant operator headquartered in Orlando."
CIK="940944"
Exchange="NYSE"
Currency="USD"
Country="USA"
Sector="TRADE & SERVICES"
Industry="RETAIL-EATING PLACES"
Address="1000 DARDEN CENTER DRIVE, ORLANDO, FL, US"
FiscalYearEnd="May"
LatestQuarter="2023-05-31"
MarketCapitalization="19430685000"
EBITDA="1560400000"
PERatio="20.09"
PEGRatio="2.236"
BookValue="18.18"
DividendPerShare="4.84"
DividendYield="0.0327"
EPS="7.99"
RevenuePerShareTTM="86.04"
ProfitMargin="0.0936"
OperatingMarginTTM="0.114"
ReturnOnAssetsTTM="0.0731"
ReturnOnEquityTTM="0.447"
RevenueTTM="10487800000"
GrossProfitTTM="1995000000"
DilutedEPSTTM="7.99"
QuarterlyEarningsGrowthYOY="0.148"
QuarterlyRevenueGrowthYOY="0.064"
AnalystTargetPrice="174.44"
TrailingPE="20.09"
ForwardPE="18.59"
PriceToSalesRatioTTM="1.79"
PriceToBookRatio="8.54"
EVToRevenue="2.24"
EVToEBITDA="14.61"
Beta="1.229"
num_52WeekHigh="173.06"
num_52WeekLow="116.26"
num_50DayMovingAverage="165.64"
num_200DayMovingAverage="152.22"
SharesOutstanding="121071000"
DividendDate="2023-08-01"
ExDividendDate="2023-07-07"
symbol="DRI"
open="163.06"
high="163.19"
low="159.62"
price="160.49"
volume="1169099.00"
latest_trading_day="2023-08-11"
previous_close="163.57"
change="-3.08"
change_percent="-1.8830%"
aroon_positive_momentum_days="100"
aroon_negative_momentum_days="0"
trend_strength="Absent or Weak Trend"
buying_signal="Strong Buy Signal"
volume_analysis="Target Volume"
value_analysis="Expected Range"
Aroon_change="FALSE"
Aroon_momentum="100"
Volume_recent_avg="1273849"
Change_recent_avg="0.05"
Delta_recent_avg="2.63"
Variance_recent_avg="1.31"
Change_ratio_recent_avg="0.02"
RSI_change="FALSE"
ADX_change="FALSE"
Aroon_signal="positive"
Aroon_change="FALSE"
Aroon_momentum_positive="100"
Aroon_momentum_negative="0"
image_negative_thumbnail_id_1="487"
image_negative_url_1="https://hehge.com/wp-content/uploads/sites/16/2023/06/MI_Finance_Negative_Landscape_0118.jpeg"
image_negative_thumbnail_id_2="489"
image_negative_url_2="https://hehge.com/wp-content/uploads/sites/16/2023/06/MI_Finance_Negative_Landscape_0116.jpeg"
image_neutral_thumbnail_id_1="592"
image_neutral_url_1="https://hehge.com/wp-content/uploads/sites/16/2023/06/MI_Finance_Neutral_Landscape_0007.jpeg"
image_neutral_thumbnail_id_2="577"
image_neutral_url_2="https://hehge.com/wp-content/uploads/sites/16/2023/06/MI_Finance_Neutral_Landscape_0022.jpeg"
image_positive_thumbnail_id_1="959"
image_positive_url_1="https://hehge.com/wp-content/uploads/sites/16/2023/06/MI_Finance_Positive_Landscape_0121.jpeg"
image_positive_thumbnail_id_2="698"
image_positive_url_2="https://hehge.com/wp-content/uploads/sites/16/2023/06/MI_Finance_Positive_Landscape_0010.jpeg"
image_professor_thumbnail_id_1="1186"
image_professor_url_1="https://hehge.com/wp-content/uploads/sites/16/2023/06/MI_Finance_Professor_Landscape_0020.jpeg"
image_professor_thumbnail_id_2="1190"
image_professor_url_2="https://hehge.com/wp-content/uploads/sites/16/2023/06/MI_Finance_Professor_Landscape_0024.jpeg"
