Symbol="UNFI"
AssetType="Common Stock"
Name="United Natural Foods Inc"
Description="United Natural Foods, Inc. distributes natural, organic, specialty, agricultural and conventional, edible and non-food products in the United States and Canada. The company is headquartered in Providence, Rhode Island."
CIK="1020859"
Exchange="NYSE"
Currency="USD"
Country="USA"
Sector="TRADE & SERVICES"
Industry="WHOLESALE-GROCERIES, GENERAL LINE"
Address="313 IRON HORSE WAY, PROVIDENCE, RI, US"
FiscalYearEnd="August"
LatestQuarter="2023-05-31"
MarketCapitalization="1157366000"
EBITDA="610000000"
PERatio="9.23"
PEGRatio="3.74"
BookValue="31.1"
DividendPerShare="0"
DividendYield="0"
EPS="2.14"
RevenuePerShareTTM="510.21"
ProfitMargin="0.0044"
OperatingMarginTTM="0.01"
ReturnOnAssetsTTM="0.0242"
ReturnOnEquityTTM="0.0761"
RevenueTTM="30128001000"
GrossProfitTTM="4182000000"
DilutedEPSTTM="2.14"
QuarterlyEarningsGrowthYOY="-0.893"
QuarterlyRevenueGrowthYOY="0.037"
AnalystTargetPrice="24.11"
TrailingPE="9.23"
ForwardPE="8.03"
PriceToSalesRatioTTM="0.0779"
PriceToBookRatio="1.315"
EVToRevenue="0.208"
EVToEBITDA="8.3"
Beta="0.987"
num_52WeekHigh="47.88"
num_52WeekLow="19.36"
num_50DayMovingAverage="20.39"
num_200DayMovingAverage="30.88"
SharesOutstanding="58601000"
DividendDate="None"
ExDividendDate="None"
symbol="UNFI"
open="19.81"
high="20.13"
low="19.56"
price="20.12"
volume="406094.00"
latest_trading_day="2023-08-29"
previous_close="19.75"
change="0.37"
change_percent="1.8734%"
aroon_positive_momentum_days="0"
aroon_negative_momentum_days="100"
trend_strength="Absent or Weak Trend"
buying_signal="Weak Sell Signal"
volume_analysis="Target Volume"
value_analysis="Expected Range"
Aroon_change="FALSE"
Aroon_momentum="0"
Volume_recent_avg="661634"
Change_recent_avg="0.02"
Delta_recent_avg="0.66"
Variance_recent_avg="0.33"
Change_ratio_recent_avg="0.05"
RSI_change="FALSE"
ADX_change="FALSE"
Aroon_signal="negative"
Aroon_change="FALSE"
Aroon_momentum_positive="0"
Aroon_momentum_negative="100"
image_negative_thumbnail_id_1="160"
image_negative_url_1="https://hehge.com/wp-content/uploads/sites/16/2023/05/MI_Finance_Negative_Landscape_0016.jpeg"
image_negative_thumbnail_id_2="169"
image_negative_url_2="https://hehge.com/wp-content/uploads/sites/16/2023/05/MI_Finance_Negative_Landscape_0007.jpeg"
image_neutral_thumbnail_id_1="568"
image_neutral_url_1="https://hehge.com/wp-content/uploads/sites/16/2023/06/MI_Finance_Neutral_Landscape_0031.jpeg"
image_neutral_thumbnail_id_2="535"
image_neutral_url_2="https://hehge.com/wp-content/uploads/sites/16/2023/06/MI_Finance_Neutral_Landscape_0064.jpeg"
image_positive_thumbnail_id_1="1003"
image_positive_url_1="https://hehge.com/wp-content/uploads/sites/16/2023/06/MI_Finance_Positive_Landscape_0165.jpeg"
image_positive_thumbnail_id_2="676"
image_positive_url_2="https://hehge.com/wp-content/uploads/sites/16/2023/06/MI_Finance_Positive_Landscape_0032.jpeg"
image_professor_thumbnail_id_1="1181"
image_professor_url_1="https://hehge.com/wp-content/uploads/sites/16/2023/06/MI_Finance_Professor_Landscape_0015.jpeg"
image_professor_thumbnail_id_2="1179"
image_professor_url_2="https://hehge.com/wp-content/uploads/sites/16/2023/06/MI_Finance_Professor_Landscape_0013.jpeg"
